Component: ARM Compiler 6.14 Tool: armlink [5db06800]

==============================================================================

Section Cross References

    startup_stm32f427xx.o(RESET) refers to startup_stm32f427xx.o(STACK) for __initial_sp
    startup_stm32f427xx.o(RESET) refers to startup_stm32f427xx.o(.text) for Reset_Handler
    startup_stm32f427xx.o(RESET) refers to stm32f4xx_it.o(.text.NMI_Handler) for NMI_Handler
    startup_stm32f427xx.o(RESET) refers to stm32f4xx_it.o(.text.HardFault_Handler) for HardFault_Handler
    startup_stm32f427xx.o(RESET) refers to stm32f4xx_it.o(.text.MemManage_Handler) for MemManage_Handler
    startup_stm32f427xx.o(RESET) refers to stm32f4xx_it.o(.text.BusFault_Handler) for BusFault_Handler
    startup_stm32f427xx.o(RESET) refers to stm32f4xx_it.o(.text.UsageFault_Handler) for UsageFault_Handler
    startup_stm32f427xx.o(RESET) refers to irq_cm4f.o(.text) for SVC_Handler
    startup_stm32f427xx.o(RESET) refers to stm32f4xx_it.o(.text.DebugMon_Handler) for DebugMon_Handler
    startup_stm32f427xx.o(RESET) refers to stm32f4xx_it.o(.text.CAN1_RX0_IRQHandler) for CAN1_RX0_IRQHandler
    startup_stm32f427xx.o(RESET) refers to stm32f4xx_it.o(.text.CAN1_RX1_IRQHandler) for CAN1_RX1_IRQHandler
    startup_stm32f427xx.o(RESET) refers to stm32f4xx_it.o(.text.EXTI9_5_IRQHandler) for EXTI9_5_IRQHandler
    startup_stm32f427xx.o(RESET) refers to stm32f4xx_it.o(.text.TIM4_IRQHandler) for TIM4_IRQHandler
    startup_stm32f427xx.o(RESET) refers to stm32f4xx_it.o(.text.USART1_IRQHandler) for USART1_IRQHandler
    startup_stm32f427xx.o(RESET) refers to stm32f4xx_it.o(.text.USART2_IRQHandler) for USART2_IRQHandler
    startup_stm32f427xx.o(RESET) refers to stm32f4xx_it.o(.text.EXTI15_10_IRQHandler) for EXTI15_10_IRQHandler
    startup_stm32f427xx.o(RESET) refers to stm32f4xx_it.o(.text.TIM8_TRG_COM_TIM14_IRQHandler) for TIM8_TRG_COM_TIM14_IRQHandler
    startup_stm32f427xx.o(RESET) refers to stm32f4xx_it.o(.text.TIM5_IRQHandler) for TIM5_IRQHandler
    startup_stm32f427xx.o(RESET) refers to stm32f4xx_it.o(.text.CAN2_RX0_IRQHandler) for CAN2_RX0_IRQHandler
    startup_stm32f427xx.o(RESET) refers to stm32f4xx_it.o(.text.CAN2_RX1_IRQHandler) for CAN2_RX1_IRQHandler
    startup_stm32f427xx.o(.text) refers to system_stm32f4xx.o(.text.SystemInit) for SystemInit
    startup_stm32f427xx.o(.text) refers to entry.o(.ARM.Collect$$$$00000000) for __main
    main.o(.text.main) refers to stm32f4xx_hal.o(.text.HAL_Init) for HAL_Init
    main.o(.text.main) refers to main.o(.text.SystemClock_Config) for SystemClock_Config
    main.o(.text.main) refers to gpio.o(.text.MX_GPIO_Init) for MX_GPIO_Init
    main.o(.text.main) refers to rng.o(.text.MX_RNG_Init) for MX_RNG_Init
    main.o(.text.main) refers to spi.o(.text.MX_SPI1_Init) for MX_SPI1_Init
    main.o(.text.main) refers to spi.o(.text.MX_SPI2_Init) for MX_SPI2_Init
    main.o(.text.main) refers to spi.o(.text.MX_SPI3_Init) for MX_SPI3_Init
    main.o(.text.main) refers to spi.o(.text.MX_SPI4_Init) for MX_SPI4_Init
    main.o(.text.main) refers to usart.o(.text.MX_USART1_UART_Init) for MX_USART1_UART_Init
    main.o(.text.main) refers to usart.o(.text.MX_USART2_UART_Init) for MX_USART2_UART_Init
    main.o(.text.main) refers to tim.o(.text.MX_TIM2_Init) for MX_TIM2_Init
    main.o(.text.main) refers to bsp.o(.text.BspInit) for BspInit
    main.o(.text.main) refers to can.o(.text.MX_CAN1_Init) for MX_CAN1_Init
    main.o(.text.main) refers to can.o(.text.MX_CAN2_Init) for MX_CAN2_Init
    main.o(.text.main) refers to rtx_kernel.o(.text.osKernelInitialize) for osKernelInitialize
    main.o(.text.main) refers to task_start.o(.text.AppTaskStart) for AppTaskStart
    main.o(.text.main) refers to main.o(.rodata.ThreadStart_Attr) for ThreadStart_Attr
    main.o(.text.main) refers to rtx_thread.o(.text.osThreadNew) for osThreadNew
    main.o(.text.main) refers to main.o(.bss.ThreadIdStart) for ThreadIdStart
    main.o(.text.main) refers to rtx_kernel.o(.text.osKernelStart) for osKernelStart
    main.o(.ARM.exidx.text.main) refers to main.o(.text.main) for [Anonymous Symbol]
    main.o(.text.SystemClock_Config) refers to memseta.o(.text) for __aeabi_memclr4
    main.o(.text.SystemClock_Config) refers to stm32f4xx_hal_rcc.o(.text.HAL_RCC_OscConfig) for HAL_RCC_OscConfig
    main.o(.text.SystemClock_Config) refers to main.o(.text.Error_Handler) for Error_Handler
    main.o(.text.SystemClock_Config) refers to stm32f4xx_hal_pwr_ex.o(.text.HAL_PWREx_EnableOverDrive) for HAL_PWREx_EnableOverDrive
    main.o(.text.SystemClock_Config) refers to stm32f4xx_hal_rcc.o(.text.HAL_RCC_ClockConfig) for HAL_RCC_ClockConfig
    main.o(.ARM.exidx.text.SystemClock_Config) refers to main.o(.text.SystemClock_Config) for [Anonymous Symbol]
    main.o(.ARM.exidx.text.Error_Handler) refers to main.o(.text.Error_Handler) for [Anonymous Symbol]
    main.o(.text.HAL_TIM_PeriodElapsedCallback) refers to stm32f4xx_hal.o(.text.HAL_IncTick) for HAL_IncTick
[...]
    ErrCnt                                   0x20000684   Data           2  bsp_canlink.o(.bss.ErrCnt)
    First_Alarm                              0x2000068a   Data           1  task_protection.o(.bss.First_Alarm)
    GP_Alarm_Flag                            0x2000068c   Data          32  task_protection.o(.bss.GP_Alarm_Flag)
    GP_Alarm_Flag_History                    0x200006ac   Data          32  task_protection.o(.bss.GP_Alarm_Flag_History)
    IP_Alarm_Flag                            0x200006d0   Data          64  task_protection.o(.bss.IP_Alarm_Flag)
    IP_Alarm_Flag_History                    0x20000710   Data          32  task_protection.o(.bss.IP_Alarm_Flag_History)
    ProtectMaskFlag                          0x20000731   Data           8  task_workstep.o(.bss.ProtectMaskFlag)
    Protect_Flag_ACDC                        0x20000739   Data           8  task_workstep.o(.bss.Protect_Flag_ACDC)
    Protect_Flag_Global                      0x20000741   Data           8  task_workstep.o(.bss.Protect_Flag_Global)
    Protect_Flag_Internal                    0x20000749   Data           8  task_workstep.o(.bss.Protect_Flag_Internal)
    Protect_Flag_Workstep                    0x20000751   Data           8  task_workstep.o(.bss.Protect_Flag_Workstep)
    Reconnection_Flg                         0x20000759   Data           1  task_protocol.o(.bss.Reconnection_Flg)
    SemaDcdcCan                              0x2000075c   Data           4  task_start.o(.bss.SemaDcdcCan)
    SemaProtection                           0x20000760   Data           4  task_start.o(.bss.SemaProtection)
    SysModeProtMaskFlag                      0x20000764   Data           1  task_protection.o(.bss.SysModeProtMaskFlag)
    ThreadIdStart                            0x20000768   Data           4  main.o(.bss.ThreadIdStart)
    ThreadIdTaskDcdc                         0x2000076c   Data           4  task_start.o(.bss.ThreadIdTaskDcdc)
    ThreadIdTaskLed                          0x20000770   Data           4  task_start.o(.bss.ThreadIdTaskLed)
    ThreadIdTaskProtection                   0x20000774   Data           4  task_start.o(.bss.ThreadIdTaskProtection)
    ThreadIdTaskWorkstep                     0x20000778   Data           4  task_start.o(.bss.ThreadIdTaskWorkstep)
    Tier1                                    0x2000077c   Data        2664  task_protocol.o(.bss.Tier1)
    Tier2                                    0x200011e4   Data        7700  task_protocol.o(.bss.Tier2)
    Tstamp                                   0x20002ff8   Data           8  task_protocol.o(.bss.Tstamp)
    TxMeg                                    0x20003000   Data          24  can_network_transplant.o(.bss.TxMeg)
    VcontactCur                              0x20003018   Data          32  task_workstep.o(.bss.VcontactCur)
    VcontactPre                              0x20003038   Data          32  task_workstep.o(.bss.VcontactPre)
    abort_type_flag                          0x20003058   Data           8  task_workstep.o(.bss.abort_type_flag)
    can_rx_buffer                            0x20003060   Data        4608  can_network_protocol.o(.bss.can_rx_buffer)
    clear_flag                               0x20004260   Data           1  task_protocol.o(.bss.clear_flag)
    contact_test_once_flag                   0x20004261   Data           8  task_workstep.o(.bss.contact_test_once_flag)
    dcdc_err_flag                            0x20004269   Data           1  task_dcdc.o(.bss.dcdc_err_flag)
    dcdc_on_off_state                        0x2000426a   Data           1  task_workstep.o(.bss.dcdc_on_off_state)
    err_buffer                               0x2000426c   Data        4292  can_network_driver.o(.bss.err_buffer)
    features                                 0x20005330   Data           1  task_protection.o(.bss.features)
    hcan1                                    0x20005334   Data          40  can.o(.bss.hcan1)
    hcan2                                    0x2000535c   Data          40  can.o(.bss.hcan2)
    heart_beat_cnt                           0x20005384   Data           4  task_led.o(.bss.heart_beat_cnt)
    hrng                                     0x20005388   Data          16  rng.o(.bss.hrng)
    hspi1                                    0x20005398   Data          88  spi.o(.bss.hspi1)
    hspi2                                    0x200053f0   Data          88  spi.o(.bss.hspi2)
    hspi3                                    0x20005448   Data          88  spi.o(.bss.hspi3)
    hspi4                                    0x200054a0   Data          88  spi.o(.bss.hspi4)
    htim14                                   0x200054f8   Data          72  stm32f4xx_hal_timebase_tim.o(.bss.htim14)
    htim2                                    0x20005540   Data          72  tim.o(.bss.htim2)
    huart1                                   0x20005588   Data          68  usart.o(.bss.huart1)
    huart2                                   0x200055cc   Data          68  usart.o(.bss.huart2)
    lenAnalysis                              0x20005610   Data           2  task_protocol.o(.bss.lenAnalysis)
    .bss.os.msgqueue.cb$$Base                0x20011de8   Number         0  rtx_lib.o(.bss.os.msgqueue.cb)
    .bss.os.msgqueue.cb$$Limit               0x20011e1c   Number         0  rtx_lib.o(.bss.os.msgqueue.cb)
    .bss.os.thread.cb$$Base                  0x20011e6c   Number         0  rtx_lib.o(.bss.os.thread.cb)
    .bss.os.thread.cb$$Limit                 0x20011ef4   Number         0  rtx_lib.o(.bss.os.thread.cb)
    pack                                     0x200123f8   Data          12  task_protocol.o(.bss.pack)
    protect_flag_upcast                      0x20012404   Data           8  task_workstep.o(.bss.protect_flag_upcast)
    record_data_upcast_flag                  0x2001240c   Data           8  task_workstep.o(.bss.record_data_upcast_flag)
    run_time_cnt                             0x20012418   Data          64  task_workstep.o(.bss.run_time_cnt)
    rx_buffer                                0x2001245c   Data        6340  can_network_driver.o(.bss.rx_buffer)
    st_DebugParameter                        0x20013d20   Data          28  task_protocol.o(.bss.st_DebugParameter)
    start_state_flag                         0x20013d3c   Data           8  task_workstep.o(.bss.start_state_flag)
    time4_cnt                                0x20013d44   Data           1  stm32f4xx_it.o(.bss.time4_cnt)
    time5_cnt                                0x20013d45   Data           1  stm32f4xx_it.o(.bss.time5_cnt)
    time_over_stop                           0x20013d46   Data           8  task_workstep.o(.bss.time_over_stop)
    tx_buffer                                0x20013d50   Data        6340  can_network_driver.o(.bss.tx_buffer)
    ucGProtCntCur                            0x20015618   Data          32  task_protection.o(.bss.ucGProtCntCur)
    ucGProtCntPre                            0x20015638   Data          32  task_protection.o(.bss.ucGProtCntPre)
    ucIProtCntCur                            0x20015658   Data          96  task_protection.o(.bss.ucIProtCntCur)
    ucIProtCntPre                            0x200156b8   Data          96  task_protection.o(.bss.ucIProtCntPre)
    un_AddrAnalysis                          0x20015718   Data           1  task_led.o(.bss.un_AddrAnalysis)
    un_DcdcIdAnalysis                        0x2001571c   Data           4  task_led.o(.bss.un_DcdcIdAnalysis)
    unpack                                   0x20015720   Data          12  task_protocol.o(.bss.unpack)
    uwTick                                   0x2001572c   Data           4  stm32f4xx_hal.o(.bss.uwTick)
    workstep_flag_CriticalZone               0x20015730   Data           8  task_protocol.o(.bss.workstep_flag_CriticalZone)
    workstep_flag_ErrWord                    0x20015738   Data          16  task_workstep.o(.bss.workstep_flag_ErrWord)
    workstep_flag_RunstaSet                  0x20015748   Data           1  task_protocol.o(.bss.workstep_flag_RunstaSet)
    __initial_sp                             0x20017750   Data           0  startup_stm32f427xx.o(STACK)



==============================================================================

Memory Map of the image

  Image Entry point : 0x080001ad

  Load Region LR_IROM1 (Base: 0x08000000, Size: 0x000176a0, Max: 0x00100000, ABSOLUTE, COMPRESSED[0x000174a0])

    Execution Region ER_IROM1 (Exec base: 0x08000000, Load base: 0x08000000, Size: 0x000173d0, Max: 0x00100000, ABSOLUTE)

    Exec Addr    Load Addr    Size         Type   Attr      Idx    E Section Name        Object

    0x08000000   0x08000000   0x000001ac   Data   RO            3    RESET               startup_stm32f427xx.o
    0x080001ac   0x080001ac   0x00000000   Code   RO         3050  * .ARM.Collect$$$$00000000  mc_w.l(entry.o)
    0x080001ac   0x080001ac   0x00000004   Code   RO         3079    .ARM.Collect$$$$00000001  mc_w.l(entry2.o)
    0x080001b0   0x080001b0   0x00000004   Code   RO         3082    .ARM.Collect$$$$00000004  mc_w.l(entry5.o)
    0x080001b4   0x080001b4   0x00000000   Code   RO         3084    .ARM.Collect$$$$00000008  mc_w.l(entry7b.o)
    0x080001b4   0x080001b4   0x00000000   Code   RO         3086    .ARM.Collect$$$$0000000A  mc_w.l(entry8b.o)
    0x080001b4   0x080001b4   0x00000008   Code   RO         3087    .ARM.Collect$$$$0000000B  mc_w.l(entry9a.o)
    0x080001bc   0x080001bc   0x00000000   Code   RO         3089    .ARM.Collect$$$$0000000D  mc_w.l(entry10a.o)
    0x080001bc   0x080001bc   0x00000000   Code   RO         3091    .ARM.Collect$$$$0000000F  mc_w.l(entry11a.o)
    0x080001bc   0x080001bc   0x00000004   Code   RO         3080    .ARM.Collect$$$$00002712  mc_w.l(entry2.o)
    0x080001c0   0x080001c0   0x00000024   Code   RO            4    .text               startup_stm32f427xx.o
    0x080001e4   0x080001e4   0x000000c4   Code   RO         1937    .text               irq_cm4f.o
    0x080002a8   0x080002a8   0x00000062   Code   RO         3053    .text               mc_w.l(uldiv.o)
    0x0800030a   0x0800030a   0x00000062   Code   RO         3055    .text               mc_w.l(ldiv.o)
    0x0800036c   0x0800036c   0x00000024   Code   RO         3057    .text               mc_w.l(memcpya.o)
    0x08000390   0x08000390   0x00000024   Code   RO         3059    .text               mc_w.l(memseta.o)
    0x080003b4   0x080003b4   0x0000014e   Code   RO         3063    .text               mf_w.l(dadd.o)
    0x08000502   0x08000502   0x000000e4   Code   RO         3065    .text               mf_w.l(dmul.o)
    0x080005e6   0x080005e6   0x000000de   Code   RO         3067    .text               mf_w.l(ddiv.o)
    0x080006c4   0x080006c4   0x00000036   Code   RO         3069    .text               mf_w.l(dcmple.o)
    0x080006fa   0x080006fa   0x00000036   Code   RO         3071    .text               mf_w.l(dcmpge.o)
    0x08000730   0x08000730   0x0000002c   Code   RO         3073    .text               mf_w.l(ffixul.o)
    0x0800075c   0x0800075c   0x00000026   Code   RO         3075    .text               mf_w.l(f2d.o)
    0x08000782   0x08000782   0x00000038   Code   RO         3077    .text               mf_w.l(d2f.o)
    0x080007ba   0x080007ba   0x0000001e   Code   RO         3093    .text               mc_w.l(llshl.o)
    0x080007d8   0x080007d8   0x00000020   Code   RO         3095    .text               mc_w.l(llushr.o)
    0x080007f8   0x080007f8   0x00000024   Code   RO         3097    .text               mc_w.l(llsshr.o)
    0x0800081c   0x0800081c   0x00000000   Code   RO         3099    .text               mc_w.l(iusefp.o)
    0x0800081c   0x0800081c   0x0000006e   Code   RO         3100    .text               mf_w.l(fepilogue.o)
    0x0800088a   0x0800088a   0x000000ba   Code   RO         3102    .text               mf_w.l(depilogue.o)
    0x08000944   0x08000944   0x00000024   Code   RO         3104    .text               mc_w.l(init.o)
    0x08000968   0x08000968   0x00000056   Code   RO         3114    .text               mc_w.l(__dczerorl2.o)
    0x080009be   0x080009be   0x00000002   PAD
    0x080009c0   0x080009c0   0x0000003c   Code   RO         1512    .text.ADC_COMMAND_SET  bsp_sgm58601.o
    0x080009fc   0x080009fc   0x00000038   Code   RO         1508    .text.ADC_SET_CHANNEL  bsp_sgm58601.o
    0x08000a34   0x08000a34   0x000000ae   Code   RO         1520    .text.ADC_WRITE_TO_ONE_REG  bsp_sgm58601.o
    0x08000ae2   0x08000ae2   0x00000002   PAD
    0x08000ae4   0x08000ae4   0x00000150   Code   RO         1723    .text.AdDataInqAnalysis  task_protocol.o
    0x08000c34   0x08000c34   0x0000006e   Code   RO         1912    .text.AlarmClear    task_protection.o
    0x08000ca2   0x08000ca2   0x00000002   PAD
    0x08000ca4   0x08000ca4   0x0000030e   Code   RO         1910    .text.AlarmQuarry   task_protection.o
    0x08000fb2   0x08000fb2   0x00000002   PAD
    0x08000fb4   0x08000fb4   0x00000034   Code   RO         1868    .text.AppTaskDcdc   task_dcdc.o
    0x08000fe8   0x08000fe8   0x000000e4   Code   RO         1675    .text.AppTaskLed    task_led.o
    0x080010cc   0x080010cc   0x000004e8   Code   RO         1914    .text.AppTaskProtection  task_protection.o
    0x080015b4   0x080015b4   0x0000004e   Code   RO         1769    .text.AppTaskStart  task_start.o
    0x08001602   0x08001602   0x00000002   PAD
    0x08001604   0x08001604   0x0000003c   Code   RO         1813    .text.AppTaskWorkstep  task_workstep.o
    0x08001640   0x08001640   0x00000050   Code   RO         1793    .text.BatteryFormattingStop  task_workstep.o
    0x08001690   0x08001690   0x00000050   Code   RO         1886    .text.Bit2ChNum     task_dcdc.o
    0x080016e0   0x080016e0   0x000000f0   Code   RO         1391    .text.BspInit       bsp.o
    0x080017d0   0x080017d0   0x00000004   Code   RO          132    .text.BusFault_Handler  stm32f4xx_it.o
    0x080017d4   0x080017d4   0x00000010   Code   RO          138    .text.CAN1_RX0_IRQHandler  stm32f4xx_it.o
    0x080017e4   0x080017e4   0x00000010   Code   RO          140    .text.CAN1_RX1_IRQHandler  stm32f4xx_it.o
    0x080017f4   0x080017f4   0x00000010   Code   RO          152    .text.CAN2_RX0_IRQHandler  stm32f4xx_it.o
    0x08001804   0x08001804   0x00000010   Code   RO          154    .text.CAN2_RX1_IRQHandler  stm32f4xx_it.o
    0x08001814   0x08001814   0x00000092   Code   RO         1639    .text.CAN_SendMultiFrames  can_network_transplant.o
    0x080018a6   0x080018a6   0x00000002   PAD
    0x080018a8   0x080018a8   0x00000090   Code   RO         1645    .text.CAN_SendSingleFrame  can_network_transplant.o
    0x08001938   0x08001938   0x00000058   Code   RO         1695    .text.CRC16N        task_protocol.o
    0x08001990   0x08001990   0x00000074   Code   RO         1693    .text.CRC16_2       task_protocol.o
    0x08001a04   0x08001a04   0x00000042   Code   RO         1664    .text.CalibrateDatInit  task_init.o
    0x08001a46   0x08001a46   0x00000002   PAD
    0x08001a48   0x08001a48   0x000001ca   Code   RO         1721    .text.CalibrateInqAnalysis  task_protocol.o
    0x08001c12   0x08001c12   0x00000002   PAD
    0x08001c14   0x08001c14   0x00000328   Code   RO         1719    .text.CalibrateSetAnalysis  task_protocol.o
    0x08001f3c   0x08001f3c   0x0000007a   Code   RO         1417    .text.CanSendMsg    bsp_canlink.o
    0x08001fb6   0x08001fb6   0x00000002   PAD
    0x08001fb8   0x08001fb8   0x00000038   Code   RO         1641    .text.Can_Data_Pack_Analysis  can_network_transplant.o
    0x08001ff0   0x08001ff0   0x00000068   Code   RO         1637    .text.Can_Data_Pack_Send  can_network_transplant.o
    0x08002058   0x08002058   0x000000f0   Code   RO         1613    .text.Can_Network_Analysis_Process  can_network_protocol.o
    0x08002148   0x08002148   0x0000013a   Code   RO         1623    .text.Can_Network_Func  can_network_protocol.o
    0x08002282   0x08002282   0x00000002   PAD
    0x08002284   0x08002284   0x000004ba   Code   RO         1619    .text.Can_Network_Rx_Process  can_network_protocol.o
    0x0800273e   0x0800273e   0x00000002   PAD
    0x08002740   0x08002740   0x000000f4   Code   RO         1615    .text.Can_Network_Rx_Timeout  can_network_protocol.o
    0x08002834   0x08002834   0x0000005a   Code   RO         1609    .text.Can_Network_Tx_Process  can_network_protocol.o
    0x0800288e   0x0800288e   0x00000002   PAD
    0x08002890   0x08002890   0x00000068   Code   RO         1621    .text.Can_Network_Upcast  can_network_protocol.o
    0x080028f8   0x080028f8   0x00000036   Code   RO         1617    .text.Can_Rx_Buffer_Clr  can_network_protocol.o
    0x0800292e   0x0800292e   0x00000002   PAD
    0x08002930   0x08002930   0x00000050   Code   RO         1846    .text.CheckSum      task_dcdc.o
    0x08002980   0x08002980   0x000000c0   Code   RO         1771    .text.CreateTask    task_start.o
    0x08002a40   0x08002a40   0x0000005a   Code   RO         1591    .text.Data_Handler_Inquiry  can_network_driver.o
    0x08002a9a   0x08002a9a   0x00000002   PAD
    0x08002a9c   0x08002a9c   0x00000092   Code   RO         1595    .text.Data_Handler_Request  can_network_driver.o
    0x08002b2e   0x08002b2e   0x00000002   PAD
    0x08002b30   0x08002b30   0x00000066   Code   RO         1882    .text.DcdcAdcDataReadRep  task_dcdc.o
    0x08002b96   0x08002b96   0x00000002   PAD
    0x08002b98   0x08002b98   0x00000064   Code   RO         1880    .text.DcdcClibParamInqRep  task_dcdc.o
    0x08002bfc   0x08002bfc   0x0000008a   Code   RO         1852    .text.DcdcCtrlParaSet  task_dcdc.o
    0x08002c86   0x08002c86   0x00000002   PAD
    0x08002c88   0x08002c88   0x00000092   Code   RO         1878    .text.DcdcCtrlParamInqRep  task_dcdc.o
    0x08002d1a   0x08002d1a   0x00000002   PAD
    0x08002d1c   0x08002d1c   0x00000066   Code   RO         1844    .text.DcdcParaInq   task_dcdc.o
    0x08002d82   0x08002d82   0x00000002   PAD
    0x08002d84   0x08002d84   0x0000006e   Code   RO         1872    .text.DcdcProtectInqRep  task_dcdc.o
    0x08002df2   0x08002df2   0x00000002   PAD
    0x08002df4   0x08002df4   0x00000058   Code   RO         1848    .text.DcdcProtectSet  task_dcdc.o
    0x08002e4c   0x08002e4c   0x00000090   Code   RO         1874    .text.DcdcProtectTrig  task_dcdc.o
    0x08002edc   0x08002edc   0x00000258   Code   RO         1876    .text.DcdcRecordDataInqRep  task_dcdc.o
    0x08003134   0x08003134   0x0000004e   Code   RO         1864    .text.DcdcRecvHandle  task_dcdc.o
    0x08003182   0x08003182   0x00000002   PAD
    0x08003184   0x08003184   0x00000058   Code   RO         1850    .text.DcdcRunModeSet  task_dcdc.o
    0x080031dc   0x080031dc   0x00000054   Code   RO         1854    .text.DcdcRunStaSet  task_dcdc.o
    0x08003230   0x08003230   0x0000001a   Code   RO         1870    .text.DcdcSetCmdRep  task_dcdc.o
    0x0800324a   0x0800324a   0x00000002   PAD
    0x0800324c   0x0800324c   0x00000036   Code   RO         1884    .text.DcdcSystemInqRep  task_dcdc.o
    0x08003282   0x08003282   0x00000002   PAD
    0x08003284   0x08003284   0x00000176   Code   RO         1731    .text.DebugDataInqAnalysis  task_protocol.o
    0x080033fa   0x080033fa   0x00000002   PAD
    0x080033fc   0x080033fc   0x00000002   Code   RO          136    .text.DebugMon_Handler  stm32f4xx_it.o
    0x080033fe   0x080033fe   0x00000002   PAD
    0x08003400   0x08003400   0x000000d0   Code   RO         1729    .text.DebugParamSetAnalysis  task_protocol.o
    0x080034d0   0x080034d0   0x000000b6   Code   RO         1733    .text.DebugSystemSetAnalysis  task_protocol.o
    0x08003586   0x08003586   0x00000002   PAD
    0x08003588   0x08003588   0x00000026   Code   RO         1735    .text.DefaultAnalyze  task_protocol.o
    0x080035ae   0x080035ae   0x00000002   PAD
    0x080035b0   0x080035b0   0x0000001c   Code   RO          148    .text.EXTI15_10_IRQHandler  stm32f4xx_it.o
    0x080035cc   0x080035cc   0x0000001a   Code   RO          142    .text.EXTI9_5_IRQHandler  stm32f4xx_it.o
    0x080035e6   0x080035e6   0x00000002   PAD
    0x080035e8   0x080035e8   0x0000008a   Code   RO         1666    .text.EepromDatInit  task_init.o
    0x08003672   0x08003672   0x00000002   PAD
    0x08003674   0x08003674   0x00000036   Code   RO         1585    .text.Err_Buffer_Clr  can_network_driver.o
    0x080036aa   0x080036aa   0x00000002   PAD
    0x080036ac   0x080036ac   0x00000124   Code   RO         1643    .text.Err_Info_Pack  can_network_transplant.o
    0x080037d0   0x080037d0   0x000000b4   Code   RO         1583    .text.Err_Info_Pop  can_network_driver.o
    0x08003884   0x08003884   0x000000b8   Code   RO         1587    .text.Err_Info_Push  can_network_driver.o
    0x0800393c   0x0800393c   0x00000008   Code   RO         1611    .text.Err_Info_Tx_Process  can_network_protocol.o
    0x08003944   0x08003944   0x0000000e   Code   RO           15    .text.Error_Handler  main.o
    0x08003952   0x08003952   0x00000002   PAD
    0x08003954   0x08003954   0x00000008   Code   RO         2168    .text.EvrRtxDelay   rtx_evr.o
    0x0800395c   0x0800395c   0x00000008   Code   RO         2176    .text.EvrRtxDelayCompleted  rtx_evr.o
    0x08003964   0x08003964   0x00000008   Code   RO         2166    .text.EvrRtxDelayError  rtx_evr.o
    0x0800396c   0x0800396c   0x00000008   Code   RO         2172    .text.EvrRtxDelayStarted  rtx_evr.o
    0x08003974   0x08003974   0x00000008   Code   RO         2224    .text.EvrRtxEventFlagsWaitTimeout  rtx_evr.o
    0x0800397c   0x0800397c   0x00000008   Code   RO         2040    .text.EvrRtxKernelError  rtx_evr.o
    0x08003984   0x08003984   0x00000002   Code   RO         2042    .text.EvrRtxKernelInitialize  rtx_evr.o
    0x08003986   0x08003986   0x00000002   PAD
    0x08003988   0x08003988   0x00000002   Code   RO         2044    .text.EvrRtxKernelInitialized  rtx_evr.o
    0x0800398a   0x0800398a   0x00000002   PAD
    0x0800398c   0x0800398c   0x00000002   Code   RO         2052    .text.EvrRtxKernelStart  rtx_evr.o
    0x0800398e   0x0800398e   0x00000002   PAD
    0x08003990   0x08003990   0x00000002   Code   RO         2054    .text.EvrRtxKernelStarted  rtx_evr.o
    0x08003992   0x08003992   0x00000002   PAD
    0x08003994   0x08003994   0x0000000e   Code   RO         2030    .text.EvrRtxMemoryAlloc  rtx_evr.o
    0x080039a2   0x080039a2   0x00000002   PAD
    0x080039a4   0x080039a4   0x0000000a   Code   RO         2036    .text.EvrRtxMemoryBlockAlloc  rtx_evr.o
    0x080039ae   0x080039ae   0x00000002   PAD
    0x080039b0   0x080039b0   0x0000000c   Code   RO         2038    .text.EvrRtxMemoryBlockFree  rtx_evr.o
    0x080039bc   0x080039bc   0x0000000e   Code   RO         2034    .text.EvrRtxMemoryBlockInit  rtx_evr.o
    0x080039ca   0x080039ca   0x00000002   PAD
    0x080039cc   0x080039cc   0x0000000c   Code   RO         2032    .text.EvrRtxMemoryFree  rtx_evr.o
    0x080039d8   0x080039d8   0x0000000c   Code   RO         2028    .text.EvrRtxMemoryInit  rtx_evr.o
    0x080039e4   0x080039e4   0x00000008   Code   RO         2302    .text.EvrRtxMemoryPoolAllocTimeout  rtx_evr.o
    0x080039ec   0x080039ec   0x0000000a   Code   RO         2330    .text.EvrRtxMessageQueueCreated  rtx_evr.o
    0x080039f6   0x080039f6   0x00000002   PAD
    0x080039f8   0x080039f8   0x0000000a   Code   RO         2326    .text.EvrRtxMessageQueueError  rtx_evr.o
    0x08003a02   0x08003a02   0x00000002   PAD
    0x08003a04   0x08003a04   0x0000000e   Code   RO         2346    .text.EvrRtxMessageQueueGet  rtx_evr.o
    0x08003a12   0x08003a12   0x00000002   PAD
    0x08003a14   0x08003a14   0x0000000c   Code   RO         2348    .text.EvrRtxMessageQueueGetPending  rtx_evr.o
    0x08003a20   0x08003a20   0x00000008   Code   RO         2350    .text.EvrRtxMessageQueueGetTimeout  rtx_evr.o
    0x08003a28   0x08003a28   0x0000000a   Code   RO         2340    .text.EvrRtxMessageQueueInsertPending  rtx_evr.o
    0x08003a32   0x08003a32   0x00000002   PAD
    0x08003a34   0x08003a34   0x0000000a   Code   RO         2342    .text.EvrRtxMessageQueueInserted  rtx_evr.o
    0x08003a3e   0x08003a3e   0x00000002   PAD
    0x08003a40   0x08003a40   0x0000000c   Code   RO         2328    .text.EvrRtxMessageQueueNew  rtx_evr.o
    0x08003a4c   0x08003a4c   0x0000000a   Code   RO         2344    .text.EvrRtxMessageQueueNotInserted  rtx_evr.o
    0x08003a56   0x08003a56   0x00000002   PAD
    0x08003a58   0x08003a58   0x0000000a   Code   RO         2354    .text.EvrRtxMessageQueueNotRetrieved  rtx_evr.o
    0x08003a62   0x08003a62   0x00000002   PAD
    0x08003a64   0x08003a64   0x00000012   Code   RO         2334    .text.EvrRtxMessageQueuePut  rtx_evr.o
    0x08003a76   0x08003a76   0x00000002   PAD
    0x08003a78   0x08003a78   0x0000000c   Code   RO         2336    .text.EvrRtxMessageQueuePutPending  rtx_evr.o
    0x08003a84   0x08003a84   0x00000008   Code   RO         2338    .text.EvrRtxMessageQueuePutTimeout  rtx_evr.o
    0x08003a8c   0x08003a8c   0x0000000a   Code   RO         2352    .text.EvrRtxMessageQueueRetrieved  rtx_evr.o
    0x08003a96   0x08003a96   0x00000002   PAD
    0x08003a98   0x08003a98   0x00000008   Code   RO         2246    .text.EvrRtxMutexAcquireTimeout  rtx_evr.o
    0x08003aa0   0x08003aa0   0x0000000a   Code   RO         2248    .text.EvrRtxMutexAcquired  rtx_evr.o
    0x08003aaa   0x08003aaa   0x00000002   PAD
    0x08003aac   0x08003aac   0x0000000a   Code   RO         2254    .text.EvrRtxMutexReleased  rtx_evr.o
    0x08003ab6   0x08003ab6   0x00000002   PAD
    0x08003ab8   0x08003ab8   0x0000000a   Code   RO         2270    .text.EvrRtxSemaphoreAcquire  rtx_evr.o
    0x08003ac2   0x08003ac2   0x00000002   PAD
    0x08003ac4   0x08003ac4   0x0000000a   Code   RO         2272    .text.EvrRtxSemaphoreAcquirePending  rtx_evr.o
    0x08003ace   0x08003ace   0x00000002   PAD
    0x08003ad0   0x08003ad0   0x00000008   Code   RO         2274    .text.EvrRtxSemaphoreAcquireTimeout  rtx_evr.o
    0x08003ad8   0x08003ad8   0x0000000a   Code   RO         2276    .text.EvrRtxSemaphoreAcquired  rtx_evr.o
    0x08003ae2   0x08003ae2   0x00000002   PAD
    0x08003ae4   0x08003ae4   0x0000000a   Code   RO         2266    .text.EvrRtxSemaphoreCreated  rtx_evr.o
    0x08003aee   0x08003aee   0x00000002   PAD
    0x08003af0   0x08003af0   0x0000000a   Code   RO         2262    .text.EvrRtxSemaphoreError  rtx_evr.o
    0x08003afa   0x08003afa   0x00000002   PAD
    0x08003afc   0x08003afc   0x0000000c   Code   RO         2264    .text.EvrRtxSemaphoreNew  rtx_evr.o
    0x08003b08   0x08003b08   0x00000008   Code   RO         2278    .text.EvrRtxSemaphoreNotAcquired  rtx_evr.o
    0x08003b10   0x08003b10   0x00000008   Code   RO         2280    .text.EvrRtxSemaphoreRelease  rtx_evr.o
    0x08003b18   0x08003b18   0x0000000a   Code   RO         2282    .text.EvrRtxSemaphoreReleased  rtx_evr.o
    0x08003b22   0x08003b22   0x00000002   PAD
    0x08003b24   0x08003b24   0x0000000a   Code   RO         2126    .text.EvrRtxThreadBlocked  rtx_evr.o
    0x08003b2e   0x08003b2e   0x00000002   PAD
    0x08003b30   0x08003b30   0x0000000c   Code   RO         2088    .text.EvrRtxThreadCreated  rtx_evr.o
    0x08003b3c   0x08003b3c   0x00000008   Code   RO         2138    .text.EvrRtxThreadDestroyed  rtx_evr.o
    0x08003b44   0x08003b44   0x0000000a   Code   RO         2084    .text.EvrRtxThreadError  rtx_evr.o
    0x08003b4e   0x08003b4e   0x00000002   PAD
    0x08003b50   0x08003b50   0x00000002   Code   RO         2134    .text.EvrRtxThreadExit  rtx_evr.o
    0x08003b52   0x08003b52   0x00000002   PAD
    0x08003b54   0x08003b54   0x0000000e   Code   RO         2162    .text.EvrRtxThreadFlagsWaitCompleted  rtx_evr.o
    0x08003b62   0x08003b62   0x00000002   PAD
    0x08003b64   0x08003b64   0x00000008   Code   RO         2160    .text.EvrRtxThreadFlagsWaitTimeout  rtx_evr.o
    0x08003b6c   0x08003b6c   0x00000008   Code   RO         2124    .text.EvrRtxThreadJoined  rtx_evr.o
    0x08003b74   0x08003b74   0x0000000c   Code   RO         2086    .text.EvrRtxThreadNew  rtx_evr.o
    0x08003b80   0x08003b80   0x00000008   Code   RO         2130    .text.EvrRtxThreadPreempted  rtx_evr.o
    0x08003b88   0x08003b88   0x00000008   Code   RO         2132    .text.EvrRtxThreadSwitched  rtx_evr.o
    0x08003b90   0x08003b90   0x0000000a   Code   RO         2128    .text.EvrRtxThreadUnblocked  rtx_evr.o
    0x08003b9a   0x08003b9a   0x00000002   PAD
    0x08003b9c   0x08003b9c   0x0000000a   Code   RO         2180    .text.EvrRtxTimerCallback  rtx_evr.o
    0x08003ba6   0x08003ba6   0x00000002   PAD
    0x08003ba8   0x08003ba8   0x0000056a   Code   RO         1679    .text.ExternalAdDatProcess  task_led.o
    0x08004112   0x08004112   0x00000002   PAD
    0x08004114   0x08004114   0x000001a6   Code   RO         1660    .text.GlobalProtectDatInit  task_init.o
    0x080042ba   0x080042ba   0x00000002   PAD
    0x080042bc   0x080042bc   0x00000260   Code   RO         1699    .text.GlobalProtectInqAnalysis  task_protocol.o
    0x0800451c   0x0800451c   0x0000040c   Code   RO         1697    .text.GlobalProtectSetAnalysis  task_protocol.o
    0x08004928   0x08004928   0x0000062a   Code   RO         1908    .text.GlobleProtectRunParmCheck  task_protection.o
    0x08004f52   0x08004f52   0x00000002   PAD
    0x08004f54   0x08004f54   0x00000052   Code   RO          253    .text.HAL_CAN_ActivateNotification  stm32f4xx_hal_can.o
    0x08004fa6   0x08004fa6   0x00000002   PAD
    0x08004fa8   0x08004fa8   0x00000176   Code   RO          239    .text.HAL_CAN_AddTxMessage  stm32f4xx_hal_can.o
    0x0800511e   0x0800511e   0x00000002   PAD
    0x08005120   0x08005120   0x000001b4   Code   RO          229    .text.HAL_CAN_ConfigFilter  stm32f4xx_hal_can.o
    0x080052d4   0x080052d4   0x00000008   Code   RO          283    .text.HAL_CAN_ErrorCallback  stm32f4xx_hal_can.o
    0x080052dc   0x080052dc   0x000001fa   Code   RO          249    .text.HAL_CAN_GetRxMessage  stm32f4xx_hal_can.o
    0x080054d6   0x080054d6   0x00000002   PAD
    0x080054d8   0x080054d8   0x00000070   Code   RO          243    .text.HAL_CAN_GetTxMailboxesFreeLevel  stm32f4xx_hal_can.o
    0x08005548   0x08005548   0x00000404   Code   RO          257    .text.HAL_CAN_IRQHandler  stm32f4xx_hal_can.o
    0x0800594c   0x0800594c   0x000001f0   Code   RO          219    .text.HAL_CAN_Init  stm32f4xx_hal_can.o
    0x08005b3c   0x08005b3c   0x000001a2   Code   RO           41    .text.HAL_CAN_MspInit  can.o
    0x08005cde   0x08005cde   0x00000002   PAD
    0x08005ce0   0x08005ce0   0x00000008   Code   RO          271    .text.HAL_CAN_RxFifo0FullCallback  stm32f4xx_hal_can.o
    0x08005ce8   0x08005ce8   0x00000102   Code   RO         1415    .text.HAL_CAN_RxFifo0MsgPendingCallback  bsp_canlink.o
    0x08005dea   0x08005dea   0x00000002   PAD
    0x08005dec   0x08005dec   0x00000008   Code   RO          275    .text.HAL_CAN_RxFifo1FullCallback  stm32f4xx_hal_can.o
    0x08005df4   0x08005df4   0x00000008   Code   RO          277    .text.HAL_CAN_RxFifo1MsgPendingCallback  stm32f4xx_hal_can.o
    0x08005dfc   0x08005dfc   0x00000008   Code   RO          279    .text.HAL_CAN_SleepCallback  stm32f4xx_hal_can.o
    0x08005e04   0x08005e04   0x0000008c   Code   RO          231    .text.HAL_CAN_Start  stm32f4xx_hal_can.o
    0x08005e90   0x08005e90   0x00000008   Code   RO          261    .text.HAL_CAN_TxMailbox0AbortCallback  stm32f4xx_hal_can.o
    0x08005e98   0x08005e98   0x00000008   Code   RO          259    .text.HAL_CAN_TxMailbox0CompleteCallback  stm32f4xx_hal_can.o
    0x08005ea0   0x08005ea0   0x00000008   Code   RO          265    .text.HAL_CAN_TxMailbox1AbortCallback  stm32f4xx_hal_can.o
    0x08005ea8   0x08005ea8   0x00000008   Code   RO          263    .text.HAL_CAN_TxMailbox1CompleteCallback  stm32f4xx_hal_can.o
    0x08005eb0   0x08005eb0   0x00000008   Code   RO          269    .text.HAL_CAN_TxMailbox2AbortCallback  stm32f4xx_hal_can.o
    0x08005eb8   0x08005eb8   0x00000008   Code   RO          267    .text.HAL_CAN_TxMailbox2CompleteCallback  stm32f4xx_hal_can.o
    0x08005ec0   0x08005ec0   0x00000008   Code   RO          281    .text.HAL_CAN_WakeUpFromRxMsgCallback  stm32f4xx_hal_can.o
    0x08005ec8   0x08005ec8   0x000000f4   Code   RO          506    .text.HAL_DMA_Abort  stm32f4xx_hal_dma.o
    0x08005fbc   0x08005fbc   0x00000044   Code   RO          508    .text.HAL_DMA_Abort_IT  stm32f4xx_hal_dma.o
    0x08006000   0x08006000   0x000004cc   Code   RO         1522    .text.HAL_GPIO_EXTI_Callback  bsp_sgm58601.o
    0x080064cc   0x080064cc   0x0000003a   Code   RO          466    .text.HAL_GPIO_EXTI_IRQHandler  stm32f4xx_hal_gpio.o
    0x08006506   0x08006506   0x00000002   PAD
    0x08006508   0x08006508   0x000003fa   Code   RO          454    .text.HAL_GPIO_Init  stm32f4xx_hal_gpio.o
    0x08006902   0x08006902   0x00000002   PAD
    0x08006904   0x08006904   0x00000030   Code   RO          458    .text.HAL_GPIO_ReadPin  stm32f4xx_hal_gpio.o
    0x08006934   0x08006934   0x0000002a   Code   RO          462    .text.HAL_GPIO_TogglePin  stm32f4xx_hal_gpio.o
    0x0800695e   0x0800695e   0x00000002   PAD
    0x08006960   0x08006960   0x00000034   Code   RO          460    .text.HAL_GPIO_WritePin  stm32f4xx_hal_gpio.o
    0x08006994   0x08006994   0x0000000c   Code   RO          679    .text.HAL_GetTick   stm32f4xx_hal.o
    0x080069a0   0x080069a0   0x0000001a   Code   RO          677    .text.HAL_IncTick   stm32f4xx_hal.o
    0x080069ba   0x080069ba   0x00000002   PAD
    0x080069bc   0x080069bc   0x0000003e   Code   RO          667    .text.HAL_Init      stm32f4xx_hal.o
    0x080069fa   0x080069fa   0x00000002   PAD
    0x080069fc   0x080069fc   0x000000fa   Code   RO          177    .text.HAL_InitTick  stm32f4xx_hal_timebase_tim.o
    0x08006af6   0x08006af6   0x00000002   PAD
    0x08006af8   0x08006af8   0x00000052   Code   RO          169    .text.HAL_MspInit   stm32f4xx_hal_msp.o
    0x08006b4a   0x08006b4a   0x00000002   PAD
    0x08006b4c   0x08006b4c   0x00000018   Code   RO          608    .text.HAL_NVIC_EnableIRQ  stm32f4xx_hal_cortex.o
    0x08006b64   0x08006b64   0x00000040   Code   RO          600    .text.HAL_NVIC_SetPriority  stm32f4xx_hal_cortex.o
    0x08006ba4   0x08006ba4   0x00000010   Code   RO          596    .text.HAL_NVIC_SetPriorityGrouping  stm32f4xx_hal_cortex.o
    0x08006bb4   0x08006bb4   0x000000be   Code   RO          583    .text.HAL_PWREx_EnableOverDrive  stm32f4xx_hal_pwr_ex.o
    0x08006c72   0x08006c72   0x00000002   PAD
    0x08006c74   0x08006c74   0x00000264   Code   RO          302    .text.HAL_RCC_ClockConfig  stm32f4xx_hal_rcc.o
    0x08006ed8   0x08006ed8   0x00000054   Code   RO          320    .text.HAL_RCC_GetClockConfig  stm32f4xx_hal_rcc.o
    0x08006f2c   0x08006f2c   0x0000000c   Code   RO          312    .text.HAL_RCC_GetHCLKFreq  stm32f4xx_hal_rcc.o
    0x08006f38   0x08006f38   0x00000022   Code   RO          314    .text.HAL_RCC_GetPCLK1Freq  stm32f4xx_hal_rcc.o
    0x08006f5a   0x08006f5a   0x00000002   PAD
    0x08006f5c   0x08006f5c   0x00000022   Code   RO          316    .text.HAL_RCC_GetPCLK2Freq  stm32f4xx_hal_rcc.o
    0x08006f7e   0x08006f7e   0x00000002   PAD
    0x08006f80   0x08006f80   0x000000e8   Code   RO          304    .text.HAL_RCC_GetSysClockFreq  stm32f4xx_hal_rcc.o
    0x08007068   0x08007068   0x000006ca   Code   RO          300    .text.HAL_RCC_OscConfig  stm32f4xx_hal_rcc.o
    0x08007732   0x08007732   0x00000002   PAD
    0x08007734   0x08007734   0x0000005a   Code   RO          760    .text.HAL_RNG_Init  stm32f4xx_hal_rng.o
    0x0800778e   0x0800778e   0x00000002   PAD
    0x08007790   0x08007790   0x0000003e   Code   RO           58    .text.HAL_RNG_MspInit  rng.o
    0x080077ce   0x080077ce   0x00000002   PAD
    0x080077d0   0x080077d0   0x00000104   Code   RO          795    .text.HAL_SPI_Init  stm32f4xx_hal_spi.o
    0x080078d4   0x080078d4   0x00000208   Code   RO           78    .text.HAL_SPI_MspInit  spi.o
    0x08007adc   0x08007adc   0x0000038e   Code   RO          809    .text.HAL_SPI_TransmitReceive  stm32f4xx_hal_spi.o
    0x08007e6a   0x08007e6a   0x00000002   PAD
    0x08007e6c   0x08007e6c   0x00000008   Code   RO         1235    .text.HAL_TIMEx_BreakCallback  stm32f4xx_hal_tim_ex.o
    0x08007e74   0x08007e74   0x00000008   Code   RO         1231    .text.HAL_TIMEx_CommutCallback  stm32f4xx_hal_tim_ex.o
    0x08007e7c   0x08007e7c   0x00000122   Code   RO         1225    .text.HAL_TIMEx_MasterConfigSynchronization  stm32f4xx_hal_tim_ex.o
    0x08007f9e   0x08007f9e   0x00000002   PAD
    0x08007fa0   0x08007fa0   0x000000a6   Code   RO          912    .text.HAL_TIM_Base_Init  stm32f4xx_hal_tim.o
    0x08008046   0x08008046   0x00000002   PAD
    0x08008048   0x08008048   0x00000008   Code   RO          914    .text.HAL_TIM_Base_MspInit  stm32f4xx_hal_tim.o
    0x08008050   0x08008050   0x000000ea   Code   RO          922    .text.HAL_TIM_Base_Start  stm32f4xx_hal_tim.o
    0x0800813a   0x0800813a   0x00000002   PAD
    0x0800813c   0x0800813c   0x000000f6   Code   RO          926    .text.HAL_TIM_Base_Start_IT  stm32f4xx_hal_tim.o
    0x08008232   0x08008232   0x00000002   PAD
    0x08008234   0x08008234   0x00000008   Code   RO         1048    .text.HAL_TIM_IC_CaptureCallback  stm32f4xx_hal_tim.o
    0x0800823c   0x0800823c   0x00000282   Code   RO         1046    .text.HAL_TIM_IRQHandler  stm32f4xx_hal_tim.o
    0x080084be   0x080084be   0x00000002   PAD
    0x080084c0   0x080084c0   0x00000062   Code   RO           95    .text.HAL_TIM_MspPostInit  tim.o
    0x08008522   0x08008522   0x00000002   PAD
    0x08008524   0x08008524   0x00000008   Code   RO         1050    .text.HAL_TIM_OC_DelayElapsedCallback  stm32f4xx_hal_tim.o
    0x0800852c   0x0800852c   0x00000142   Code   RO         1078    .text.HAL_TIM_PWM_ConfigChannel  stm32f4xx_hal_tim.o
    0x0800866e   0x0800866e   0x00000002   PAD
    0x08008670   0x08008670   0x000000a6   Code   RO          966    .text.HAL_TIM_PWM_Init  stm32f4xx_hal_tim.o
    0x08008716   0x08008716   0x00000002   PAD
    0x08008718   0x08008718   0x00000038   Code   RO           97    .text.HAL_TIM_PWM_MspInit  tim.o
    0x08008750   0x08008750   0x00000008   Code   RO         1052    .text.HAL_TIM_PWM_PulseFinishedCallback  stm32f4xx_hal_tim.o
    0x08008758   0x08008758   0x00000022   Code   RO           17    .text.HAL_TIM_PeriodElapsedCallback  main.o
    0x0800877a   0x0800877a   0x00000002   PAD
    0x0800877c   0x0800877c   0x00000008   Code   RO         1056    .text.HAL_TIM_TriggerCallback  stm32f4xx_hal_tim.o
    0x08008784   0x08008784   0x0000000e   Code   RO         1338    .text.HAL_UARTEx_RxEventCallback  stm32f4xx_hal_uart.o
    0x08008792   0x08008792   0x00000002   PAD
    0x08008794   0x08008794   0x00000008   Code   RO         1336    .text.HAL_UART_ErrorCallback  stm32f4xx_hal_uart.o
    0x0800879c   0x0800879c   0x00000430   Code   RO         1330    .text.HAL_UART_IRQHandler  stm32f4xx_hal_uart.o
    0x08008bcc   0x08008bcc   0x000000a0   Code   RO         1248    .text.HAL_UART_Init  stm32f4xx_hal_uart.o
    0x08008c6c   0x08008c6c   0x0000013a   Code   RO          113    .text.HAL_UART_MspInit  usart.o
    0x08008da6   0x08008da6   0x00000002   PAD
    0x08008da8   0x08008da8   0x00000008   Code   RO         1348    .text.HAL_UART_RxCpltCallback  stm32f4xx_hal_uart.o
    0x08008db0   0x08008db0   0x00000008   Code   RO         1344    .text.HAL_UART_TxCpltCallback  stm32f4xx_hal_uart.o
    0x08008db8   0x08008db8   0x00000004   Code   RO          128    .text.HardFault_Handler  stm32f4xx_it.o
    0x08008dbc   0x08008dbc   0x0000006a   Code   RO          207    .text.IOSwitch      iic.o
    0x08008e26   0x08008e26   0x00000002   PAD
    0x08008e28   0x08008e28   0x00000ed4   Code   RO         1906    .text.IntelProtectRunParmCheck  task_protection.o
    0x08009cfc   0x08009cfc   0x000002e4   Code   RO         1662    .text.InternalProtectDatInit  task_init.o
    0x08009fe0   0x08009fe0   0x00000270   Code   RO         1703    .text.InternalProtectInqAnalysis  task_protocol.o
    0x0800a250   0x0800a250   0x00000424   Code   RO         1701    .text.InternalProtectSetAnalysis  task_protocol.o
    0x0800a674   0x0800a674   0x00000086   Code   RO         1866    .text.IsFrameValid  task_dcdc.o
    0x0800a6fa   0x0800a6fa   0x00000002   PAD
    0x0800a6fc   0x0800a6fc   0x00000030   Code   RO         1946    .text.IsIrqMasked   rtx_delay.o
    0x0800a72c   0x0800a72c   0x00000030   Code   RO         2385    .text.IsIrqMasked   rtx_kernel.o
    0x0800a75c   0x0800a75c   0x00000030   Code   RO         2574    .text.IsIrqMasked   rtx_msgqueue.o
    0x0800a78c   0x0800a78c   0x00000030   Code   RO         2694    .text.IsIrqMasked   rtx_semaphore.o
    0x0800a7bc   0x0800a7bc   0x00000030   Code   RO         2846    .text.IsIrqMasked   rtx_thread.o
    0x0800a7ec   0x0800a7ec   0x00000014   Code   RO         1944    .text.IsIrqMode     rtx_delay.o
    0x0800a800   0x0800a800   0x00000014   Code   RO         2383    .text.IsIrqMode     rtx_kernel.o
    0x0800a814   0x0800a814   0x00000014   Code   RO         2572    .text.IsIrqMode     rtx_msgqueue.o
    0x0800a828   0x0800a828   0x00000014   Code   RO         2692    .text.IsIrqMode     rtx_semaphore.o
    0x0800a83c   0x0800a83c   0x00000014   Code   RO         2844    .text.IsIrqMode     rtx_thread.o
    0x0800a850   0x0800a850   0x0000009c   Code   RO         1466    .text.MB85Ctrl_Read  bsp_mb85rs2.o
    0x0800a8ec   0x0800a8ec   0x000000ca   Code   RO         1462    .text.MB85Ctrl_Write  bsp_mb85rs2.o
    0x0800a9b6   0x0800a9b6   0x00000002   PAD
    0x0800a9b8   0x0800a9b8   0x00000098   Code   RO           37    .text.MX_CAN1_Init  can.o
    0x0800aa50   0x0800aa50   0x0000009a   Code   RO           39    .text.MX_CAN2_Init  can.o
    0x0800aaea   0x0800aaea   0x00000002   PAD
    0x0800aaec   0x0800aaec   0x000003ac   Code   RO           29    .text.MX_GPIO_Init  gpio.o
    0x0800ae98   0x0800ae98   0x00000026   Code   RO           56    .text.MX_RNG_Init   rng.o
    0x0800aebe   0x0800aebe   0x00000002   PAD
    0x0800aec0   0x0800aec0   0x0000004c   Code   RO           70    .text.MX_SPI1_Init  spi.o
    0x0800af0c   0x0800af0c   0x0000004c   Code   RO           72    .text.MX_SPI2_Init  spi.o
    0x0800af58   0x0800af58   0x00000048   Code   RO           74    .text.MX_SPI3_Init  spi.o
    0x0800afa0   0x0800afa0   0x0000004c   Code   RO           76    .text.MX_SPI4_Init  spi.o
    0x0800afec   0x0800afec   0x000000aa   Code   RO           93    .text.MX_TIM2_Init  tim.o
    0x0800b096   0x0800b096   0x00000002   PAD
    0x0800b098   0x0800b098   0x0000003c   Code   RO          109    .text.MX_USART1_UART_Init  usart.o
    0x0800b0d4   0x0800b0d4   0x0000003c   Code   RO          111    .text.MX_USART2_UART_Init  usart.o
    0x0800b110   0x0800b110   0x00000018   Code   RO         2484    .text.MemBlockPtr   rtx_memory.o
    0x0800b128   0x0800b128   0x0000000a   Code   RO         2482    .text.MemHeadPtr    rtx_memory.o
    0x0800b132   0x0800b132   0x00000002   PAD
    0x0800b134   0x0800b134   0x00000004   Code   RO          130    .text.MemManage_Handler  stm32f4xx_it.o
    0x0800b138   0x0800b138   0x00000058   Code   RO         2626    .text.MessageQueueGet  rtx_msgqueue.o
    0x0800b190   0x0800b190   0x000000b6   Code   RO         2614    .text.MessageQueuePut  rtx_msgqueue.o
    0x0800b246   0x0800b246   0x00000002   PAD
    0x0800b248   0x0800b248   0x00000046   Code   RO         2610    .text.MessageQueueRemove  rtx_msgqueue.o
    0x0800b28e   0x0800b28e   0x00000002   PAD
    0x0800b290   0x0800b290   0x00000004   Code   RO          126    .text.NMI_Handler   stm32f4xx_it.o
    0x0800b294   0x0800b294   0x0000006e   Code   RO          606    .text.NVIC_EncodePriority  stm32f4xx_hal_cortex.o
    0x0800b302   0x0800b302   0x00000002   PAD
    0x0800b304   0x0800b304   0x00000140   Code   RO         1589    .text.Network_Data_Pop  can_network_driver.o
    0x0800b444   0x0800b444   0x0000023c   Code   RO         1597    .text.Network_Data_Push_Rx_Buffer  can_network_driver.o
    0x0800b680   0x0800b680   0x000001ca   Code   RO         1593    .text.Network_Data_Push_Tx_Buffer  can_network_driver.o
    0x0800b84a   0x0800b84a   0x00000002   PAD
    0x0800b84c   0x0800b84c   0x0000000c   Code   RO         3020    .text.OS_Tick_AcknowledgeIRQ  os_systick.o
    0x0800b858   0x0800b858   0x0000003e   Code   RO         3016    .text.OS_Tick_Enable  os_systick.o
    0x0800b896   0x0800b896   0x00000002   PAD
    0x0800b898   0x0800b898   0x00000006   Code   RO         3022    .text.OS_Tick_GetIRQn  os_systick.o
    0x0800b89e   0x0800b89e   0x00000002   PAD
    0x0800b8a0   0x0800b8a0   0x00000080   Code   RO         3014    .text.OS_Tick_Setup  os_systick.o
    0x0800b920   0x0800b920   0x000000f6   Code   RO         1477    .text.PCA9555_IOConfigReg  bsp_nca9555.o
    0x0800ba16   0x0800ba16   0x00000002   PAD
    0x0800ba18   0x0800ba18   0x000000fc   Code   RO         1483    .text.Pca9555_RegRead  bsp_nca9555.o
    0x0800bb14   0x0800bb14   0x000001ea   Code   RO         1797    .text.Protect_Action_Func  task_workstep.o
    0x0800bcfe   0x0800bcfe   0x00000002   PAD
    0x0800bd00   0x0800bd00   0x000003d2   Code   RO         1737    .text.ProtocolDataProcess  task_protocol.o
    0x0800c0d2   0x0800c0d2   0x00000002   PAD
    0x0800c0d4   0x0800c0d4   0x000000c6   Code   RO         1677    .text.ReadAddr      task_led.o
    0x0800c19a   0x0800c19a   0x00000006   PAD
    0x0800c1a0   0x0800c1a0   0x00000454   Code   RO         1705    .text.RecordDatSync  task_protocol.o
    0x0800c5f4   0x0800c5f4   0x0000017e   Code   RO         1709    .text.RecordDatUpcast  task_protocol.o
    0x0800c772   0x0800c772   0x00000002   PAD
    0x0800c774   0x0800c774   0x000000a6   Code   RO         1707    .text.RecordInqAnalysis  task_protocol.o
    0x0800c81a   0x0800c81a   0x00000002   PAD
    0x0800c81c   0x0800c81c   0x000001e2   Code   RO         1739    .text.RecvUnpack    task_protocol.o
    0x0800c9fe   0x0800c9fe   0x00000002   PAD
    0x0800ca00   0x0800ca00   0x00000078   Code   RO         1494    .text.SGM58601_CS_0  bsp_sgm58601.o
    0x0800ca78   0x0800ca78   0x00000078   Code   RO         1496    .text.SGM58601_CS_1  bsp_sgm58601.o
    0x0800caf0   0x0800caf0   0x00000022   Code   RO         1504    .text.SGM58601_INIT  bsp_sgm58601.o
    0x0800cb12   0x0800cb12   0x00000002   PAD
    0x0800cb14   0x0800cb14   0x0000009e   Code   RO         1510    .text.SGM58601_READ_DATA  bsp_sgm58601.o
    0x0800cbb2   0x0800cbb2   0x00000002   PAD
    0x0800cbb4   0x0800cbb4   0x000001d2   Code   RO         1500    .text.SGM58601_REG_INIT  bsp_sgm58601.o
    0x0800cd86   0x0800cd86   0x00000002   PAD
    0x0800cd88   0x0800cd88   0x0000002a   Code   RO         1506    .text.SGM58601_SWITCH_CH  bsp_sgm58601.o
    0x0800cdb2   0x0800cdb2   0x00000002   PAD
    0x0800cdb4   0x0800cdb4   0x000000a8   Code   RO          805    .text.SPI_EndRxTxTransaction  stm32f4xx_hal_spi.o
    0x0800ce5c   0x0800ce5c   0x0000004c   Code   RO         1464    .text.SPI_ReadWriteByte  bsp_mb85rs2.o
    0x0800cea8   0x0800cea8   0x00000134   Code   RO          903    .text.SPI_WaitFlagStateUntilTimeout  stm32f4xx_hal_spi.o
    0x0800cfdc   0x0800cfdc   0x0000004e   Code   RO         2431    .text.SVC_Setup     rtx_kernel.o
    0x0800d02a   0x0800d02a   0x00000002   PAD
    0x0800d02c   0x0800d02c   0x00000026   Code   RO         2716    .text.SemaphoreTokenDecrement  rtx_semaphore.o
    0x0800d052   0x0800d052   0x00000002   PAD
    0x0800d054   0x0800d054   0x00000034   Code   RO         2730    .text.SemaphoreTokenIncrement  rtx_semaphore.o
    0x0800d088   0x0800d088   0x000000fa   Code   RO         1741    .text.SendPack      task_protocol.o
    0x0800d182   0x0800d182   0x00000002   PAD
    0x0800d184   0x0800d184   0x00000010   Code   RO         2767    .text.SetPendSV     rtx_system.o
    0x0800d194   0x0800d194   0x0000001c   Code   RO         2814    .text.StackOffsetR0  rtx_thread.o
    0x0800d1b0   0x0800d1b0   0x000000d0   Code   RO           13    .text.SystemClock_Config  main.o
    0x0800d280   0x0800d280   0x00000012   Code   RO         1377    .text.SystemInit    system_stm32f4xx.o
    0x0800d292   0x0800d292   0x00000002   PAD
    0x0800d294   0x0800d294   0x00000150   Code   RO         1725    .text.SystemInqAnalysis  task_protocol.o
    0x0800d3e4   0x0800d3e4   0x000004cc   Code   RO         1727    .text.SystemSetAnalysis  task_protocol.o
    0x0800d8b0   0x0800d8b0   0x000000ec   Code   RO          156    .text.TIM4_IRQHandler  stm32f4xx_it.o
    0x0800d99c   0x0800d99c   0x00000004   PAD
    0x0800d9a0   0x0800d9a0   0x0000061c   Code   RO          158    .text.TIM5_IRQHandler  stm32f4xx_it.o
    0x0800dfbc   0x0800dfbc   0x00000010   Code   RO          150    .text.TIM8_TRG_COM_TIM14_IRQHandler  stm32f4xx_it.o
    0x0800dfcc   0x0800dfcc   0x0000019a   Code   RO          916    .text.TIM_Base_SetConfig  stm32f4xx_hal_tim.o
    0x0800e166   0x0800e166   0x00000002   PAD
    0x0800e168   0x0800e168   0x000000ea   Code   RO         1060    .text.TIM_OC1_SetConfig  stm32f4xx_hal_tim.o
    0x0800e252   0x0800e252   0x00000002   PAD
    0x0800e254   0x0800e254   0x000000f4   Code   RO         1062    .text.TIM_OC2_SetConfig  stm32f4xx_hal_tim.o
    0x0800e348   0x0800e348   0x000000f2   Code   RO         1064    .text.TIM_OC3_SetConfig  stm32f4xx_hal_tim.o
    0x0800e43a   0x0800e43a   0x00000002   PAD
    0x0800e43c   0x0800e43c   0x000000a4   Code   RO         1066    .text.TIM_OC4_SetConfig  stm32f4xx_hal_tim.o
    0x0800e4e0   0x0800e4e0   0x00000082   Code   RO         2896    .text.ThreadFlagsCheck  rtx_thread.o
    0x0800e562   0x0800e562   0x00000002   PAD
    0x0800e564   0x0800e564   0x0000017a   Code   RO         1658    .text.Tier2ToTier1  task_init.o
    0x0800e6de   0x0800e6de   0x00000002   PAD
    0x0800e6e0   0x0800e6e0   0x000000a6   Code   RO         2989    .text.TimerInsert   rtx_timer.o
    0x0800e786   0x0800e786   0x00000002   PAD
    0x0800e788   0x0800e788   0x0000002a   Code   RO         2987    .text.TimerUnlink   rtx_timer.o
    0x0800e7b2   0x0800e7b2   0x00000002   PAD
    0x0800e7b4   0x0800e7b4   0x00000020   Code   RO         1334    .text.UART_DMAAbortOnError  stm32f4xx_hal_uart.o
    0x0800e7d4   0x0800e7d4   0x00000094   Code   RO         1296    .text.UART_EndRxTransfer  stm32f4xx_hal_uart.o
    0x0800e868   0x0800e868   0x00000026   Code   RO         1342    .text.UART_EndTransmit_IT  stm32f4xx_hal_uart.o
    0x0800e88e   0x0800e88e   0x00000002   PAD
    0x0800e890   0x0800e890   0x0000016a   Code   RO         1332    .text.UART_Receive_IT  stm32f4xx_hal_uart.o
    0x0800e9fa   0x0800e9fa   0x00000002   PAD
    0x0800e9fc   0x0800e9fc   0x00000156   Code   RO         1252    .text.UART_SetConfig  stm32f4xx_hal_uart.o
    0x0800eb52   0x0800eb52   0x00000002   PAD
    0x0800eb54   0x0800eb54   0x00000098   Code   RO         1340    .text.UART_Transmit_IT  stm32f4xx_hal_uart.o
    0x0800ebec   0x0800ebec   0x00000010   Code   RO          144    .text.USART1_IRQHandler  stm32f4xx_it.o
    0x0800ebfc   0x0800ebfc   0x00000010   Code   RO          146    .text.USART2_IRQHandler  stm32f4xx_it.o
    0x0800ec0c   0x0800ec0c   0x00000004   Code   RO          134    .text.UsageFault_Handler  stm32f4xx_it.o
    0x0800ec10   0x0800ec10   0x0000027c   Code   RO         1717    .text.WorkstepInqAnalysis  task_protocol.o
    0x0800ee8c   0x0800ee8c   0x00000190   Code   RO         1711    .text.WorkstepProtUpcast  task_protocol.o
    0x0800f01c   0x0800f01c   0x000005f2   Code   RO         1715    .text.WorkstepRunstaSetAnalysis  task_protocol.o
    0x0800f60e   0x0800f60e   0x00000002   PAD
    0x0800f610   0x0800f610   0x00000868   Code   RO         1713    .text.WorkstepSetAnalysis  task_protocol.o
    0x0800fe78   0x0800fe78   0x00000f90   Code   RO         1809    .text.Workstep_Abort_Func  task_workstep.o
    0x08010e08   0x08010e08   0x000005ae   Code   RO         1807    .text.Workstep_Analysis_Func  task_workstep.o
    0x080113b6   0x080113b6   0x00000002   PAD
    0x080113b8   0x080113b8   0x000002e4   Code   RO         1801    .text.Workstep_Execute_Func  task_workstep.o
    0x0801169c   0x0801169c   0x00000004   PAD
    0x080116a0   0x080116a0   0x00000538   Code   RO         1799    .text.Workstep_Protect_Func  task_workstep.o
    0x08011bd8   0x08011bd8   0x00000db8   Code   RO         1803    .text.Workstep_Reload_Func  task_workstep.o
    0x08012990   0x08012990   0x00000230   Code   RO         1805    .text.Workstep_Switch_Func  task_workstep.o
    0x08012bc0   0x08012bc0   0x0000003c   Code   RO         1524    .text.__NVIC_DisableIRQ  bsp_sgm58601.o
    0x08012bfc   0x08012bfc   0x00000034   Code   RO          610    .text.__NVIC_EnableIRQ  stm32f4xx_hal_cortex.o
    0x08012c30   0x08012c30   0x00000034   Code   RO         1526    .text.__NVIC_EnableIRQ  bsp_sgm58601.o
    0x08012c64   0x08012c64   0x00000010   Code   RO          602    .text.__NVIC_GetPriorityGrouping  stm32f4xx_hal_cortex.o
    0x08012c74   0x08012c74   0x00000010   Code   RO         2433    .text.__NVIC_GetPriorityGrouping  rtx_kernel.o
    0x08012c84   0x08012c84   0x00000044   Code   RO          604    .text.__NVIC_SetPriority  stm32f4xx_hal_cortex.o
    0x08012cc8   0x08012cc8   0x0000003c   Code   RO          598    .text.__NVIC_SetPriorityGrouping  stm32f4xx_hal_cortex.o
    0x08012d04   0x08012d04   0x00000038   Code   RO         2898    .text.atomic_chk32_all  rtx_thread.o
    0x08012d3c   0x08012d3c   0x00000034   Code   RO         2900    .text.atomic_chk32_any  rtx_thread.o
    0x08012d70   0x08012d70   0x0000002c   Code   RO         2720    .text.atomic_dec16_nz  rtx_semaphore.o
    0x08012d9c   0x08012d9c   0x0000002c   Code   RO         2769    .text.atomic_dec16_nz  rtx_system.o
    0x08012dc8   0x08012dc8   0x00000020   Code   RO         2509    .text.atomic_dec32  rtx_mempool.o
    0x08012de8   0x08012de8   0x00000028   Code   RO         2628    .text.atomic_dec32_nz  rtx_msgqueue.o
    0x08012e10   0x08012e10   0x00000036   Code   RO         2771    .text.atomic_inc16_lim  rtx_system.o
    0x08012e46   0x08012e46   0x00000002   PAD
    0x08012e48   0x08012e48   0x0000003a   Code   RO         2732    .text.atomic_inc16_lt  rtx_semaphore.o
    0x08012e82   0x08012e82   0x00000002   PAD
    0x08012e84   0x08012e84   0x0000003a   Code   RO         2775    .text.atomic_inc16_lt  rtx_system.o
    0x08012ebe   0x08012ebe   0x00000002   PAD
    0x08012ec0   0x08012ec0   0x00000020   Code   RO         2503    .text.atomic_inc32  rtx_mempool.o
    0x08012ee0   0x08012ee0   0x00000020   Code   RO         2616    .text.atomic_inc32  rtx_msgqueue.o
    0x08012f00   0x08012f00   0x00000028   Code   RO         2501    .text.atomic_link_get  rtx_mempool.o
    0x08012f28   0x08012f28   0x00000030   Code   RO         2507    .text.atomic_link_put  rtx_mempool.o
    0x08012f58   0x08012f58   0x0000002c   Code   RO         2630    .text.atomic_wr8    rtx_msgqueue.o
    0x08012f84   0x08012f84   0x00000016   Code   RO         1451    .text.bsp_DelayMS   bsp_dwt.o
    0x08012f9a   0x08012f9a   0x00000002   PAD
    0x08012f9c   0x08012f9c   0x00000054   Code   RO         1453    .text.bsp_DelayUS   bsp_dwt.o
    0x08012ff0   0x08012ff0   0x0000002e   Code   RO         1449    .text.bsp_InitDWT   bsp_dwt.o
    0x0801301e   0x0801301e   0x00000002   PAD
    0x08013020   0x08013020   0x000002f2   Code   RO         1570    .text.bsp_RCC_TIM_Enable  bsp_timer.o
    0x08013312   0x08013312   0x00000002   PAD
    0x08013314   0x08013314   0x000002d6   Code   RO         1574    .text.bsp_SetTIMforInt  bsp_timer.o
    0x080135ea   0x080135ea   0x00000002   PAD
    0x080135ec   0x080135ec   0x0000013c   Code   RO         1811    .text.channel_runsta_sync  task_workstep.o
    0x08013728   0x08013728   0x00000154   Code   RO          197    .text.i2c_Ack       iic.o
    0x0801387c   0x0801387c   0x00000028   Code   RO          209    .text.i2c_Delay     iic.o
    0x080138a4   0x080138a4   0x0000010c   Code   RO          199    .text.i2c_NAck      iic.o
    0x080139b0   0x080139b0   0x00000246   Code   RO          201    .text.i2c_ReadByte  iic.o
    0x08013bf6   0x08013bf6   0x00000002   PAD
    0x08013bf8   0x08013bf8   0x00000264   Code   RO          195    .text.i2c_SendByte  iic.o
    0x08013e5c   0x08013e5c   0x00000140   Code   RO          191    .text.i2c_Start     iic.o
    0x08013f9c   0x08013f9c   0x00000106   Code   RO          193    .text.i2c_Stop      iic.o
    0x080140a2   0x080140a2   0x00000002   PAD
    0x080140a4   0x080140a4   0x00000222   Code   RO          203    .text.i2c_WaitAck   iic.o
    0x080142c6   0x080142c6   0x00000002   PAD
    0x080142c8   0x080142c8   0x000000b2   Code   RO         2584    .text.isrRtxMessageQueueGet  rtx_msgqueue.o
    0x0801437a   0x0801437a   0x00000002   PAD
    0x0801437c   0x0801437c   0x000000ca   Code   RO         2580    .text.isrRtxMessageQueuePut  rtx_msgqueue.o
    0x08014446   0x08014446   0x00000002   PAD
    0x08014448   0x08014448   0x00000070   Code   RO         2700    .text.isrRtxSemaphoreAcquire  rtx_semaphore.o
    0x080144b8   0x080144b8   0x00000074   Code   RO         2704    .text.isrRtxSemaphoreRelease  rtx_semaphore.o
    0x0801452c   0x0801452c   0x00000058   Code   RO         2751    .text.isr_queue_get  rtx_system.o
    0x08014584   0x08014584   0x00000062   Code   RO         2765    .text.isr_queue_put  rtx_system.o
    0x080145e6   0x080145e6   0x00000002   PAD
    0x080145e8   0x080145e8   0x00000074   Code   RO           11    .text.main          main.o
    0x0801465c   0x0801465c   0x00000058   Code   RO         1942    .text.osDelay       rtx_delay.o
    0x080146b4   0x080146b4   0x0000004e   Code   RO         2381    .text.osKernelInitialize  rtx_kernel.o
    0x08014702   0x08014702   0x00000002   PAD
    0x08014704   0x08014704   0x0000004a   Code   RO         2397    .text.osKernelStart  rtx_kernel.o
    0x0801474e   0x0801474e   0x00000002   PAD
    0x08014750   0x08014750   0x00000082   Code   RO         2582    .text.osMessageQueueGet  rtx_msgqueue.o
    0x080147d2   0x080147d2   0x00000002   PAD
    0x080147d4   0x080147d4   0x00000076   Code   RO         2570    .text.osMessageQueueNew  rtx_msgqueue.o
    0x0801484a   0x0801484a   0x00000002   PAD
    0x0801484c   0x0801484c   0x00000094   Code   RO         2578    .text.osMessageQueuePut  rtx_msgqueue.o
    0x080148e0   0x080148e0   0x0000002e   Code   RO         3042    .text.osRtxErrorNotify  rtx_config.o
    0x0801490e   0x0801490e   0x00000002   PAD
    0x08014910   0x08014910   0x0000000a   Code   RO         2755    .text.osRtxEventFlagsObject  rtx_system.o
    0x0801491a   0x0801491a   0x00000002   PAD
    0x0801491c   0x0801491c   0x0000000a   Code   RO         2802    .text.osRtxEventFlagsObject  rtx_thread.o
    0x08014926   0x08014926   0x00000002   PAD
    0x08014928   0x08014928   0x00000008   Code   RO         3040    .text.osRtxIdleThread  rtx_config.o
    0x08014930   0x08014930   0x0000000c   Code   RO         2747    .text.osRtxKernelGetState  rtx_system.o
    0x0801493c   0x0801493c   0x0000000c   Code   RO         2822    .text.osRtxKernelGetState  rtx_thread.o
    0x08014948   0x08014948   0x00000002   Code   RO         2379    .text.osRtxKernelPreInit  rtx_kernel.o
    0x0801494a   0x0801494a   0x00000002   PAD
    0x0801494c   0x0801494c   0x00000156   Code   RO         2486    .text.osRtxMemoryAlloc  rtx_memory.o
    0x08014aa2   0x08014aa2   0x00000002   PAD
    0x08014aa4   0x08014aa4   0x000000c8   Code   RO         2488    .text.osRtxMemoryFree  rtx_memory.o
    0x08014b6c   0x08014b6c   0x000000a0   Code   RO         2480    .text.osRtxMemoryInit  rtx_memory.o
    0x08014c0c   0x08014c0c   0x0000004e   Code   RO         2499    .text.osRtxMemoryPoolAlloc  rtx_mempool.o
    0x08014c5a   0x08014c5a   0x00000002   PAD
    0x08014c5c   0x08014c5c   0x0000006e   Code   RO         2505    .text.osRtxMemoryPoolFree  rtx_mempool.o
    0x08014cca   0x08014cca   0x00000002   PAD
    0x08014ccc   0x08014ccc   0x000000a2   Code   RO         2497    .text.osRtxMemoryPoolInit  rtx_mempool.o
    0x08014d6e   0x08014d6e   0x00000002   PAD
    0x08014d70   0x08014d70   0x0000000a   Code   RO         2759    .text.osRtxMemoryPoolObject  rtx_system.o
    0x08014d7a   0x08014d7a   0x00000002   PAD
    0x08014d7c   0x08014d7c   0x0000000a   Code   RO         2808    .text.osRtxMemoryPoolObject  rtx_thread.o
    0x08014d86   0x08014d86   0x00000002   PAD
    0x08014d88   0x08014d88   0x0000000a   Code   RO         2761    .text.osRtxMessageObject  rtx_system.o
    0x08014d92   0x08014d92   0x00000002   PAD
    0x08014d94   0x08014d94   0x0000000a   Code   RO         2620    .text.osRtxMessageQueueId  rtx_msgqueue.o
    0x08014d9e   0x08014d9e   0x00000002   PAD
    0x08014da0   0x08014da0   0x0000000a   Code   RO         2967    .text.osRtxMessageQueueId  rtx_timer.o
    0x08014daa   0x08014daa   0x00000002   PAD
    0x08014dac   0x08014dac   0x0000000a   Code   RO         2810    .text.osRtxMessageQueueObject  rtx_thread.o
    0x08014db6   0x08014db6   0x00000002   PAD
    0x08014db8   0x08014db8   0x00000154   Code   RO         2608    .text.osRtxMessageQueuePostProcess  rtx_msgqueue.o
    0x08014f0c   0x08014f0c   0x0000000a   Code   RO         2804    .text.osRtxMutexObject  rtx_thread.o
    0x08014f16   0x08014f16   0x00000002   PAD
    0x08014f18   0x08014f18   0x0000009c   Code   RO         2645    .text.osRtxMutexOwnerRelease  rtx_mutex.o
    0x08014fb4   0x08014fb4   0x000000a0   Code   RO         2649    .text.osRtxMutexOwnerRestore  rtx_mutex.o
    0x08015054   0x08015054   0x0000000a   Code   RO         2612    .text.osRtxObject   rtx_msgqueue.o
    0x0801505e   0x0801505e   0x00000002   PAD
    0x08015060   0x08015060   0x0000000a   Code   RO         2647    .text.osRtxObject   rtx_mutex.o
    0x0801506a   0x0801506a   0x00000002   PAD
    0x0801506c   0x0801506c   0x0000000a   Code   RO         2718    .text.osRtxObject   rtx_semaphore.o
    0x08015076   0x08015076   0x00000002   PAD
    0x08015078   0x08015078   0x0000000a   Code   RO         2773    .text.osRtxObject   rtx_system.o
    0x08015082   0x08015082   0x00000002   PAD
    0x08015084   0x08015084   0x0000000a   Code   RO         2792    .text.osRtxObject   rtx_thread.o
    0x0801508e   0x0801508e   0x00000002   PAD
    0x08015090   0x08015090   0x000000c4   Code   RO         2749    .text.osRtxPendSV_Handler  rtx_system.o
    0x08015154   0x08015154   0x00000046   Code   RO         2763    .text.osRtxPostProcess  rtx_system.o
    0x0801519a   0x0801519a   0x00000002   PAD
    0x0801519c   0x0801519c   0x0000000a   Code   RO         2724    .text.osRtxSemaphoreId  rtx_semaphore.o
    0x080151a6   0x080151a6   0x00000002   PAD
    0x080151a8   0x080151a8   0x0000000a   Code   RO         2757    .text.osRtxSemaphoreObject  rtx_system.o
    0x080151b2   0x080151b2   0x00000002   PAD
    0x080151b4   0x080151b4   0x0000000a   Code   RO         2806    .text.osRtxSemaphoreObject  rtx_thread.o
    0x080151be   0x080151be   0x00000002   PAD
    0x080151c0   0x080151c0   0x00000044   Code   RO         2714    .text.osRtxSemaphorePostProcess  rtx_semaphore.o
    0x08015204   0x08015204   0x0000008e   Code   RO         2826    .text.osRtxThreadBlock  rtx_thread.o
    0x08015292   0x08015292   0x00000002   PAD
    0x08015294   0x08015294   0x00000108   Code   RO         2834    .text.osRtxThreadDelayInsert  rtx_thread.o
    0x0801539c   0x0801539c   0x000000a0   Code   RO         2830    .text.osRtxThreadDelayRemove  rtx_thread.o
    0x0801543c   0x0801543c   0x00000190   Code   RO         2798    .text.osRtxThreadDelayTick  rtx_thread.o
    0x080155cc   0x080155cc   0x0000009a   Code   RO         2820    .text.osRtxThreadDispatch  rtx_thread.o
    0x08015666   0x08015666   0x00000002   PAD
    0x08015668   0x08015668   0x000000a0   Code   RO         2928    .text.osRtxThreadFree  rtx_thread.o
    0x08015708   0x08015708   0x0000000c   Code   RO         1952    .text.osRtxThreadGetRunning  rtx_delay.o
    0x08015714   0x08015714   0x0000000c   Code   RO         2624    .text.osRtxThreadGetRunning  rtx_msgqueue.o
    0x08015720   0x08015720   0x0000000c   Code   RO         2728    .text.osRtxThreadGetRunning  rtx_semaphore.o
    0x0801572c   0x0801572c   0x0000000c   Code   RO         2824    .text.osRtxThreadGetRunning  rtx_thread.o
    0x08015738   0x08015738   0x0000000a   Code   RO         2838    .text.osRtxThreadId  rtx_thread.o
    0x08015742   0x08015742   0x00000002   PAD
    0x08015744   0x08015744   0x00000038   Code   RO         2788    .text.osRtxThreadListGet  rtx_thread.o
    0x0801577c   0x0801577c   0x0000007c   Code   RO         2784    .text.osRtxThreadListPut  rtx_thread.o
    0x080157f8   0x080157f8   0x00000036   Code   RO         2794    .text.osRtxThreadListRemove  rtx_thread.o
    0x0801582e   0x0801582e   0x00000002   PAD
    0x08015830   0x08015830   0x00000022   Code   RO         2800    .text.osRtxThreadListRoot  rtx_thread.o
    0x08015852   0x08015852   0x00000002   PAD
    0x08015854   0x08015854   0x0000005e   Code   RO         2790    .text.osRtxThreadListSort  rtx_thread.o
    0x080158b2   0x080158b2   0x00000002   PAD
    0x080158b4   0x080158b4   0x0000000a   Code   RO         2753    .text.osRtxThreadObject  rtx_system.o
    0x080158be   0x080158be   0x00000002   PAD
    0x080158c0   0x080158c0   0x0000000a   Code   RO         2786    .text.osRtxThreadObject  rtx_thread.o
    0x080158ca   0x080158ca   0x00000002   PAD
    0x080158cc   0x080158cc   0x00000050   Code   RO         2894    .text.osRtxThreadPostProcess  rtx_thread.o
    0x0801591c   0x0801591c   0x00000020   Code   RO         2796    .text.osRtxThreadReadyPut  rtx_thread.o
    0x0801593c   0x0801593c   0x00000020   Code   RO         2812    .text.osRtxThreadRegPtr  rtx_thread.o
    0x0801595c   0x0801595c   0x00000014   Code   RO         2934    .text.osRtxThreadSetRunning  rtx_thread.o
    0x08015970   0x08015970   0x00000042   Code   RO         2818    .text.osRtxThreadStackCheck  rtx_thread.o
    0x080159b2   0x080159b2   0x00000002   PAD
    0x080159b4   0x080159b4   0x00000084   Code   RO         2836    .text.osRtxThreadStartup  rtx_thread.o
    0x08015a38   0x08015a38   0x00000026   Code   RO         2816    .text.osRtxThreadSwitch  rtx_thread.o
    0x08015a5e   0x08015a5e   0x00000002   PAD
    0x08015a60   0x08015a60   0x0000007c   Code   RO         2832    .text.osRtxThreadWaitEnter  rtx_thread.o
    0x08015adc   0x08015adc   0x0000004c   Code   RO         2828    .text.osRtxThreadWaitExit  rtx_thread.o
    0x08015b28   0x08015b28   0x00000110   Code   RO         2745    .text.osRtxTick_Handler  rtx_system.o
    0x08015c38   0x08015c38   0x00000068   Code   RO         2965    .text.osRtxTimerThread  rtx_timer.o
    0x08015ca0   0x08015ca0   0x000000a8   Code   RO         2969    .text.osRtxTimerTick  rtx_timer.o
    0x08015d48   0x08015d48   0x00000062   Code   RO         2698    .text.osSemaphoreAcquire  rtx_semaphore.o
    0x08015daa   0x08015daa   0x00000002   PAD
    0x08015dac   0x08015dac   0x00000076   Code   RO         2690    .text.osSemaphoreNew  rtx_semaphore.o
    0x08015e22   0x08015e22   0x00000002   PAD
    0x08015e24   0x08015e24   0x00000052   Code   RO         2702    .text.osSemaphoreRelease  rtx_semaphore.o
    0x08015e76   0x08015e76   0x00000002   PAD
    0x08015e78   0x08015e78   0x00000024   Code   RO         2874    .text.osThreadExit  rtx_thread.o
    0x08015e9c   0x08015e9c   0x00000076   Code   RO         2842    .text.osThreadNew   rtx_thread.o
    0x08015f12   0x08015f12   0x00000002   PAD
    0x08015f14   0x08015f14   0x00000036   Code   RO         1950    .text.svcRtxDelay   rtx_delay.o
    0x08015f4a   0x08015f4a   0x00000002   PAD
    0x08015f4c   0x08015f4c   0x0000038c   Code   RO         2425    .text.svcRtxKernelInitialize  rtx_kernel.o
    0x080162d8   0x080162d8   0x000000d8   Code   RO         2429    .text.svcRtxKernelStart  rtx_kernel.o
    0x080163b0   0x080163b0   0x00000192   Code   RO         2632    .text.svcRtxMessageQueueGet  rtx_msgqueue.o
    0x08016542   0x08016542   0x00000002   PAD
    0x08016544   0x08016544   0x00000294   Code   RO         2606    .text.svcRtxMessageQueueNew  rtx_msgqueue.o
    0x080167d8   0x080167d8   0x0000018e   Code   RO         2622    .text.svcRtxMessageQueuePut  rtx_msgqueue.o
    0x08016966   0x08016966   0x00000002   PAD
    0x08016968   0x08016968   0x000000b2   Code   RO         2726    .text.svcRtxSemaphoreAcquire  rtx_semaphore.o
    0x08016a1a   0x08016a1a   0x00000002   PAD
    0x08016a1c   0x08016a1c   0x0000015e   Code   RO         2712    .text.svcRtxSemaphoreNew  rtx_semaphore.o
    0x08016b7a   0x08016b7a   0x00000002   PAD
    0x08016b7c   0x08016b7c   0x000000a4   Code   RO         2734    .text.svcRtxSemaphoreRelease  rtx_semaphore.o
    0x08016c20   0x08016c20   0x000000d4   Code   RO         2932    .text.svcRtxThreadExit  rtx_thread.o
    0x08016cf4   0x08016cf4   0x0000040c   Code   RO         2840    .text.svcRtxThreadNew  rtx_thread.o
    0x08017100   0x08017100   0x00000016   Code   RO         2892    .text.xPSR_InitVal  rtx_thread.o
    0x08017116   0x08017116   0x0000000e   Code   RO         3108    i.__scatterload_copy  mc_w.l(handlers.o)
    0x08017124   0x08017124   0x00000002   Code   RO         3109    i.__scatterload_null  mc_w.l(handlers.o)
    0x08017126   0x08017126   0x0000000e   Code   RO         3110    i.__scatterload_zeroinit  mc_w.l(handlers.o)
    0x08017134   0x08017134   0x000000a0   Data   RO         2468    .rodata             rtx_lib.o
    0x080171d4   0x080171d4   0x00000010   Data   RO         1382    .rodata.AHBPrescTable  system_stm32f4xx.o
    0x080171e4   0x080171e4   0x00000008   Data   RO         1383    .rodata.APBPrescTable  system_stm32f4xx.o
    0x080171ec   0x080171ec   0x00000010   Data   RO         1784    .rodata.DcdcCanSema_Attr  task_start.o
    0x080171fc   0x080171fc   0x00000010   Data   RO         1785    .rodata.ProtectionSema_Attr  task_start.o
    0x0801720c   0x0801720c   0x00000024   Data   RO         1780    .rodata.ThreadDcdc_Attr  task_start.o
    0x08017230   0x08017230   0x00000024   Data   RO         1779    .rodata.ThreadLed_Attr  task_start.o
    0x08017254   0x08017254   0x00000024   Data   RO         1781    .rodata.ThreadProtection_Attr  task_start.o
    0x08017278   0x08017278   0x00000024   Data   RO           21    .rodata.ThreadStart_Attr  main.o
    0x0801729c   0x0801729c   0x00000024   Data   RO         1778    .rodata.ThreadWorkstep_Attr  task_start.o
    0x080172c0   0x080172c0   0x00000004   Data   RO         2470    .rodata.osRtxUserSVC  rtx_lib.o
    0x080172c4   0x080172c4   0x00000024   Data   RO         2465    .rodata.os_idle_thread_attr  rtx_lib.o
    0x080172e8   0x080172e8   0x00000018   Data   RO         2467    .rodata.os_timer_mq_attr  rtx_lib.o
    0x08017300   0x08017300   0x00000024   Data   RO         2466    .rodata.os_timer_thread_attr  rtx_lib.o
    0x08017324   0x08017324   0x00000011   Data   RO           20    .rodata.str1.1      main.o
    0x08017335   0x08017335   0x00000070   Data   RO         1777    .rodata.str1.1      task_start.o
    0x080173a5   0x080173a5   0x0000000b   Data   RO         2455    .rodata.str1.1      rtx_kernel.o
    0x080173b0   0x080173b0   0x00000020   Data   RO         3107    Region$$Table       anon$$obj.o


    Execution Region RW_IRAM1 (Exec base: 0x20000000, Load base: 0x080173d0, Size: 0x00017750, Max: 0x00030000, ABSOLUTE, COMPRESSED[0x000000d0])

    Exec Addr    Load Addr    Size         Type   Attr      Idx    E Section Name        Object

    0x20000000   COMPRESSED   0x00000001   Data   RW         1815    .data.AcDumpConnectFlag  task_workstep.o
    0x20000001   COMPRESSED   0x00000003   PAD
    0x20000004   COMPRESSED   0x00000030   Data   RW         1896    .data.DcdcRepHandle  task_dcdc.o
    0x20000034   COMPRESSED   0x00000090   Data   RW         1927    .data.GP_CheckList  task_protection.o
    0x200000c4   COMPRESSED   0x00000144   Data   RW         1926    .data.IP_CheckList  task_protection.o
    0x20000208   COMPRESSED   0x00000004   Data   RW         1381    .data.SystemCoreClock  system_stm32f4xx.o
    0x2000020c   COMPRESSED   0x00000004   Data   RW         1752    .data.data_upcast_period  task_protocol.o
    0x20000210   COMPRESSED   0x00000001   Data   RW         1754    .data.en_SysMode    task_protocol.o
    0x20000211   COMPRESSED   0x00000001   Data   RW         1750    .data.heart_beat_flag  task_protocol.o
    0x20000212   COMPRESSED   0x00000002   PAD
    0x20000214   COMPRESSED   0x000000a4   Data   RW         2456    .data.os            rtx_kernel.o
    0x200002b8   COMPRESSED   0x00000008   Data   RW         1745    .data.refresh_continue  task_protocol.o
    0x200002c0   COMPRESSED   0x00000001   Data   RW         1743    .data.ucProtocolVersion  task_protocol.o
    0x200002c1   COMPRESSED   0x00000001   Data   RW         1747    .data.upcast_enable  task_protocol.o
    0x200002c2   COMPRESSED   0x00000001   Data   RW         1626    .data.upcast_feat_id  can_network_protocol.o
    0x200002c3   COMPRESSED   0x00000001   Data   RW          726    .data.uwTickFreq    stm32f4xx_hal.o
    0x200002c4   COMPRESSED   0x00000004   Data   RW          725    .data.uwTickPrio    stm32f4xx_hal.o
    0x200002c8   COMPRESSED   0x00000008   Data   RW         1831    .data.workstep_flag_AbortPrio  task_workstep.o
    0x200002d0        -       0x00000002   Zero   RW         1559    .bss.ADC1Count      bsp_sgm58601.o
    0x200002d2   COMPRESSED   0x00000002   PAD
    0x200002d4        -       0x00000020   Zero   RW         1548    .bss.ADC1_DATA      bsp_sgm58601.o
    0x200002f4        -       0x00000020   Zero   RW         1554    .bss.ADC1_DATA_AVG  bsp_sgm58601.o
    0x20000314   COMPRESSED   0x00000004   PAD
    0x20000318        -       0x00000040   Zero   RW         1551    .bss.ADC1_DATA_SUM  bsp_sgm58601.o
    0x20000358        -       0x00000002   Zero   RW         1560    .bss.ADC2Count      bsp_sgm58601.o
    0x2000035a   COMPRESSED   0x00000002   PAD
    0x2000035c        -       0x00000020   Zero   RW         1549    .bss.ADC2_DATA      bsp_sgm58601.o
    0x2000037c        -       0x00000020   Zero   RW         1555    .bss.ADC2_DATA_AVG  bsp_sgm58601.o
    0x2000039c   COMPRESSED   0x00000004   PAD
    0x200003a0        -       0x00000040   Zero   RW         1552    .bss.ADC2_DATA_SUM  bsp_sgm58601.o
    0x200003e0        -       0x00000002   Zero   RW         1561    .bss.ADC3Count      bsp_sgm58601.o
    0x200003e2   COMPRESSED   0x00000002   PAD
    0x200003e4        -       0x00000020   Zero   RW         1550    .bss.ADC3_DATA      bsp_sgm58601.o
    0x20000404        -       0x00000020   Zero   RW         1556    .bss.ADC3_DATA_AVG  bsp_sgm58601.o
    0x20000424   COMPRESSED   0x00000004   PAD
    0x20000428        -       0x00000040   Zero   RW         1553    .bss.ADC3_DATA_SUM  bsp_sgm58601.o
    0x20000468        -       0x0000001c   Zero   RW         1438    .bss.CAN1_RxMsg     bsp_canlink.o
    0x20000484        -       0x0000001c   Zero   RW         1439    .bss.CAN2_RxMsg     bsp_canlink.o
    0x200004a0        -       0x00000018   Zero   RW         1440    .bss.CAN_TxMsg      bsp_canlink.o
    0x200004b8        -       0x00000003   Zero   RW         1558    .bss.CONV_CNT       bsp_sgm58601.o
    0x200004bb        -       0x00000008   Zero   RW         1816    .bss.ContactCheckFlag  task_workstep.o
    0x200004c3        -       0x00000002   Zero   RW         1562    .bss.CurrOk         bsp_sgm58601.o
    0x200004c5        -       0x00000003   Zero   RW         1557    .bss.DRDY_NUM       bsp_sgm58601.o
    0x200004c8        -       0x00000004   Zero   RW         1894    .bss.DcdcCanId      task_dcdc.o
    0x200004cc        -       0x000001a0   Zero   RW         1891    .bss.DcdcParam      task_dcdc.o
    0x2000066c        -       0x00000008   Zero   RW         1888    .bss.DcdcRecvBuffer  task_dcdc.o
    0x20000674        -       0x00000008   Zero   RW         1889    .bss.DcdcRecvFrame  task_dcdc.o
    0x2000067c        -       0x00000008   Zero   RW         1890    .bss.DcdcSendFrame  task_dcdc.o
    0x20000684        -       0x00000002   Zero   RW         1426    .bss.ErrCnt         bsp_canlink.o
    0x20000686        -       0x00000002   Zero   RW         1684    .bss.ExternalAdDatProcess.ins_cnt  task_led.o
    0x20000688        -       0x00000002   Zero   RW         1685    .bss.ExternalAdDatProcess.sum_cnt  task_led.o
    0x2000068a        -       0x00000001   Zero   RW         1920    .bss.First_Alarm    task_protection.o
    0x2000068b   COMPRESSED   0x00000001   PAD
    0x2000068c        -       0x00000020   Zero   RW         1917    .bss.GP_Alarm_Flag  task_protection.o
    0x200006ac        -       0x00000020   Zero   RW         1919    .bss.GP_Alarm_Flag_History  task_protection.o
    0x200006cc        -       0x00000004   Zero   RW           47    .bss.HAL_RCC_CAN1_CLK_ENABLED  can.o
    0x200006d0        -       0x00000040   Zero   RW         1916    .bss.IP_Alarm_Flag  task_protection.o
    0x20000710        -       0x00000020   Zero   RW         1918    .bss.IP_Alarm_Flag_History  task_protection.o
    0x20000730        -       0x00000001   Zero   RW         3032    .bss.PendST         os_systick.o
    0x20000731        -       0x00000008   Zero   RW         1829    .bss.ProtectMaskFlag  task_workstep.o
    0x20000739        -       0x00000008   Zero   RW         1825    .bss.Protect_Flag_ACDC  task_workstep.o
    0x20000741        -       0x00000008   Zero   RW         1822    .bss.Protect_Flag_Global  task_workstep.o
    0x20000749        -       0x00000008   Zero   RW         1823    .bss.Protect_Flag_Internal  task_workstep.o
    0x20000751        -       0x00000008   Zero   RW         1824    .bss.Protect_Flag_Workstep  task_workstep.o
    0x20000759        -       0x00000001   Zero   RW         1751    .bss.Reconnection_Flg  task_protocol.o
    0x2000075a   COMPRESSED   0x00000002   PAD
    0x2000075c        -       0x00000004   Zero   RW         1782    .bss.SemaDcdcCan    task_start.o
    0x20000760        -       0x00000004   Zero   RW         1783    .bss.SemaProtection  task_start.o
    0x20000764        -       0x00000001   Zero   RW         1922    .bss.SysModeProtMaskFlag  task_protection.o
    0x20000765   COMPRESSED   0x00000003   PAD
    0x20000768        -       0x00000004   Zero   RW           19    .bss.ThreadIdStart  main.o
    0x2000076c        -       0x00000004   Zero   RW         1775    .bss.ThreadIdTaskDcdc  task_start.o
    0x20000770        -       0x00000004   Zero   RW         1774    .bss.ThreadIdTaskLed  task_start.o
    0x20000774        -       0x00000004   Zero   RW         1776    .bss.ThreadIdTaskProtection  task_start.o
    0x20000778        -       0x00000004   Zero   RW         1773    .bss.ThreadIdTaskWorkstep  task_start.o
    0x2000077c        -       0x00000a68   Zero   RW         1756    .bss.Tier1          task_protocol.o
    0x200011e4        -       0x00001e14   Zero   RW         1757    .bss.Tier2          task_protocol.o
    0x20002ff8        -       0x00000008   Zero   RW         1749    .bss.Tstamp         task_protocol.o
    0x20003000        -       0x00000018   Zero   RW         1647    .bss.TxMeg          can_network_transplant.o
    0x20003018        -       0x00000020   Zero   RW         1836    .bss.VcontactCur    task_workstep.o
    0x20003038        -       0x00000020   Zero   RW         1835    .bss.VcontactPre    task_workstep.o
    0x20003058        -       0x00000008   Zero   RW         1821    .bss.abort_type_flag  task_workstep.o
    0x20003060        -       0x00001200   Zero   RW         1625    .bss.can_rx_buffer  can_network_protocol.o
    0x20004260        -       0x00000001   Zero   RW         1748    .bss.clear_flag     task_protocol.o
    0x20004261        -       0x00000008   Zero   RW         1818    .bss.contact_test_once_flag  task_workstep.o
    0x20004269        -       0x00000001   Zero   RW         1893    .bss.dcdc_err_flag  task_dcdc.o
    0x2000426a        -       0x00000001   Zero   RW         1832    .bss.dcdc_on_off_state  task_workstep.o
    0x2000426b   COMPRESSED   0x00000001   PAD
    0x2000426c        -       0x000010c4   Zero   RW         1599    .bss.err_buffer     can_network_driver.o
    0x20005330        -       0x00000001   Zero   RW         1928    .bss.features       task_protection.o
    0x20005331   COMPRESSED   0x00000003   PAD
    0x20005334        -       0x00000028   Zero   RW           45    .bss.hcan1          can.o
    0x2000535c        -       0x00000028   Zero   RW           46    .bss.hcan2          can.o
    0x20005384        -       0x00000004   Zero   RW         1681    .bss.heart_beat_cnt  task_led.o
    0x20005388        -       0x00000010   Zero   RW           62    .bss.hrng           rng.o
    0x20005398        -       0x00000058   Zero   RW           82    .bss.hspi1          spi.o
    0x200053f0        -       0x00000058   Zero   RW           83    .bss.hspi2          spi.o
    0x20005448        -       0x00000058   Zero   RW           84    .bss.hspi3          spi.o
    0x200054a0        -       0x00000058   Zero   RW           85    .bss.hspi4          spi.o
    0x200054f8        -       0x00000048   Zero   RW          183    .bss.htim14         stm32f4xx_hal_timebase_tim.o
    0x20005540        -       0x00000048   Zero   RW          101    .bss.htim2          tim.o
    0x20005588        -       0x00000044   Zero   RW          117    .bss.huart1         usart.o
    0x200055cc        -       0x00000044   Zero   RW          118    .bss.huart2         usart.o
    0x20005610        -       0x00000002   Zero   RW         1744    .bss.lenAnalysis    task_protocol.o
    0x20005612   COMPRESSED   0x00000006   PAD
    0x20005618        -       0x0000c7d0   Zero   RW         2464    .bss.os             rtx_lib.o
    0x20011de8        -       0x00000034   Zero   RW         2473    .bss.os.msgqueue.cb  rtx_lib.o
    0x20011e1c        -       0x00000050   Zero   RW         2474    .bss.os.msgqueue.mem  rtx_lib.o
    0x20011e6c        -       0x00000088   Zero   RW         2471    .bss.os.thread.cb   rtx_lib.o
    0x20011ef4   COMPRESSED   0x00000004   PAD
    0x20011ef8        -       0x00000500   Zero   RW         2472    .bss.os.thread.stack  rtx_lib.o
    0x200123f8        -       0x0000000c   Zero   RW         1760    .bss.pack           task_protocol.o
    0x20012404        -       0x00000008   Zero   RW         1826    .bss.protect_flag_upcast  task_workstep.o
    0x2001240c        -       0x00000008   Zero   RW         1819    .bss.record_data_upcast_flag  task_workstep.o
    0x20012414   COMPRESSED   0x00000004   PAD
    0x20012418        -       0x00000040   Zero   RW         1834    .bss.run_time_cnt   task_workstep.o
    0x20012458        -       0x00000002   Zero   RW         1627    .bss.rx_analysis_cnt  can_network_protocol.o
    0x2001245a   COMPRESSED   0x00000002   PAD
    0x2001245c        -       0x000018c4   Zero   RW         1601    .bss.rx_buffer      can_network_driver.o
    0x20013d20        -       0x0000001c   Zero   RW         1759    .bss.st_DebugParameter  task_protocol.o
    0x20013d3c        -       0x00000008   Zero   RW         1817    .bss.start_state_flag  task_workstep.o
    0x20013d44        -       0x00000001   Zero   RW          160    .bss.time4_cnt      stm32f4xx_it.o
    0x20013d45        -       0x00000001   Zero   RW          161    .bss.time5_cnt      stm32f4xx_it.o
    0x20013d46        -       0x00000008   Zero   RW         1820    .bss.time_over_stop  task_workstep.o
    0x20013d4e   COMPRESSED   0x00000002   PAD
    0x20013d50        -       0x000018c4   Zero   RW         1600    .bss.tx_buffer      can_network_driver.o
    0x20015614        -       0x00000002   Zero   RW         1629    .bss.tx_err_cnt     can_network_protocol.o
    0x20015616        -       0x00000002   Zero   RW         1628    .bss.tx_reply_cnt   can_network_protocol.o
    0x20015618        -       0x00000020   Zero   RW         1925    .bss.ucGProtCntCur  task_protection.o
    0x20015638        -       0x00000020   Zero   RW         1924    .bss.ucGProtCntPre  task_protection.o
    0x20015658        -       0x00000060   Zero   RW         1923    .bss.ucIProtCntCur  task_protection.o
    0x200156b8        -       0x00000060   Zero   RW         1921    .bss.ucIProtCntPre  task_protection.o
    0x20015718        -       0x00000001   Zero   RW         1682    .bss.un_AddrAnalysis  task_led.o
    0x20015719   COMPRESSED   0x00000003   PAD
    0x2001571c        -       0x00000004   Zero   RW         1683    .bss.un_DcdcIdAnalysis  task_led.o
    0x20015720        -       0x0000000c   Zero   RW         1755    .bss.unpack         task_protocol.o
    0x2001572c        -       0x00000004   Zero   RW          727    .bss.uwTick         stm32f4xx_hal.o
    0x20015730        -       0x00000008   Zero   RW         1753    .bss.workstep_flag_CriticalZone  task_protocol.o
    0x20015738        -       0x00000010   Zero   RW         1833    .bss.workstep_flag_ErrWord  task_workstep.o
    0x20015748        -       0x00000001   Zero   RW         1746    .bss.workstep_flag_RunstaSet  task_protocol.o
    0x20015749   COMPRESSED   0x00000007   PAD
    0x20015750        -       0x00002000   Zero   RW            1    STACK               startup_stm32f427xx.o


==============================================================================

Image component sizes


      Code (inc. data)   RO Data    RW Data    ZI Data      Debug   Object Name

       240          0          0          0          0       3628   bsp.o
       380          0          0          0         82       7085   bsp_canlink.o
       152          0          0          0          0        947   bsp_dwt.o
       434          0          0          0          0       2068   bsp_mb85rs2.o
       498          0          0          0          0       2382   bsp_nca9555.o
      2570          6          0          0        398      13227   bsp_sgm58601.o
      1480          0          0          0          0       8262   bsp_timer.o
       724          0          0          0         84       7296   can.o
      2004          0          0          0      16972       4424   can_network_driver.o
      2264          0          0          1       4614       4791   can_network_protocol.o
       742          0          0          0         24       4614   can_network_transplant.o
       940          0          0          0          0       4528   gpio.o
      3076          0          0          0          0       4832   iic.o
       196         12          0          0          0        636   irq_cm4f.o
       372          0         53          0          4       7502   main.o
       208          0          0          0          1       4722   os_systick.o
       100          0          0          0         16       2524   rng.o
        54          6          0          0          0        750   rtx_config.o
       222          0          0          0          0       3786   rtx_delay.o
       536          0          0          0          0      25067   rtx_evr.o
      1440          0         11        164          0      14136   rtx_kernel.o
         0          0        260          0      52700       5410   rtx_lib.o
       736          0          0          0          0       2353   rtx_memory.o
       502          0          0          0          0      12089   rtx_mempool.o
      3132          0          0          0          0      14663   rtx_msgqueue.o
       326          0          0          0          0       8790   rtx_mutex.o
      1578          0          0          0          0       9049   rtx_semaphore.o
       968         10          0          0          0       6051   rtx_system.o
      4104          0          0          0          0      27655   rtx_thread.o
       490          0          0          0          0       8927   rtx_timer.o
       820          0          0          0        352       5872   spi.o
        36          8        428          0       8192        860   startup_stm32f427xx.o
       100          0          0          5          4       7548   stm32f4xx_hal.o
      3270          0          0          0          0      11400   stm32f4xx_hal_can.o
       410          0          0          0          0       9615   stm32f4xx_hal_cortex.o
       312          0          0          0          0       8508   stm32f4xx_hal_dma.o
      1218          0          0          0          0       5205   stm32f4xx_hal_gpio.o
        82          0          0          0          0       1551   stm32f4xx_hal_msp.o
       190          0          0          0          0       4478   stm32f4xx_hal_pwr_ex.o
      2746          0          0          0          0       7662   stm32f4xx_hal_rcc.o
        90          0          0          0          0       3856   stm32f4xx_hal_rng.o
      1646          0          0          0          0      19764   stm32f4xx_hal_spi.o
      3110         14          0          0          0      36011   stm32f4xx_hal_tim.o
       306          0          0          0          0      15353   stm32f4xx_hal_tim_ex.o
       250          0          0          0         72       7291   stm32f4xx_hal_timebase_tim.o
      2344          0          0          0          0      20233   stm32f4xx_hal_uart.o
      1988         32          0          0          2       4138   stm32f4xx_it.o
        18          0         24          4          0       2587   system_stm32f4xx.o
      2206         20          0         48        445       7250   task_dcdc.o
      1744          0          0          0          0       2890   task_init.o
      1812          4          0          0         13       3063   task_led.o
      7522         36          0        468        419       8241   task_protection.o
     15576        490          0         16      10437      26907   task_protocol.o
       270          0        288          0         24       3588   task_start.o
     12532         64          0          9        241      12428   task_workstep.o
       324          0          0          0         72       5858   tim.o
       434          0          0          0        136       7159   usart.o

    ----------------------------------------------------------------------
     92222        702       1096        720      95360     471510   Object Totals
         0          0         32          0          0          0   (incl. Generated)
       398          0          0          5         56          0   (incl. Padding)

    ----------------------------------------------------------------------

      Code (inc. data)   RO Data    RW Data    ZI Data      Debug   Library Member Name

        86          0          0          0          0          0   __dczerorl2.o
         0          0          0          0          0          0   entry.o
         0          0          0          0          0          0   entry10a.o
         0          0          0          0          0          0   entry11a.o
         8          4          0          0          0          0   entry2.o
         4          0          0          0          0          0   entry5.o
         0          0          0          0          0          0   entry7b.o
         0          0          0          0          0          0   entry8b.o
         8          4          0          0          0          0   entry9a.o
        30          0          0          0          0          0   handlers.o
        36          8          0          0          0         68   init.o
         0          0          0          0          0          0   iusefp.o
        98          0          0          0          0         84   ldiv.o
        30          0          0          0          0         68   llshl.o
        36          0          0          0          0         68   llsshr.o
        32          0          0          0          0         68   llushr.o
        36          0          0          0          0         68   memcpya.o
        36          0          0          0          0        108   memseta.o
        98          0          0          0          0         92   uldiv.o
        56          0          0          0          0         88   d2f.o
       334          0          0          0          0        148   dadd.o
        54          0          0          0          0         80   dcmpge.o
        54          0          0          0          0         80   dcmple.o
       222          0          0          0          0        100   ddiv.o
       186          0          0          0          0        176   depilogue.o
       228          0          0          0          0         96   dmul.o
        38          0          0          0          0         68   f2d.o
       110          0          0          0          0        168   fepilogue.o
        44          0          0          0          0         68   ffixul.o

    ----------------------------------------------------------------------
      1866         16          0          0          0       1696   Library Totals
         2          0          0          0          0          0   (incl. Padding)

    ----------------------------------------------------------------------

      Code (inc. data)   RO Data    RW Data    ZI Data      Debug   Library Name

       538         16          0          0          0        624   mc_w.l
      1326          0          0          0          0       1072   mf_w.l

    ----------------------------------------------------------------------
      1866         16          0          0          0       1696   Library Totals

    ----------------------------------------------------------------------

==============================================================================


      Code (inc. data)   RO Data    RW Data    ZI Data      Debug   

     94088        718       1096        720      95360     471762   Grand Totals
     94088        718       1096        208      95360     471762   ELF Image Totals (compressed)
     94088        718       1096        208          0          0   ROM Totals

==============================================================================

    Total RO  Size (Code + RO Data)                95184 (  92.95kB)
    Total RW  Size (RW Data + ZI Data)             96080 (  93.83kB)
    Total ROM Size (Code + RO Data + RW Data)      95392 (  93.16kB)

==============================================================================

