Component: ARM Compiler 5.06 update 6 (build 750) Tool: armlink [4d35ed]

==============================================================================

Section Cross References

    startup_stm32f429xx.o(RESET) refers to startup_stm32f429xx.o(STACK) for __initial_sp
    startup_stm32f429xx.o(RESET) refers to startup_stm32f429xx.o(.text) for Reset_Handler
    startup_stm32f429xx.o(RESET) refers to stm32f4xx_it.o(i.NMI_Handler) for NMI_Handler
    startup_stm32f429xx.o(RESET) refers to stm32f4xx_it.o(i.HardFault_Handler) for HardFault_Handler
    startup_stm32f429xx.o(RESET) refers to stm32f4xx_it.o(i.MemManage_Handler) for MemManage_Handler
    startup_stm32f429xx.o(RESET) refers to stm32f4xx_it.o(i.BusFault_Handler) for BusFault_Handler
    startup_stm32f429xx.o(RESET) refers to stm32f4xx_it.o(i.UsageFault_Handler) for UsageFault_Handler
    startup_stm32f429xx.o(RESET) refers to stm32f4xx_it.o(i.SVC_Handler) for SVC_Handler
    startup_stm32f429xx.o(RESET) refers to stm32f4xx_it.o(i.DebugMon_Handler) for DebugMon_Handler
    startup_stm32f429xx.o(RESET) refers to stm32f4xx_it.o(i.PendSV_Handler) for PendSV_Handler
    startup_stm32f429xx.o(RESET) refers to stm32f4xx_it.o(i.SysTick_Handler) for SysTick_Handler
    startup_stm32f429xx.o(RESET) refers to stm32f4xx_it.o(i.EXTI0_IRQHandler) for EXTI0_IRQHandler
    startup_stm32f429xx.o(RESET) refers to stm32f4xx_it.o(i.EXTI1_IRQHandler) for EXTI1_IRQHandler
    startup_stm32f429xx.o(RESET) refers to stm32f4xx_it.o(i.TIM4_IRQHandler) for TIM4_IRQHandler
    startup_stm32f429xx.o(RESET) refers to stm32f4xx_it.o(i.TIM7_IRQHandler) for TIM7_IRQHandler
    startup_stm32f429xx.o(.text) refers to system_stm32f4xx.o(i.SystemInit) for SystemInit
    startup_stm32f429xx.o(.text) refers to entry.o(.ARM.Collect$$$$00000000) for __main
    main.o(i.BarCode_Mac_CheckSet) refers to memseta.o(.text) for __aeabi_memclr4
    main.o(i.BarCode_Mac_CheckSet) refers to bsp_eeprom.o(i.ee_ReadBytes) for ee_ReadBytes
    main.o(i.BarCode_Mac_CheckSet) refers to main.o(.data) for MAC_ID
    main.o(i.Boot_JMP_APP) refers to main.o(.data) for JumpAddress
    main.o(i.HAL_TIM_PeriodElapsedCallback) refers to stm32f4xx_hal.o(i.HAL_IncTick) for HAL_IncTick
    main.o(i.Loop_En_Init) refers to stm32f4xx_hal_gpio.o(i.HAL_GPIO_WritePin) for HAL_GPIO_WritePin
    main.o(i.SystemClock_Config) refers to memseta.o(.text) for __aeabi_memclr4
    main.o(i.SystemClock_Config) refers to stm32f4xx_hal_rcc.o(i.HAL_RCC_OscConfig) for HAL_RCC_OscConfig
    main.o(i.SystemClock_Config) refers to main.o(i.Error_Handler) for Error_Handler
    main.o(i.SystemClock_Config) refers to stm32f4xx_hal_pwr_ex.o(i.HAL_PWREx_EnableOverDrive) for HAL_PWREx_EnableOverDrive
    main.o(i.SystemClock_Config) refers to stm32f4xx_hal_rcc.o(i.HAL_RCC_ClockConfig) for HAL_RCC_ClockConfig
    main.o(i.W5500_init) refers to wizchip_conf.o(i.reg_wizchip_cris_cbfunc) for reg_wizchip_cris_cbfunc
    main.o(i.W5500_init) refers to wizchip_conf.o(i.reg_wizchip_cs_cbfunc) for reg_wizchip_cs_cbfunc
    main.o(i.W5500_init) refers to wizchip_conf.o(i.reg_wizchip_spi_cbfunc) for reg_wizchip_spi_cbfunc
    main.o(i.W5500_init) refers to w5500.o(i.WIZCHIP_READ) for WIZCHIP_READ
    main.o(i.W5500_init) refers to stm32f4xx_hal.o(i.HAL_Delay) for HAL_Delay
    main.o(i.W5500_init) refers to bsp_gpio.o(i.Feed_WDG) for Feed_WDG
    main.o(i.W5500_init) refers to wizchip_conf.o(i.wizchip_sw_reset) for wizchip_sw_reset
    main.o(i.W5500_init) refers to bsp_dwt.o(i.bsp_DelayMS) for bsp_DelayMS
    main.o(i.W5500_init) refers to wizchip_conf.o(i.ctlnetwork) for ctlnetwork
    main.o(i.W5500_init) refers to memcmp.o(.text) for memcmp
    main.o(i.W5500_init) refers to wizchip_conf.o(i.wizchip_init) for wizchip_init
    main.o(i.W5500_init) refers to wizchip_conf.o(i.wizchip_settimeout) for wizchip_settimeout
    main.o(i.W5500_init) refers to main.o(.data) for NetConf
    main.o(i.main) refers to stm32f4xx_hal.o(i.HAL_Init) for HAL_Init
    main.o(i.main) refers to main.o(i.SystemClock_Config) for SystemClock_Config
    main.o(i.main) refers to gpio.o(i.MX_GPIO_Init) for MX_GPIO_Init
    main.o(i.main) refers to spi.o(i.MX_SPI1_Init) for MX_SPI1_Init
    main.o(i.main) refers to iwdg.o(i.MX_IWDG_Init) for MX_IWDG_Init
    main.o(i.main) refers to tim.o(i.MX_TIM4_Init) for MX_TIM4_Init
    main.o(i.main) refers to adc.o(i.MX_ADC3_Init) for MX_ADC3_Init
    main.o(i.main) refers to can.o(i.MX_CAN1_Init) for MX_CAN1_Init
    main.o(i.main) refers to can.o(i.MX_CAN2_Init) for MX_CAN2_Init
    main.o(i.main) refers to spi.o(i.MX_SPI2_Init) for MX_SPI2_Init
    main.o(i.main) refers to spi.o(i.MX_SPI3_Init) for MX_SPI3_Init
    main.o(i.main) refers to spi.o(i.MX_SPI4_Init) for MX_SPI4_Init
    main.o(i.main) refers to spi.o(i.MX_SPI5_Init) for MX_SPI5_Init
    main.o(i.main) refers to spi.o(i.MX_SPI6_Init) for MX_SPI6_Init
    main.o(i.main) refers to usart.o(i.MX_USART3_UART_Init) for MX_USART3_UART_Init
[...]
    ../clib/microlib/init/entry.s            0x00000000   Number         0  entry9a.o ABSOLUTE
    ../clib/microlib/init/entry.s            0x00000000   Number         0  entry8b.o ABSOLUTE
    ../clib/microlib/init/entry.s            0x00000000   Number         0  entry2.o ABSOLUTE
    ../clib/microlib/init/entry.s            0x00000000   Number         0  entry9b.o ABSOLUTE
    ../clib/microlib/longlong.c              0x00000000   Number         0  llushr.o ABSOLUTE
    ../clib/microlib/longlong.c              0x00000000   Number         0  llshl.o ABSOLUTE
    ../clib/microlib/string/memcmp.c         0x00000000   Number         0  memcmp.o ABSOLUTE
    ../clib/microlib/string/memcpy.c         0x00000000   Number         0  memcpya.o ABSOLUTE
    ../clib/microlib/string/memcpy.c         0x00000000   Number         0  memcpyb.o ABSOLUTE
    ../clib/microlib/string/memset.c         0x00000000   Number         0  memseta.o ABSOLUTE
    ..\Core\Src\adc.c                        0x00000000   Number         0  adc.o ABSOLUTE
    ..\Core\Src\can.c                        0x00000000   Number         0  can.o ABSOLUTE
    ..\Core\Src\gpio.c                       0x00000000   Number         0  gpio.o ABSOLUTE
    ..\Core\Src\iwdg.c                       0x00000000   Number         0  iwdg.o ABSOLUTE
    ..\Core\Src\main.c                       0x00000000   Number         0  main.o ABSOLUTE
    ..\Core\Src\spi.c                        0x00000000   Number         0  spi.o ABSOLUTE
    ..\Core\Src\stm32f4xx_hal_msp.c          0x00000000   Number         0  stm32f4xx_hal_msp.o ABSOLUTE
    ..\Core\Src\stm32f4xx_hal_timebase_tim.c 0x00000000   Number         0  stm32f4xx_hal_timebase_tim.o ABSOLUTE
    ..\Core\Src\stm32f4xx_it.c               0x00000000   Number         0  stm32f4xx_it.o ABSOLUTE
    ..\Core\Src\system_stm32f4xx.c           0x00000000   Number         0  system_stm32f4xx.o ABSOLUTE
    ..\Core\Src\tim.c                        0x00000000   Number         0  tim.o ABSOLUTE
    ..\Core\Src\usart.c                      0x00000000   Number         0  usart.o ABSOLUTE
    ..\Drivers\STM32F4xx_HAL_Driver\Src\stm32f4xx_hal.c 0x00000000   Number         0  stm32f4xx_hal.o ABSOLUTE
    ..\Drivers\STM32F4xx_HAL_Driver\Src\stm32f4xx_hal_adc.c 0x00000000   Number         0  stm32f4xx_hal_adc.o ABSOLUTE
    ..\Drivers\STM32F4xx_HAL_Driver\Src\stm32f4xx_hal_adc_ex.c 0x00000000   Number         0  stm32f4xx_hal_adc_ex.o ABSOLUTE
    ..\Drivers\STM32F4xx_HAL_Driver\Src\stm32f4xx_hal_can.c 0x00000000   Number         0  stm32f4xx_hal_can.o ABSOLUTE
    ..\Drivers\STM32F4xx_HAL_Driver\Src\stm32f4xx_hal_cortex.c 0x00000000   Number         0  stm32f4xx_hal_cortex.o ABSOLUTE
    ..\Drivers\STM32F4xx_HAL_Driver\Src\stm32f4xx_hal_dma.c 0x00000000   Number         0  stm32f4xx_hal_dma.o ABSOLUTE
    ..\Drivers\STM32F4xx_HAL_Driver\Src\stm32f4xx_hal_dma_ex.c 0x00000000   Number         0  stm32f4xx_hal_dma_ex.o ABSOLUTE
    ..\Drivers\STM32F4xx_HAL_Driver\Src\stm32f4xx_hal_exti.c 0x00000000   Number         0  stm32f4xx_hal_exti.o ABSOLUTE
    ..\Drivers\STM32F4xx_HAL_Driver\Src\stm32f4xx_hal_flash.c 0x00000000   Number         0  stm32f4xx_hal_flash.o ABSOLUTE
    ..\Drivers\STM32F4xx_HAL_Driver\Src\stm32f4xx_hal_flash_ex.c 0x00000000   Number         0  stm32f4xx_hal_flash_ex.o ABSOLUTE
    ..\Drivers\STM32F4xx_HAL_Driver\Src\stm32f4xx_hal_flash_ramfunc.c 0x00000000   Number         0  stm32f4xx_hal_flash_ramfunc.o ABSOLUTE
    ..\Drivers\STM32F4xx_HAL_Driver\Src\stm32f4xx_hal_gpio.c 0x00000000   Number         0  stm32f4xx_hal_gpio.o ABSOLUTE
    ..\Drivers\STM32F4xx_HAL_Driver\Src\stm32f4xx_hal_iwdg.c 0x00000000   Number         0  stm32f4xx_hal_iwdg.o ABSOLUTE
    ..\Drivers\STM32F4xx_HAL_Driver\Src\stm32f4xx_hal_pwr.c 0x00000000   Number         0  stm32f4xx_hal_pwr.o ABSOLUTE
    ..\Drivers\STM32F4xx_HAL_Driver\Src\stm32f4xx_hal_pwr_ex.c 0x00000000   Number         0  stm32f4xx_hal_pwr_ex.o ABSOLUTE
    ..\Drivers\STM32F4xx_HAL_Driver\Src\stm32f4xx_hal_rcc.c 0x00000000   Number         0  stm32f4xx_hal_rcc.o ABSOLUTE
    ..\Drivers\STM32F4xx_HAL_Driver\Src\stm32f4xx_hal_rcc_ex.c 0x00000000   Number         0  stm32f4xx_hal_rcc_ex.o ABSOLUTE
    ..\Drivers\STM32F4xx_HAL_Driver\Src\stm32f4xx_hal_spi.c 0x00000000   Number         0  stm32f4xx_hal_spi.o ABSOLUTE
    ..\Drivers\STM32F4xx_HAL_Driver\Src\stm32f4xx_hal_tim.c 0x00000000   Number         0  stm32f4xx_hal_tim.o ABSOLUTE
    ..\Drivers\STM32F4xx_HAL_Driver\Src\stm32f4xx_hal_tim_ex.c 0x00000000   Number         0  stm32f4xx_hal_tim_ex.o ABSOLUTE
    ..\Drivers\STM32F4xx_HAL_Driver\Src\stm32f4xx_hal_uart.c 0x00000000   Number         0  stm32f4xx_hal_uart.o ABSOLUTE
    ..\User_Bsp\bsp_CRC16.c                  0x00000000   Number         0  bsp_crc16.o ABSOLUTE
    ..\User_Bsp\bsp_dwt.c                    0x00000000   Number         0  bsp_dwt.o ABSOLUTE
    ..\User_Bsp\bsp_eeprom.c                 0x00000000   Number         0  bsp_eeprom.o ABSOLUTE
    ..\User_Bsp\bsp_gpio.c                   0x00000000   Number         0  bsp_gpio.o ABSOLUTE
    ..\User_Bsp\bsp_tcp.c                    0x00000000   Number         0  bsp_tcp.o ABSOLUTE
    ..\\User_Bsp\\bsp_CRC16.c                0x00000000   Number         0  bsp_crc16.o ABSOLUTE
    ..\\User_Bsp\\bsp_dwt.c                  0x00000000   Number         0  bsp_dwt.o ABSOLUTE
    ..\\User_Bsp\\bsp_eeprom.c               0x00000000   Number         0  bsp_eeprom.o ABSOLUTE
    ..\\User_Bsp\\bsp_gpio.c                 0x00000000   Number         0  bsp_gpio.o ABSOLUTE
    ..\\User_Bsp\\bsp_tcp.c                  0x00000000   Number         0  bsp_tcp.o ABSOLUTE
    ..\\w5500_sdk\\w5500.c                   0x00000000   Number         0  w5500.o ABSOLUTE
    ..\\w5500_sdk\\wizchip_conf.c            0x00000000   Number         0  wizchip_conf.o ABSOLUTE
    ..\w5500_sdk\w5500.c                     0x00000000   Number         0  w5500.o ABSOLUTE
    ..\w5500_sdk\w5500socket.c               0x00000000   Number         0  w5500socket.o ABSOLUTE
    ..\w5500_sdk\wizchip_conf.c              0x00000000   Number         0  wizchip_conf.o ABSOLUTE
    dc.s                                     0x00000000   Number         0  dc.o ABSOLUTE
    handlers.s                               0x00000000   Number         0  handlers.o ABSOLUTE
    init.s                                   0x00000000   Number         0  init.o ABSOLUTE
    startup_stm32f429xx.s                    0x00000000   Number         0  startup_stm32f429xx.o ABSOLUTE
    RESET                                    0x08000000   Section      428  startup_stm32f429xx.o(RESET)
    .ARM.Collect$$$$00000000                 0x080001ac   Section        0  entry.o(.ARM.Collect$$$$00000000)
    .ARM.Collect$$$$00000001                 0x080001ac   Section        4  entry2.o(.ARM.Collect$$$$00000001)
    .ARM.Collect$$$$00000004                 0x080001b0   Section        4  entry5.o(.ARM.Collect$$$$00000004)
    .ARM.Collect$$$$00000008                 0x080001b4   Section        0  entry7b.o(.ARM.Collect$$$$00000008)
    .ARM.Collect$$$$0000000A                 0x080001b4   Section        0  entry8b.o(.ARM.Collect$$$$0000000A)
    .ARM.Collect$$$$0000000B                 0x080001b4   Section        8  entry9a.o(.ARM.Collect$$$$0000000B)
    .ARM.Collect$$$$0000000D                 0x080001bc   Section        0  entry10a.o(.ARM.Collect$$$$0000000D)
    .ARM.Collect$$$$0000000F                 0x080001bc   Section        0  entry11a.o(.ARM.Collect$$$$0000000F)
    .ARM.Collect$$$$00002712                 0x080001bc   Section        4  entry2.o(.ARM.Collect$$$$00002712)
    __lit__00000000                          0x080001bc   Data           4  entry2.o(.ARM.Collect$$$$00002712)
    .text                                    0x080001c0   Section       36  startup_stm32f429xx.o(.text)
    $v0                                      0x080001c0   Number         0  startup_stm32f429xx.o(.text)
    .text                                    0x080001e4   Section        0  uldiv.o(.text)
    .text                                    0x08000246   Section        0  memcpya.o(.text)
    .text                                    0x0800026a   Section        0  memseta.o(.text)
    .text                                    0x0800028e   Section        0  memcmp.o(.text)
    .text                                    0x080002a8   Section        0  llshl.o(.text)
    .text                                    0x080002c6   Section        0  llushr.o(.text)
    .text                                    0x080002e8   Section       36  init.o(.text)
    i.ADC_Init                               0x0800030c   Section        0  stm32f4xx_hal_adc.o(i.ADC_Init)
    ADC_Init                                 0x0800030d   Thumb Code   344  stm32f4xx_hal_adc.o(i.ADC_Init)
    i.BarCode_Mac_CheckSet                   0x0800046c   Section        0  main.o(i.BarCode_Mac_CheckSet)
    i.Boot_JMP_APP                           0x080005e0   Section        0  main.o(i.Boot_JMP_APP)
    i.BusFault_Handler                       0x0800062c   Section        0  stm32f4xx_it.o(i.BusFault_Handler)
    i.CRC16N                                 0x08000630   Section        0  bsp_crc16.o(i.CRC16N)
    i.CRC16_2                                0x08000656   Section        0  bsp_crc16.o(i.CRC16_2)
    i.DebugMon_Handler                       0x0800067e   Section        0  stm32f4xx_it.o(i.DebugMon_Handler)
    i.EXTI0_IRQHandler                       0x08000680   Section        0  stm32f4xx_it.o(i.EXTI0_IRQHandler)
    i.EXTI1_IRQHandler                       0x0800068a   Section        0  stm32f4xx_it.o(i.EXTI1_IRQHandler)
    i.Error_Handler                          0x08000694   Section        0  main.o(i.Error_Handler)
    i.FLASH_Erase_Sector                     0x0800069c   Section        0  stm32f4xx_hal_flash_ex.o(i.FLASH_Erase_Sector)
    i.FLASH_FlushCaches                      0x080006fc   Section        0  stm32f4xx_hal_flash_ex.o(i.FLASH_FlushCaches)
    i.FLASH_MassErase                        0x08000774   Section        0  stm32f4xx_hal_flash_ex.o(i.FLASH_MassErase)
    FLASH_MassErase                          0x08000775   Thumb Code    80  stm32f4xx_hal_flash_ex.o(i.FLASH_MassErase)
    i.FLASH_Program_Byte                     0x080007c8   Section        0  stm32f4xx_hal_flash.o(i.FLASH_Program_Byte)
    FLASH_Program_Byte                       0x080007c9   Thumb Code    32  stm32f4xx_hal_flash.o(i.FLASH_Program_Byte)
    i.FLASH_Program_DoubleWord               0x080007ec   Section        0  stm32f4xx_hal_flash.o(i.FLASH_Program_DoubleWord)
    FLASH_Program_DoubleWord                 0x080007ed   Thumb Code    56  stm32f4xx_hal_flash.o(i.FLASH_Program_DoubleWord)
    i.FLASH_Program_HalfWord                 0x08000828   Section        0  stm32f4xx_hal_flash.o(i.FLASH_Program_HalfWord)
    FLASH_Program_HalfWord                   0x08000829   Thumb Code    36  stm32f4xx_hal_flash.o(i.FLASH_Program_HalfWord)
    i.FLASH_Program_Word                     0x08000850   Section        0  stm32f4xx_hal_flash.o(i.FLASH_Program_Word)
    FLASH_Program_Word                       0x08000851   Thumb Code    36  stm32f4xx_hal_flash.o(i.FLASH_Program_Word)
    i.FLASH_SetErrorCode                     0x08000878   Section        0  stm32f4xx_hal_flash.o(i.FLASH_SetErrorCode)
    FLASH_SetErrorCode                       0x08000879   Thumb Code   172  stm32f4xx_hal_flash.o(i.FLASH_SetErrorCode)
    i.FLASH_WaitForLastOperation             0x0800092c   Section        0  stm32f4xx_hal_flash.o(i.FLASH_WaitForLastOperation)
    i.Feed_WDG                               0x08000990   Section        0  bsp_gpio.o(i.Feed_WDG)
    i.Flash_In_Erase                         0x080009ac   Section        0  bsp_tcp.o(i.Flash_In_Erase)
    i.Flash_In_Write_DoubleWORD              0x08000a84   Section        0  bsp_tcp.o(i.Flash_In_Write_DoubleWORD)
    i.GetSector                              0x08000ae4   Section        0  bsp_tcp.o(i.GetSector)
    GetSector                                0x08000ae5   Thumb Code   374  bsp_tcp.o(i.GetSector)
    i.HAL_ADC_ConfigChannel                  0x08000cb4   Section        0  stm32f4xx_hal_adc.o(i.HAL_ADC_ConfigChannel)
    i.HAL_ADC_Init                           0x08000e58   Section        0  stm32f4xx_hal_adc.o(i.HAL_ADC_Init)
    i.HAL_ADC_MspInit                        0x08000ec0   Section        0  adc.o(i.HAL_ADC_MspInit)
    i.HAL_CAN_Init                           0x08000fac   Section        0  stm32f4xx_hal_can.o(i.HAL_CAN_Init)
    i.HAL_CAN_MspInit                        0x08001120   Section        0  can.o(i.HAL_CAN_MspInit)
    i.HAL_Delay                              0x08001264   Section        0  stm32f4xx_hal.o(i.HAL_Delay)
    i.HAL_FLASHEx_Erase                      0x0800128c   Section        0  stm32f4xx_hal_flash_ex.o(i.HAL_FLASHEx_Erase)
    i.HAL_FLASH_Lock                         0x08001340   Section        0  stm32f4xx_hal_flash.o(i.HAL_FLASH_Lock)
    i.HAL_FLASH_Program                      0x08001354   Section        0  stm32f4xx_hal_flash.o(i.HAL_FLASH_Program)
    i.HAL_FLASH_Unlock                       0x080013ec   Section        0  stm32f4xx_hal_flash.o(i.HAL_FLASH_Unlock)
    i.HAL_GPIO_EXTI_Callback                 0x08001420   Section        0  stm32f4xx_hal_gpio.o(i.HAL_GPIO_EXTI_Callback)
    i.HAL_GPIO_EXTI_IRQHandler               0x08001424   Section        0  stm32f4xx_hal_gpio.o(i.HAL_GPIO_EXTI_IRQHandler)
    i.HAL_GPIO_Init                          0x08001440   Section        0  stm32f4xx_hal_gpio.o(i.HAL_GPIO_Init)
    i.HAL_GPIO_ReadPin                       0x0800164c   Section        0  stm32f4xx_hal_gpio.o(i.HAL_GPIO_ReadPin)
    i.HAL_GPIO_TogglePin                     0x0800165c   Section        0  stm32f4xx_hal_gpio.o(i.HAL_GPIO_TogglePin)
    i.HAL_GPIO_WritePin                      0x08001670   Section        0  stm32f4xx_hal_gpio.o(i.HAL_GPIO_WritePin)
    i.HAL_GetTick                            0x0800167c   Section        0  stm32f4xx_hal.o(i.HAL_GetTick)
    i.HAL_IWDG_Init                          0x08001688   Section        0  stm32f4xx_hal_iwdg.o(i.HAL_IWDG_Init)
    i.HAL_IWDG_Refresh                       0x080016e6   Section        0  stm32f4xx_hal_iwdg.o(i.HAL_IWDG_Refresh)
    i.HAL_IncTick                            0x080016f4   Section        0  stm32f4xx_hal.o(i.HAL_IncTick)
    i.HAL_Init                               0x0800170c   Section        0  stm32f4xx_hal.o(i.HAL_Init)
    i.HAL_InitTick                           0x08001748   Section        0  stm32f4xx_hal_timebase_tim.o(i.HAL_InitTick)
    i.HAL_MspInit                            0x080017d4   Section        0  stm32f4xx_hal_msp.o(i.HAL_MspInit)
    i.HAL_NVIC_DisableIRQ                    0x0800181c   Section        0  stm32f4xx_hal_cortex.o(i.HAL_NVIC_DisableIRQ)
    i.HAL_NVIC_EnableIRQ                     0x08001860   Section        0  stm32f4xx_hal_cortex.o(i.HAL_NVIC_EnableIRQ)
    i.HAL_NVIC_SetPriority                   0x08001880   Section        0  stm32f4xx_hal_cortex.o(i.HAL_NVIC_SetPriority)
    i.HAL_NVIC_SetPriorityGrouping           0x080018fc   Section        0  stm32f4xx_hal_cortex.o(i.HAL_NVIC_SetPriorityGrouping)
    i.HAL_PWREx_EnableOverDrive              0x08001924   Section        0  stm32f4xx_hal_pwr_ex.o(i.HAL_PWREx_EnableOverDrive)
    i.HAL_RCC_ClockConfig                    0x080019b0   Section        0  stm32f4xx_hal_rcc.o(i.HAL_RCC_ClockConfig)
    i.HAL_RCC_GetClockConfig                 0x08001b34   Section        0  stm32f4xx_hal_rcc.o(i.HAL_RCC_GetClockConfig)
    i.HAL_RCC_GetHCLKFreq                    0x08001b78   Section        0  stm32f4xx_hal_rcc.o(i.HAL_RCC_GetHCLKFreq)
    i.HAL_RCC_GetPCLK1Freq                   0x08001b84   Section        0  stm32f4xx_hal_rcc.o(i.HAL_RCC_GetPCLK1Freq)
    i.HAL_RCC_GetPCLK2Freq                   0x08001ba4   Section        0  stm32f4xx_hal_rcc.o(i.HAL_RCC_GetPCLK2Freq)
    i.HAL_RCC_GetSysClockFreq                0x08001bc4   Section        0  stm32f4xx_hal_rcc.o(i.HAL_RCC_GetSysClockFreq)
    i.HAL_RCC_OscConfig                      0x08001c74   Section        0  stm32f4xx_hal_rcc.o(i.HAL_RCC_OscConfig)
    i.HAL_SPI_Init                           0x08002110   Section        0  stm32f4xx_hal_spi.o(i.HAL_SPI_Init)
    i.HAL_SPI_MspInit                        0x080021d8   Section        0  spi.o(i.HAL_SPI_MspInit)
    i.HAL_TIMEx_BreakCallback                0x080024a8   Section        0  stm32f4xx_hal_tim_ex.o(i.HAL_TIMEx_BreakCallback)
    i.HAL_TIMEx_CommutCallback               0x080024aa   Section        0  stm32f4xx_hal_tim_ex.o(i.HAL_TIMEx_CommutCallback)
    i.HAL_TIMEx_MasterConfigSynchronization  0x080024ac   Section        0  stm32f4xx_hal_tim_ex.o(i.HAL_TIMEx_MasterConfigSynchronization)
    i.HAL_TIM_Base_Init                      0x08002560   Section        0  stm32f4xx_hal_tim.o(i.HAL_TIM_Base_Init)
    i.HAL_TIM_Base_MspInit                   0x080025c8   Section        0  tim.o(i.HAL_TIM_Base_MspInit)
    i.HAL_TIM_Base_Start_IT                  0x08002610   Section        0  stm32f4xx_hal_tim.o(i.HAL_TIM_Base_Start_IT)
    i.HAL_TIM_ConfigClockSource              0x080026b8   Section        0  stm32f4xx_hal_tim.o(i.HAL_TIM_ConfigClockSource)
    i.HAL_TIM_IC_CaptureCallback             0x080027c4   Section        0  stm32f4xx_hal_tim.o(i.HAL_TIM_IC_CaptureCallback)
    i.HAL_TIM_IRQHandler                     0x080027c6   Section        0  stm32f4xx_hal_tim.o(i.HAL_TIM_IRQHandler)
    i.HAL_TIM_OC_DelayElapsedCallback        0x0800295c   Section        0  stm32f4xx_hal_tim.o(i.HAL_TIM_OC_DelayElapsedCallback)
    i.HAL_TIM_PWM_PulseFinishedCallback      0x0800295e   Section        0  stm32f4xx_hal_tim.o(i.HAL_TIM_PWM_PulseFinishedCallback)
    i.HAL_TIM_PeriodElapsedCallback          0x08002960   Section        0  main.o(i.HAL_TIM_PeriodElapsedCallback)
    i.HAL_TIM_TriggerCallback                0x08002978   Section        0  stm32f4xx_hal_tim.o(i.HAL_TIM_TriggerCallback)
    i.HAL_UART_Init                          0x0800297a   Section        0  stm32f4xx_hal_uart.o(i.HAL_UART_Init)
    i.HAL_UART_MspInit                       0x080029ec   Section        0  usart.o(i.HAL_UART_MspInit)
    i.HardFault_Handler                      0x08002a74   Section        0  stm32f4xx_it.o(i.HardFault_Handler)
    i.IP_Scanning                            0x08002a78   Section        0  bsp_gpio.o(i.IP_Scanning)
    i.Loop_En_Init                           0x08002bb0   Section        0  main.o(i.Loop_En_Init)
    i.MX_ADC3_Init                           0x08002c88   Section        0  adc.o(i.MX_ADC3_Init)
    i.MX_CAN1_Init                           0x08002cf8   Section        0  can.o(i.MX_CAN1_Init)
    i.MX_CAN2_Init                           0x08002d3c   Section        0  can.o(i.MX_CAN2_Init)
    i.MX_GPIO_Init                           0x08002d80   Section        0  gpio.o(i.MX_GPIO_Init)
    i.MX_IWDG_Init                           0x08003340   Section        0  iwdg.o(i.MX_IWDG_Init)
    i.MX_SPI1_Init                           0x08003368   Section        0  spi.o(i.MX_SPI1_Init)
    i.MX_SPI2_Init                           0x080033ac   Section        0  spi.o(i.MX_SPI2_Init)
    i.MX_SPI3_Init                           0x080033f0   Section        0  spi.o(i.MX_SPI3_Init)
    i.MX_SPI4_Init                           0x08003434   Section        0  spi.o(i.MX_SPI4_Init)
    i.MX_SPI5_Init                           0x0800347c   Section        0  spi.o(i.MX_SPI5_Init)
    i.MX_SPI6_Init                           0x080034c4   Section        0  spi.o(i.MX_SPI6_Init)
    i.MX_TIM4_Init                           0x0800350c   Section        0  tim.o(i.MX_TIM4_Init)
    i.MX_USART3_UART_Init                    0x0800357c   Section        0  usart.o(i.MX_USART3_UART_Init)
    i.MemManage_Handler                      0x080035b4   Section        0  stm32f4xx_it.o(i.MemManage_Handler)
    i.NMI_Handler                            0x080035b8   Section        0  stm32f4xx_it.o(i.NMI_Handler)
    i.PendSV_Handler                         0x080035bc   Section        0  stm32f4xx_it.o(i.PendSV_Handler)
    i.SVC_Handler                            0x080035be   Section        0  stm32f4xx_it.o(i.SVC_Handler)
    i.Socket_Receive                         0x080035c0   Section        0  bsp_tcp.o(i.Socket_Receive)
    i.SysTick_Handler                        0x08003610   Section        0  stm32f4xx_it.o(i.SysTick_Handler)
    i.SystemClock_Config                     0x08003614   Section        0  main.o(i.SystemClock_Config)
    i.SystemInit                             0x080036d8   Section        0  system_stm32f4xx.o(i.SystemInit)
    i.TCP_RX_Data_Analysis                   0x080036ec   Section        0  bsp_tcp.o(i.TCP_RX_Data_Analysis)
    i.TIM4_IRQHandler                        0x08003ab4   Section        0  stm32f4xx_it.o(i.TIM4_IRQHandler)
    i.TIM7_IRQHandler                        0x08003ac8   Section        0  stm32f4xx_it.o(i.TIM7_IRQHandler)
    i.TIM_Base_SetConfig                     0x08003ad8   Section        0  stm32f4xx_hal_tim.o(i.TIM_Base_SetConfig)
    i.TIM_ETR_SetConfig                      0x08003bb0   Section        0  stm32f4xx_hal_tim.o(i.TIM_ETR_SetConfig)
    i.TIM_ITRx_SetConfig                     0x08003bc6   Section        0  stm32f4xx_hal_tim.o(i.TIM_ITRx_SetConfig)
    TIM_ITRx_SetConfig                       0x08003bc7   Thumb Code    18  stm32f4xx_hal_tim.o(i.TIM_ITRx_SetConfig)
    i.TIM_TI1_ConfigInputStage               0x08003bd8   Section        0  stm32f4xx_hal_tim.o(i.TIM_TI1_ConfigInputStage)
    TIM_TI1_ConfigInputStage                 0x08003bd9   Thumb Code    38  stm32f4xx_hal_tim.o(i.TIM_TI1_ConfigInputStage)
    i.TIM_TI2_ConfigInputStage               0x08003bfe   Section        0  stm32f4xx_hal_tim.o(i.TIM_TI2_ConfigInputStage)
    TIM_TI2_ConfigInputStage                 0x08003bff   Thumb Code    40  stm32f4xx_hal_tim.o(i.TIM_TI2_ConfigInputStage)
    i.UART_SetConfig                         0x08003c28   Section        0  stm32f4xx_hal_uart.o(i.UART_SetConfig)
    UART_SetConfig                           0x08003c29   Thumb Code   546  stm32f4xx_hal_uart.o(i.UART_SetConfig)
    i.UsageFault_Handler                     0x08003e54   Section        0  stm32f4xx_it.o(i.UsageFault_Handler)
    i.W5500_TCP_Server                       0x08003e58   Section        0  bsp_tcp.o(i.W5500_TCP_Server)
    i.W5500_close                            0x08003ee8   Section        0  w5500socket.o(i.W5500_close)
    i.W5500_disconnect                       0x08003f88   Section        0  w5500socket.o(i.W5500_disconnect)
    i.W5500_init                             0x08004044   Section        0  main.o(i.W5500_init)
    i.W5500_listen                           0x080040e4   Section        0  w5500socket.o(i.W5500_listen)
    i.W5500_recv                             0x08004184   Section        0  w5500socket.o(i.W5500_recv)
    i.W5500_send                             0x080042a4   Section        0  w5500socket.o(i.W5500_send)
    i.W5500_socket                           0x08004424   Section        0  w5500socket.o(i.W5500_socket)
    i.WIZCHIP_READ                           0x080045b8   Section        0  w5500.o(i.WIZCHIP_READ)
    i.WIZCHIP_READ_BUF                       0x0800462c   Section        0  w5500.o(i.WIZCHIP_READ_BUF)
    i.WIZCHIP_WRITE                          0x080046b8   Section        0  w5500.o(i.WIZCHIP_WRITE)
    i.WIZCHIP_WRITE_BUF                      0x0800472c   Section        0  w5500.o(i.WIZCHIP_WRITE_BUF)
    i.__NVIC_GetPriorityGrouping             0x080047b4   Section        0  stm32f4xx_hal_cortex.o(i.__NVIC_GetPriorityGrouping)
    __NVIC_GetPriorityGrouping               0x080047b5   Thumb Code    10  stm32f4xx_hal_cortex.o(i.__NVIC_GetPriorityGrouping)
    i.__NVIC_SetPriority                     0x080047c4   Section        0  stm32f4xx_hal_cortex.o(i.__NVIC_SetPriority)
    __NVIC_SetPriority                       0x080047c5   Thumb Code    32  stm32f4xx_hal_cortex.o(i.__NVIC_SetPriority)
    i.__scatterload_copy                     0x080047ec   Section       14  handlers.o(i.__scatterload_copy)
    i.__scatterload_null                     0x080047fa   Section        2  handlers.o(i.__scatterload_null)
    i.__scatterload_zeroinit                 0x080047fc   Section       14  handlers.o(i.__scatterload_zeroinit)
    i.__set_PRIMASK                          0x0800480a   Section        0  bsp_tcp.o(i.__set_PRIMASK)
    __set_PRIMASK                            0x0800480b   Thumb Code     6  bsp_tcp.o(i.__set_PRIMASK)
    i.bsp_DelayMS                            0x08004810   Section        0  bsp_dwt.o(i.bsp_DelayMS)
    i.bsp_DelayUS                            0x08004824   Section        0  bsp_dwt.o(i.bsp_DelayUS)
    i.bsp_InitDWT                            0x08004854   Section        0  bsp_dwt.o(i.bsp_InitDWT)
    i.bsp_InitI2C                            0x0800487c   Section        0  bsp_eeprom.o(i.bsp_InitI2C)
    i.ctlnetwork                             0x080048d8   Section        0  wizchip_conf.o(i.ctlnetwork)
    i.ee_ReadBytes                           0x08004928   Section        0  bsp_eeprom.o(i.ee_ReadBytes)
    i.ee_WriteBytes                          0x080049a6   Section        0  bsp_eeprom.o(i.ee_WriteBytes)
    i.getSn_RX_RSR                           0x08004a62   Section        0  w5500.o(i.getSn_RX_RSR)
    i.getSn_TX_FSR                           0x08004ace   Section        0  w5500.o(i.getSn_TX_FSR)
    i.i2c_Ack                                0x08004b3c   Section        0  bsp_eeprom.o(i.i2c_Ack)
    i.i2c_Delay                              0x08004b74   Section        0  bsp_eeprom.o(i.i2c_Delay)
    i2c_Delay                                0x08004b75   Thumb Code    10  bsp_eeprom.o(i.i2c_Delay)
    i.i2c_NAck                               0x08004b80   Section        0  bsp_eeprom.o(i.i2c_NAck)
    i.i2c_ReadByte                           0x08004bac   Section        0  bsp_eeprom.o(i.i2c_ReadByte)
    i.i2c_SendByte                           0x08004bf0   Section        0  bsp_eeprom.o(i.i2c_SendByte)
    i.i2c_Start                              0x08004c44   Section        0  bsp_eeprom.o(i.i2c_Start)
    i.i2c_Stop                               0x08004c74   Section        0  bsp_eeprom.o(i.i2c_Stop)
    i.i2c_WaitAck                            0x08004ca0   Section        0  bsp_eeprom.o(i.i2c_WaitAck)
    i.main                                   0x08004ce0   Section        0  main.o(i.main)
    i.reg_wizchip_cris_cbfunc                0x08004e94   Section        0  wizchip_conf.o(i.reg_wizchip_cris_cbfunc)
    i.reg_wizchip_cs_cbfunc                  0x08004ebc   Section        0  wizchip_conf.o(i.reg_wizchip_cs_cbfunc)
    i.reg_wizchip_spi_cbfunc                 0x08004ee4   Section        0  wizchip_conf.o(i.reg_wizchip_spi_cbfunc)
    i.wiz_recv_data                          0x08004f18   Section        0  w5500.o(i.wiz_recv_data)
    i.wiz_send_data                          0x08004f9c   Section        0  w5500.o(i.wiz_send_data)
    i.wizchip_bus_readdata                   0x08005020   Section        0  wizchip_conf.o(i.wizchip_bus_readdata)
    i.wizchip_bus_writedata                  0x08005026   Section        0  wizchip_conf.o(i.wizchip_bus_writedata)
    i.wizchip_cris_enter                     0x0800502a   Section        0  wizchip_conf.o(i.wizchip_cris_enter)
    i.wizchip_cris_exit                      0x0800502c   Section        0  wizchip_conf.o(i.wizchip_cris_exit)
    i.wizchip_cs_deselect                    0x08005030   Section        0  wizchip_conf.o(i.wizchip_cs_deselect)
    i.wizchip_cs_select                      0x08005044   Section        0  wizchip_conf.o(i.wizchip_cs_select)
    i.wizchip_getnetinfo                     0x08005058   Section        0  wizchip_conf.o(i.wizchip_getnetinfo)
    i.wizchip_getnetmode                     0x080050b4   Section        0  wizchip_conf.o(i.wizchip_getnetmode)
    i.wizchip_gettimeout                     0x080050be   Section        0  wizchip_conf.o(i.wizchip_gettimeout)
    i.wizchip_init                           0x080050e6   Section        0  wizchip_conf.o(i.wizchip_init)
    i.wizchip_setnetinfo                     0x08005178   Section        0  wizchip_conf.o(i.wizchip_setnetinfo)
    i.wizchip_setnetmode                     0x080051d0   Section        0  wizchip_conf.o(i.wizchip_setnetmode)
    i.wizchip_settimeout                     0x080051f6   Section        0  wizchip_conf.o(i.wizchip_settimeout)
    i.wizchip_spi_readbyte                   0x0800521c   Section        0  wizchip_conf.o(i.wizchip_spi_readbyte)
    i.wizchip_spi_writebyte                  0x0800524c   Section        0  wizchip_conf.o(i.wizchip_spi_writebyte)
    i.wizchip_sw_reset                       0x08005278   Section        0  wizchip_conf.o(i.wizchip_sw_reset)
    .constdata                               0x080052ea   Section       24  system_stm32f4xx.o(.constdata)
    .data                                    0x20000000   Section       52  main.o(.data)
    .data                                    0x20000034   Section        4  can.o(.data)
    HAL_RCC_CAN1_CLK_ENABLED                 0x20000034   Data           4  can.o(.data)
    .data                                    0x20000038   Section        9  stm32f4xx_hal.o(.data)
    .data                                    0x20000044   Section        4  system_stm32f4xx.o(.data)
    .data                                    0x20000048   Section       28  bsp_tcp.o(.data)
    .data                                    0x20000064   Section        4  bsp_gpio.o(.data)
    .data                                    0x20000068   Section       14  w5500socket.o(.data)
    sock_any_port                            0x20000068   Data           2  w5500socket.o(.data)
    sock_io_mode                             0x2000006a   Data           2  w5500socket.o(.data)
    sock_is_sending                          0x2000006c   Data           2  w5500socket.o(.data)
    .data                                    0x20000078   Section       49  wizchip_conf.o(.data)
    _DNS_                                    0x200000a4   Data           4  wizchip_conf.o(.data)
    _DHCP_                                   0x200000a8   Data           1  wizchip_conf.o(.data)
    .bss                                     0x200000ac   Section       72  adc.o(.bss)
    .bss                                     0x200000f4   Section       80  can.o(.bss)
    .bss                                     0x20000144   Section       12  iwdg.o(.bss)
    .bss                                     0x20000150   Section      528  spi.o(.bss)
    .bss                                     0x20000360   Section       72  tim.o(.bss)
    .bss                                     0x200003a8   Section       68  usart.o(.bss)
    .bss                                     0x200003ec   Section       72  stm32f4xx_hal_timebase_tim.o(.bss)
    .bss                                     0x20000434   Section       32  stm32f4xx_hal_flash.o(.bss)
    .bss                                     0x20000454   Section     8212  bsp_tcp.o(.bss)
    EraseInitStruct                          0x20001c54   Data          20  bsp_tcp.o(.bss)
    Data_Buf                                 0x20001c68   Data        2048  bsp_tcp.o(.bss)
    .bss                                     0x20002468   Section       16  w5500socket.o(.bss)
    sock_remained_size                       0x20002468   Data          16  w5500socket.o(.bss)
    STACK                                    0x20002478   Section     1024  startup_stm32f429xx.o(STACK)

    Global Symbols

    Symbol Name                              Value     Ov Type        Size  Object(Section)

    BuildAttributes$$THM_ISAv4$E$P$D$K$B$S$7EM$VFPi3$EXTD16$VFPS$VFMA$PE$A:L22UL41UL21$X:L11$S22US41US21$IEEE1$IW$USESV6$~STKCKD$USESV7$~SHL$OSPACE$EBA8$MICROLIB$REQ8$PRES8$EABIv2 0x00000000   Number         0  anon$$obj.o ABSOLUTE
    __ARM_use_no_argv                        0x00000000   Number         0  main.o ABSOLUTE
    __cpp_initialize__aeabi_                  - Undefined Weak Reference
    __cxa_finalize                            - Undefined Weak Reference
    __decompress                              - Undefined Weak Reference
    _clock_init                               - Undefined Weak Reference
    _microlib_exit                            - Undefined Weak Reference
    __Vectors_Size                           0x000001ac   Number         0  startup_stm32f429xx.o ABSOLUTE
    __Vectors                                0x08000000   Data           4  startup_stm32f429xx.o(RESET)
    __Vectors_End                            0x080001ac   Data           0  startup_stm32f429xx.o(RESET)
    __main                                   0x080001ad   Thumb Code     0  entry.o(.ARM.Collect$$$$00000000)
    _main_stk                                0x080001ad   Thumb Code     0  entry2.o(.ARM.Collect$$$$00000001)
    _main_scatterload                        0x080001b1   Thumb Code     0  entry5.o(.ARM.Collect$$$$00000004)
    __main_after_scatterload                 0x080001b5   Thumb Code     0  entry5.o(.ARM.Collect$$$$00000004)
    _main_clock                              0x080001b5   Thumb Code     0  entry7b.o(.ARM.Collect$$$$00000008)
    _main_cpp_init                           0x080001b5   Thumb Code     0  entry8b.o(.ARM.Collect$$$$0000000A)
    _main_init                               0x080001b5   Thumb Code     0  entry9a.o(.ARM.Collect$$$$0000000B)
    __rt_final_cpp                           0x080001bd   Thumb Code     0  entry10a.o(.ARM.Collect$$$$0000000D)
    __rt_final_exit                          0x080001bd   Thumb Code     0  entry11a.o(.ARM.Collect$$$$0000000F)
    Reset_Handler                            0x080001c1   Thumb Code     8  startup_stm32f429xx.o(.text)
    ADC_IRQHandler                           0x080001db   Thumb Code     0  startup_stm32f429xx.o(.text)
    CAN1_RX0_IRQHandler                      0x080001db   Thumb Code     0  startup_stm32f429xx.o(.text)
    CAN1_RX1_IRQHandler                      0x080001db   Thumb Code     0  startup_stm32f429xx.o(.text)
    CAN1_SCE_IRQHandler                      0x080001db   Thumb Code     0  startup_stm32f429xx.o(.text)
    CAN1_TX_IRQHandler                       0x080001db   Thumb Code     0  startup_stm32f429xx.o(.text)
    CAN2_RX0_IRQHandler                      0x080001db   Thumb Code     0  startup_stm32f429xx.o(.text)
    CAN2_RX1_IRQHandler                      0x080001db   Thumb Code     0  startup_stm32f429xx.o(.text)
    CAN2_SCE_IRQHandler                      0x080001db   Thumb Code     0  startup_stm32f429xx.o(.text)
    CAN2_TX_IRQHandler                       0x080001db   Thumb Code     0  startup_stm32f429xx.o(.text)
    DCMI_IRQHandler                          0x080001db   Thumb Code     0  startup_stm32f429xx.o(.text)
    DMA1_Stream0_IRQHandler                  0x080001db   Thumb Code     0  startup_stm32f429xx.o(.text)
    DMA1_Stream1_IRQHandler                  0x080001db   Thumb Code     0  startup_stm32f429xx.o(.text)
    DMA1_Stream2_IRQHandler                  0x080001db   Thumb Code     0  startup_stm32f429xx.o(.text)
    DMA1_Stream3_IRQHandler                  0x080001db   Thumb Code     0  startup_stm32f429xx.o(.text)
    DMA1_Stream4_IRQHandler                  0x080001db   Thumb Code     0  startup_stm32f429xx.o(.text)
    DMA1_Stream5_IRQHandler                  0x080001db   Thumb Code     0  startup_stm32f429xx.o(.text)
    DMA1_Stream6_IRQHandler                  0x080001db   Thumb Code     0  startup_stm32f429xx.o(.text)
    DMA1_Stream7_IRQHandler                  0x080001db   Thumb Code     0  startup_stm32f429xx.o(.text)
    DMA2D_IRQHandler                         0x080001db   Thumb Code     0  startup_stm32f429xx.o(.text)
    DMA2_Stream0_IRQHandler                  0x080001db   Thumb Code     0  startup_stm32f429xx.o(.text)
    DMA2_Stream1_IRQHandler                  0x080001db   Thumb Code     0  startup_stm32f429xx.o(.text)
    DMA2_Stream2_IRQHandler                  0x080001db   Thumb Code     0  startup_stm32f429xx.o(.text)
    DMA2_Stream3_IRQHandler                  0x080001db   Thumb Code     0  startup_stm32f429xx.o(.text)
    DMA2_Stream4_IRQHandler                  0x080001db   Thumb Code     0  startup_stm32f429xx.o(.text)
    DMA2_Stream5_IRQHandler                  0x080001db   Thumb Code     0  startup_stm32f429xx.o(.text)
    DMA2_Stream6_IRQHandler                  0x080001db   Thumb Code     0  startup_stm32f429xx.o(.text)
    DMA2_Stream7_IRQHandler                  0x080001db   Thumb Code     0  startup_stm32f429xx.o(.text)
    ETH_IRQHandler                           0x080001db   Thumb Code     0  startup_stm32f429xx.o(.text)
    ETH_WKUP_IRQHandler                      0x080001db   Thumb Code     0  startup_stm32f429xx.o(.text)
    EXTI15_10_IRQHandler                     0x080001db   Thumb Code     0  startup_stm32f429xx.o(.text)
    EXTI2_IRQHandler                         0x080001db   Thumb Code     0  startup_stm32f429xx.o(.text)
    EXTI3_IRQHandler                         0x080001db   Thumb Code     0  startup_stm32f429xx.o(.text)
    EXTI4_IRQHandler                         0x080001db   Thumb Code     0  startup_stm32f429xx.o(.text)
    EXTI9_5_IRQHandler                       0x080001db   Thumb Code     0  startup_stm32f429xx.o(.text)
    FLASH_IRQHandler                         0x080001db   Thumb Code     0  startup_stm32f429xx.o(.text)
    FMC_IRQHandler                           0x080001db   Thumb Code     0  startup_stm32f429xx.o(.text)
    FPU_IRQHandler                           0x080001db   Thumb Code     0  startup_stm32f429xx.o(.text)
    HASH_RNG_IRQHandler                      0x080001db   Thumb Code     0  startup_stm32f429xx.o(.text)
    I2C1_ER_IRQHandler                       0x080001db   Thumb Code     0  startup_stm32f429xx.o(.text)
    I2C1_EV_IRQHandler                       0x080001db   Thumb Code     0  startup_stm32f429xx.o(.text)
    I2C2_ER_IRQHandler                       0x080001db   Thumb Code     0  startup_stm32f429xx.o(.text)
    I2C2_EV_IRQHandler                       0x080001db   Thumb Code     0  startup_stm32f429xx.o(.text)
    I2C3_ER_IRQHandler                       0x080001db   Thumb Code     0  startup_stm32f429xx.o(.text)
    I2C3_EV_IRQHandler                       0x080001db   Thumb Code     0  startup_stm32f429xx.o(.text)
    LTDC_ER_IRQHandler                       0x080001db   Thumb Code     0  startup_stm32f429xx.o(.text)
    LTDC_IRQHandler                          0x080001db   Thumb Code     0  startup_stm32f429xx.o(.text)
    OTG_FS_IRQHandler                        0x080001db   Thumb Code     0  startup_stm32f429xx.o(.text)
    OTG_FS_WKUP_IRQHandler                   0x080001db   Thumb Code     0  startup_stm32f429xx.o(.text)
    OTG_HS_EP1_IN_IRQHandler                 0x080001db   Thumb Code     0  startup_stm32f429xx.o(.text)
    OTG_HS_EP1_OUT_IRQHandler                0x080001db   Thumb Code     0  startup_stm32f429xx.o(.text)
    OTG_HS_IRQHandler                        0x080001db   Thumb Code     0  startup_stm32f429xx.o(.text)
    OTG_HS_WKUP_IRQHandler                   0x080001db   Thumb Code     0  startup_stm32f429xx.o(.text)
    PVD_IRQHandler                           0x080001db   Thumb Code     0  startup_stm32f429xx.o(.text)
    RCC_IRQHandler                           0x080001db   Thumb Code     0  startup_stm32f429xx.o(.text)
    RTC_Alarm_IRQHandler                     0x080001db   Thumb Code     0  startup_stm32f429xx.o(.text)
    RTC_WKUP_IRQHandler                      0x080001db   Thumb Code     0  startup_stm32f429xx.o(.text)
    SAI1_IRQHandler                          0x080001db   Thumb Code     0  startup_stm32f429xx.o(.text)
    SDIO_IRQHandler                          0x080001db   Thumb Code     0  startup_stm32f429xx.o(.text)
    SPI1_IRQHandler                          0x080001db   Thumb Code     0  startup_stm32f429xx.o(.text)
    SPI2_IRQHandler                          0x080001db   Thumb Code     0  startup_stm32f429xx.o(.text)
    SPI3_IRQHandler                          0x080001db   Thumb Code     0  startup_stm32f429xx.o(.text)
    SPI4_IRQHandler                          0x080001db   Thumb Code     0  startup_stm32f429xx.o(.text)
    SPI5_IRQHandler                          0x080001db   Thumb Code     0  startup_stm32f429xx.o(.text)
    SPI6_IRQHandler                          0x080001db   Thumb Code     0  startup_stm32f429xx.o(.text)
    TAMP_STAMP_IRQHandler                    0x080001db   Thumb Code     0  startup_stm32f429xx.o(.text)
    TIM1_BRK_TIM9_IRQHandler                 0x080001db   Thumb Code     0  startup_stm32f429xx.o(.text)
    TIM1_CC_IRQHandler                       0x080001db   Thumb Code     0  startup_stm32f429xx.o(.text)
    TIM1_TRG_COM_TIM11_IRQHandler            0x080001db   Thumb Code     0  startup_stm32f429xx.o(.text)
    TIM1_UP_TIM10_IRQHandler                 0x080001db   Thumb Code     0  startup_stm32f429xx.o(.text)
    TIM2_IRQHandler                          0x080001db   Thumb Code     0  startup_stm32f429xx.o(.text)
    TIM3_IRQHandler                          0x080001db   Thumb Code     0  startup_stm32f429xx.o(.text)
    TIM5_IRQHandler                          0x080001db   Thumb Code     0  startup_stm32f429xx.o(.text)
    TIM6_DAC_IRQHandler                      0x080001db   Thumb Code     0  startup_stm32f429xx.o(.text)
    TIM8_BRK_TIM12_IRQHandler                0x080001db   Thumb Code     0  startup_stm32f429xx.o(.text)
    TIM8_CC_IRQHandler                       0x080001db   Thumb Code     0  startup_stm32f429xx.o(.text)
    TIM8_TRG_COM_TIM14_IRQHandler            0x080001db   Thumb Code     0  startup_stm32f429xx.o(.text)
    TIM8_UP_TIM13_IRQHandler                 0x080001db   Thumb Code     0  startup_stm32f429xx.o(.text)
    UART4_IRQHandler                         0x080001db   Thumb Code     0  startup_stm32f429xx.o(.text)
    UART5_IRQHandler                         0x080001db   Thumb Code     0  startup_stm32f429xx.o(.text)
    UART7_IRQHandler                         0x080001db   Thumb Code     0  startup_stm32f429xx.o(.text)
    UART8_IRQHandler                         0x080001db   Thumb Code     0  startup_stm32f429xx.o(.text)
    USART1_IRQHandler                        0x080001db   Thumb Code     0  startup_stm32f429xx.o(.text)
    USART2_IRQHandler                        0x080001db   Thumb Code     0  startup_stm32f429xx.o(.text)
    USART3_IRQHandler                        0x080001db   Thumb Code     0  startup_stm32f429xx.o(.text)
    USART6_IRQHandler                        0x080001db   Thumb Code     0  startup_stm32f429xx.o(.text)
    WWDG_IRQHandler                          0x080001db   Thumb Code     0  startup_stm32f429xx.o(.text)
    __aeabi_uldivmod                         0x080001e5   Thumb Code    98  uldiv.o(.text)
    __aeabi_memcpy                           0x08000247   Thumb Code    36  memcpya.o(.text)
    __aeabi_memcpy4                          0x08000247   Thumb Code     0  memcpya.o(.text)
    __aeabi_memcpy8                          0x08000247   Thumb Code     0  memcpya.o(.text)
    __aeabi_memset                           0x0800026b   Thumb Code    14  memseta.o(.text)
    __aeabi_memset4                          0x0800026b   Thumb Code     0  memseta.o(.text)
    __aeabi_memset8                          0x0800026b   Thumb Code     0  memseta.o(.text)
    __aeabi_memclr                           0x08000279   Thumb Code     4  memseta.o(.text)
    __aeabi_memclr4                          0x08000279   Thumb Code     0  memseta.o(.text)
    __aeabi_memclr8                          0x08000279   Thumb Code     0  memseta.o(.text)
    _memset$wrapper                          0x0800027d   Thumb Code    18  memseta.o(.text)
    memcmp                                   0x0800028f   Thumb Code    26  memcmp.o(.text)
    __aeabi_llsl                             0x080002a9   Thumb Code    30  llshl.o(.text)
    _ll_shift_l                              0x080002a9   Thumb Code     0  llshl.o(.text)
    __aeabi_llsr                             0x080002c7   Thumb Code    32  llushr.o(.text)
    _ll_ushift_r                             0x080002c7   Thumb Code     0  llushr.o(.text)
    __scatterload                            0x080002e9   Thumb Code    28  init.o(.text)
    __scatterload_rt2                        0x080002e9   Thumb Code     0  init.o(.text)
    BarCode_Mac_CheckSet                     0x0800046d   Thumb Code   366  main.o(i.BarCode_Mac_CheckSet)
    Boot_JMP_APP                             0x080005e1   Thumb Code    58  main.o(i.Boot_JMP_APP)
    BusFault_Handler                         0x0800062d   Thumb Code     4  stm32f4xx_it.o(i.BusFault_Handler)
    CRC16N                                   0x08000631   Thumb Code    38  bsp_crc16.o(i.CRC16N)
    CRC16_2                                  0x08000657   Thumb Code    40  bsp_crc16.o(i.CRC16_2)
    DebugMon_Handler                         0x0800067f   Thumb Code     2  stm32f4xx_it.o(i.DebugMon_Handler)
    EXTI0_IRQHandler                         0x08000681   Thumb Code    10  stm32f4xx_it.o(i.EXTI0_IRQHandler)
    EXTI1_IRQHandler                         0x0800068b   Thumb Code    10  stm32f4xx_it.o(i.EXTI1_IRQHandler)
    Error_Handler                            0x08000695   Thumb Code     6  main.o(i.Error_Handler)
    FLASH_Erase_Sector                       0x0800069d   Thumb Code    92  stm32f4xx_hal_flash_ex.o(i.FLASH_Erase_Sector)
    FLASH_FlushCaches                        0x080006fd   Thumb Code   114  stm32f4xx_hal_flash_ex.o(i.FLASH_FlushCaches)
    FLASH_WaitForLastOperation               0x0800092d   Thumb Code    90  stm32f4xx_hal_flash.o(i.FLASH_WaitForLastOperation)
    Feed_WDG                                 0x08000991   Thumb Code    18  bsp_gpio.o(i.Feed_WDG)
    Flash_In_Erase                           0x080009ad   Thumb Code   190  bsp_tcp.o(i.Flash_In_Erase)
    Flash_In_Write_DoubleWORD                0x08000a85   Thumb Code    94  bsp_tcp.o(i.Flash_In_Write_DoubleWORD)
    HAL_ADC_ConfigChannel                    0x08000cb5   Thumb Code   400  stm32f4xx_hal_adc.o(i.HAL_ADC_ConfigChannel)
    HAL_ADC_Init                             0x08000e59   Thumb Code   100  stm32f4xx_hal_adc.o(i.HAL_ADC_Init)
    HAL_ADC_MspInit                          0x08000ec1   Thumb Code   214  adc.o(i.HAL_ADC_MspInit)
    HAL_CAN_Init                             0x08000fad   Thumb Code   372  stm32f4xx_hal_can.o(i.HAL_CAN_Init)
    HAL_CAN_MspInit                          0x08001121   Thumb Code   300  can.o(i.HAL_CAN_MspInit)
    HAL_Delay                                0x08001265   Thumb Code    36  stm32f4xx_hal.o(i.HAL_Delay)
    HAL_FLASHEx_Erase                        0x0800128d   Thumb Code   170  stm32f4xx_hal_flash_ex.o(i.HAL_FLASHEx_Erase)
    HAL_FLASH_Lock                           0x08001341   Thumb Code    16  stm32f4xx_hal_flash.o(i.HAL_FLASH_Lock)
    HAL_FLASH_Program                        0x08001355   Thumb Code   142  stm32f4xx_hal_flash.o(i.HAL_FLASH_Program)
    HAL_FLASH_Unlock                         0x080013ed   Thumb Code    38  stm32f4xx_hal_flash.o(i.HAL_FLASH_Unlock)
    HAL_GPIO_EXTI_Callback                   0x08001421   Thumb Code     2  stm32f4xx_hal_gpio.o(i.HAL_GPIO_EXTI_Callback)
    HAL_GPIO_EXTI_IRQHandler                 0x08001425   Thumb Code    24  stm32f4xx_hal_gpio.o(i.HAL_GPIO_EXTI_IRQHandler)
    HAL_GPIO_Init                            0x08001441   Thumb Code   472  stm32f4xx_hal_gpio.o(i.HAL_GPIO_Init)
    HAL_GPIO_ReadPin                         0x0800164d   Thumb Code    16  stm32f4xx_hal_gpio.o(i.HAL_GPIO_ReadPin)
    HAL_GPIO_TogglePin                       0x0800165d   Thumb Code    20  stm32f4xx_hal_gpio.o(i.HAL_GPIO_TogglePin)
    HAL_GPIO_WritePin                        0x08001671   Thumb Code    12  stm32f4xx_hal_gpio.o(i.HAL_GPIO_WritePin)
    HAL_GetTick                              0x0800167d   Thumb Code     6  stm32f4xx_hal.o(i.HAL_GetTick)
    HAL_IWDG_Init                            0x08001689   Thumb Code    94  stm32f4xx_hal_iwdg.o(i.HAL_IWDG_Init)
    HAL_IWDG_Refresh                         0x080016e7   Thumb Code    14  stm32f4xx_hal_iwdg.o(i.HAL_IWDG_Refresh)
    HAL_IncTick                              0x080016f5   Thumb Code    16  stm32f4xx_hal.o(i.HAL_IncTick)
    HAL_Init                                 0x0800170d   Thumb Code    54  stm32f4xx_hal.o(i.HAL_Init)
    HAL_InitTick                             0x08001749   Thumb Code   122  stm32f4xx_hal_timebase_tim.o(i.HAL_InitTick)
    HAL_MspInit                              0x080017d5   Thumb Code    68  stm32f4xx_hal_msp.o(i.HAL_MspInit)
    HAL_NVIC_DisableIRQ                      0x0800181d   Thumb Code    62  stm32f4xx_hal_cortex.o(i.HAL_NVIC_DisableIRQ)
    HAL_NVIC_EnableIRQ                       0x08001861   Thumb Code    32  stm32f4xx_hal_cortex.o(i.HAL_NVIC_EnableIRQ)
    HAL_NVIC_SetPriority                     0x08001881   Thumb Code   124  stm32f4xx_hal_cortex.o(i.HAL_NVIC_SetPriority)
    HAL_NVIC_SetPriorityGrouping             0x080018fd   Thumb Code    32  stm32f4xx_hal_cortex.o(i.HAL_NVIC_SetPriorityGrouping)
    HAL_PWREx_EnableOverDrive                0x08001925   Thumb Code   128  stm32f4xx_hal_pwr_ex.o(i.HAL_PWREx_EnableOverDrive)
    HAL_RCC_ClockConfig                      0x080019b1   Thumb Code   368  stm32f4xx_hal_rcc.o(i.HAL_RCC_ClockConfig)
    HAL_RCC_GetClockConfig                   0x08001b35   Thumb Code    58  stm32f4xx_hal_rcc.o(i.HAL_RCC_GetClockConfig)
    HAL_RCC_GetHCLKFreq                      0x08001b79   Thumb Code     6  stm32f4xx_hal_rcc.o(i.HAL_RCC_GetHCLKFreq)
    HAL_RCC_GetPCLK1Freq                     0x08001b85   Thumb Code    22  stm32f4xx_hal_rcc.o(i.HAL_RCC_GetPCLK1Freq)
    HAL_RCC_GetPCLK2Freq                     0x08001ba5   Thumb Code    22  stm32f4xx_hal_rcc.o(i.HAL_RCC_GetPCLK2Freq)
    HAL_RCC_GetSysClockFreq                  0x08001bc5   Thumb Code   162  stm32f4xx_hal_rcc.o(i.HAL_RCC_GetSysClockFreq)
    HAL_RCC_OscConfig                        0x08001c75   Thumb Code  1172  stm32f4xx_hal_rcc.o(i.HAL_RCC_OscConfig)
    HAL_SPI_Init                             0x08002111   Thumb Code   200  stm32f4xx_hal_spi.o(i.HAL_SPI_Init)
    HAL_SPI_MspInit                          0x080021d9   Thumb Code   668  spi.o(i.HAL_SPI_MspInit)
    HAL_TIMEx_BreakCallback                  0x080024a9   Thumb Code     2  stm32f4xx_hal_tim_ex.o(i.HAL_TIMEx_BreakCallback)
    HAL_TIMEx_CommutCallback                 0x080024ab   Thumb Code     2  stm32f4xx_hal_tim_ex.o(i.HAL_TIMEx_CommutCallback)
    HAL_TIMEx_MasterConfigSynchronization    0x080024ad   Thumb Code   150  stm32f4xx_hal_tim_ex.o(i.HAL_TIMEx_MasterConfigSynchronization)
    HAL_TIM_Base_Init                        0x08002561   Thumb Code   102  stm32f4xx_hal_tim.o(i.HAL_TIM_Base_Init)
    HAL_TIM_Base_MspInit                     0x080025c9   Thumb Code    62  tim.o(i.HAL_TIM_Base_MspInit)
    HAL_TIM_Base_Start_IT                    0x08002611   Thumb Code   138  stm32f4xx_hal_tim.o(i.HAL_TIM_Base_Start_IT)
    HAL_TIM_ConfigClockSource                0x080026b9   Thumb Code   268  stm32f4xx_hal_tim.o(i.HAL_TIM_ConfigClockSource)
    HAL_TIM_IC_CaptureCallback               0x080027c5   Thumb Code     2  stm32f4xx_hal_tim.o(i.HAL_TIM_IC_CaptureCallback)
    HAL_TIM_IRQHandler                       0x080027c7   Thumb Code   406  stm32f4xx_hal_tim.o(i.HAL_TIM_IRQHandler)
    HAL_TIM_OC_DelayElapsedCallback          0x0800295d   Thumb Code     2  stm32f4xx_hal_tim.o(i.HAL_TIM_OC_DelayElapsedCallback)
    HAL_TIM_PWM_PulseFinishedCallback        0x0800295f   Thumb Code     2  stm32f4xx_hal_tim.o(i.HAL_TIM_PWM_PulseFinishedCallback)
    HAL_TIM_PeriodElapsedCallback            0x08002961   Thumb Code    18  main.o(i.HAL_TIM_PeriodElapsedCallback)
    HAL_TIM_TriggerCallback                  0x08002979   Thumb Code     2  stm32f4xx_hal_tim.o(i.HAL_TIM_TriggerCallback)
    HAL_UART_Init                            0x0800297b   Thumb Code   114  stm32f4xx_hal_uart.o(i.HAL_UART_Init)
    HAL_UART_MspInit                         0x080029ed   Thumb Code   124  usart.o(i.HAL_UART_MspInit)
    HardFault_Handler                        0x08002a75   Thumb Code     4  stm32f4xx_it.o(i.HardFault_Handler)
    IP_Scanning                              0x08002a79   Thumb Code   290  bsp_gpio.o(i.IP_Scanning)
    Loop_En_Init                             0x08002bb1   Thumb Code   188  main.o(i.Loop_En_Init)
    MX_ADC3_Init                             0x08002c89   Thumb Code   100  adc.o(i.MX_ADC3_Init)
    MX_CAN1_Init                             0x08002cf9   Thumb Code    58  can.o(i.MX_CAN1_Init)
    MX_CAN2_Init                             0x08002d3d   Thumb Code    58  can.o(i.MX_CAN2_Init)
    MX_GPIO_Init                             0x08002d81   Thumb Code  1448  gpio.o(i.MX_GPIO_Init)
    MX_IWDG_Init                             0x08003341   Thumb Code    32  iwdg.o(i.MX_IWDG_Init)
    MX_SPI1_Init                             0x08003369   Thumb Code    58  spi.o(i.MX_SPI1_Init)
    MX_SPI2_Init                             0x080033ad   Thumb Code    60  spi.o(i.MX_SPI2_Init)
    MX_SPI3_Init                             0x080033f1   Thumb Code    60  spi.o(i.MX_SPI3_Init)
    MX_SPI4_Init                             0x08003435   Thumb Code    64  spi.o(i.MX_SPI4_Init)
    MX_SPI5_Init                             0x0800347d   Thumb Code    64  spi.o(i.MX_SPI5_Init)
    MX_SPI6_Init                             0x080034c5   Thumb Code    62  spi.o(i.MX_SPI6_Init)
    MX_TIM4_Init                             0x0800350d   Thumb Code   104  tim.o(i.MX_TIM4_Init)
    MX_USART3_UART_Init                      0x0800357d   Thumb Code    46  usart.o(i.MX_USART3_UART_Init)
    MemManage_Handler                        0x080035b5   Thumb Code     4  stm32f4xx_it.o(i.MemManage_Handler)
    NMI_Handler                              0x080035b9   Thumb Code     4  stm32f4xx_it.o(i.NMI_Handler)
    PendSV_Handler                           0x080035bd   Thumb Code     2  stm32f4xx_it.o(i.PendSV_Handler)
    SVC_Handler                              0x080035bf   Thumb Code     2  stm32f4xx_it.o(i.SVC_Handler)
    Socket_Receive                           0x080035c1   Thumb Code    60  bsp_tcp.o(i.Socket_Receive)
    SysTick_Handler                          0x08003611   Thumb Code     2  stm32f4xx_it.o(i.SysTick_Handler)
    SystemClock_Config                       0x08003615   Thumb Code   186  main.o(i.SystemClock_Config)
    SystemInit                               0x080036d9   Thumb Code    14  system_stm32f4xx.o(i.SystemInit)
    TCP_RX_Data_Analysis                     0x080036ed   Thumb Code   934  bsp_tcp.o(i.TCP_RX_Data_Analysis)
    TIM4_IRQHandler                          0x08003ab5   Thumb Code    14  stm32f4xx_it.o(i.TIM4_IRQHandler)
    TIM7_IRQHandler                          0x08003ac9   Thumb Code    10  stm32f4xx_it.o(i.TIM7_IRQHandler)
    TIM_Base_SetConfig                       0x08003ad9   Thumb Code   170  stm32f4xx_hal_tim.o(i.TIM_Base_SetConfig)
    TIM_ETR_SetConfig                        0x08003bb1   Thumb Code    22  stm32f4xx_hal_tim.o(i.TIM_ETR_SetConfig)
    UsageFault_Handler                       0x08003e55   Thumb Code     4  stm32f4xx_it.o(i.UsageFault_Handler)
    W5500_TCP_Server                         0x08003e59   Thumb Code   130  bsp_tcp.o(i.W5500_TCP_Server)
    W5500_close                              0x08003ee9   Thumb Code   142  w5500socket.o(i.W5500_close)
    W5500_disconnect                         0x08003f89   Thumb Code   180  w5500socket.o(i.W5500_disconnect)
    W5500_init                               0x08004045   Thumb Code   146  main.o(i.W5500_init)
    W5500_listen                             0x080040e5   Thumb Code   158  w5500socket.o(i.W5500_listen)
    W5500_recv                               0x08004185   Thumb Code   282  w5500socket.o(i.W5500_recv)
    W5500_send                               0x080042a5   Thumb Code   374  w5500socket.o(i.W5500_send)
    W5500_socket                             0x08004425   Thumb Code   384  w5500socket.o(i.W5500_socket)
    WIZCHIP_READ                             0x080045b9   Thumb Code   112  w5500.o(i.WIZCHIP_READ)
    WIZCHIP_READ_BUF                         0x0800462d   Thumb Code   136  w5500.o(i.WIZCHIP_READ_BUF)
    WIZCHIP_WRITE                            0x080046b9   Thumb Code   112  w5500.o(i.WIZCHIP_WRITE)
    WIZCHIP_WRITE_BUF                        0x0800472d   Thumb Code   132  w5500.o(i.WIZCHIP_WRITE_BUF)
    __scatterload_copy                       0x080047ed   Thumb Code    14  handlers.o(i.__scatterload_copy)
    __scatterload_null                       0x080047fb   Thumb Code     2  handlers.o(i.__scatterload_null)
    __scatterload_zeroinit                   0x080047fd   Thumb Code    14  handlers.o(i.__scatterload_zeroinit)
    bsp_DelayMS                              0x08004811   Thumb Code    18  bsp_dwt.o(i.bsp_DelayMS)
    bsp_DelayUS                              0x08004825   Thumb Code    36  bsp_dwt.o(i.bsp_DelayUS)
    bsp_InitDWT                              0x08004855   Thumb Code    30  bsp_dwt.o(i.bsp_InitDWT)
    bsp_InitI2C                              0x0800487d   Thumb Code    82  bsp_eeprom.o(i.bsp_InitI2C)
    ctlnetwork                               0x080048d9   Thumb Code    80  wizchip_conf.o(i.ctlnetwork)
    ee_ReadBytes                             0x08004929   Thumb Code   126  bsp_eeprom.o(i.ee_ReadBytes)
    ee_WriteBytes                            0x080049a7   Thumb Code   188  bsp_eeprom.o(i.ee_WriteBytes)
    getSn_RX_RSR                             0x08004a63   Thumb Code   108  w5500.o(i.getSn_RX_RSR)
    getSn_TX_FSR                             0x08004acf   Thumb Code   108  w5500.o(i.getSn_TX_FSR)
    i2c_Ack                                  0x08004b3d   Thumb Code    50  bsp_eeprom.o(i.i2c_Ack)
    i2c_NAck                                 0x08004b81   Thumb Code    38  bsp_eeprom.o(i.i2c_NAck)
    i2c_ReadByte                             0x08004bad   Thumb Code    62  bsp_eeprom.o(i.i2c_ReadByte)
    i2c_SendByte                             0x08004bf1   Thumb Code    78  bsp_eeprom.o(i.i2c_SendByte)
    i2c_Start                                0x08004c45   Thumb Code    44  bsp_eeprom.o(i.i2c_Start)
    i2c_Stop                                 0x08004c75   Thumb Code    38  bsp_eeprom.o(i.i2c_Stop)
    i2c_WaitAck                              0x08004ca1   Thumb Code    58  bsp_eeprom.o(i.i2c_WaitAck)
    main                                     0x08004ce1   Thumb Code   410  main.o(i.main)
    reg_wizchip_cris_cbfunc                  0x08004e95   Thumb Code    26  wizchip_conf.o(i.reg_wizchip_cris_cbfunc)
    reg_wizchip_cs_cbfunc                    0x08004ebd   Thumb Code    26  wizchip_conf.o(i.reg_wizchip_cs_cbfunc)
    reg_wizchip_spi_cbfunc                   0x08004ee5   Thumb Code    40  wizchip_conf.o(i.reg_wizchip_spi_cbfunc)
    wiz_recv_data                            0x08004f19   Thumb Code   132  w5500.o(i.wiz_recv_data)
    wiz_send_data                            0x08004f9d   Thumb Code   132  w5500.o(i.wiz_send_data)
    wizchip_bus_readdata                     0x08005021   Thumb Code     6  wizchip_conf.o(i.wizchip_bus_readdata)
    wizchip_bus_writedata                    0x08005027   Thumb Code     4  wizchip_conf.o(i.wizchip_bus_writedata)
    wizchip_cris_enter                       0x0800502b   Thumb Code     2  wizchip_conf.o(i.wizchip_cris_enter)
    wizchip_cris_exit                        0x0800502d   Thumb Code     2  wizchip_conf.o(i.wizchip_cris_exit)
    wizchip_cs_deselect                      0x08005031   Thumb Code    14  wizchip_conf.o(i.wizchip_cs_deselect)
    wizchip_cs_select                        0x08005045   Thumb Code    14  wizchip_conf.o(i.wizchip_cs_select)
    wizchip_getnetinfo                       0x08005059   Thumb Code    82  wizchip_conf.o(i.wizchip_getnetinfo)
    wizchip_getnetmode                       0x080050b5   Thumb Code    10  wizchip_conf.o(i.wizchip_getnetmode)
    wizchip_gettimeout                       0x080050bf   Thumb Code    40  wizchip_conf.o(i.wizchip_gettimeout)
    wizchip_init                             0x080050e7   Thumb Code   144  wizchip_conf.o(i.wizchip_init)
    wizchip_setnetinfo                       0x08005179   Thumb Code    80  wizchip_conf.o(i.wizchip_setnetinfo)
    wizchip_setnetmode                       0x080051d1   Thumb Code    38  wizchip_conf.o(i.wizchip_setnetmode)
    wizchip_settimeout                       0x080051f7   Thumb Code    38  wizchip_conf.o(i.wizchip_settimeout)
    wizchip_spi_readbyte                     0x0800521d   Thumb Code    42  wizchip_conf.o(i.wizchip_spi_readbyte)
    wizchip_spi_writebyte                    0x0800524d   Thumb Code    40  wizchip_conf.o(i.wizchip_spi_writebyte)
    wizchip_sw_reset                         0x08005279   Thumb Code   114  wizchip_conf.o(i.wizchip_sw_reset)
    AHBPrescTable                            0x080052ea   Data          16  system_stm32f4xx.o(.constdata)
    APBPrescTable                            0x080052fa   Data           8  system_stm32f4xx.o(.constdata)
    Region$$Table$$Base                      0x08005304   Number         0  anon$$obj.o(Region$$Table)
    Region$$Table$$Limit                     0x08005324   Number         0  anon$$obj.o(Region$$Table)
    NetConf                                  0x20000000   Data          23  main.o(.data)
    txbuf_size                               0x20000017   Data           8  main.o(.data)
    rxbuf_size                               0x2000001f   Data           8  main.o(.data)
    MAC_ID                                   0x20000027   Data           3  main.o(.data)
    Jump_To_Application                      0x2000002c   Data           4  main.o(.data)
    JumpAddress                              0x20000030   Data           4  main.o(.data)
    uwTick                                   0x20000038   Data           4  stm32f4xx_hal.o(.data)
    uwTickPrio                               0x2000003c   Data           4  stm32f4xx_hal.o(.data)
    uwTickFreq                               0x20000040   Data           1  stm32f4xx_hal.o(.data)
    SystemCoreClock                          0x20000044   Data           4  system_stm32f4xx.o(.data)
    Num_Recived                              0x20000048   Data           2  bsp_tcp.o(.data)
    TCP_SERVER_FLAG                          0x2000004a   Data           1  bsp_tcp.o(.data)
    Status_Recive                            0x2000004b   Data           1  bsp_tcp.o(.data)
    Write_ADDR                               0x2000004c   Data           4  bsp_tcp.o(.data)
    FirstSector                              0x20000050   Data           4  bsp_tcp.o(.data)
    NbOfSectors                              0x20000054   Data           4  bsp_tcp.o(.data)
    Address                                  0x20000058   Data           4  bsp_tcp.o(.data)
    SectorError                              0x2000005c   Data           4  bsp_tcp.o(.data)
    Status                                   0x20000060   Data           1  bsp_tcp.o(.data)
    Pack_NO                                  0x20000062   Data           2  bsp_tcp.o(.data)
    W5500_IP_ADDRESS                         0x20000064   Data           4  bsp_gpio.o(.data)
    sock_pack_info                           0x2000006e   Data           8  w5500socket.o(.data)
    WIZCHIP                                  0x20000078   Data          44  wizchip_conf.o(.data)
    hadc3                                    0x200000ac   Data          72  adc.o(.bss)
    hcan1                                    0x200000f4   Data          40  can.o(.bss)
    hcan2                                    0x2000011c   Data          40  can.o(.bss)
    hiwdg                                    0x20000144   Data          12  iwdg.o(.bss)
    hspi1                                    0x20000150   Data          88  spi.o(.bss)
    hspi2                                    0x200001a8   Data          88  spi.o(.bss)
    hspi3                                    0x20000200   Data          88  spi.o(.bss)
    hspi4                                    0x20000258   Data          88  spi.o(.bss)
    hspi5                                    0x200002b0   Data          88  spi.o(.bss)
    hspi6                                    0x20000308   Data          88  spi.o(.bss)
    htim4                                    0x20000360   Data          72  tim.o(.bss)
    huart3                                   0x200003a8   Data          68  usart.o(.bss)
    htim7                                    0x200003ec   Data          72  stm32f4xx_hal_timebase_tim.o(.bss)
    pFlash                                   0x20000434   Data          32  stm32f4xx_hal_flash.o(.bss)
    CMD                                      0x20000454   Data        2048  bsp_tcp.o(.bss)
    tcp_recvbuf                              0x20000c54   Data        2048  bsp_tcp.o(.bss)
    tcp_sentbuf                              0x20001454   Data        2048  bsp_tcp.o(.bss)
    __initial_sp                             0x20002878   Data           0  startup_stm32f429xx.o(STACK)



==============================================================================

Memory Map of the image

  Image Entry point : 0x080001ad

  Load Region LR_IROM1 (Base: 0x08000000, Size: 0x000053d0, Max: 0x00100000, ABSOLUTE)

    Execution Region ER_IROM1 (Exec base: 0x08000000, Load base: 0x08000000, Size: 0x00005324, Max: 0x00100000, ABSOLUTE)

    Exec Addr    Load Addr    Size         Type   Attr      Idx    E Section Name        Object

    0x08000000   0x08000000   0x000001ac   Data   RO            3    RESET               startup_stm32f429xx.o
    0x080001ac   0x080001ac   0x00000000   Code   RO         4941  * .ARM.Collect$$$$00000000  mc_w.l(entry.o)
    0x080001ac   0x080001ac   0x00000004   Code   RO         4954    .ARM.Collect$$$$00000001  mc_w.l(entry2.o)
    0x080001b0   0x080001b0   0x00000004   Code   RO         4957    .ARM.Collect$$$$00000004  mc_w.l(entry5.o)
    0x080001b4   0x080001b4   0x00000000   Code   RO         4959    .ARM.Collect$$$$00000008  mc_w.l(entry7b.o)
    0x080001b4   0x080001b4   0x00000000   Code   RO         4961    .ARM.Collect$$$$0000000A  mc_w.l(entry8b.o)
    0x080001b4   0x080001b4   0x00000008   Code   RO         4962    .ARM.Collect$$$$0000000B  mc_w.l(entry9a.o)
    0x080001bc   0x080001bc   0x00000000   Code   RO         4964    .ARM.Collect$$$$0000000D  mc_w.l(entry10a.o)
    0x080001bc   0x080001bc   0x00000000   Code   RO         4966    .ARM.Collect$$$$0000000F  mc_w.l(entry11a.o)
    0x080001bc   0x080001bc   0x00000004   Code   RO         4955    .ARM.Collect$$$$00002712  mc_w.l(entry2.o)
    0x080001c0   0x080001c0   0x00000024   Code   RO            4    .text               startup_stm32f429xx.o
    0x080001e4   0x080001e4   0x00000062   Code   RO         4944    .text               mc_w.l(uldiv.o)
    0x08000246   0x08000246   0x00000024   Code   RO         4946    .text               mc_w.l(memcpya.o)
    0x0800026a   0x0800026a   0x00000024   Code   RO         4948    .text               mc_w.l(memseta.o)
    0x0800028e   0x0800028e   0x0000001a   Code   RO         4950    .text               mc_w.l(memcmp.o)
    0x080002a8   0x080002a8   0x0000001e   Code   RO         4968    .text               mc_w.l(llshl.o)
    0x080002c6   0x080002c6   0x00000020   Code   RO         4970    .text               mc_w.l(llushr.o)
    0x080002e6   0x080002e6   0x00000002   PAD
    0x080002e8   0x080002e8   0x00000024   Code   RO         4972    .text               mc_w.l(init.o)
    0x0800030c   0x0800030c   0x00000160   Code   RO          729    i.ADC_Init          stm32f4xx_hal_adc.o
    0x0800046c   0x0800046c   0x00000174   Code   RO           13    i.BarCode_Mac_CheckSet  main.o
    0x080005e0   0x080005e0   0x0000004c   Code   RO           14    i.Boot_JMP_APP      main.o
    0x0800062c   0x0800062c   0x00000004   Code   RO          563    i.BusFault_Handler  stm32f4xx_it.o
    0x08000630   0x08000630   0x00000026   Code   RO         4505    i.CRC16N            bsp_crc16.o
    0x08000656   0x08000656   0x00000028   Code   RO         4506    i.CRC16_2           bsp_crc16.o
    0x0800067e   0x0800067e   0x00000002   Code   RO          564    i.DebugMon_Handler  stm32f4xx_it.o
    0x08000680   0x08000680   0x0000000a   Code   RO          565    i.EXTI0_IRQHandler  stm32f4xx_it.o
    0x0800068a   0x0800068a   0x0000000a   Code   RO          566    i.EXTI1_IRQHandler  stm32f4xx_it.o
    0x08000694   0x08000694   0x00000006   Code   RO           15    i.Error_Handler     main.o
    0x0800069a   0x0800069a   0x00000002   PAD
    0x0800069c   0x0800069c   0x00000060   Code   RO         1290    i.FLASH_Erase_Sector  stm32f4xx_hal_flash_ex.o
    0x080006fc   0x080006fc   0x00000078   Code   RO         1291    i.FLASH_FlushCaches  stm32f4xx_hal_flash_ex.o
    0x08000774   0x08000774   0x00000054   Code   RO         1292    i.FLASH_MassErase   stm32f4xx_hal_flash_ex.o
    0x080007c8   0x080007c8   0x00000024   Code   RO         1172    i.FLASH_Program_Byte  stm32f4xx_hal_flash.o
    0x080007ec   0x080007ec   0x0000003c   Code   RO         1173    i.FLASH_Program_DoubleWord  stm32f4xx_hal_flash.o
    0x08000828   0x08000828   0x00000028   Code   RO         1174    i.FLASH_Program_HalfWord  stm32f4xx_hal_flash.o
    0x08000850   0x08000850   0x00000028   Code   RO         1175    i.FLASH_Program_Word  stm32f4xx_hal_flash.o
    0x08000878   0x08000878   0x000000b4   Code   RO         1176    i.FLASH_SetErrorCode  stm32f4xx_hal_flash.o
    0x0800092c   0x0800092c   0x00000064   Code   RO         1177    i.FLASH_WaitForLastOperation  stm32f4xx_hal_flash.o
    0x08000990   0x08000990   0x0000001c   Code   RO         4457    i.Feed_WDG          bsp_gpio.o
    0x080009ac   0x080009ac   0x000000d8   Code   RO         4384    i.Flash_In_Erase    bsp_tcp.o
    0x08000a84   0x08000a84   0x0000005e   Code   RO         4385    i.Flash_In_Write_DoubleWORD  bsp_tcp.o
    0x08000ae2   0x08000ae2   0x00000002   PAD
    0x08000ae4   0x08000ae4   0x000001d0   Code   RO         4386    i.GetSector         bsp_tcp.o
    0x08000cb4   0x08000cb4   0x000001a4   Code   RO          731    i.HAL_ADC_ConfigChannel  stm32f4xx_hal_adc.o
    0x08000e58   0x08000e58   0x00000068   Code   RO          740    i.HAL_ADC_Init      stm32f4xx_hal_adc.o
    0x08000ec0   0x08000ec0   0x000000ec   Code   RO          287    i.HAL_ADC_MspInit   adc.o
    0x08000fac   0x08000fac   0x00000174   Code   RO         2287    i.HAL_CAN_Init      stm32f4xx_hal_can.o
    0x08001120   0x08001120   0x00000144   Code   RO          329    i.HAL_CAN_MspInit   can.o
    0x08001264   0x08001264   0x00000028   Code   RO         2010    i.HAL_Delay         stm32f4xx_hal.o
    0x0800128c   0x0800128c   0x000000b4   Code   RO         1307    i.HAL_FLASHEx_Erase  stm32f4xx_hal_flash_ex.o
    0x08001340   0x08001340   0x00000014   Code   RO         1181    i.HAL_FLASH_Lock    stm32f4xx_hal_flash.o
    0x08001354   0x08001354   0x00000098   Code   RO         1186    i.HAL_FLASH_Program  stm32f4xx_hal_flash.o
    0x080013ec   0x080013ec   0x00000034   Code   RO         1188    i.HAL_FLASH_Unlock  stm32f4xx_hal_flash.o
    0x08001420   0x08001420   0x00000002   Code   RO         1459    i.HAL_GPIO_EXTI_Callback  stm32f4xx_hal_gpio.o
    0x08001422   0x08001422   0x00000002   PAD
    0x08001424   0x08001424   0x0000001c   Code   RO         1460    i.HAL_GPIO_EXTI_IRQHandler  stm32f4xx_hal_gpio.o
    0x08001440   0x08001440   0x0000020c   Code   RO         1461    i.HAL_GPIO_Init     stm32f4xx_hal_gpio.o
    0x0800164c   0x0800164c   0x00000010   Code   RO         1463    i.HAL_GPIO_ReadPin  stm32f4xx_hal_gpio.o
    0x0800165c   0x0800165c   0x00000014   Code   RO         1464    i.HAL_GPIO_TogglePin  stm32f4xx_hal_gpio.o
    0x08001670   0x08001670   0x0000000c   Code   RO         1465    i.HAL_GPIO_WritePin  stm32f4xx_hal_gpio.o
    0x0800167c   0x0800167c   0x0000000c   Code   RO         2018    i.HAL_GetTick       stm32f4xx_hal.o
    0x08001688   0x08001688   0x0000005e   Code   RO         2507    i.HAL_IWDG_Init     stm32f4xx_hal_iwdg.o
    0x080016e6   0x080016e6   0x0000000e   Code   RO         2508    i.HAL_IWDG_Refresh  stm32f4xx_hal_iwdg.o
    0x080016f4   0x080016f4   0x00000018   Code   RO         2024    i.HAL_IncTick       stm32f4xx_hal.o
    0x0800170c   0x0800170c   0x0000003c   Code   RO         2025    i.HAL_Init          stm32f4xx_hal.o
    0x08001748   0x08001748   0x0000008c   Code   RO          687    i.HAL_InitTick      stm32f4xx_hal_timebase_tim.o
    0x080017d4   0x080017d4   0x00000048   Code   RO          663    i.HAL_MspInit       stm32f4xx_hal_msp.o
    0x0800181c   0x0800181c   0x00000044   Code   RO         1867    i.HAL_NVIC_DisableIRQ  stm32f4xx_hal_cortex.o
    0x08001860   0x08001860   0x00000020   Code   RO         1868    i.HAL_NVIC_EnableIRQ  stm32f4xx_hal_cortex.o
    0x08001880   0x08001880   0x0000007c   Code   RO         1874    i.HAL_NVIC_SetPriority  stm32f4xx_hal_cortex.o
    0x080018fc   0x080018fc   0x00000028   Code   RO         1875    i.HAL_NVIC_SetPriorityGrouping  stm32f4xx_hal_cortex.o
    0x08001924   0x08001924   0x0000008c   Code   RO         1797    i.HAL_PWREx_EnableOverDrive  stm32f4xx_hal_pwr_ex.o
    0x080019b0   0x080019b0   0x00000184   Code   RO         1005    i.HAL_RCC_ClockConfig  stm32f4xx_hal_rcc.o
    0x08001b34   0x08001b34   0x00000044   Code   RO         1009    i.HAL_RCC_GetClockConfig  stm32f4xx_hal_rcc.o
    0x08001b78   0x08001b78   0x0000000c   Code   RO         1010    i.HAL_RCC_GetHCLKFreq  stm32f4xx_hal_rcc.o
    0x08001b84   0x08001b84   0x00000020   Code   RO         1012    i.HAL_RCC_GetPCLK1Freq  stm32f4xx_hal_rcc.o
    0x08001ba4   0x08001ba4   0x00000020   Code   RO         1013    i.HAL_RCC_GetPCLK2Freq  stm32f4xx_hal_rcc.o
    0x08001bc4   0x08001bc4   0x000000b0   Code   RO         1014    i.HAL_RCC_GetSysClockFreq  stm32f4xx_hal_rcc.o
    0x08001c74   0x08001c74   0x0000049c   Code   RO         1017    i.HAL_RCC_OscConfig  stm32f4xx_hal_rcc.o
    0x08002110   0x08002110   0x000000c8   Code   RO         2548    i.HAL_SPI_Init      stm32f4xx_hal_spi.o
    0x080021d8   0x080021d8   0x000002d0   Code   RO          408    i.HAL_SPI_MspInit   spi.o
    0x080024a8   0x080024a8   0x00000002   Code   RO         3576    i.HAL_TIMEx_BreakCallback  stm32f4xx_hal_tim_ex.o
    0x080024aa   0x080024aa   0x00000002   Code   RO         3577    i.HAL_TIMEx_CommutCallback  stm32f4xx_hal_tim_ex.o
    0x080024ac   0x080024ac   0x000000b4   Code   RO         3595    i.HAL_TIMEx_MasterConfigSynchronization  stm32f4xx_hal_tim_ex.o
    0x08002560   0x08002560   0x00000066   Code   RO         2861    i.HAL_TIM_Base_Init  stm32f4xx_hal_tim.o
    0x080025c6   0x080025c6   0x00000002   PAD
    0x080025c8   0x080025c8   0x00000048   Code   RO          480    i.HAL_TIM_Base_MspInit  tim.o
    0x08002610   0x08002610   0x000000a8   Code   RO         2866    i.HAL_TIM_Base_Start_IT  stm32f4xx_hal_tim.o
    0x080026b8   0x080026b8   0x0000010c   Code   RO         2870    i.HAL_TIM_ConfigClockSource  stm32f4xx_hal_tim.o
    0x080027c4   0x080027c4   0x00000002   Code   RO         2895    i.HAL_TIM_IC_CaptureCallback  stm32f4xx_hal_tim.o
    0x080027c6   0x080027c6   0x00000196   Code   RO         2909    i.HAL_TIM_IRQHandler  stm32f4xx_hal_tim.o
    0x0800295c   0x0800295c   0x00000002   Code   RO         2912    i.HAL_TIM_OC_DelayElapsedCallback  stm32f4xx_hal_tim.o
    0x0800295e   0x0800295e   0x00000002   Code   RO         2939    i.HAL_TIM_PWM_PulseFinishedCallback  stm32f4xx_hal_tim.o
    0x08002960   0x08002960   0x00000018   Code   RO           16    i.HAL_TIM_PeriodElapsedCallback  main.o
    0x08002978   0x08002978   0x00000002   Code   RO         2952    i.HAL_TIM_TriggerCallback  stm32f4xx_hal_tim.o
    0x0800297a   0x0800297a   0x00000072   Code   RO         3872    i.HAL_UART_Init     stm32f4xx_hal_uart.o
    0x080029ec   0x080029ec   0x00000088   Code   RO          522    i.HAL_UART_MspInit  usart.o
    0x08002a74   0x08002a74   0x00000004   Code   RO          567    i.HardFault_Handler  stm32f4xx_it.o
    0x08002a78   0x08002a78   0x00000138   Code   RO         4458    i.IP_Scanning       bsp_gpio.o
    0x08002bb0   0x08002bb0   0x000000d8   Code   RO           17    i.Loop_En_Init      main.o
    0x08002c88   0x08002c88   0x00000070   Code   RO          288    i.MX_ADC3_Init      adc.o
    0x08002cf8   0x08002cf8   0x00000044   Code   RO          330    i.MX_CAN1_Init      can.o
    0x08002d3c   0x08002d3c   0x00000044   Code   RO          331    i.MX_CAN2_Init      can.o
    0x08002d80   0x08002d80   0x000005c0   Code   RO          259    i.MX_GPIO_Init      gpio.o
    0x08003340   0x08003340   0x00000028   Code   RO          377    i.MX_IWDG_Init      iwdg.o
    0x08003368   0x08003368   0x00000044   Code   RO          409    i.MX_SPI1_Init      spi.o
    0x080033ac   0x080033ac   0x00000044   Code   RO          410    i.MX_SPI2_Init      spi.o
    0x080033f0   0x080033f0   0x00000044   Code   RO          411    i.MX_SPI3_Init      spi.o
    0x08003434   0x08003434   0x00000048   Code   RO          412    i.MX_SPI4_Init      spi.o
    0x0800347c   0x0800347c   0x00000048   Code   RO          413    i.MX_SPI5_Init      spi.o
    0x080034c4   0x080034c4   0x00000048   Code   RO          414    i.MX_SPI6_Init      spi.o
    0x0800350c   0x0800350c   0x00000070   Code   RO          481    i.MX_TIM4_Init      tim.o
    0x0800357c   0x0800357c   0x00000038   Code   RO          523    i.MX_USART3_UART_Init  usart.o
    0x080035b4   0x080035b4   0x00000004   Code   RO          568    i.MemManage_Handler  stm32f4xx_it.o
    0x080035b8   0x080035b8   0x00000004   Code   RO          569    i.NMI_Handler       stm32f4xx_it.o
    0x080035bc   0x080035bc   0x00000002   Code   RO          570    i.PendSV_Handler    stm32f4xx_it.o
    0x080035be   0x080035be   0x00000002   Code   RO          571    i.SVC_Handler       stm32f4xx_it.o
    0x080035c0   0x080035c0   0x00000050   Code   RO         4388    i.Socket_Receive    bsp_tcp.o
    0x08003610   0x08003610   0x00000002   Code   RO          572    i.SysTick_Handler   stm32f4xx_it.o
    0x08003612   0x08003612   0x00000002   PAD
    0x08003614   0x08003614   0x000000c4   Code   RO           18    i.SystemClock_Config  main.o
    0x080036d8   0x080036d8   0x00000014   Code   RO         4211    i.SystemInit        system_stm32f4xx.o
    0x080036ec   0x080036ec   0x000003c8   Code   RO         4389    i.TCP_RX_Data_Analysis  bsp_tcp.o
    0x08003ab4   0x08003ab4   0x00000014   Code   RO          573    i.TIM4_IRQHandler   stm32f4xx_it.o
    0x08003ac8   0x08003ac8   0x00000010   Code   RO          574    i.TIM7_IRQHandler   stm32f4xx_it.o
    0x08003ad8   0x08003ad8   0x000000d8   Code   RO         2954    i.TIM_Base_SetConfig  stm32f4xx_hal_tim.o
    0x08003bb0   0x08003bb0   0x00000016   Code   RO         2965    i.TIM_ETR_SetConfig  stm32f4xx_hal_tim.o
    0x08003bc6   0x08003bc6   0x00000012   Code   RO         2966    i.TIM_ITRx_SetConfig  stm32f4xx_hal_tim.o
    0x08003bd8   0x08003bd8   0x00000026   Code   RO         2972    i.TIM_TI1_ConfigInputStage  stm32f4xx_hal_tim.o
    0x08003bfe   0x08003bfe   0x00000028   Code   RO         2974    i.TIM_TI2_ConfigInputStage  stm32f4xx_hal_tim.o
    0x08003c26   0x08003c26   0x00000002   PAD
    0x08003c28   0x08003c28   0x0000022c   Code   RO         3899    i.UART_SetConfig    stm32f4xx_hal_uart.o
    0x08003e54   0x08003e54   0x00000004   Code   RO          575    i.UsageFault_Handler  stm32f4xx_it.o
    0x08003e58   0x08003e58   0x00000090   Code   RO         4390    i.W5500_TCP_Server  bsp_tcp.o
    0x08003ee8   0x08003ee8   0x000000a0   Code   RO         4618    i.W5500_close       w5500socket.o
    0x08003f88   0x08003f88   0x000000bc   Code   RO         4619    i.W5500_disconnect  w5500socket.o
    0x08004044   0x08004044   0x000000a0   Code   RO           19    i.W5500_init        main.o
    0x080040e4   0x080040e4   0x0000009e   Code   RO         4620    i.W5500_listen      w5500socket.o
    0x08004182   0x08004182   0x00000002   PAD
    0x08004184   0x08004184   0x00000120   Code   RO         4621    i.W5500_recv        w5500socket.o
    0x080042a4   0x080042a4   0x00000180   Code   RO         4622    i.W5500_send        w5500socket.o
    0x08004424   0x08004424   0x00000194   Code   RO         4623    i.W5500_socket      w5500socket.o
    0x080045b8   0x080045b8   0x00000074   Code   RO         4549    i.WIZCHIP_READ      w5500.o
    0x0800462c   0x0800462c   0x0000008c   Code   RO         4550    i.WIZCHIP_READ_BUF  w5500.o
    0x080046b8   0x080046b8   0x00000074   Code   RO         4551    i.WIZCHIP_WRITE     w5500.o
    0x0800472c   0x0800472c   0x00000088   Code   RO         4552    i.WIZCHIP_WRITE_BUF  w5500.o
    0x080047b4   0x080047b4   0x00000010   Code   RO         1881    i.__NVIC_GetPriorityGrouping  stm32f4xx_hal_cortex.o
    0x080047c4   0x080047c4   0x00000028   Code   RO         1882    i.__NVIC_SetPriority  stm32f4xx_hal_cortex.o
    0x080047ec   0x080047ec   0x0000000e   Code   RO         4976    i.__scatterload_copy  mc_w.l(handlers.o)
    0x080047fa   0x080047fa   0x00000002   Code   RO         4977    i.__scatterload_null  mc_w.l(handlers.o)
    0x080047fc   0x080047fc   0x0000000e   Code   RO         4978    i.__scatterload_zeroinit  mc_w.l(handlers.o)
    0x0800480a   0x0800480a   0x00000006   Code   RO         4391    i.__set_PRIMASK     bsp_tcp.o
    0x08004810   0x08004810   0x00000012   Code   RO         4247    i.bsp_DelayMS       bsp_dwt.o
    0x08004822   0x08004822   0x00000002   PAD
    0x08004824   0x08004824   0x00000030   Code   RO         4248    i.bsp_DelayUS       bsp_dwt.o
    0x08004854   0x08004854   0x00000028   Code   RO         4249    i.bsp_InitDWT       bsp_dwt.o
    0x0800487c   0x0800487c   0x0000005c   Code   RO         4283    i.bsp_InitI2C       bsp_eeprom.o
    0x080048d8   0x080048d8   0x00000050   Code   RO         4703    i.ctlnetwork        wizchip_conf.o
    0x08004928   0x08004928   0x0000007e   Code   RO         4285    i.ee_ReadBytes      bsp_eeprom.o
    0x080049a6   0x080049a6   0x000000bc   Code   RO         4286    i.ee_WriteBytes     bsp_eeprom.o
    0x08004a62   0x08004a62   0x0000006c   Code   RO         4553    i.getSn_RX_RSR      w5500.o
    0x08004ace   0x08004ace   0x0000006c   Code   RO         4554    i.getSn_TX_FSR      w5500.o
    0x08004b3a   0x08004b3a   0x00000002   PAD
    0x08004b3c   0x08004b3c   0x00000038   Code   RO         4288    i.i2c_Ack           bsp_eeprom.o
    0x08004b74   0x08004b74   0x0000000a   Code   RO         4290    i.i2c_Delay         bsp_eeprom.o
    0x08004b7e   0x08004b7e   0x00000002   PAD
    0x08004b80   0x08004b80   0x0000002c   Code   RO         4291    i.i2c_NAck          bsp_eeprom.o
    0x08004bac   0x08004bac   0x00000044   Code   RO         4292    i.i2c_ReadByte      bsp_eeprom.o
    0x08004bf0   0x08004bf0   0x00000054   Code   RO         4293    i.i2c_SendByte      bsp_eeprom.o
    0x08004c44   0x08004c44   0x00000030   Code   RO         4294    i.i2c_Start         bsp_eeprom.o
    0x08004c74   0x08004c74   0x0000002c   Code   RO         4295    i.i2c_Stop          bsp_eeprom.o
    0x08004ca0   0x08004ca0   0x00000040   Code   RO         4296    i.i2c_WaitAck       bsp_eeprom.o
    0x08004ce0   0x08004ce0   0x000001b4   Code   RO           20    i.main              main.o
    0x08004e94   0x08004e94   0x00000028   Code   RO         4706    i.reg_wizchip_cris_cbfunc  wizchip_conf.o
    0x08004ebc   0x08004ebc   0x00000028   Code   RO         4707    i.reg_wizchip_cs_cbfunc  wizchip_conf.o
    0x08004ee4   0x08004ee4   0x00000034   Code   RO         4708    i.reg_wizchip_spi_cbfunc  wizchip_conf.o
    0x08004f18   0x08004f18   0x00000084   Code   RO         4555    i.wiz_recv_data     w5500.o
    0x08004f9c   0x08004f9c   0x00000084   Code   RO         4557    i.wiz_send_data     w5500.o
    0x08005020   0x08005020   0x00000006   Code   RO         4710    i.wizchip_bus_readdata  wizchip_conf.o
    0x08005026   0x08005026   0x00000004   Code   RO         4711    i.wizchip_bus_writedata  wizchip_conf.o
    0x0800502a   0x0800502a   0x00000002   Code   RO         4713    i.wizchip_cris_enter  wizchip_conf.o
    0x0800502c   0x0800502c   0x00000002   Code   RO         4714    i.wizchip_cris_exit  wizchip_conf.o
    0x0800502e   0x0800502e   0x00000002   PAD
    0x08005030   0x08005030   0x00000014   Code   RO         4715    i.wizchip_cs_deselect  wizchip_conf.o
    0x08005044   0x08005044   0x00000014   Code   RO         4716    i.wizchip_cs_select  wizchip_conf.o
    0x08005058   0x08005058   0x0000005c   Code   RO         4719    i.wizchip_getnetinfo  wizchip_conf.o
    0x080050b4   0x080050b4   0x0000000a   Code   RO         4720    i.wizchip_getnetmode  wizchip_conf.o
    0x080050be   0x080050be   0x00000028   Code   RO         4721    i.wizchip_gettimeout  wizchip_conf.o
    0x080050e6   0x080050e6   0x00000090   Code   RO         4722    i.wizchip_init      wizchip_conf.o
    0x08005176   0x08005176   0x00000002   PAD
    0x08005178   0x08005178   0x00000058   Code   RO         4724    i.wizchip_setnetinfo  wizchip_conf.o
    0x080051d0   0x080051d0   0x00000026   Code   RO         4725    i.wizchip_setnetmode  wizchip_conf.o
    0x080051f6   0x080051f6   0x00000026   Code   RO         4726    i.wizchip_settimeout  wizchip_conf.o
    0x0800521c   0x0800521c   0x00000030   Code   RO         4728    i.wizchip_spi_readbyte  wizchip_conf.o
    0x0800524c   0x0800524c   0x0000002c   Code   RO         4730    i.wizchip_spi_writebyte  wizchip_conf.o
    0x08005278   0x08005278   0x00000072   Code   RO         4731    i.wizchip_sw_reset  wizchip_conf.o
    0x080052ea   0x080052ea   0x00000018   Data   RO         4212    .constdata          system_stm32f4xx.o
    0x08005302   0x08005302   0x00000002   PAD
    0x08005304   0x08005304   0x00000020   Data   RO         4974    Region$$Table       anon$$obj.o


    Execution Region RW_IRAM1 (Exec base: 0x20000000, Load base: 0x08005324, Size: 0x00002878, Max: 0x00030000, ABSOLUTE)

    Exec Addr    Load Addr    Size         Type   Attr      Idx    E Section Name        Object

    0x20000000   0x08005324   0x00000034   Data   RW           22    .data               main.o
    0x20000034   0x08005358   0x00000004   Data   RW          333    .data               can.o
    0x20000038   0x0800535c   0x00000009   Data   RW         2032    .data               stm32f4xx_hal.o
    0x20000041   0x08005365   0x00000003   PAD
    0x20000044   0x08005368   0x00000004   Data   RW         4213    .data               system_stm32f4xx.o
    0x20000048   0x0800536c   0x0000001c   Data   RW         4393    .data               bsp_tcp.o
    0x20000064   0x08005388   0x00000004   Data   RW         4461    .data               bsp_gpio.o
    0x20000068   0x0800538c   0x0000000e   Data   RW         4631    .data               w5500socket.o
    0x20000076   0x0800539a   0x00000002   PAD
    0x20000078   0x0800539c   0x00000031   Data   RW         4739    .data               wizchip_conf.o
    0x200000a9   0x080053cd   0x00000003   PAD
    0x200000ac        -       0x00000048   Zero   RW          289    .bss                adc.o
    0x200000f4        -       0x00000050   Zero   RW          332    .bss                can.o
    0x20000144        -       0x0000000c   Zero   RW          378    .bss                iwdg.o
    0x20000150        -       0x00000210   Zero   RW          415    .bss                spi.o
    0x20000360        -       0x00000048   Zero   RW          482    .bss                tim.o
    0x200003a8        -       0x00000044   Zero   RW          524    .bss                usart.o
    0x200003ec        -       0x00000048   Zero   RW          690    .bss                stm32f4xx_hal_timebase_tim.o
    0x20000434        -       0x00000020   Zero   RW         1189    .bss                stm32f4xx_hal_flash.o
    0x20000454        -       0x00002014   Zero   RW         4392    .bss                bsp_tcp.o
    0x20002468        -       0x00000010   Zero   RW         4630    .bss                w5500socket.o
    0x20002478        -       0x00000400   Zero   RW            1    STACK               startup_stm32f429xx.o


==============================================================================

Image component sizes


      Code (inc. data)   RO Data    RW Data    ZI Data      Debug   Object Name

       348         34          0          0         72       1981   adc.o
        78          0          0          0          0       1759   bsp_crc16.o
       106         22          0          0          0       1690   bsp_dwt.o
       824         50          0          0          0       7361   bsp_eeprom.o
       340         32          0          4          0       1848   bsp_gpio.o
      1972        184          0         28       8212      12610   bsp_tcp.o
       460         44          0          4         80       2606   can.o
      1472         64          0          0          0       1991   gpio.o
        40          8          0          0         12        763   iwdg.o
      1486        108          0         52          0     812044   main.o
      1140        104          0          0        528       5326   spi.o
        36          8        428          0       1024        860   startup_stm32f429xx.o
       136         24          0          9          0       9130   stm32f4xx_hal.o
       876         32          0          0          0       2899   stm32f4xx_hal_adc.o
       372          0          0          0          0       1399   stm32f4xx_hal_can.o
       320         28          0          0          0      34680   stm32f4xx_hal_cortex.o
       680         62          0          0         32       6354   stm32f4xx_hal_flash.o
       480         24          0          0          0       3522   stm32f4xx_hal_flash_ex.o
       602         56          0          0          0       4912   stm32f4xx_hal_gpio.o
       108          0          0          0          0       1983   stm32f4xx_hal_iwdg.o
        72          4          0          0          0        930   stm32f4xx_hal_msp.o
       140         12          0          0          0       1352   stm32f4xx_hal_pwr_ex.o
      1888         94          0          0          0       6569   stm32f4xx_hal_rcc.o
       200          0          0          0          0       1259   stm32f4xx_hal_spi.o
      1286         76          0          0          0      10191   stm32f4xx_hal_tim.o
       184         30          0          0          0       2641   stm32f4xx_hal_tim_ex.o
       140         18          0          0         72       1579   stm32f4xx_hal_timebase_tim.o
       670         10          0          0          0       1940   stm32f4xx_hal_uart.o
        84         12          0          0          0       6648   stm32f4xx_it.o
        20          6         24          4          0       1235   system_stm32f4xx.o
       184         18          0          0         72       1834   tim.o
       192         22          0          0         68       1842   usart.o
       988         16          0          0          0       6256   w5500.o
      1582         62          0         14         16       6106   w5500socket.o
       922         86          0         49          0      15931   wizchip_conf.o

    ----------------------------------------------------------------------
     20452       1350        486        172      10188     982031   Object Totals
         0          0         32          0          0          0   (incl. Generated)
        24          0          2          8          0          0   (incl. Padding)

    ----------------------------------------------------------------------

      Code (inc. data)   RO Data    RW Data    ZI Data      Debug   Library Member Name

         0          0          0          0          0          0   entry.o
         0          0          0          0          0          0   entry10a.o
         0          0          0          0          0          0   entry11a.o
         8          4          0          0          0          0   entry2.o
         4          0          0          0          0          0   entry5.o
         0          0          0          0          0          0   entry7b.o
         0          0          0          0          0          0   entry8b.o
         8          4          0          0          0          0   entry9a.o
        30          0          0          0          0          0   handlers.o
        36          8          0          0          0         68   init.o
        30          0          0          0          0         68   llshl.o
        32          0          0          0          0         68   llushr.o
        26          0          0          0          0         80   memcmp.o
        36          0          0          0          0         68   memcpya.o
        36          0          0          0          0        108   memseta.o
        98          0          0          0          0         92   uldiv.o

    ----------------------------------------------------------------------
       346         16          0          0          0        552   Library Totals
         2          0          0          0          0          0   (incl. Padding)

    ----------------------------------------------------------------------

      Code (inc. data)   RO Data    RW Data    ZI Data      Debug   Library Name

       344         16          0          0          0        552   mc_w.l

    ----------------------------------------------------------------------
       346         16          0          0          0        552   Library Totals

    ----------------------------------------------------------------------

==============================================================================


      Code (inc. data)   RO Data    RW Data    ZI Data      Debug   

     20798       1366        486        172      10188     966979   Grand Totals
     20798       1366        486        172      10188     966979   ELF Image Totals
     20798       1366        486        172          0          0   ROM Totals

==============================================================================

    Total RO  Size (Code + RO Data)                21284 (  20.79kB)
    Total RW  Size (RW Data + ZI Data)             10360 (  10.12kB)
    Total ROM Size (Code + RO Data + RW Data)      21456 (  20.95kB)

==============================================================================

