******************************************************************************
             TMS320C2000 Linker PC v20.2.1                     
******************************************************************************
>> Linked Mon Mar 21 19:15:45 2022

OUTPUT FILE NAME:   <HV_DCDC_V120F.out>
ENTRY POINT SYMBOL: "_c_int00"  address: 0008dd84


MEMORY CONFIGURATION

         name            origin    length      used     unused   attr    fill
----------------------  --------  ---------  --------  --------  ----  --------
PAGE 0:
  RAMM0                 00000122   000002de  00000000  000002de  RWIX
  RAMLS3_LS5            00009800   00001800  0000139a  00000466  RWIX
  RAMD0                 0000b000   00000800  00000000  00000800  RWIX
  RAMGS14               0001a000   00001000  00000000  00001000  RWIX
  RAMGS15               0001b000   00001000  000006d7  00000929  RWIX
  BEGIN                 00080000   00000002  00000002  00000000  RWIX
  FLASHA                00080002   00001ffe  00000000  00001ffe  RWIX
  FLASHB                00082000   00002000  000003ab  00001c55  RWIX
  FLASHC                00084000   00002000  00000000  00002000  RWIX
  FLASHD                00086000   00002000  000006d7  00001929  RWIX
  FLASHE                00088000   00008000  00005fdc  00002024  RWIX
  FLASHF                00090000   00008000  0000139a  00006c66  RWIX
  FLASHG                00098000   00008000  00000000  00008000  RWIX
  FLASHH                000a0000   00008000  00000000  00008000  RWIX
  FLASHI                000a8000   00008000  00000000  00008000  RWIX
  FLASHJ                000b0000   00008000  00000000  00008000  RWIX
  FLASHK                000b8000   00002000  00000000  00002000  RWIX
  FLASHL                000ba000   00002000  00000000  00002000  RWIX
  FLASHM                000bc000   00002000  00000000  00002000  RWIX
  FLASHN                000be000   00002000  00000000  00002000  RWIX
  RESET                 003fffc0   00000002  00000000  00000002  RWIX

PAGE 1:
  BOOT_RSVD             00000002   00000120  00000000  00000120  RWIX
  RAMM1                 00000400   00000400  00000200  00000200  RWIX
  ADCA_RESULT           00000b00   00000020  00000018  00000008  RWIX
  ADCB_RESULT           00000b20   00000020  00000018  00000008  RWIX
  ADCC_RESULT           00000b40   00000020  00000018  00000008  RWIX
  ADCD_RESULT           00000b60   00000020  00000018  00000008  RWIX
  CPU_TIMER0            00000c00   00000008  00000008  00000000  RWIX
  CPU_TIMER1            00000c08   00000008  00000008  00000000  RWIX
  CPU_TIMER2            00000c10   00000008  00000008  00000000  RWIX
  PIE_CTRL              00000ce0   00000020  0000001a  00000006  RWIX
  PIE_VECT              00000d00   00000200  000001c0  00000040  RWIX
  DMA                   00001000   00000200  000000e0  00000120  RWIX
  CLA1                  00001400   00000040  0000003e  00000002  RWIX
  CLA1_MSGRAMLOW        00001480   00000080  00000004  0000007c  RWIX
  CLA1_MSGRAMHIGH       00001500   00000080  00000016  0000006a  RWIX
  EPWM1                 00004000   00000100  00000100  00000000  RWIX
  EPWM2                 00004100   00000100  00000100  00000000  RWIX
  EPWM3                 00004200   00000100  00000100  00000000  RWIX
  EPWM4                 00004300   00000100  00000100  00000000  RWIX
  EPWM5                 00004400   00000100  00000100  00000000  RWIX
  EPWM6                 00004500   00000100  00000100  00000000  RWIX
  EPWM7                 00004600   00000100  00000100  00000000  RWIX
  EPWM8                 00004700   00000100  00000100  00000000  RWIX
  EPWM9                 00004800   00000100  00000100  00000000  RWIX
  EPWM10                00004900   00000100  00000100  00000000  RWIX
  EPWM11                00004a00   00000100  00000100  00000000  RWIX
  EPWM12                00004b00   00000100  00000100  00000000  RWIX
  ECAP1                 00005000   00000020  00000020  00000000  RWIX
  ECAP2                 00005020   00000020  00000020  00000000  RWIX
  ECAP3                 00005040   00000020  00000020  00000000  RWIX
  ECAP4                 00005060   00000020  00000020  00000000  RWIX
  ECAP5                 00005080   00000020  00000020  00000000  RWIX
  ECAP6                 000050a0   00000020  00000020  00000000  RWIX
  EQEP1                 00005100   00000040  00000022  0000001e  RWIX
  EQEP2                 00005140   00000040  00000022  0000001e  RWIX
  EQEP3                 00005180   00000040  00000022  0000001e  RWIX
  DACA                  00005c00   00000010  00000008  00000008  RWIX
  DACB                  00005c10   00000010  00000008  00000008  RWIX
  DACC                  00005c20   00000010  00000008  00000008  RWIX
  CMPSS1                00005c80   00000020  00000020  00000000  RWIX
  CMPSS2                00005ca0   00000020  00000020  00000000  RWIX
  CMPSS3                00005cc0   00000020  00000020  00000000  RWIX
  CMPSS4                00005ce0   00000020  00000020  00000000  RWIX
  CMPSS5                00005d00   00000020  00000020  00000000  RWIX
  CMPSS6                00005d20   00000020  00000020  00000000  RWIX
  CMPSS7                00005d40   00000020  00000020  00000000  RWIX
  CMPSS8                00005d60   00000020  00000020  00000000  RWIX
  SDFM1                 00005e00   00000080  00000080  00000000  RWIX
  SDFM2                 00005e80   00000080  00000080  00000000  RWIX
  MCBSPA                00006000   00000040  00000024  0000001c  RWIX
  MCBSPB                00006040   00000040  00000024  0000001c  RWIX
  SPIA                  00006100   00000010  00000010  00000000  RWIX
  SPIB                  00006110   00000010  00000010  00000000  RWIX
  SPIC                  00006120   00000010  00000010  00000000  RWIX
  SPID                  00006130   00000010  00000000  00000010  RWIX
  UPP                   00006200   00000100  00000048  000000b8  RWIX
  WD                    00007000   00000040  0000002b  00000015  RWIX
  NMIINTRUPT            00007060   00000010  00000007  00000009  RWIX
  XINT                  00007070   00000010  0000000b  00000005  RWIX
  SCIA                  00007200   00000010  00000010  00000000  RWIX
  SCIB                  00007210   00000010  00000010  00000000  RWIX
  SCIC                  00007220   00000010  00000010  00000000  RWIX
  SCID                  00007230   00000010  00000010  00000000  RWIX
  I2CA                  00007300   00000040  00000022  0000001e  RWIX
  I2CB                  00007340   00000040  00000022  0000001e  RWIX
  ADCA                  00007400   00000080  00000080  00000000  RWIX
  ADCB                  00007480   00000080  00000080  00000000  RWIX
  ADCC                  00007500   00000080  00000080  00000000  RWIX
  ADCD                  00007580   00000080  00000080  00000000  RWIX
  INPUT_XBAR            00007900   00000020  00000020  00000000  RWIX
  XBAR                  00007920   00000020  00000020  00000000  RWIX
  SYNC_SOC              00007940   00000010  00000006  0000000a  RWIX
  DMACLASRCSEL          00007980   00000040  0000001a  00000026  RWIX
  EPWM_XBAR             00007a00   00000040  00000040  00000000  RWIX
  CLB_XBAR              00007a40   00000040  00000000  00000040  RWIX
  OUTPUT_XBAR           00007a80   00000040  00000040  00000000  RWIX
  GPIOCTRL              00007c00   00000180  00000180  00000000  RWIX
  GPIODAT               00007f00   00000030  00000030  00000000  RWIX
  RAMLS0                00008000   00000800  000002be  00000542  RWIX
  RAMLS1                00008800   00000800  00000104  000006fc  RWIX
  RAMLS2                00009000   00000800  00000000  00000800  RWIX
  RAMGS0                0000c000   00001000  00000000  00001000  RWIX
  RAMGS1                0000d000   00001000  00000000  00001000  RWIX
  RAMGS2_GS4            0000e000   00003000  000014eb  00001b15  RWIX
  RAMGS5_13             00011000   00009000  00008ca0  00000360  RWIX
  EMIF1                 00047000   00000800  00000070  00000790  RWIX
  EMIF2                 00047800   00000800  00000070  00000790  RWIX
  CANA                  00048000   00000800  00000164  0000069c  RWIX
  CANB                  0004a000   00000800  00000164  0000069c  RWIX
  FLASHPUMPSEMAPHORE    00050024   00000002  00000002  00000000  RWIX
  DEV_CFG               0005d000   00000180  0000012e  00000052  RWIX
  ANALOG_SUBSYS         0005d180   00000080  00000048  00000038  RWIX
  CLK_CFG               0005d200   00000100  00000032  000000ce  RWIX
  CPU_SYS               0005d300   00000100  00000082  0000007e  RWIX
  ROMPREFETCH           0005e608   00000002  00000002  00000000  RWIX
  DCSM_Z1               0005f000   00000030  00000024  0000000c  RWIX
  DCSM_Z2               0005f040   00000030  00000024  0000000c  RWIX
  DCSM_COMMON           0005f070   00000010  00000008  00000008  RWIX
  MEMCFG                0005f400   00000080  00000080  00000000  RWIX
  EMIF1CONFIG           0005f480   00000020  00000020  00000000  RWIX
  EMIF2CONFIG           0005f4a0   00000020  00000020  00000000  RWIX
  ACCESSPROTECTION      0005f4c0   00000040  00000040  00000000  RWIX
  MEMORYERROR           0005f500   00000040  00000040  00000000  RWIX
  ROMWAITSTATE          0005f540   00000002  00000002  00000000  RWIX
  FLASH0_CTRL           0005f800   00000300  00000182  0000017e  RWIX
  FLASH0_ECC            0005fb00   00000040  00000028  00000018  RWIX
  FLASH1_CTRL           0005fc00   00000300  00000182  0000017e  RWIX
  FLASH1_ECC            0005ff00   00000040  00000028  00000018  RWIX
  DCSM_Z1_OTP           00078000   00000020  00000020  00000000  RWIX
  DCSM_Z2_OTP           00078200   00000020  00000020  00000000  RWIX


SECTION ALLOCATION MAP

 output                                  attributes/
section   page    origin      length       input sections
--------  ----  ----------  ----------   ----------------
.cinit     0    000821f4    00000184     
                  000821f4    0000003a     DCDC_BSP.obj (.cinit)
                  0008222e    00000021     F2837xS_struct.obj (.cinit:_TRIP_SEL)
                  0008224f    0000001d     F2837xS_struct.obj (.cinit:_EPWM)
                  0008226c    00000018     main.obj (.cinit)
                  00082284    00000015     HRPWM_BSP.obj (.cinit:_ePWM)
                  00082299    00000011     F2837xS_struct.obj (.cinit:_ECAP)
                  000822aa    00000010     InitSystem.obj (.cinit)
                  000822ba    0000000f     CAN_BSP.obj (.cinit)
                  000822c9    0000000e     CAN_JN910.obj (.cinit)
                  000822d7    0000000e     rts2800_fpu32.lib : exit.c.obj (.cinit)
                  000822e5    0000000d     F2837xS_struct.obj (.cinit:_ADC)
                  000822f2    0000000c     AD7124_BSP.obj (.cinit)
                  000822fe    0000000b     F2837xS_struct.obj (.cinit:_EQEP)
                  00082309    0000000b     F2837xS_struct.obj (.cinit:_SPI)
                  00082314    0000000b     main.obj (.cinit:_dat1)
                  0008231f    0000000b     main.obj (.cinit:_dat)
                  0008232a    00000009     F2837xS_struct.obj (.cinit:_SDFM)
                  00082333    00000008     CAN_JN910.obj (.cinit:_Ver_Software)
                  0008233b    00000007     F2837xS_struct.obj (.cinit:_I2C)
                  00082342    00000007     F2837xS_struct.obj (.cinit:_MCBSP)
                  00082349    00000007     F2837xS_struct.obj (.cinit:_SCI)
                  00082350    00000007     AD7124_BSP.obj (.cinit:_value)
                  00082357    00000005     rts2800_fpu32.lib : _lock.c.obj (.cinit:__lock)
                  0008235c    00000005                       : _lock.c.obj (.cinit:__unlock)
                  00082361    00000005     AD7124_BSP.obj (.cinit:_ad7124_value)
                  00082366    00000004     Ctr_Fan.obj (.cinit)
                  0008236a    00000004     Ctr_LED.obj (.cinit)
                  0008236e    00000004     F2837xS_sci_io.obj (.cinit)
                  00082372    00000004     SFO_v8_fpu_lib_build_c28.lib : SFO_v7_fpu_lib_build_c28.obj (.cinit)
                  00082376    00000002     --HOLE-- [fill = 0]

.pinit     0    00082000    00000000     UNINITIALIZED

codestart 
*          0    00080000    00000002     
                  00080000    00000002     F2837xS_CodeStartBranch.obj (codestart)

.TI.ramfunc 
*          0    00086000    000006d7     RUN ADDR = 0001b000
                  00086000    00000665     DCDC_BSP.obj (.TI.ramfunc:retain)
                  00086665    0000006e     F2837xS_SysCtrl.obj (.TI.ramfunc)
                  000866d3    00000004     F2837xS_usDelay.obj (.TI.ramfunc)

.text      0    00088000    00005fdc     
                  00088000    000011ea     DCDC_BSP.obj (.text)
                  000891ea    00000b55     CAN_JN910.obj (.text)
                  00089d3f    00000864     HRPWM_BSP.obj (.text)
                  0008a5a3    0000060c     FLASH_BSP.obj (.text)
                  0008abaf    00000585     F2837xS_DefaultISR.obj (.text:retain)
                  0008b134    00000522     can.obj (.text)
                  0008b656    000004b9     Protect_Global.obj (.text)
                  0008bb0f    000003e0     F2837xS_Emif.obj (.text)
                  0008beef    00000369     AD7124_BSP.obj (.text)
                  0008c258    00000345     F2837xS_SysCtrl.obj (.text)
                  0008c59d    0000027d     EEPROM_BSP.obj (.text)
                  0008c81a    00000244     F2837xS_Gpio.obj (.text)
                  0008ca5e    0000021b     CAN_BSP.obj (.text)
                  0008cc79    000001e3     TaskAllot.obj (.text)
                  0008ce5c    000001d1     ADC_BSP.obj (.text)
                  0008d02d    000001ca     interrupt.obj (.text)
                  0008d1f7    000001c9     Ctr_LED.obj (.text)
                  0008d3c0    0000018b     InitSystem.obj (.text:retain)
                  0008d54b    00000174     InitSystem.obj (.text)
                  0008d6bf    0000015b     GPIO_BSP.obj (.text)
                  0008d81a    0000015a     SFO_v8_fpu_lib_build_c28.lib : SFO_v7_fpu_lib_build_c28.obj (.text)
                  0008d974    00000121     F2837xS_EPwm.obj (.text)
                  0008da95    000000f1     F2837xS_Adc.obj (.text)
                  0008db86    00000088     rts2800_fpu32.lib : fs_div28.asm.obj (.text)
                  0008dc0e    00000080     record.obj (.text)
                  0008dc8e    0000007c     F2837xS_CpuTimers.obj (.text)
                  0008dd0a    0000007a     CAN_BSP.obj (.text:retain)
                  0008dd84    00000056     rts2800_fpu32.lib : boot28.asm.obj (.text)
                  0008ddda    00000055     main.obj (.text)
                  0008de2f    00000046     F2837xS_Spi.obj (.text)
                  0008de75    0000003a     SCI_BSP.obj (.text:retain)
                  0008deaf    0000002a     rts2800_fpu32.lib : l_div28.asm.obj (.text)
                  0008ded9    00000029                       : exit.c.obj (.text)
                  0008df02    00000028     F2837xS_PieCtrl.obj (.text)
                  0008df2a    00000026     F2837xS_PieVect.obj (.text)
                  0008df50    00000024     rts2800_fpu32.lib : cpy_tbl.c.obj (.text)
                  0008df74    0000001d                       : memcpy.c.obj (.text)
                  0008df91    0000001b     SCI_BSP.obj (.text)
                  0008dfac    00000012     rts2800_fpu32.lib : args_main.c.obj (.text)
                  0008dfbe    0000000f     interrupt.obj (.text:retain)
                  0008dfcd    00000009     rts2800_fpu32.lib : _lock.c.obj (.text)
                  0008dfd6    00000003     F2837xS_DBGIER.obj (.text)
                  0008dfd9    00000002     rts2800_fpu32.lib : pre_init.c.obj (.text)
                  0008dfdb    00000001                       : startup.c.obj (.text)

.stack     1    00000400    00000200     UNINITIALIZED
                  00000400    00000200     --HOLE--

.ebss      1    0000e000    000014eb     UNINITIALIZED
                  0000e000    00000642     CAN_BSP.obj (.ebss)
                  0000e642    00000038     Protect_Global.obj (.ebss:_Fault_Code)
                  0000e67a    00000006     CAN_JN910.obj (.ebss)
                  0000e680    00000240     EEPROM_BSP.obj (.ebss:_Interface_I2C)
                  0000e8c0    000001ec     FLASH_BSP.obj (.ebss:_Interface_SPI_Flash)
                  0000eaac    00000012     HRPWM_BSP.obj (.ebss:_ePWM)
                  0000eabe    00000002     rts2800_fpu32.lib : _lock.c.obj (.ebss:__lock)
                  0000eac0    00000164     DCDC_BSP.obj (.ebss)
                  0000ec24    0000001c     main.obj (.ebss)
                  0000ec40    00000150     Protect_Global.obj (.ebss:_Protect_Global)
                  0000ed90    00000030     CAN_JN910.obj (.ebss:_AD_Para_Var)
                  0000edc0    000000f8     DCDC_BSP.obj (.ebss:_Data_Sum)
                  0000eeb8    00000008     EEPROM_BSP.obj (.ebss)
                  0000eec0    000000c8     AD7124_BSP.obj (.ebss:_testAD)
                  0000ef88    00000028     DCDC_BSP.obj (.ebss:_Interface_DCDC)
                  0000efb0    00000010     DCDC_BSP.obj (.ebss:_Middle_Data)
                  0000efc0    000000c4     SCI_BSP.obj (.ebss)
                  0000f084    00000026     AD7124_BSP.obj (.ebss)
                  0000f0aa    00000010     DCDC_BSP.obj (.ebss:_Read_Data)
                  0000f0ba    00000006     F2837xS_TempSensorConv.obj (.ebss)
                  0000f0c0    00000080     DCDC_BSP.obj (.ebss:_DCDC_Service)
                  0000f140    00000068     DCDC_BSP.obj (.ebss:_Data_AD_Sum)
                  0000f1a8    00000018     F2837xS_CpuTimers.obj (.ebss)
                  0000f1c0    00000060     DCDC_BSP.obj (.ebss:_CH_PI_Iout)
                  0000f220    00000020     CAN_JN910.obj (.ebss:_Protect_Para_Var)
                  0000f240    00000060     DCDC_BSP.obj (.ebss:_CH_PI_Vout)
                  0000f2a0    00000020     AD7124_BSP.obj (.ebss:_ad7124_value)
                  0000f2c0    00000060     DCDC_BSP.obj (.ebss:_CH_PI_Vsense)
                  0000f320    0000001e     F2837xS_struct.obj (.ebss:_TRIP_SEL)
                  0000f33e    00000002     rts2800_fpu32.lib : _lock.c.obj (.ebss:__unlock)
                  0000f340    00000060     CAN_JN910.obj (.ebss:_Control_Para_Var)
                  0000f3a0    0000001a     F2837xS_struct.obj (.ebss:_EPWM)
                  0000f3ba    00000006     F2837xS_struct.obj (.ebss:_SDFM)
                  0000f3c0    00000050     CAN_JN910.obj (.ebss:_Calibration_Para_Var)
                  0000f410    0000000f     SFO_v8_fpu_lib_build_c28.lib : SFO_v7_fpu_lib_build_c28.obj (.ebss)
                  0000f41f    00000001     Ctr_Fan.obj (.ebss)
                  0000f420    0000000e     F2837xS_struct.obj (.ebss:_ECAP)
                  0000f42e    0000000c     FLASH_BSP.obj (.ebss)
                  0000f43a    00000006     rts2800_fpu32.lib : exit.c.obj (.ebss)
                  0000f440    00000040     CAN_JN910.obj (.ebss:_Debug_Para_Var)
                  0000f480    0000000a     F2837xS_struct.obj (.ebss:_ADC)
                  0000f48a    00000008     TaskAllot.obj (.ebss:_Compen_Cur)
                  0000f492    00000008     F2837xS_struct.obj (.ebss:_EQEP)
                  0000f49a    00000008     DCDC_BSP.obj (.ebss:_Result_Data)
                  0000f4a2    00000008     F2837xS_struct.obj (.ebss:_SPI)
                  0000f4aa    00000008     main.obj (.ebss:_dat1)
                  0000f4b2    00000008     main.obj (.ebss:_dat)
                  0000f4ba    00000005     CAN_JN910.obj (.ebss:_Ver_Software)
                  0000f4bf    00000001     Ctr_LED.obj (.ebss)
                  0000f4c0    00000005     record.obj (.ebss)
                  0000f4c5    00000001     F2837xS_sci_io.obj (.ebss)
                  0000f4c6    00000004     HRPWM_BSP.obj (.ebss)
                  0000f4ca    00000004     InitSystem.obj (.ebss)
                  0000f4ce    00000004     Ctr_LED.obj (.ebss:_Cnt1_LED_Green)
                  0000f4d2    00000004     Ctr_LED.obj (.ebss:_Cnt1_LED_Red)
                  0000f4d6    00000004     F2837xS_struct.obj (.ebss:_I2C)
                  0000f4da    00000004     F2837xS_struct.obj (.ebss:_MCBSP)
                  0000f4de    00000004     CAN_JN910.obj (.ebss:_Run_Mode_Var)
                  0000f4e2    00000004     F2837xS_struct.obj (.ebss:_SCI)
                  0000f4e6    00000004     AD7124_BSP.obj (.ebss:_value)
                  0000f4ea    00000001     TaskAllot.obj (.ebss:_testvalue)

.econst    0    00082000    000001f3     
                  00082000    000001c0     F2837xS_PieVect.obj (.econst:_PieVectTableInit)
                  000821c0    00000022     CAN_JN910.obj (.econst:_sCANFunJump)
                  000821e2    00000009     can.obj (.econst:_g_ui16CANBitValues)
                  000821eb    00000008     AD7124_BSP.obj (.econst:.string:_$P$T0$1)

.switch    0    00082378    00000034     
                  00082378    00000034     FLASH_BSP.obj (.switch:_SPI_Flash_Service)

.reset     0    003fffc0    00000002     DSECT
                  003fffc0    00000002     rts2800_fpu32.lib : boot28.asm.obj (.reset)

Cla1Prog   0    00090000    0000139a     RUN ADDR = 00009800
                  00090000    0000047c     cla_shared.obj (Cla1Prog:_Cla1Task3)
                  0009047c    00000452     cla_shared.obj (Cla1Prog:_Cla1Task1)
                  000908ce    00000452     cla_shared.obj (Cla1Prog:_Cla1Task2)
                  00090d20    00000452     cla_shared.obj (Cla1Prog:_Cla1Task4)
                  00091172    000000e0     cla_shared.obj (Cla1Prog:_SynRect_Boost)
                  00091252    000000e0     cla_shared.obj (Cla1Prog:_SynRect_Buck)
                  00091332    00000050     cla_shared.obj (Cla1Prog:_Cla1Task8)
                  00091382    00000008     cla_shared.obj (Cla1Prog:_Cla1Task5)
                  0009138a    00000008     cla_shared.obj (Cla1Prog:_Cla1Task6)
                  00091392    00000008     cla_shared.obj (Cla1Prog:_Cla1Task7)

AdcaResultFile 
*          1    00000b00    00000018     UNINITIALIZED
                  00000b00    00000018     F2837xS_GlobalVariableDefs.obj (AdcaResultFile)

AdcbResultFile 
*          1    00000b20    00000018     UNINITIALIZED
                  00000b20    00000018     F2837xS_GlobalVariableDefs.obj (AdcbResultFile)

AdccResultFile 
*          1    00000b40    00000018     UNINITIALIZED
                  00000b40    00000018     F2837xS_GlobalVariableDefs.obj (AdccResultFile)

AdcdResultFile 
*          1    00000b60    00000018     UNINITIALIZED
                  00000b60    00000018     F2837xS_GlobalVariableDefs.obj (AdcdResultFile)

CpuTimer0RegsFile 
*          1    00000c00    00000008     UNINITIALIZED
                  00000c00    00000008     F2837xS_GlobalVariableDefs.obj (CpuTimer0RegsFile)

CpuTimer1RegsFile 
*          1    00000c08    00000008     UNINITIALIZED
                  00000c08    00000008     F2837xS_GlobalVariableDefs.obj (CpuTimer1RegsFile)

CpuTimer2RegsFile 
*          1    00000c10    00000008     UNINITIALIZED
                  00000c10    00000008     F2837xS_GlobalVariableDefs.obj (CpuTimer2RegsFile)

PieCtrlRegsFile 
*          1    00000ce0    0000001a     UNINITIALIZED
                  00000ce0    0000001a     F2837xS_GlobalVariableDefs.obj (PieCtrlRegsFile)

PieVectTableFile 
*          1    00000d00    000001c0     UNINITIALIZED
                  00000d00    000001c0     F2837xS_GlobalVariableDefs.obj (PieVectTableFile)

EmuKeyVar 
*          1    00000d00    00000001     UNINITIALIZED
                  00000d00    00000001     F2837xS_GlobalVariableDefs.obj (EmuKeyVar)

EmuBModeVar 
*          1    00000d01    00000001     UNINITIALIZED
                  00000d01    00000001     F2837xS_GlobalVariableDefs.obj (EmuBModeVar)

FlashCallbackVar 
*          1    00000d02    00000000     UNINITIALIZED

FlashScalingVar 
*          1    00000d02    00000000     UNINITIALIZED

DmaRegsFile 
*          1    00001000    000000e0     UNINITIALIZED
                  00001000    000000e0     F2837xS_GlobalVariableDefs.obj (DmaRegsFile)

Cla1RegsFile 
*          1    00001400    0000003e     UNINITIALIZED
                  00001400    0000003e     F2837xS_GlobalVariableDefs.obj (Cla1RegsFile)

EPwm1RegsFile 
*          1    00004000    00000100     UNINITIALIZED
                  00004000    00000100     F2837xS_GlobalVariableDefs.obj (EPwm1RegsFile)

EPwm2RegsFile 
*          1    00004100    00000100     UNINITIALIZED
                  00004100    00000100     F2837xS_GlobalVariableDefs.obj (EPwm2RegsFile)

EPwm3RegsFile 
*          1    00004200    00000100     UNINITIALIZED
                  00004200    00000100     F2837xS_GlobalVariableDefs.obj (EPwm3RegsFile)

EPwm4RegsFile 
*          1    00004300    00000100     UNINITIALIZED
                  00004300    00000100     F2837xS_GlobalVariableDefs.obj (EPwm4RegsFile)

EPwm5RegsFile 
*          1    00004400    00000100     UNINITIALIZED
                  00004400    00000100     F2837xS_GlobalVariableDefs.obj (EPwm5RegsFile)

EPwm6RegsFile 
*          1    00004500    00000100     UNINITIALIZED
                  00004500    00000100     F2837xS_GlobalVariableDefs.obj (EPwm6RegsFile)

EPwm7RegsFile 
*          1    00004600    00000100     UNINITIALIZED
                  00004600    00000100     F2837xS_GlobalVariableDefs.obj (EPwm7RegsFile)

EPwm8RegsFile 
*          1    00004700    00000100     UNINITIALIZED
                  00004700    00000100     F2837xS_GlobalVariableDefs.obj (EPwm8RegsFile)

EPwm9RegsFile 
*          1    00004800    00000100     UNINITIALIZED
                  00004800    00000100     F2837xS_GlobalVariableDefs.obj (EPwm9RegsFile)

EPwm10RegsFile 
*          1    00004900    00000100     UNINITIALIZED
                  00004900    00000100     F2837xS_GlobalVariableDefs.obj (EPwm10RegsFile)

EPwm11RegsFile 
*          1    00004a00    00000100     UNINITIALIZED
                  00004a00    00000100     F2837xS_GlobalVariableDefs.obj (EPwm11RegsFile)

EPwm12RegsFile 
*          1    00004b00    00000100     UNINITIALIZED
                  00004b00    00000100     F2837xS_GlobalVariableDefs.obj (EPwm12RegsFile)

ECap1RegsFile 
*          1    00005000    00000020     UNINITIALIZED
                  00005000    00000020     F2837xS_GlobalVariableDefs.obj (ECap1RegsFile)

ECap2RegsFile 
*          1    00005020    00000020     UNINITIALIZED
                  00005020    00000020     F2837xS_GlobalVariableDefs.obj (ECap2RegsFile)

ECap3RegsFile 
*          1    00005040    00000020     UNINITIALIZED
                  00005040    00000020     F2837xS_GlobalVariableDefs.obj (ECap3RegsFile)

ECap4RegsFile 
*          1    00005060    00000020     UNINITIALIZED
                  00005060    00000020     F2837xS_GlobalVariableDefs.obj (ECap4RegsFile)

ECap5RegsFile 
*          1    00005080    00000020     UNINITIALIZED
                  00005080    00000020     F2837xS_GlobalVariableDefs.obj (ECap5RegsFile)

ECap6RegsFile 
*          1    000050a0    00000020     UNINITIALIZED
                  000050a0    00000020     F2837xS_GlobalVariableDefs.obj (ECap6RegsFile)

EQep1RegsFile 
*          1    00005100    00000022     UNINITIALIZED
                  00005100    00000022     F2837xS_GlobalVariableDefs.obj (EQep1RegsFile)

EQep2RegsFile 
*          1    00005140    00000022     UNINITIALIZED
                  00005140    00000022     F2837xS_GlobalVariableDefs.obj (EQep2RegsFile)

EQep3RegsFile 
*          1    00005180    00000022     UNINITIALIZED
                  00005180    00000022     F2837xS_GlobalVariableDefs.obj (EQep3RegsFile)

DacaRegsFile 
*          1    00005c00    00000008     UNINITIALIZED
                  00005c00    00000008     F2837xS_GlobalVariableDefs.obj (DacaRegsFile)

DacbRegsFile 
*          1    00005c10    00000008     UNINITIALIZED
                  00005c10    00000008     F2837xS_GlobalVariableDefs.obj (DacbRegsFile)

DaccRegsFile 
*          1    00005c20    00000008     UNINITIALIZED
                  00005c20    00000008     F2837xS_GlobalVariableDefs.obj (DaccRegsFile)

Sdfm1RegsFile 
*          1    00005e00    00000080     UNINITIALIZED
                  00005e00    00000080     F2837xS_GlobalVariableDefs.obj (Sdfm1RegsFile)

Sdfm2RegsFile 
*          1    00005e80    00000080     UNINITIALIZED
                  00005e80    00000080     F2837xS_GlobalVariableDefs.obj (Sdfm2RegsFile)

McbspaRegsFile 
*          1    00006000    00000024     UNINITIALIZED
                  00006000    00000024     F2837xS_GlobalVariableDefs.obj (McbspaRegsFile)

McbspbRegsFile 
*          1    00006040    00000024     UNINITIALIZED
                  00006040    00000024     F2837xS_GlobalVariableDefs.obj (McbspbRegsFile)

SpiaRegsFile 
*          1    00006100    00000010     UNINITIALIZED
                  00006100    00000010     F2837xS_GlobalVariableDefs.obj (SpiaRegsFile)

SpibRegsFile 
*          1    00006110    00000010     UNINITIALIZED
                  00006110    00000010     F2837xS_GlobalVariableDefs.obj (SpibRegsFile)

SpicRegsFile 
*          1    00006120    00000010     UNINITIALIZED
                  00006120    00000010     F2837xS_GlobalVariableDefs.obj (SpicRegsFile)

UppRegsFile 
*          1    00006200    00000048     UNINITIALIZED
                  00006200    00000048     F2837xS_GlobalVariableDefs.obj (UppRegsFile)

WdRegsFile 
*          1    00007000    0000002b     UNINITIALIZED
                  00007000    0000002b     F2837xS_GlobalVariableDefs.obj (WdRegsFile)

NmiIntruptRegsFile 
*          1    00007060    00000007     UNINITIALIZED
                  00007060    00000007     F2837xS_GlobalVariableDefs.obj (NmiIntruptRegsFile)

XintRegsFile 
*          1    00007070    0000000b     UNINITIALIZED
                  00007070    0000000b     F2837xS_GlobalVariableDefs.obj (XintRegsFile)

SciaRegsFile 
*          1    00007200    00000010     UNINITIALIZED
                  00007200    00000010     F2837xS_GlobalVariableDefs.obj (SciaRegsFile)

ScibRegsFile 
*          1    00007210    00000010     UNINITIALIZED
                  00007210    00000010     F2837xS_GlobalVariableDefs.obj (ScibRegsFile)

ScicRegsFile 
*          1    00007220    00000010     UNINITIALIZED
                  00007220    00000010     F2837xS_GlobalVariableDefs.obj (ScicRegsFile)

ScidRegsFile 
*          1    00007230    00000010     UNINITIALIZED
                  00007230    00000010     F2837xS_GlobalVariableDefs.obj (ScidRegsFile)

I2caRegsFile 
*          1    00007300    00000022     UNINITIALIZED
                  00007300    00000022     F2837xS_GlobalVariableDefs.obj (I2caRegsFile)

I2cbRegsFile 
*          1    00007340    00000022     UNINITIALIZED
                  00007340    00000022     F2837xS_GlobalVariableDefs.obj (I2cbRegsFile)

AdcaRegsFile 
*          1    00007400    00000080     UNINITIALIZED
                  00007400    00000080     F2837xS_GlobalVariableDefs.obj (AdcaRegsFile)

AdcbRegsFile 
*          1    00007480    00000080     UNINITIALIZED
                  00007480    00000080     F2837xS_GlobalVariableDefs.obj (AdcbRegsFile)

AdccRegsFile 
*          1    00007500    00000080     UNINITIALIZED
                  00007500    00000080     F2837xS_GlobalVariableDefs.obj (AdccRegsFile)

AdcdRegsFile 
*          1    00007580    00000080     UNINITIALIZED
                  00007580    00000080     F2837xS_GlobalVariableDefs.obj (AdcdRegsFile)

InputXbarRegsFile 
*          1    00007900    00000020     UNINITIALIZED
                  00007900    00000020     F2837xS_GlobalVariableDefs.obj (InputXbarRegsFile)

XbarRegsFile 
*          1    00007920    00000020     UNINITIALIZED
                  00007920    00000020     F2837xS_GlobalVariableDefs.obj (XbarRegsFile)

SyncSocRegsFile 
*          1    00007940    00000006     UNINITIALIZED
                  00007940    00000006     F2837xS_GlobalVariableDefs.obj (SyncSocRegsFile)

DmaClaSrcSelRegsFile 
*          1    00007980    0000001a     UNINITIALIZED
                  00007980    0000001a     F2837xS_GlobalVariableDefs.obj (DmaClaSrcSelRegsFile)

EPwmXbarRegsFile 
*          1    00007a00    00000040     UNINITIALIZED
                  00007a00    00000040     F2837xS_GlobalVariableDefs.obj (EPwmXbarRegsFile)

OutputXbarRegsFile 
*          1    00007a80    00000040     UNINITIALIZED
                  00007a80    00000040     F2837xS_GlobalVariableDefs.obj (OutputXbarRegsFile)

GpioCtrlRegsFile 
*          1    00007c00    00000180     UNINITIALIZED
                  00007c00    00000180     F2837xS_GlobalVariableDefs.obj (GpioCtrlRegsFile)

GpioDataRegsFile 
*          1    00007f00    00000030     UNINITIALIZED
                  00007f00    00000030     F2837xS_GlobalVariableDefs.obj (GpioDataRegsFile)

CLADataLS0 
*          1    00008000    000002be     UNINITIALIZED
                  00008000    000002be     cla_shared.obj (CLADataLS0)

Cla1ToCpuMsgRAM 
*          1    00001480    00000004     UNINITIALIZED
                  00001480    00000004     cla_shared.obj (Cla1ToCpuMsgRAM)

CpuToCla1MsgRAM 
*          1    00001500    00000016     UNINITIALIZED
                  00001500    00000016     cla_shared.obj (CpuToCla1MsgRAM)

CLAscratch 
*          1    00008800    00000100     UNINITIALIZED
                  00008800    00000100     --HOLE--

.const_cla 
*          1    00008800    00000000     UNINITIALIZED

.scratchpad 
*          1    00008900    00000002     UNINITIALIZED
                  00008900    00000002     cla_shared.obj (.scratchpad:Cla1Prog:_SynRect_Buck)
                  00008900    00000002     cla_shared.obj (.scratchpad:Cla1Prog:_SynRect_Boost)

.bss_cla   1    00008902    00000002     UNINITIALIZED
                  00008902    00000002     cla_shared.obj (.bss_cla)

Comtrade_DataBufferFile 
*          1    00011000    00005dc0     UNINITIALIZED
                  00011000    00005dc0     F2837xS_GlobalVariableDefs.obj (Comtrade_DataBufferFile)

CH_SAM_BUFFile 
*          1    00016dc0    00002ee0     UNINITIALIZED
                  00016dc0    00002ee0     F2837xS_GlobalVariableDefs.obj (CH_SAM_BUFFile)

Emif1RegsFile 
*          1    00047000    00000070     UNINITIALIZED
                  00047000    00000070     F2837xS_GlobalVariableDefs.obj (Emif1RegsFile)

Emif2RegsFile 
*          1    00047800    00000070     UNINITIALIZED
                  00047800    00000070     F2837xS_GlobalVariableDefs.obj (Emif2RegsFile)

CanaRegsFile 
*          1    00048000    00000164     UNINITIALIZED
                  00048000    00000164     F2837xS_GlobalVariableDefs.obj (CanaRegsFile)

CanbRegsFile 
*          1    0004a000    00000164     UNINITIALIZED
                  0004a000    00000164     F2837xS_GlobalVariableDefs.obj (CanbRegsFile)

AnalogSubsysRegsFile 
*          1    0005d180    00000048     UNINITIALIZED
                  0005d180    00000048     F2837xS_GlobalVariableDefs.obj (AnalogSubsysRegsFile)

Cla1SoftIntRegsFile 
*          1    00000ce0    00000004     DSECT
                  00000ce0    00000004     F2837xS_GlobalVariableDefs.obj (Cla1SoftIntRegsFile)

Cmpss1RegsFile 
*          1    00005c80    00000020     UNINITIALIZED
                  00005c80    00000020     F2837xS_GlobalVariableDefs.obj (Cmpss1RegsFile)

Cmpss2RegsFile 
*          1    00005ca0    00000020     UNINITIALIZED
                  00005ca0    00000020     F2837xS_GlobalVariableDefs.obj (Cmpss2RegsFile)

Cmpss3RegsFile 
*          1    00005cc0    00000020     UNINITIALIZED
                  00005cc0    00000020     F2837xS_GlobalVariableDefs.obj (Cmpss3RegsFile)

Cmpss4RegsFile 
*          1    00005ce0    00000020     UNINITIALIZED
                  00005ce0    00000020     F2837xS_GlobalVariableDefs.obj (Cmpss4RegsFile)

Cmpss5RegsFile 
*          1    00005d00    00000020     UNINITIALIZED
                  00005d00    00000020     F2837xS_GlobalVariableDefs.obj (Cmpss5RegsFile)

Cmpss6RegsFile 
*          1    00005d20    00000020     UNINITIALIZED
                  00005d20    00000020     F2837xS_GlobalVariableDefs.obj (Cmpss6RegsFile)

Cmpss7RegsFile 
*          1    00005d40    00000020     UNINITIALIZED
                  00005d40    00000020     F2837xS_GlobalVariableDefs.obj (Cmpss7RegsFile)

Cmpss8RegsFile 
*          1    00005d60    00000020     UNINITIALIZED
                  00005d60    00000020     F2837xS_GlobalVariableDefs.obj (Cmpss8RegsFile)

FlashPumpSemaphoreRegsFile 
*          1    00050024    00000002     UNINITIALIZED
                  00050024    00000002     F2837xS_GlobalVariableDefs.obj (FlashPumpSemaphoreRegsFile)

RomPrefetchRegsFile 
*          1    0005e608    00000002     UNINITIALIZED
                  0005e608    00000002     F2837xS_GlobalVariableDefs.obj (RomPrefetchRegsFile)

DcsmZ1RegsFile 
*          1    0005f000    00000024     UNINITIALIZED
                  0005f000    00000024     F2837xS_GlobalVariableDefs.obj (DcsmZ1RegsFile)

DcsmZ2RegsFile 
*          1    0005f040    00000024     UNINITIALIZED
                  0005f040    00000024     F2837xS_GlobalVariableDefs.obj (DcsmZ2RegsFile)

DcsmCommonRegsFile 
*          1    0005f070    00000008     UNINITIALIZED
                  0005f070    00000008     F2837xS_GlobalVariableDefs.obj (DcsmCommonRegsFile)

MemCfgRegsFile 
*          1    0005f400    00000080     UNINITIALIZED
                  0005f400    00000080     F2837xS_GlobalVariableDefs.obj (MemCfgRegsFile)

Emif1ConfigRegsFile 
*          1    0005f480    00000020     UNINITIALIZED
                  0005f480    00000020     F2837xS_GlobalVariableDefs.obj (Emif1ConfigRegsFile)

Emif2ConfigRegsFile 
*          1    0005f4a0    00000020     UNINITIALIZED
                  0005f4a0    00000020     F2837xS_GlobalVariableDefs.obj (Emif2ConfigRegsFile)

AccessProtectionRegsFile 
*          1    0005f4c0    00000040     UNINITIALIZED
                  0005f4c0    00000040     F2837xS_GlobalVariableDefs.obj (AccessProtectionRegsFile)

MemoryErrorRegsFile 
*          1    0005f500    00000040     UNINITIALIZED
                  0005f500    00000040     F2837xS_GlobalVariableDefs.obj (MemoryErrorRegsFile)

RomWaitStateRegsFile 
*          1    0005f540    00000002     UNINITIALIZED
                  0005f540    00000002     F2837xS_GlobalVariableDefs.obj (RomWaitStateRegsFile)

Flash0CtrlRegsFile 
*          1    0005f800    00000182     UNINITIALIZED
                  0005f800    00000182     F2837xS_GlobalVariableDefs.obj (Flash0CtrlRegsFile)

Flash0EccRegsFile 
*          1    0005fb00    00000028     UNINITIALIZED
                  0005fb00    00000028     F2837xS_GlobalVariableDefs.obj (Flash0EccRegsFile)

Flash1CtrlRegsFile 
*          1    0005fc00    00000182     UNINITIALIZED
                  0005fc00    00000182     F2837xS_GlobalVariableDefs.obj (Flash1CtrlRegsFile)

Flash1EccRegsFile 
*          1    0005ff00    00000028     UNINITIALIZED
                  0005ff00    00000028     F2837xS_GlobalVariableDefs.obj (Flash1EccRegsFile)

DcsmZ1OtpFile 
*          1    00078000    00000020     NOLOAD SECTION
                  00078000    00000020     F2837xS_GlobalVariableDefs.obj (DcsmZ1OtpFile)

DcsmZ2OtpFile 
*          1    00078200    00000020     NOLOAD SECTION
                  00078200    00000020     F2837xS_GlobalVariableDefs.obj (DcsmZ2OtpFile)

DevCfgRegsFile 
*          1    0005d000    0000012e     UNINITIALIZED
                  0005d000    0000012e     F2837xS_GlobalVariableDefs.obj (DevCfgRegsFile)

ClkCfgRegsFile 
*          1    0005d200    00000032     UNINITIALIZED
                  0005d200    00000032     F2837xS_GlobalVariableDefs.obj (ClkCfgRegsFile)

CpuSysRegsFile 
*          1    0005d300    00000082     UNINITIALIZED
                  0005d300    00000082     F2837xS_GlobalVariableDefs.obj (CpuSysRegsFile)

MODULE SUMMARY

       Module                           code    initialized data   uninitialized data
       ------                           ----    ----------------   ------------------
    .\APP\source\
       cla_shared.obj                   10036   0                  734               
       CAN_JN910.obj                    2901    56                 335               
       Protect_Global.obj               1209    0                  392               
       InitSystem.obj                   767     16                 4                 
       TaskAllot.obj                    483     0                  9                 
       Ctr_LED.obj                      457     4                  9                 
       main.obj                         85      46                 44                
       record.obj                       128     0                  5                 
       Ctr_Fan.obj                      0       4                  1                 
    +--+--------------------------------+-------+------------------+--------------------+
       Total:                           16066   126                1533              
                                                                                     
    .\F2837xS_BSP\source\
       DCDC_BSP.obj                     7860    58                 1204              
       CAN_BSP.obj                      661     15                 1602              
       HRPWM_BSP.obj                    2148    21                 22                
       FLASH_BSP.obj                    1548    52                 504               
       EEPROM_BSP.obj                   637     0                  584               
       AD7124_BSP.obj                   873     32                 274               
       ADC_BSP.obj                      465     0                  0                 
       GPIO_BSP.obj                     347     0                  0                 
       SCI_BSP.obj                      85      0                  196               
    +--+--------------------------------+-------+------------------+--------------------+
       Total:                           14624   178                4386              
                                                                                     
    .\F2837xS_common\C_lib\
       can.obj                          1314    9                  0                 
       interrupt.obj                    473     0                  0                 
    +--+--------------------------------+-------+------------------+--------------------+
       Total:                           1787    9                  0                 
                                                                                     
    .\F2837xS_common\source\
       F2837xS_DefaultISR.obj           1413    0                  0                 
       F2837xS_SysCtrl.obj              1057    0                  0                 
       F2837xS_Emif.obj                 992     0                  0                 
       F2837xS_Gpio.obj                 580     0                  0                 
       F2837xS_PieVect.obj              38      448                0                 
       F2837xS_EPwm.obj                 289     0                  0                 
       F2837xS_struct.obj               0       144                114               
       F2837xS_Adc.obj                  241     0                  0                 
       F2837xS_CpuTimers.obj            124     0                  24                
       F2837xS_Spi.obj                  70      0                  0                 
       F2837xS_PieCtrl.obj              40      0                  0                 
       F2837xS_usDelay.obj              8       0                  0                 
       F2837xS_TempSensorConv.obj       0       0                  6                 
       F2837xS_sci_io.obj               0       4                  1                 
       F2837xS_DBGIER.obj               3       0                  0                 
       F2837xS_CodeStartBranch.obj      2       0                  0                 
    +--+--------------------------------+-------+------------------+--------------------+
       Total:                           4857    596                145               
                                                                                     
    .\F2837xS_headers\source\
       F2837xS_GlobalVariableDefs.obj   0       0                  45149             
    +--+--------------------------------+-------+------------------+--------------------+
       Total:                           0       0                  45149             
                                                                                     
    ../F2837xS_common/lib/SFO_v8_fpu_lib_build_c28.lib
       SFO_v7_fpu_lib_build_c28.obj     346     4                  15                
    +--+--------------------------------+-------+------------------+--------------------+
       Total:                           346     4                  15                
                                                                                     
    E:\ti\ccs1010\ccs\tools\compiler\ti-cgt-c2000_20.2.1.LTS\lib\rts2800_fpu32.lib
       fs_div28.asm.obj                 136     0                  0                 
       boot28.asm.obj                   86      0                  0                 
       exit.c.obj                       41      14                 6                 
       l_div28.asm.obj                  42      0                  0                 
       cpy_tbl.c.obj                    36      0                  0                 
       memcpy.c.obj                     29      0                  0                 
       _lock.c.obj                      9       10                 4                 
       args_main.c.obj                  18      0                  0                 
       pre_init.c.obj                   2       0                  0                 
       startup.c.obj                    1       0                  0                 
    +--+--------------------------------+-------+------------------+--------------------+
       Total:                           400     24                 10                
                                                                                     
       Stack:                           0       0                  512               
    +--+--------------------------------+-------+------------------+--------------------+
       Grand Total:                     38080   937                51750             


GLOBAL DATA SYMBOLS: SORTED BY DATA PAGE

address     data page           name
--------    ----------------    ----
00000400      10 (00000400)     __stack

00000b00      2c (00000b00)     _AdcaResultRegs
00000b20      2c (00000b00)     _AdcbResultRegs

00000b40      2d (00000b40)     _AdccResultRegs
00000b60      2d (00000b40)     _AdcdResultRegs

00000c00      30 (00000c00)     _CpuTimer0Regs
00000c08      30 (00000c00)     _CpuTimer1Regs
00000c10      30 (00000c00)     _CpuTimer2Regs

00000ce0      33 (00000cc0)     _Cla1SoftIntRegs
00000ce0      33 (00000cc0)     _PieCtrlRegs

00000d00      34 (00000d00)     _EmuKey
00000d00      34 (00000d00)     _PieVectTable
00000d01      34 (00000d00)     _EmuBMode

00001000      40 (00001000)     _DmaRegs

00001400      50 (00001400)     _Cla1Regs

00001480      52 (00001480)     _fResult
00001482      52 (00001480)     _fResult2

00001500      54 (00001500)     _fVal
00001502      54 (00001500)     _fVal2
00001504      54 (00001500)     _IdRef
0000150c      54 (00001500)     _PWM_Ready
00001514      54 (00001500)     _MEP_Scale

00004000     100 (00004000)     _EPwm1Regs

00004100     104 (00004100)     _EPwm2Regs

00004200     108 (00004200)     _EPwm3Regs

00004300     10c (00004300)     _EPwm4Regs

00004400     110 (00004400)     _EPwm5Regs

00004500     114 (00004500)     _EPwm6Regs

00004600     118 (00004600)     _EPwm7Regs

00004700     11c (00004700)     _EPwm8Regs

00004800     120 (00004800)     _EPwm9Regs

00004900     124 (00004900)     _EPwm10Regs

00004a00     128 (00004a00)     _EPwm11Regs

00004b00     12c (00004b00)     _EPwm12Regs

00005000     140 (00005000)     _ECap1Regs
00005020     140 (00005000)     _ECap2Regs

00005040     141 (00005040)     _ECap3Regs
00005060     141 (00005040)     _ECap4Regs

00005080     142 (00005080)     _ECap5Regs
000050a0     142 (00005080)     _ECap6Regs

00005100     144 (00005100)     _EQep1Regs

00005140     145 (00005140)     _EQep2Regs

00005180     146 (00005180)     _EQep3Regs

00005c00     170 (00005c00)     _DacaRegs
00005c10     170 (00005c00)     _DacbRegs
00005c20     170 (00005c00)     _DaccRegs

00005c80     172 (00005c80)     _Cmpss1Regs
00005ca0     172 (00005c80)     _Cmpss2Regs

00005cc0     173 (00005cc0)     _Cmpss3Regs
00005ce0     173 (00005cc0)     _Cmpss4Regs

00005d00     174 (00005d00)     _Cmpss5Regs
00005d20     174 (00005d00)     _Cmpss6Regs

00005d40     175 (00005d40)     _Cmpss7Regs
00005d60     175 (00005d40)     _Cmpss8Regs

00005e00     178 (00005e00)     _Sdfm1Regs

00005e80     17a (00005e80)     _Sdfm2Regs

00006000     180 (00006000)     _McbspaRegs

00006040     181 (00006040)     _McbspbRegs

00006100     184 (00006100)     _SpiaRegs
00006110     184 (00006100)     _SpibRegs
00006120     184 (00006100)     _SpicRegs

00006200     188 (00006200)     _UppRegs

00007000     1c0 (00007000)     _WdRegs

00007060     1c1 (00007040)     _NmiIntruptRegs
00007070     1c1 (00007040)     _XintRegs

00007200     1c8 (00007200)     _SciaRegs
00007210     1c8 (00007200)     _ScibRegs
00007220     1c8 (00007200)     _ScicRegs
00007230     1c8 (00007200)     _ScidRegs

00007300     1cc (00007300)     _I2caRegs

00007340     1cd (00007340)     _I2cbRegs

00007400     1d0 (00007400)     _AdcaRegs

00007480     1d2 (00007480)     _AdcbRegs

00007500     1d4 (00007500)     _AdccRegs

00007580     1d6 (00007580)     _AdcdRegs

00007900     1e4 (00007900)     _InputXbarRegs
00007920     1e4 (00007900)     _XbarRegs

00007940     1e5 (00007940)     _SyncSocRegs

00007980     1e6 (00007980)     _DmaClaSrcSelRegs

00007a00     1e8 (00007a00)     _EPwmXbarRegs

00007a80     1ea (00007a80)     _OutputXbarRegs

00007c00     1f0 (00007c00)     _GpioCtrlRegs

00007f00     1fc (00007f00)     _GpioDataRegs

00008000     200 (00008000)     _pi_id
00008018     200 (00008000)     _pi_iq
00008030     200 (00008000)     _pi_spd

00008048     201 (00008040)     _pwm1
00008052     201 (00008040)     _fclVars

0000819a     206 (00008180)     _CH_A

000081f2     207 (000081c0)     _CH_B

0000824a     209 (00008240)     _ADCA_Sample

00008902     224 (00008900)     _test1

0000e000     380 (0000e000)     _i
0000e002     380 (0000e000)     _txMsgCount
0000e004     380 (0000e000)     _rxMsgCount
0000e006     380 (0000e000)     _errorFlag
0000e008     380 (0000e000)     _Active_Report
0000e010     380 (0000e000)     _pack
0000e01e     380 (0000e000)     _pack_tx
0000e02c     380 (0000e000)     _sTXCANMessage

0000e040     381 (0000e040)     _sRXCANMessage
0000e052     381 (0000e040)     _sTXCAN_JN910
0000e064     381 (0000e040)     _sRXCAN_JN910

0000e080     382 (0000e080)     _que1Con

0000e380     38e (0000e380)     _que2Con

0000e642     399 (0000e640)     _Fault_Code
0000e67a     399 (0000e640)     _n

0000e680     39a (0000e680)     _Interface_I2C

0000e8c0     3a3 (0000e8c0)     _Interface_SPI_Flash

0000eaac     3aa (0000ea80)     _ePWM
0000eabe     3aa (0000ea80)     __lock

0000eac0     3ab (0000eac0)     _Tm200us
0000eac1     3ab (0000eac0)     _Tm1ms
0000eac2     3ab (0000eac0)     _Tm2ms
0000eac3     3ab (0000eac0)     _Tm10ms
0000eac4     3ab (0000eac0)     _Tm1s
0000eac5     3ab (0000eac0)     _cnt
0000eac6     3ab (0000eac0)     _count
0000eac7     3ab (0000eac0)     _Cnt_Tick
0000eac8     3ab (0000eac0)     _time_interupt
0000eac9     3ab (0000eac0)     _waitimecnt
0000eaca     3ab (0000eac0)     _waitimecnt1
0000eacc     3ab (0000eac0)     _ExRamStart
0000eace     3ab (0000eac0)     _gCputime0_time1
0000ead0     3ab (0000eac0)     _gCputime0_time2
0000ead2     3ab (0000eac0)     _gCputime0_time3
0000ead4     3ab (0000eac0)     _gCputime0_max
0000ead6     3ab (0000eac0)     _start_time
0000ead8     3ab (0000eac0)     _stop_time
0000eada     3ab (0000eac0)     _calc_time
0000eadc     3ab (0000eac0)     _Temp235
0000eade     3ab (0000eac0)     _CH_Public_Variable

0000eb00     3ac (0000eb00)     _Filter_Coeff

0000ec24     3b0 (0000ec00)     _Flag_Tick
0000ec25     3b0 (0000ec00)     _AdcaResult0
0000ec26     3b0 (0000ec00)     _AdcaResult1
0000ec27     3b0 (0000ec00)     _AdcaResult2
0000ec28     3b0 (0000ec00)     _AdcaResult3
0000ec29     3b0 (0000ec00)     _AdcaResult4
0000ec2a     3b0 (0000ec00)     _AdcaResult5
0000ec2b     3b0 (0000ec00)     _AdcaResult14
0000ec2c     3b0 (0000ec00)     _AdcaResult15
0000ec2d     3b0 (0000ec00)     _AdcbResult0
0000ec2e     3b0 (0000ec00)     _AdcbResult1
0000ec2f     3b0 (0000ec00)     _AdcbResult2
0000ec30     3b0 (0000ec00)     _AdcbResult3
0000ec31     3b0 (0000ec00)     _AdccResult2
0000ec32     3b0 (0000ec00)     _AdccResult3
0000ec33     3b0 (0000ec00)     _AdcdResult0
0000ec34     3b0 (0000ec00)     _AdcdResult1
0000ec35     3b0 (0000ec00)     _testdata
0000ec36     3b0 (0000ec00)     _status
0000ec38     3b0 (0000ec00)     _Temp3
0000ec3a     3b0 (0000ec00)     _Temp2
0000ec3c     3b0 (0000ec00)     _Temp1
0000ec3e     3b0 (0000ec00)     _Temp0

0000ec40     3b1 (0000ec40)     _Protect_Global

0000ed90     3b6 (0000ed80)     _AD_Para_Var

0000edc0     3b7 (0000edc0)     _Data_Sum

0000eeb8     3ba (0000ee80)     _I2C_Service

0000eec0     3bb (0000eec0)     _testAD

0000ef88     3be (0000ef80)     _Interface_DCDC
0000efb0     3be (0000ef80)     _Middle_Data

0000efc0     3bf (0000efc0)     _SCIA_TX

0000f040     3c1 (0000f040)     _SCIA_RX

0000f084     3c2 (0000f080)     _AD7124_Start_Read
0000f085     3c2 (0000f080)     _check_ready
0000f086     3c2 (0000f080)     _k
0000f088     3c2 (0000f080)     _Data_AD7124_Sum
0000f0aa     3c2 (0000f080)     _Read_Data
0000f0ba     3c2 (0000f080)     _tempSensor_tempSlope
0000f0bc     3c2 (0000f080)     _tempSensor_tempOffset
0000f0be     3c2 (0000f080)     _tempSensor_scaleFactor

0000f0c0     3c3 (0000f0c0)     _DCDC_Service

0000f140     3c5 (0000f140)     _Data_AD_Sum

0000f1a8     3c6 (0000f180)     _CpuTimer0
0000f1b0     3c6 (0000f180)     _CpuTimer1
0000f1b8     3c6 (0000f180)     _CpuTimer2

0000f1c0     3c7 (0000f1c0)     _CH_PI_Iout

0000f220     3c8 (0000f200)     _Protect_Para_Var

0000f240     3c9 (0000f240)     _CH_PI_Vout

0000f2a0     3ca (0000f280)     _ad7124_value

0000f2c0     3cb (0000f2c0)     _CH_PI_Vsense

0000f320     3cc (0000f300)     _TRIP_SEL
0000f33e     3cc (0000f300)     __unlock

0000f340     3cd (0000f340)     _Control_Para_Var

0000f3a0     3ce (0000f380)     _EPWM
0000f3ba     3ce (0000f380)     _SDFM

0000f3c0     3cf (0000f3c0)     _Calibration_Para_Var

0000f415     3d0 (0000f400)     _SFO_CAL
0000f416     3d0 (0000f400)     _MEP_SF
0000f420     3d0 (0000f400)     _ECAP
0000f42e     3d0 (0000f400)     _Flash_Service
0000f43a     3d0 (0000f400)     ___TI_enable_exit_profile_output
0000f43c     3d0 (0000f400)     ___TI_cleanup_ptr
0000f43e     3d0 (0000f400)     ___TI_dtors_ptr

0000f440     3d1 (0000f440)     _Debug_Para_Var

0000f480     3d2 (0000f480)     _ADC
0000f48a     3d2 (0000f480)     _Compen_Cur
0000f492     3d2 (0000f480)     _EQEP
0000f49a     3d2 (0000f480)     _Result_Data
0000f4a2     3d2 (0000f480)     _SPI
0000f4aa     3d2 (0000f480)     _dat1
0000f4b2     3d2 (0000f480)     _dat
0000f4ba     3d2 (0000f480)     _Ver_Software
0000f4bf     3d2 (0000f480)     _Cnt2_LED_Green

0000f4c0     3d3 (0000f4c0)     _Comtrade_SampleState
0000f4c1     3d3 (0000f4c0)     _Comtrade_SampleNumber
0000f4c2     3d3 (0000f4c0)     _Comtrade_TailPointer
0000f4c3     3d3 (0000f4c0)     _Comtrade_SamplePointer
0000f4c4     3d3 (0000f4c0)     _Send_Record_Flag
0000f4c5     3d3 (0000f4c0)     _deviceOpen
0000f4c6     3d3 (0000f4c0)     _BTS_sfoStatus
0000f4c8     3d3 (0000f4c0)     _MEP_ScaleFactor
0000f4ca     3d3 (0000f4c0)     _InterruptCount1
0000f4cb     3d3 (0000f4c0)     _InterruptCount2
0000f4cc     3d3 (0000f4c0)     _InterruptCount3
0000f4cd     3d3 (0000f4c0)     _InterruptCount4
0000f4ce     3d3 (0000f4c0)     _Cnt1_LED_Green
0000f4d2     3d3 (0000f4c0)     _Cnt1_LED_Red
0000f4d6     3d3 (0000f4c0)     _I2C
0000f4da     3d3 (0000f4c0)     _MCBSP
0000f4de     3d3 (0000f4c0)     _Run_Mode_Var
0000f4e2     3d3 (0000f4c0)     _SCI
0000f4e6     3d3 (0000f4c0)     _value
0000f4ea     3d3 (0000f4c0)     _testvalue

00011000     440 (00011000)     _Comtrade_DataBuffer

00016dc0     5b7 (00016dc0)     _CH_SAM_BUF

00047000    11c0 (00047000)     _Emif1Regs

00047800    11e0 (00047800)     _Emif2Regs

00048000    1200 (00048000)     _CanaRegs

0004a000    1280 (0004a000)     _CanbRegs

00050024    1400 (00050000)     _FlashPumpSemaphoreRegs

0005d000    1740 (0005d000)     _DevCfgRegs

0005d180    1746 (0005d180)     _AnalogSubsysRegs

0005d200    1748 (0005d200)     _ClkCfgRegs

0005d300    174c (0005d300)     _CpuSysRegs

0005e608    1798 (0005e600)     _RomPrefetchRegs

0005f000    17c0 (0005f000)     _DcsmZ1Regs

0005f040    17c1 (0005f040)     _DcsmZ2Regs
0005f070    17c1 (0005f040)     _DcsmCommonRegs

0005f400    17d0 (0005f400)     _MemCfgRegs

0005f480    17d2 (0005f480)     _Emif1ConfigRegs
0005f4a0    17d2 (0005f480)     _Emif2ConfigRegs

0005f4c0    17d3 (0005f4c0)     _AccessProtectionRegs

0005f500    17d4 (0005f500)     _MemoryErrorRegs

0005f540    17d5 (0005f540)     _RomWaitStateRegs

0005f800    17e0 (0005f800)     _Flash0CtrlRegs

0005fb00    17ec (0005fb00)     _Flash0EccRegs

0005fc00    17f0 (0005fc00)     _Flash1CtrlRegs

0005ff00    17fc (0005ff00)     _Flash1EccRegs

00078000    1e00 (00078000)     _DcsmZ1Otp

00078200    1e08 (00078200)     _DcsmZ2Otp

00082000    2080 (00082000)     _PieVectTableInit


GLOBAL SYMBOLS: SORTED ALPHABETICALLY BY Name 

page  address   name                                  
----  -------   ----                                  
0     00088000  .text                                 
0     0008ded9  C$$EXIT                               
abs   00000100  CLA_SCRATCHPAD_SIZE                   
0     0008db86  FS$$DIV                               
0     0008deaf  L$$DIV                                
0     0008debe  L$$MOD                                
0     0008decc  UL$$DIV                               
0     0008ded3  UL$$MOD                               
0     0008c076  _AD7124_CfgADC                        
0     0008c222  _AD7124_Process                       
0     0008c219  _AD7124_ReadData                      
0     0008c00a  _AD7124_ReadReg                       
0     0008bf7f  _AD7124_Reset                         
1     0000f084  _AD7124_Start_Read                    
0     0008c1ea  _AD7124_WaitFor_Conv_Ready            
0     0008c1c0  _AD7124_WaitFor_SPI_Ready             
0     0008bfbb  _AD7124_WriteReg                      
1     0000f480  _ADC                                  
0     0008ac6d  _ADCA1_ISR                            
0     0008aeed  _ADCA2_ISR                            
0     0008aef7  _ADCA3_ISR                            
0     0008af01  _ADCA4_ISR                            
0     0008aee3  _ADCA_EVT_ISR                         
1     0000824a  _ADCA_Sample                          
0     0008ac77  _ADCB1_ISR                            
0     0008af15  _ADCB2_ISR                            
0     0008af1f  _ADCB3_ISR                            
0     0008af29  _ADCB4_ISR                            
0     0008af0b  _ADCB_EVT_ISR                         
0     0008ac81  _ADCC1_ISR                            
0     0008b07d  _ADCC2_ISR                            
0     0008b087  _ADCC3_ISR                            
0     0008b091  _ADCC4_ISR                            
0     0008b073  _ADCC_EVT_ISR                         
0     0008ac9f  _ADCD1_ISR                            
0     0008b0a5  _ADCD2_ISR                            
0     0008b0af  _ADCD3_ISR                            
0     0008b0b9  _ADCD4_ISR                            
0     0008b09b  _ADCD_EVT_ISR                         
1     0000ed90  _AD_Para_Var                          
0     0008bb48  _ASync_cs2_config                     
0     0008bbe8  _ASync_cs3_config                     
0     0008bc3a  _ASync_cs4_config                     
0     0008bb25  _ASync_wait_config                    
0     0008b0f5  _AUX_PLL_SLIP_ISR                     
1     0005f4c0  _AccessProtectionRegs                 
1     0000e008  _Active_Report                        
0     0008da95  _AdcSetMode                           
1     00007400  _AdcaRegs                             
1     0000ec25  _AdcaResult0                          
1     0000ec26  _AdcaResult1                          
1     0000ec2b  _AdcaResult14                         
1     0000ec2c  _AdcaResult15                         
1     0000ec27  _AdcaResult2                          
1     0000ec28  _AdcaResult3                          
1     0000ec29  _AdcaResult4                          
1     0000ec2a  _AdcaResult5                          
1     00000b00  _AdcaResultRegs                       
1     00007480  _AdcbRegs                             
1     0000ec2d  _AdcbResult0                          
1     0000ec2e  _AdcbResult1                          
1     0000ec2f  _AdcbResult2                          
1     0000ec30  _AdcbResult3                          
1     00000b20  _AdcbResultRegs                       
1     00007500  _AdccRegs                             
1     0000ec31  _AdccResult2                          
1     0000ec32  _AdccResult3                          
1     00000b40  _AdccResultRegs                       
1     00007580  _AdcdRegs                             
1     0000ec33  _AdcdResult0                          
1     0000ec34  _AdcdResult1                          
1     00000b60  _AdcdResultRegs                       
1     0005d180  _AnalogSubsysRegs                     
0     0008c55a  _AuxAuxClkSel                         
0     0008c544  _AuxIntOsc2Sel                        
0     0008c54e  _AuxXtalOscSel                        
0     0008cb04  _BSP_CAN_Que_In                       
0     0008ca5e  _BSP_CAN_Que_Init                     
0     0008cbe3  _BSP_CAN_Que_Out                      
1     0000f4c6  _BTS_sfoStatus                        
0     0008926c  _Byte2Float                           
0     0008aebb  _CANA0_ISR                            
0     0008aec5  _CANA1_ISR                            
0     0008aecf  _CANB0_ISR                            
0     0008aed9  _CANB1_ISR                            
0     0008b2b5  _CANBitRateSet                        
0     0008b28a  _CANBitTimingGet                      
0     0008b322  _CANBitTimingSet                      
0     0008b263  _CANClkSourceSelect                   
0     0008b25b  _CANDisable                           
0     0008b252  _CANEnable                            
0     0008b42c  _CANErrCntrGet                        
0     0008b640  _CANGlobalIntClear                    
0     0008b636  _CANGlobalIntDisable                  
0     0008b62d  _CANGlobalIntEnable                   
0     0008b649  _CANGlobalIntstatusGet                
0     0008b1a5  _CANInit                              
0     0008b3c0  _CANIntClear                          
0     0008b396  _CANIntDisable                        
0     0008b388  _CANIntEnable                         
0     0008b36b  _CANIntRegister                       
0     0008b3a6  _CANIntStatus                         
0     0008b37b  _CANIntUnregister                     
0     0008b607  _CANMessageClear                      
0     0008b533  _CANMessageGet                        
0     0008b447  _CANMessageSet                        
0     0008b3fa  _CANRetryGet                          
0     0008b3e9  _CANRetrySet                          
0     0008b404  _CANStatusGet                         
0     000892cd  _CAN_APP_RX                           
0     000892f3  _CAN_APP_TX                           
0     0008cc5e  _CAN_BSP                              
1     0000819a  _CH_A                                 
1     000081f2  _CH_B                                 
1     0000f1c0  _CH_PI_Iout                           
1     0000f240  _CH_PI_Vout                           
1     0000f2c0  _CH_PI_Vsense                         
1     0000eade  _CH_Public_Variable                   
1     00016dc0  _CH_SAM_BUF                           
0     0008af33  _CLA1_1_ISR                           
0     0008af3d  _CLA1_2_ISR                           
0     0008af47  _CLA1_3_ISR                           
0     0008af51  _CLA1_4_ISR                           
0     0008af5b  _CLA1_5_ISR                           
0     0008af65  _CLA1_6_ISR                           
0     0008af6f  _CLA1_7_ISR                           
0     0008af79  _CLA1_8_ISR                           
0     0008b0ff  _CLA_OVERFLOW_ISR                     
0     0008b109  _CLA_UNDERFLOW_ISR                    
0     0008d62e  _CLA_configClaMemory                  
0     0008d66f  _CLA_initCpu1Cla1                     
0     0008db4c  _CalAdcINL                            
1     0000f3c0  _Calibration_Para_Var                 
1     00048000  _CanaRegs                             
1     0004a000  _CanbRegs                             
0     00089210  _CheckSum                             
abs   00000000  _Cla1ConstLoadSize                    
1     00008800  _Cla1ConstLoadStart                   
1     00008800  _Cla1ConstRunStart                    
1     00001400  _Cla1Regs                             
0     00000ce0  _Cla1SoftIntRegs                      
0     00009c7c  _Cla1Task1                            
0     0000a0ce  _Cla1Task2                            
0     00009800  _Cla1Task3                            
0     0000a520  _Cla1Task4                            
0     0000ab82  _Cla1Task5                            
0     0000ab8a  _Cla1Task6                            
0     0000ab92  _Cla1Task7                            
0     0000ab32  _Cla1Task8                            
0     0009139a  _Cla1funcsLoadEnd                     
abs   0000139a  _Cla1funcsLoadSize                    
0     00090000  _Cla1funcsLoadStart                   
0     00009800  _Cla1funcsRunStart                    
1     0005d200  _ClkCfgRegs                           
1     00005c80  _Cmpss1Regs                           
1     00005ca0  _Cmpss2Regs                           
1     00005cc0  _Cmpss3Regs                           
1     00005ce0  _Cmpss4Regs                           
1     00005d00  _Cmpss5Regs                           
1     00005d20  _Cmpss6Regs                           
1     00005d40  _Cmpss7Regs                           
1     00005d60  _Cmpss8Regs                           
1     0000f4ce  _Cnt1_LED_Green                       
1     0000f4d2  _Cnt1_LED_Red                         
1     0000f4bf  _Cnt2_LED_Green                       
1     0000eac7  _Cnt_Tick                             
1     0000f48a  _Compen_Cur                           
1     00011000  _Comtrade_DataBuffer                  
0     0008dc88  _Comtrade_Init                        
0     0008dc5b  _Comtrade_Process                     
0     0008dc0e  _Comtrade_RecordSampleData            
1     0000f4c1  _Comtrade_SampleNumber                
1     0000f4c3  _Comtrade_SamplePointer               
1     0000f4c0  _Comtrade_SampleState                 
1     0000f4c2  _Comtrade_TailPointer                 
0     0008dccf  _ConfigCpuTimer                       
0     0008d808  _ConfigSPIInit                        
0     0008ce5c  _ConfigureADC                         
1     0000f340  _Control_Para_Var                     
1     0005d300  _CpuSysRegs                           
1     0000f1a8  _CpuTimer0                            
1     00000c00  _CpuTimer0Regs                        
1     0000f1b0  _CpuTimer1                            
1     00000c08  _CpuTimer1Regs                        
1     0000f1b8  _CpuTimer2                            
1     00000c10  _CpuTimer2Regs                        
0     0008c503  _CsmUnlock                            
0     0008d1f7  _Ctr_LED_Work                         
0     0008abc3  _DATALOG_ISR                          
1     0000f0c0  _DCDC_Service                         
0     000884c5  _DCDC_Service_BSP                     
0     0008ae07  _DMA_CH1_ISR                          
0     0008ae11  _DMA_CH2_ISR                          
0     0008ae1b  _DMA_CH3_ISR                          
0     0008ae25  _DMA_CH4_ISR                          
0     0008ae2f  _DMA_CH5_ISR                          
0     0008ae39  _DMA_CH6_ISR                          
1     00005c00  _DacaRegs                             
1     00005c10  _DacbRegs                             
1     00005c20  _DaccRegs                             
1     0000f088  _Data_AD7124_Sum                      
1     0000f140  _Data_AD_Sum                          
1     0000edc0  _Data_Sum                             
0     0008b986  _Data_Up                              
1     0005f070  _DcsmCommonRegs                       
1     00078000  _DcsmZ1Otp                            
1     0005f000  _DcsmZ1Regs                           
1     00078200  _DcsmZ2Otp                            
1     0005f040  _DcsmZ2Regs                           
1     0000f440  _Debug_Para_Var                       
1     0005d000  _DevCfgRegs                           
0     0008c367  _DisableDog                           
0     0008c319  _DisablePeripheralClocks              
1     00007980  _DmaClaSrcSelRegs                     
1     00001000  _DmaRegs                              
1     0000f420  _ECAP                                 
0     0008ad5d  _ECAP1_ISR                            
0     0008ad67  _ECAP2_ISR                            
0     0008ad71  _ECAP3_ISR                            
0     0008ad7b  _ECAP4_ISR                            
0     0008ad85  _ECAP5_ISR                            
0     0008ad8f  _ECAP6_ISR                            
1     00005000  _ECap1Regs                            
1     00005020  _ECap2Regs                            
1     00005040  _ECap3Regs                            
1     00005060  _ECap4Regs                            
1     00005080  _ECap5Regs                            
1     000050a0  _ECap6Regs                            
0     0008c6e8  _EEPROM_Read_Char                     
0     0008c72b  _EEPROM_Read_Num                      
0     0008c71b  _EEPROM_Read_Uint16                   
0     0008c74a  _EEPROM_Write_Char                    
0     0008c781  _EEPROM_Write_Num                     
0     0008c76d  _EEPROM_Write_Uint16                  
0     0008b0c3  _EMIF_ERROR_ISR                       
0     0008b11d  _EMPTY_ISR                            
0     0008abd7  _EMU_ISR                              
1     0000f3a0  _EPWM                                 
0     0008b019  _EPWM10_ISR                           
0     0008aff1  _EPWM10_TZ_ISR                        
0     0008b023  _EPWM11_ISR                           
0     0008affb  _EPWM11_TZ_ISR                        
0     0008b02d  _EPWM12_ISR                           
0     0008b005  _EPWM12_TZ_ISR                        
0     0001b000  _EPWM1_INT_ISR_BSP                    
0     0008ad0d  _EPWM1_ISR                            
0     0008acbd  _EPWM1_TZ_ISR                         
0     0008ad17  _EPWM2_ISR                            
0     0008acc7  _EPWM2_TZ_ISR                         
0     0008ad21  _EPWM3_ISR                            
0     0008acd1  _EPWM3_TZ_ISR                         
0     0008ad2b  _EPWM4_ISR                            
0     0008acdb  _EPWM4_TZ_ISR                         
0     0008ad35  _EPWM5_ISR                            
0     0008ace5  _EPWM5_TZ_ISR                         
0     0008ad3f  _EPWM6_ISR                            
0     0008acef  _EPWM6_TZ_ISR                         
0     0008ad49  _EPWM7_ISR                            
0     0008acf9  _EPWM7_TZ_ISR                         
0     0008ad53  _EPWM8_ISR                            
0     0008ad03  _EPWM8_TZ_ISR                         
0     0008b00f  _EPWM9_ISR                            
0     0008afe7  _EPWM9_TZ_ISR                         
1     00004900  _EPwm10Regs                           
1     00004a00  _EPwm11Regs                           
1     00004b00  _EPwm12Regs                           
1     00004000  _EPwm1Regs                            
1     00004100  _EPwm2Regs                            
1     00004200  _EPwm3Regs                            
1     00004300  _EPwm4Regs                            
1     00004400  _EPwm5Regs                            
1     00004500  _EPwm6Regs                            
1     00004600  _EPwm7Regs                            
1     00004700  _EPwm8Regs                            
1     00004800  _EPwm9Regs                            
1     00007a00  _EPwmXbarRegs                         
1     0000f492  _EQEP                                 
0     0008ad99  _EQEP1_ISR                            
0     0008ada3  _EQEP2_ISR                            
0     0008adad  _EQEP3_ISR                            
1     00005100  _EQep1Regs                            
1     00005140  _EQep2Regs                            
1     00005180  _EQep3Regs                            
1     0005f480  _Emif1ConfigRegs                      
0     0008bb0f  _Emif1Initialize                      
1     00047000  _Emif1Regs                            
1     0005f4a0  _Emif2ConfigRegs                      
0     0008bb1a  _Emif2Initialize                      
1     00047800  _Emif2Regs                            
1     00000d01  _EmuBMode                             
1     00000d00  _EmuKey                               
0     0008df21  _EnableInterrupts                     
1     0000eacc  _ExRamStart                           
0     0008d7f9  _ExintInit                            
0     0001b6d3  _F28x_usDelay                         
0     0008b0d7  _FLASH_CORRECTABLE_ERROR_ISR          
0     0008afab  _FPU_OVERFLOW_ISR                     
0     0008afb5  _FPU_UNDERFLOW_ISR                    
1     0000e642  _Fault_Code                           
0     0008b841  _Fault_Code_Global_TX                 
1     0000eb00  _Filter_Coeff                         
1     0000ec24  _Flag_Tick                            
1     0005f800  _Flash0CtrlRegs                       
1     0005fb00  _Flash0EccRegs                        
1     0005fc00  _Flash1CtrlRegs                       
1     0005ff00  _Flash1EccRegs                        
0     0001b6b7  _FlashOff_Bank0                       
0     0001b6c5  _FlashOff_Bank1                       
1     00050024  _FlashPumpSemaphoreRegs               
1     0000f42e  _Flash_Service                        
0     0008922f  _Float2Byte                           
0     0008ca13  _GPIO_EnableUnbondedIOPullups         
0     0008c9ee  _GPIO_EnableUnbondedIOPullupsFor100Pin
0     0008c9d5  _GPIO_EnableUnbondedIOPullupsFor176Pin
0     0008ca29  _GPIO_ReadPin                         
0     0008c97a  _GPIO_SetupLock                       
0     0008c85a  _GPIO_SetupPinMux                     
0     0008c8e6  _GPIO_SetupPinOptions                 
0     0008c9a3  _GPIO_SetupXINT1Gpio                  
0     0008c9ad  _GPIO_SetupXINT2Gpio                  
0     0008c9b7  _GPIO_SetupXINT3Gpio                  
0     0008c9c1  _GPIO_SetupXINT4Gpio                  
0     0008c9cb  _GPIO_SetupXINT5Gpio                  
0     0008ca40  _GPIO_WritePin                        
1     00007c00  _GpioCtrlRegs                         
1     00007f00  _GpioDataRegs                         
0     0008c578  _HALT                                 
0     0008bf02  _HAL_SPI_TransmitReceive              
0     0008c589  _HIB                                  
0     00089df2  _HRPWM1_Config                        
0     00089e92  _HRPWM2_Config                        
0     00089f29  _HRPWM3_Config                        
0     00089ff2  _HRPWM4_Config                        
0     0008a0bc  _HRPWM5_Config                        
0     0008a185  _HRPWM6_Config                        
0     0008a24f  _HRPWM7_Config                        
0     0008a318  _HRPWM8_Config                        
1     0000f4d6  _I2C                                  
0     0008ae4d  _I2CA_FIFO_ISR                        
0     0008ae43  _I2CA_ISR                             
0     0008c59d  _I2CA_Init                            
0     0008c635  _I2CA_ReadData                        
0     0008c5ae  _I2CA_WriteData                       
0     0008ae61  _I2CB_FIFO_ISR                        
0     0008ae57  _I2CB_ISR                             
1     0000eeb8  _I2C_Service                          
0     0008c6a7  _I2C_rrdy                             
0     0008c69e  _I2C_xrdy                             
1     00007300  _I2caRegs                             
1     00007340  _I2cbRegs                             
0     0008c564  _IDLE                                 
0     0008abeb  _ILLEGAL_ISR                          
0     0008afbf  _IPC0_ISR                             
0     0008afc9  _IPC1_ISR                             
0     0008afd3  _IPC2_ISR                             
0     0008afdd  _IPC3_ISR                             
1     00001504  _IdRef                                
0     0008bf2b  _InitAD7124                           
0     0008d028  _InitADC_BSP                          
0     0008c43b  _InitAuxPll                           
0     0008ca6f  _InitCAN_BSP                          
0     0008dc8e  _InitCpuTimers                        
0     00088000  _InitDCDC_BSP                         
0     0008da3f  _InitEPwm10Gpio                       
0     0008da59  _InitEPwm11Gpio                       
0     0008da77  _InitEPwm12Gpio                       
0     0008d98d  _InitEPwm1Gpio                        
0     0008d99f  _InitEPwm2Gpio                        
0     0008d9b1  _InitEPwm3Gpio                        
0     0008d9c5  _InitEPwm4Gpio                        
0     0008d9d9  _InitEPwm5Gpio                        
0     0008d9eb  _InitEPwm6Gpio                        
0     0008d9fd  _InitEPwm7Gpio                        
0     0008da11  _InitEPwm8Gpio                        
0     0008da25  _InitEPwm9Gpio                        
0     0008d974  _InitEPwmGpio                         
0     0008be2b  _InitEmif1                            
0     0008a5a3  _InitFlash_BSP                        
0     0001b665  _InitFlash_Bank0                      
0     0001b68e  _InitFlash_Bank1                      
0     0008d6bf  _InitGPIO_BSP                         
0     0008c81a  _InitGpio                             
0     0008c79e  _InitI2CGpio                          
0     0008c7bc  _InitI2C_BSP                          
0     0008c295  _InitPeripheralClocks                 
0     0008df02  _InitPieCtrl                          
0     0008df2a  _InitPieVectTable                     
0     0008df91  _InitSCI_BSP                          
0     0008de2f  _InitSpi                              
0     0008de4a  _InitSpiGpio                          
0     0008de4d  _InitSpiaGpio                         
0     0008c258  _InitSysCtrl                          
0     0008c375  _InitSysPll                           
[...]
0     0008ca5e  _BSP_CAN_Que_Init                     
0     0008ca6f  _InitCAN_BSP                          
0     0008cb04  _BSP_CAN_Que_In                       
0     0008cbe3  _BSP_CAN_Que_Out                      
0     0008cc5e  _CAN_BSP                              
0     0008cc79  _Task1ms                              
0     0008cc7e  _Task2ms                              
0     0008cc85  _Task10ms                             
0     0008cdbb  _Task1s                               
0     0008cdfa  _Process_Average_Analog               
0     0008ce5c  _ConfigureADC                         
0     0008cebc  _SetupADCSoftware                     
0     0008d028  _InitADC_BSP                          
0     0008d02d  _IntMasterEnable                      
0     0008d035  _IntMasterDisable                     
0     0008d03d  _IntRegister                          
0     0008d050  _IntUnregister                        
0     0008d065  _IntEnable                            
0     0008d0f8  _IntDisable                           
0     0008d178  _IntIFRClear                          
0     0008d1f7  _Ctr_LED_Work                         
0     0008d3c0  _cpu_timer0_isr                       
0     0008d3d6  _xint1_isr                            
0     0008d40c  _xint2_isr                            
0     0008d44d  _xint3_isr                            
0     0008d48e  _xint4_isr                            
0     0008d4cf  _cla1Isr1                             
0     0008d4e0  _cla1Isr2                             
0     0008d4ef  _cla1Isr3                             
0     0008d4fe  _cla1Isr4                             
0     0008d50d  _cla1Isr5                             
0     0008d51c  _cla1Isr6                             
0     0008d52b  _cla1Isr7                             
0     0008d53a  _cla1Isr8                             
0     0008d54b  _InitSystem                           
0     0008d62e  _CLA_configClaMemory                  
0     0008d66f  _CLA_initCpu1Cla1                     
0     0008d6bf  _InitGPIO_BSP                         
0     0008d7f9  _ExintInit                            
0     0008d808  _ConfigSPIInit                        
0     0008d81a  _SFO                                  
0     0008d974  _InitEPwmGpio                         
0     0008d98d  _InitEPwm1Gpio                        
0     0008d99f  _InitEPwm2Gpio                        
0     0008d9b1  _InitEPwm3Gpio                        
0     0008d9c5  _InitEPwm4Gpio                        
0     0008d9d9  _InitEPwm5Gpio                        
0     0008d9eb  _InitEPwm6Gpio                        
0     0008d9fd  _InitEPwm7Gpio                        
0     0008da11  _InitEPwm8Gpio                        
0     0008da25  _InitEPwm9Gpio                        
0     0008da3f  _InitEPwm10Gpio                       
0     0008da59  _InitEPwm11Gpio                       
0     0008da77  _InitEPwm12Gpio                       
0     0008da95  _AdcSetMode                           
0     0008db4c  _CalAdcINL                            
0     0008db86  FS$$DIV                               
0     0008dc0e  _Comtrade_RecordSampleData            
0     0008dc5b  _Comtrade_Process                     
0     0008dc88  _Comtrade_Init                        
0     0008dc8e  _InitCpuTimers                        
0     0008dccf  _ConfigCpuTimer                       
0     0008dd0a  _canbISR                              
0     0008dd84  _c_int00                              
0     0008ddda  _main                                 
0     0008de2f  _InitSpi                              
0     0008de4a  _InitSpiGpio                          
0     0008de4d  _InitSpiaGpio                         
0     0008de75  _SCIAReceiveInterrupt                 
0     0008deaf  L$$DIV                                
0     0008debe  L$$MOD                                
0     0008decc  UL$$DIV                               
0     0008ded3  UL$$MOD                               
0     0008ded9  C$$EXIT                               
0     0008ded9  _abort                                
0     0008dedb  _exit                                 
0     0008df02  _InitPieCtrl                          
0     0008df21  _EnableInterrupts                     
0     0008df2a  _InitPieVectTable                     
0     0008df50  _copy_in                              
0     0008df74  _memcpy                               
0     0008df91  _InitSCI_BSP                          
0     0008dfac  __args_main                           
0     0008dfbe  _IntDefaultHandler                    
0     0008dfcd  __register_unlock                     
0     0008dfd1  __register_lock                       
0     0008dfd5  __nop                                 
0     0008dfd6  _SetDBGIER                            
0     0008dfd9  __system_pre_init                     
0     0008dfdb  __system_post_cinit                   
0     0008dfdc  ___etext__                            
0     0008dfdc  etext                                 
0     00090000  _Cla1funcsLoadStart                   
0     0009139a  _Cla1funcsLoadEnd                     
1     00000400  __stack                               
1     00000600  __STACK_END                           
1     00000b00  _AdcaResultRegs                       
1     00000b20  _AdcbResultRegs                       
1     00000b40  _AdccResultRegs                       
1     00000b60  _AdcdResultRegs                       
1     00000c00  _CpuTimer0Regs                        
1     00000c08  _CpuTimer1Regs                        
1     00000c10  _CpuTimer2Regs                        
1     00000ce0  _PieCtrlRegs                          
1     00000d00  _EmuKey                               
1     00000d00  _PieVectTable                         
1     00000d01  _EmuBMode                             
1     00001000  _DmaRegs                              
1     00001400  _Cla1Regs                             
1     00001480  _fResult                              
1     00001482  _fResult2                             
1     00001500  _fVal                                 
1     00001502  _fVal2                                
1     00001504  _IdRef                                
1     0000150c  _PWM_Ready                            
1     00001514  _MEP_Scale                            
1     00004000  _EPwm1Regs                            
1     00004100  _EPwm2Regs                            
1     00004200  _EPwm3Regs                            
1     00004300  _EPwm4Regs                            
1     00004400  _EPwm5Regs                            
1     00004500  _EPwm6Regs                            
1     00004600  _EPwm7Regs                            
1     00004700  _EPwm8Regs                            
1     00004800  _EPwm9Regs                            
1     00004900  _EPwm10Regs                           
1     00004a00  _EPwm11Regs                           
1     00004b00  _EPwm12Regs                           
1     00005000  _ECap1Regs                            
1     00005020  _ECap2Regs                            
1     00005040  _ECap3Regs                            
1     00005060  _ECap4Regs                            
1     00005080  _ECap5Regs                            
1     000050a0  _ECap6Regs                            
1     00005100  _EQep1Regs                            
1     00005140  _EQep2Regs                            
1     00005180  _EQep3Regs                            
1     00005c00  _DacaRegs                             
1     00005c10  _DacbRegs                             
1     00005c20  _DaccRegs                             
1     00005c80  _Cmpss1Regs                           
1     00005ca0  _Cmpss2Regs                           
1     00005cc0  _Cmpss3Regs                           
1     00005ce0  _Cmpss4Regs                           
1     00005d00  _Cmpss5Regs                           
1     00005d20  _Cmpss6Regs                           
1     00005d40  _Cmpss7Regs                           
1     00005d60  _Cmpss8Regs                           
1     00005e00  _Sdfm1Regs                            
1     00005e80  _Sdfm2Regs                            
1     00006000  _McbspaRegs                           
1     00006040  _McbspbRegs                           
1     00006100  _SpiaRegs                             
1     00006110  _SpibRegs                             
1     00006120  _SpicRegs                             
1     00006200  _UppRegs                              
1     00007000  _WdRegs                               
1     00007060  _NmiIntruptRegs                       
1     00007070  _XintRegs                             
1     00007200  _SciaRegs                             
1     00007210  _ScibRegs                             
1     00007220  _ScicRegs                             
1     00007230  _ScidRegs                             
1     00007300  _I2caRegs                             
1     00007340  _I2cbRegs                             
1     00007400  _AdcaRegs                             
1     00007480  _AdcbRegs                             
1     00007500  _AdccRegs                             
1     00007580  _AdcdRegs                             
1     00007900  _InputXbarRegs                        
1     00007920  _XbarRegs                             
1     00007940  _SyncSocRegs                          
1     00007980  _DmaClaSrcSelRegs                     
1     00007a00  _EPwmXbarRegs                         
1     00007a80  _OutputXbarRegs                       
1     00007c00  _GpioCtrlRegs                         
1     00007f00  _GpioDataRegs                         
1     00008000  _pi_id                                
1     00008018  _pi_iq                                
1     00008030  _pi_spd                               
1     00008048  _pwm1                                 
1     00008052  _fclVars                              
1     0000819a  _CH_A                                 
1     000081f2  _CH_B                                 
1     0000824a  _ADCA_Sample                          
1     00008800  _Cla1ConstLoadStart                   
1     00008800  _Cla1ConstRunStart                    
1     00008902  _test1                                
1     0000e000  _i                                    
1     0000e002  _txMsgCount                           
1     0000e004  _rxMsgCount                           
1     0000e006  _errorFlag                            
1     0000e008  _Active_Report                        
1     0000e010  _pack                                 
1     0000e01e  _pack_tx                              
1     0000e02c  _sTXCANMessage                        
1     0000e040  _sRXCANMessage                        
1     0000e052  _sTXCAN_JN910                         
1     0000e064  _sRXCAN_JN910                         
1     0000e080  _que1Con                              
1     0000e380  _que2Con                              
1     0000e642  _Fault_Code                           
1     0000e67a  _n                                    
1     0000e680  _Interface_I2C                        
1     0000e8c0  _Interface_SPI_Flash                  
1     0000eaac  _ePWM                                 
1     0000eabe  __lock                                
1     0000eac0  _Tm200us                              
1     0000eac1  _Tm1ms                                
1     0000eac2  _Tm2ms                                
1     0000eac3  _Tm10ms                               
1     0000eac4  _Tm1s                                 
1     0000eac5  _cnt                                  
1     0000eac6  _count                                
1     0000eac7  _Cnt_Tick                             
1     0000eac8  _time_interupt                        
1     0000eac9  _waitimecnt                           
1     0000eaca  _waitimecnt1                          
1     0000eacc  _ExRamStart                           
1     0000eace  _gCputime0_time1                      
1     0000ead0  _gCputime0_time2                      
1     0000ead2  _gCputime0_time3                      
1     0000ead4  _gCputime0_max                        
1     0000ead6  _start_time                           
1     0000ead8  _stop_time                            
1     0000eada  _calc_time                            
1     0000eadc  _Temp235                              
1     0000eade  _CH_Public_Variable                   
1     0000eb00  _Filter_Coeff                         
1     0000ec24  _Flag_Tick                            
1     0000ec25  _AdcaResult0                          
1     0000ec26  _AdcaResult1                          
1     0000ec27  _AdcaResult2                          
1     0000ec28  _AdcaResult3                          
1     0000ec29  _AdcaResult4                          
1     0000ec2a  _AdcaResult5                          
1     0000ec2b  _AdcaResult14                         
1     0000ec2c  _AdcaResult15                         
1     0000ec2d  _AdcbResult0                          
1     0000ec2e  _AdcbResult1                          
1     0000ec2f  _AdcbResult2                          
1     0000ec30  _AdcbResult3                          
1     0000ec31  _AdccResult2                          
1     0000ec32  _AdccResult3                          
1     0000ec33  _AdcdResult0                          
1     0000ec34  _AdcdResult1                          
1     0000ec35  _testdata                             
1     0000ec36  _status                               
1     0000ec38  _Temp3                                
1     0000ec3a  _Temp2                                
1     0000ec3c  _Temp1                                
1     0000ec3e  _Temp0                                
1     0000ec40  _Protect_Global                       
1     0000ed90  _AD_Para_Var                          
1     0000edc0  _Data_Sum                             
1     0000eeb8  _I2C_Service                          
1     0000eec0  _testAD                               
1     0000ef88  _Interface_DCDC                       
1     0000efb0  _Middle_Data                          
1     0000efc0  _SCIA_TX                              
1     0000f040  _SCIA_RX                              
1     0000f084  _AD7124_Start_Read                    
1     0000f085  _check_ready                          
1     0000f086  _k                                    
1     0000f088  _Data_AD7124_Sum                      
1     0000f0aa  _Read_Data                            
1     0000f0ba  _tempSensor_tempSlope                 
1     0000f0bc  _tempSensor_tempOffset                
1     0000f0be  _tempSensor_scaleFactor               
1     0000f0c0  _DCDC_Service                         
1     0000f140  _Data_AD_Sum                          
1     0000f1a8  _CpuTimer0                            
1     0000f1b0  _CpuTimer1                            
1     0000f1b8  _CpuTimer2                            
1     0000f1c0  _CH_PI_Iout                           
1     0000f220  _Protect_Para_Var                     
1     0000f240  _CH_PI_Vout                           
1     0000f2a0  _ad7124_value                         
1     0000f2c0  _CH_PI_Vsense                         
1     0000f320  _TRIP_SEL                             
1     0000f33e  __unlock                              
1     0000f340  _Control_Para_Var                     
1     0000f3a0  _EPWM                                 
1     0000f3ba  _SDFM                                 
1     0000f3c0  _Calibration_Para_Var                 
1     0000f415  _SFO_CAL                              
1     0000f416  _MEP_SF                               
1     0000f420  _ECAP                                 
1     0000f42e  _Flash_Service                        
1     0000f43a  ___TI_enable_exit_profile_output      
1     0000f43c  ___TI_cleanup_ptr                     
1     0000f43e  ___TI_dtors_ptr                       
1     0000f440  _Debug_Para_Var                       
1     0000f480  _ADC                                  
1     0000f48a  _Compen_Cur                           
1     0000f492  _EQEP                                 
1     0000f49a  _Result_Data                          
1     0000f4a2  _SPI                                  
1     0000f4aa  _dat1                                 
1     0000f4b2  _dat                                  
1     0000f4ba  _Ver_Software                         
1     0000f4bf  _Cnt2_LED_Green                       
1     0000f4c0  _Comtrade_SampleState                 
1     0000f4c1  _Comtrade_SampleNumber                
1     0000f4c2  _Comtrade_TailPointer                 
1     0000f4c3  _Comtrade_SamplePointer               
1     0000f4c4  _Send_Record_Flag                     
1     0000f4c5  _deviceOpen                           
1     0000f4c6  _BTS_sfoStatus                        
1     0000f4c8  _MEP_ScaleFactor                      
1     0000f4ca  _InterruptCount1                      
1     0000f4cb  _InterruptCount2                      
1     0000f4cc  _InterruptCount3                      
1     0000f4cd  _InterruptCount4                      
1     0000f4ce  _Cnt1_LED_Green                       
1     0000f4d2  _Cnt1_LED_Red                         
1     0000f4d6  _I2C                                  
1     0000f4da  _MCBSP                                
1     0000f4de  _Run_Mode_Var                         
1     0000f4e2  _SCI                                  
1     0000f4e6  _value                                
1     0000f4ea  _testvalue                            
1     00011000  _Comtrade_DataBuffer                  
1     00016dc0  _CH_SAM_BUF                           
1     00047000  _Emif1Regs                            
1     00047800  _Emif2Regs                            
1     00048000  _CanaRegs                             
1     0004a000  _CanbRegs                             
1     00050024  _FlashPumpSemaphoreRegs               
1     0005d000  _DevCfgRegs                           
1     0005d180  _AnalogSubsysRegs                     
1     0005d200  _ClkCfgRegs                           
1     0005d300  _CpuSysRegs                           
1     0005e608  _RomPrefetchRegs                      
1     0005f000  _DcsmZ1Regs                           
1     0005f040  _DcsmZ2Regs                           
1     0005f070  _DcsmCommonRegs                       
1     0005f400  _MemCfgRegs                           
1     0005f480  _Emif1ConfigRegs                      
1     0005f4a0  _Emif2ConfigRegs                      
1     0005f4c0  _AccessProtectionRegs                 
1     0005f500  _MemoryErrorRegs                      
1     0005f540  _RomWaitStateRegs                     
1     0005f800  _Flash0CtrlRegs                       
1     0005fb00  _Flash0EccRegs                        
1     0005fc00  _Flash1CtrlRegs                       
1     0005ff00  _Flash1EccRegs                        
1     00078000  _DcsmZ1Otp                            
1     00078200  _DcsmZ2Otp                            
abs   00000000  _Cla1ConstLoadSize                    
abs   00000100  CLA_SCRATCHPAD_SIZE                   
abs   00000200  __STACK_SIZE                          
abs   000006d7  _RamfuncsLoadSize                     
abs   000006d7  _RamfuncsRunSize                      
abs   0000139a  _Cla1funcsLoadSize                    
abs   ffffffff  ___TI_pprof_out_hndl                  
abs   ffffffff  ___TI_prof_data_size                  
abs   ffffffff  ___TI_prof_data_start                 
abs   ffffffff  ___binit__                            
abs   ffffffff  ___c_args__                           
abs   ffffffff  ___pinit__                            
abs   ffffffff  binit                                 
abs   ffffffff  pinit                                 

[691 symbols]
