<?xml version="1.0" encoding="ISO-8859-1" ?>
<link_info>
   <banner>TMS320C2000 Linker PC v20.2.1.LTS</banner>
   <copyright>Copyright (c) 1996-2018 Texas Instruments Incorporated</copyright>
   <link_time>0x62216870</link_time>
   <link_errors>0x0</link_errors>
   <output_file>HV_DCDC_V120D.out</output_file>
   <entry_point>
      <name>_c_int00</name>
      <address>0x8d538</address>
   </entry_point>
   <input_file_list>
      <input_file id="fl-2">
         <path>.\APP\source\</path>
         <kind>object</kind>
         <file>CAN_JN910.obj</file>
         <name>CAN_JN910.obj</name>
      </input_file>
      <input_file id="fl-3">
         <path>.\APP\source\</path>
         <kind>object</kind>
         <file>Ctr_Fan.obj</file>
         <name>Ctr_Fan.obj</name>
      </input_file>
      <input_file id="fl-4">
         <path>.\APP\source\</path>
         <kind>object</kind>
         <file>Ctr_LED.obj</file>
         <name>Ctr_LED.obj</name>
      </input_file>
      <input_file id="fl-5">
         <path>.\APP\source\</path>
         <kind>object</kind>
         <file>InitSystem.obj</file>
         <name>InitSystem.obj</name>
      </input_file>
      <input_file id="fl-6">
         <path>.\APP\source\</path>
         <kind>object</kind>
         <file>Protect_Global.obj</file>
         <name>Protect_Global.obj</name>
      </input_file>
      <input_file id="fl-7">
         <path>.\APP\source\</path>
         <kind>object</kind>
         <file>TaskAllot.obj</file>
         <name>TaskAllot.obj</name>
      </input_file>
      <input_file id="fl-8">
         <path>.\APP\source\</path>
         <kind>object</kind>
         <file>cla_shared.obj</file>
         <name>cla_shared.obj</name>
      </input_file>
      <input_file id="fl-9">
         <path>.\APP\source\</path>
         <kind>object</kind>
         <file>main.obj</file>
         <name>main.obj</name>
      </input_file>
      <input_file id="fl-a">
         <path>.\APP\source\</path>
         <kind>object</kind>
         <file>record.obj</file>
         <name>record.obj</name>
      </input_file>
      <input_file id="fl-b">
         <path>.\F2837xS_BSP\source\</path>
         <kind>object</kind>
         <file>AD7124_BSP.obj</file>
         <name>AD7124_BSP.obj</name>
      </input_file>
      <input_file id="fl-c">
         <path>.\F2837xS_BSP\source\</path>
         <kind>object</kind>
         <file>ADC_BSP.obj</file>
         <name>ADC_BSP.obj</name>
      </input_file>
      <input_file id="fl-d">
         <path>.\F2837xS_BSP\source\</path>
         <kind>object</kind>
         <file>CAN_BSP.obj</file>
         <name>CAN_BSP.obj</name>
      </input_file>
      <input_file id="fl-e">
         <path>.\F2837xS_BSP\source\</path>
         <kind>object</kind>
         <file>DCDC_BSP.obj</file>
         <name>DCDC_BSP.obj</name>
      </input_file>
      <input_file id="fl-f">
         <path>.\F2837xS_BSP\source\</path>
         <kind>object</kind>
         <file>EEPROM_BSP.obj</file>
         <name>EEPROM_BSP.obj</name>
      </input_file>
      <input_file id="fl-10">
         <path>.\F2837xS_BSP\source\</path>
         <kind>object</kind>
         <file>FLASH_BSP.obj</file>
         <name>FLASH_BSP.obj</name>
      </input_file>
      <input_file id="fl-11">
         <path>.\F2837xS_BSP\source\</path>
         <kind>object</kind>
         <file>GPIO_BSP.obj</file>
         <name>GPIO_BSP.obj</name>
      </input_file>
      <input_file id="fl-12">
         <path>.\F2837xS_BSP\source\</path>
         <kind>object</kind>
         <file>HRPWM_BSP.obj</file>
         <name>HRPWM_BSP.obj</name>
      </input_file>
      <input_file id="fl-13">
         <path>.\F2837xS_BSP\source\</path>
         <kind>object</kind>
         <file>SCI_BSP.obj</file>
         <name>SCI_BSP.obj</name>
      </input_file>
      <input_file id="fl-14">
         <path>.\F2837xS_common\C_lib\</path>
         <kind>object</kind>
         <file>can.obj</file>
         <name>can.obj</name>
      </input_file>
      <input_file id="fl-15">
         <path>.\F2837xS_common\C_lib\</path>
         <kind>object</kind>
         <file>interrupt.obj</file>
         <name>interrupt.obj</name>
      </input_file>
      <input_file id="fl-16">
         <path>.\F2837xS_common\source\</path>
         <kind>object</kind>
         <file>F2837xS_Adc.obj</file>
         <name>F2837xS_Adc.obj</name>
      </input_file>
      <input_file id="fl-17">
         <path>.\F2837xS_common\source\</path>
         <kind>object</kind>
         <file>F2837xS_CodeStartBranch.obj</file>
         <name>F2837xS_CodeStartBranch.obj</name>
      </input_file>
      <input_file id="fl-18">
         <path>.\F2837xS_common\source\</path>
         <kind>object</kind>
         <file>F2837xS_CpuTimers.obj</file>
         <name>F2837xS_CpuTimers.obj</name>
      </input_file>
      <input_file id="fl-19">
         <path>.\F2837xS_common\source\</path>
         <kind>object</kind>
         <file>F2837xS_DBGIER.obj</file>
         <name>F2837xS_DBGIER.obj</name>
      </input_file>
      <input_file id="fl-1a">
         <path>.\F2837xS_common\source\</path>
         <kind>object</kind>
         <file>F2837xS_DefaultISR.obj</file>
         <name>F2837xS_DefaultISR.obj</name>
      </input_file>
      <input_file id="fl-1b">
         <path>.\F2837xS_common\source\</path>
         <kind>object</kind>
         <file>F2837xS_Dma.obj</file>
         <name>F2837xS_Dma.obj</name>
      </input_file>
      <input_file id="fl-1c">
         <path>.\F2837xS_common\source\</path>
         <kind>object</kind>
         <file>F2837xS_ECap.obj</file>
         <name>F2837xS_ECap.obj</name>
      </input_file>
      <input_file id="fl-1d">
         <path>.\F2837xS_common\source\</path>
         <kind>object</kind>
         <file>F2837xS_EPwm.obj</file>
         <name>F2837xS_EPwm.obj</name>
      </input_file>
      <input_file id="fl-1e">
         <path>.\F2837xS_common\source\</path>
         <kind>object</kind>
         <file>F2837xS_EQep.obj</file>
         <name>F2837xS_EQep.obj</name>
      </input_file>
      <input_file id="fl-1f">
         <path>.\F2837xS_common\source\</path>
         <kind>object</kind>
         <file>F2837xS_Emif.obj</file>
         <name>F2837xS_Emif.obj</name>
      </input_file>
      <input_file id="fl-20">
         <path>.\F2837xS_common\source\</path>
         <kind>object</kind>
         <file>F2837xS_Gpio.obj</file>
         <name>F2837xS_Gpio.obj</name>
      </input_file>
      <input_file id="fl-21">
         <path>.\F2837xS_common\source\</path>
         <kind>object</kind>
         <file>F2837xS_I2C.obj</file>
         <name>F2837xS_I2C.obj</name>
      </input_file>
      <input_file id="fl-22">
         <path>.\F2837xS_common\source\</path>
         <kind>object</kind>
         <file>F2837xS_Mcbsp.obj</file>
         <name>F2837xS_Mcbsp.obj</name>
      </input_file>
      <input_file id="fl-23">
         <path>.\F2837xS_common\source\</path>
         <kind>object</kind>
         <file>F2837xS_PieCtrl.obj</file>
         <name>F2837xS_PieCtrl.obj</name>
      </input_file>
      <input_file id="fl-24">
         <path>.\F2837xS_common\source\</path>
         <kind>object</kind>
         <file>F2837xS_PieVect.obj</file>
         <name>F2837xS_PieVect.obj</name>
      </input_file>
      <input_file id="fl-25">
         <path>.\F2837xS_common\source\</path>
         <kind>object</kind>
         <file>F2837xS_Sci.obj</file>
         <name>F2837xS_Sci.obj</name>
      </input_file>
      <input_file id="fl-26">
         <path>.\F2837xS_common\source\</path>
         <kind>object</kind>
         <file>F2837xS_Spi.obj</file>
         <name>F2837xS_Spi.obj</name>
      </input_file>
      <input_file id="fl-27">
         <path>.\F2837xS_common\source\</path>
         <kind>object</kind>
         <file>F2837xS_SysCtrl.obj</file>
         <name>F2837xS_SysCtrl.obj</name>
      </input_file>
      <input_file id="fl-28">
         <path>.\F2837xS_common\source\</path>
         <kind>object</kind>
         <file>F2837xS_TempSensorConv.obj</file>
         <name>F2837xS_TempSensorConv.obj</name>
      </input_file>
      <input_file id="fl-29">
         <path>.\F2837xS_common\source\</path>
         <kind>object</kind>
         <file>F2837xS_can.obj</file>
         <name>F2837xS_can.obj</name>
      </input_file>
      <input_file id="fl-2a">
         <path>.\F2837xS_common\source\</path>
         <kind>object</kind>
         <file>F2837xS_sci_io.obj</file>
         <name>F2837xS_sci_io.obj</name>
      </input_file>
      <input_file id="fl-2b">
         <path>.\F2837xS_common\source\</path>
         <kind>object</kind>
         <file>F2837xS_sdfm_drivers.obj</file>
         <name>F2837xS_sdfm_drivers.obj</name>
      </input_file>
      <input_file id="fl-2c">
         <path>.\F2837xS_common\source\</path>
         <kind>object</kind>
         <file>F2837xS_struct.obj</file>
         <name>F2837xS_struct.obj</name>
      </input_file>
      <input_file id="fl-2d">
         <path>.\F2837xS_common\source\</path>
         <kind>object</kind>
         <file>F2837xS_usDelay.obj</file>
         <name>F2837xS_usDelay.obj</name>
      </input_file>
      <input_file id="fl-2e">
         <path>.\F2837xS_headers\source\</path>
         <kind>object</kind>
         <file>F2837xS_GlobalVariableDefs.obj</file>
         <name>F2837xS_GlobalVariableDefs.obj</name>
      </input_file>
      <input_file id="fl-34">
         <kind>object</kind>
         <file>&lt;internal&gt;</file>
         <name>&lt;internal&gt;</name>
      </input_file>
      <input_file id="fl-35">
         <path>..\F2837xS_common\lib\</path>
         <kind>archive</kind>
         <file>SFO_v8_fpu_lib_build_c28.lib</file>
         <name>SFO_v7_fpu_lib_build_c28.obj</name>
      </input_file>
      <input_file id="fl-41">
         <path>E:\ti\ccs1010\ccs\tools\compiler\ti-cgt-c2000_20.2.1.LTS\lib\</path>
         <kind>archive</kind>
         <file>rts2800_fpu32.lib</file>
         <name>boot28.asm.obj</name>
      </input_file>
      <input_file id="fl-42">
         <path>E:\ti\ccs1010\ccs\tools\compiler\ti-cgt-c2000_20.2.1.LTS\lib\</path>
         <kind>archive</kind>
         <file>rts2800_fpu32.lib</file>
         <name>fs_div28.asm.obj</name>
      </input_file>
      <input_file id="fl-43">
         <path>E:\ti\ccs1010\ccs\tools\compiler\ti-cgt-c2000_20.2.1.LTS\lib\</path>
         <kind>archive</kind>
         <file>rts2800_fpu32.lib</file>
         <name>l_div28.asm.obj</name>
      </input_file>
      <input_file id="fl-44">
         <path>E:\ti\ccs1010\ccs\tools\compiler\ti-cgt-c2000_20.2.1.LTS\lib\</path>
         <kind>archive</kind>
         <file>rts2800_fpu32.lib</file>
         <name>cpy_tbl.c.obj</name>
      </input_file>
      <input_file id="fl-45">
         <path>E:\ti\ccs1010\ccs\tools\compiler\ti-cgt-c2000_20.2.1.LTS\lib\</path>
         <kind>archive</kind>
         <file>rts2800_fpu32.lib</file>
         <name>memcpy.c.obj</name>
      </input_file>
      <input_file id="fl-46">
         <path>E:\ti\ccs1010\ccs\tools\compiler\ti-cgt-c2000_20.2.1.LTS\lib\</path>
         <kind>archive</kind>
         <file>rts2800_fpu32.lib</file>
         <name>pre_init.c.obj</name>
      </input_file>
      <input_file id="fl-47">
         <path>E:\ti\ccs1010\ccs\tools\compiler\ti-cgt-c2000_20.2.1.LTS\lib\</path>
         <kind>archive</kind>
         <file>rts2800_fpu32.lib</file>
         <name>startup.c.obj</name>
      </input_file>
      <input_file id="fl-48">
         <path>E:\ti\ccs1010\ccs\tools\compiler\ti-cgt-c2000_20.2.1.LTS\lib\</path>
         <kind>archive</kind>
         <file>rts2800_fpu32.lib</file>
         <name>exit.c.obj</name>
      </input_file>
      <input_file id="fl-49">
         <path>E:\ti\ccs1010\ccs\tools\compiler\ti-cgt-c2000_20.2.1.LTS\lib\</path>
         <kind>archive</kind>
         <file>rts2800_fpu32.lib</file>
         <name>_lock.c.obj</name>
      </input_file>
      <input_file id="fl-4a">
         <path>E:\ti\ccs1010\ccs\tools\compiler\ti-cgt-c2000_20.2.1.LTS\lib\</path>
         <kind>archive</kind>
         <file>rts2800_fpu32.lib</file>
         <name>args_main.c.obj</name>
      </input_file>
   </input_file_list>
   <object_component_list>
      <object_component id="oc-e6">
         <name>.cinit</name>
         <load_address>0x821f4</load_address>
         <run_address>0x821f4</run_address>
         <size>0x36</size>
         <input_file_ref idref="fl-e"/>
      </object_component>
      <object_component id="oc-1bf">
         <name>.cinit:_TRIP_SEL</name>
         <load_address>0x8222a</load_address>
         <run_address>0x8222a</run_address>
         <size>0x21</size>
         <input_file_ref idref="fl-2c"/>
      </object_component>
      <object_component id="oc-1ea">
         <name>.cinit:_EPWM</name>
         <load_address>0x8224b</load_address>
         <run_address>0x8224b</run_address>
         <size>0x1d</size>
         <input_file_ref idref="fl-2c"/>
      </object_component>
      <object_component id="oc-c5">
         <name>.cinit</name>
         <load_address>0x82268</load_address>
         <run_address>0x82268</run_address>
         <size>0x18</size>
         <input_file_ref idref="fl-9"/>
      </object_component>
      <object_component id="oc-1e9">
         <name>.cinit:_ePWM</name>
         <load_address>0x82280</load_address>
         <run_address>0x82280</run_address>
         <size>0x15</size>
         <input_file_ref idref="fl-12"/>
      </object_component>
      <object_component id="oc-1b8">
         <name>.cinit:_ECAP</name>
         <load_address>0x82295</load_address>
         <run_address>0x82295</run_address>
         <size>0x11</size>
         <input_file_ref idref="fl-2c"/>
      </object_component>
      <object_component id="oc-9e">
         <name>.cinit</name>
         <load_address>0x822a6</load_address>
         <run_address>0x822a6</run_address>
         <size>0x10</size>
         <input_file_ref idref="fl-5"/>
      </object_component>
      <object_component id="oc-de">
         <name>.cinit</name>
         <load_address>0x822b6</load_address>
         <run_address>0x822b6</run_address>
         <size>0xf</size>
         <input_file_ref idref="fl-d"/>
      </object_component>
      <object_component id="oc-89">
         <name>.cinit</name>
         <load_address>0x822c5</load_address>
         <run_address>0x822c5</run_address>
         <size>0xe</size>
         <input_file_ref idref="fl-2"/>
      </object_component>
      <object_component id="oc-22c">
         <name>.cinit</name>
         <load_address>0x822d3</load_address>
         <run_address>0x822d3</run_address>
         <size>0xe</size>
         <input_file_ref idref="fl-48"/>
      </object_component>
      <object_component id="oc-1de">
         <name>.cinit:_ADC</name>
         <load_address>0x822e1</load_address>
         <run_address>0x822e1</run_address>
         <size>0xd</size>
         <input_file_ref idref="fl-2c"/>
      </object_component>
      <object_component id="oc-d2">
         <name>.cinit</name>
         <load_address>0x822ee</load_address>
         <run_address>0x822ee</run_address>
         <size>0xc</size>
         <input_file_ref idref="fl-b"/>
      </object_component>
      <object_component id="oc-1c4">
         <name>.cinit:_EQEP</name>
         <load_address>0x822fa</load_address>
         <run_address>0x822fa</run_address>
         <size>0xb</size>
         <input_file_ref idref="fl-2c"/>
      </object_component>
      <object_component id="oc-1a4">
         <name>.cinit:_SPI</name>
         <load_address>0x82305</load_address>
         <run_address>0x82305</run_address>
         <size>0xb</size>
         <input_file_ref idref="fl-2c"/>
      </object_component>
      <object_component id="oc-273">
         <name>.cinit:_dat1</name>
         <load_address>0x82310</load_address>
         <run_address>0x82310</run_address>
         <size>0xb</size>
         <input_file_ref idref="fl-9"/>
      </object_component>
      <object_component id="oc-270">
         <name>.cinit:_dat</name>
         <load_address>0x8231b</load_address>
         <run_address>0x8231b</run_address>
         <size>0xb</size>
         <input_file_ref idref="fl-9"/>
      </object_component>
      <object_component id="oc-1e4">
         <name>.cinit:_SDFM</name>
         <load_address>0x82326</load_address>
         <run_address>0x82326</run_address>
         <size>0x9</size>
         <input_file_ref idref="fl-2c"/>
      </object_component>
      <object_component id="oc-288">
         <name>.cinit:_Ver_Software</name>
         <load_address>0x8232f</load_address>
         <run_address>0x8232f</run_address>
         <size>0x8</size>
         <input_file_ref idref="fl-2"/>
      </object_component>
      <object_component id="oc-1c8">
         <name>.cinit:_I2C</name>
         <load_address>0x82337</load_address>
         <run_address>0x82337</run_address>
         <size>0x7</size>
         <input_file_ref idref="fl-2c"/>
      </object_component>
      <object_component id="oc-1cd">
         <name>.cinit:_MCBSP</name>
         <load_address>0x8233e</load_address>
         <run_address>0x8233e</run_address>
         <size>0x7</size>
         <input_file_ref idref="fl-2c"/>
      </object_component>
      <object_component id="oc-19f">
         <name>.cinit:_SCI</name>
         <load_address>0x82345</load_address>
         <run_address>0x82345</run_address>
         <size>0x7</size>
         <input_file_ref idref="fl-2c"/>
      </object_component>
      <object_component id="oc-262">
         <name>.cinit:_value</name>
         <load_address>0x8234c</load_address>
         <run_address>0x8234c</run_address>
         <size>0x7</size>
         <input_file_ref idref="fl-b"/>
      </object_component>
      <object_component id="oc-25f">
         <name>.cinit:__lock</name>
         <load_address>0x82353</load_address>
         <run_address>0x82353</run_address>
         <size>0x5</size>
         <input_file_ref idref="fl-49"/>
      </object_component>
      <object_component id="oc-276">
         <name>.cinit:__unlock</name>
         <load_address>0x82358</load_address>
         <run_address>0x82358</run_address>
         <size>0x5</size>
         <input_file_ref idref="fl-49"/>
      </object_component>
      <object_component id="oc-264">
         <name>.cinit:_ad7124_value</name>
         <load_address>0x8235d</load_address>
         <run_address>0x8235d</run_address>
         <size>0x5</size>
         <input_file_ref idref="fl-b"/>
      </object_component>
      <object_component id="oc-90">
         <name>.cinit</name>
         <load_address>0x82362</load_address>
         <run_address>0x82362</run_address>
         <size>0x4</size>
         <input_file_ref idref="fl-3"/>
      </object_component>
      <object_component id="oc-97">
         <name>.cinit</name>
         <load_address>0x82366</load_address>
         <run_address>0x82366</run_address>
         <size>0x4</size>
         <input_file_ref idref="fl-4"/>
      </object_component>
      <object_component id="oc-17b">
         <name>.cinit</name>
         <load_address>0x8236a</load_address>
         <run_address>0x8236a</run_address>
         <size>0x4</size>
         <input_file_ref idref="fl-2a"/>
      </object_component>
      <object_component id="oc-202">
         <name>.cinit</name>
         <load_address>0x8236e</load_address>
         <run_address>0x8236e</run_address>
         <size>0x4</size>
         <input_file_ref idref="fl-35"/>
      </object_component>
      <object_component id="oc-24f">
         <name>.text</name>
         <load_address>0x88000</load_address>
         <run_address>0x88000</run_address>
         <size>0x1046</size>
         <input_file_ref idref="fl-e"/>
      </object_component>
      <object_component id="oc-26e">
         <name>.text</name>
         <load_address>0x89046</load_address>
         <run_address>0x89046</run_address>
         <size>0x9b1</size>
         <input_file_ref idref="fl-2"/>
      </object_component>
      <object_component id="oc-24e">
         <name>.text</name>
         <load_address>0x899f7</load_address>
         <run_address>0x899f7</run_address>
         <size>0x7b3</size>
         <input_file_ref idref="fl-12"/>
      </object_component>
      <object_component id="oc-27f">
         <name>.text</name>
         <load_address>0x8a1aa</load_address>
         <run_address>0x8a1aa</run_address>
         <size>0x60c</size>
         <input_file_ref idref="fl-10"/>
      </object_component>
      <object_component id="oc-12c">
         <name>.text:retain</name>
         <load_address>0x8a7b6</load_address>
         <run_address>0x8a7b6</run_address>
         <size>0x585</size>
         <input_file_ref idref="fl-1a"/>
      </object_component>
      <object_component id="oc-242">
         <name>.text</name>
         <load_address>0x8ad3b</load_address>
         <run_address>0x8ad3b</run_address>
         <size>0x522</size>
         <input_file_ref idref="fl-14"/>
      </object_component>
      <object_component id="oc-27c">
         <name>.text</name>
         <load_address>0x8b25d</load_address>
         <run_address>0x8b25d</run_address>
         <size>0x3e0</size>
         <input_file_ref idref="fl-1f"/>
      </object_component>
      <object_component id="oc-241">
         <name>.text</name>
         <load_address>0x8b63d</load_address>
         <run_address>0x8b63d</run_address>
         <size>0x369</size>
         <input_file_ref idref="fl-b"/>
      </object_component>
      <object_component id="oc-277">
         <name>.text</name>
         <load_address>0x8b9a6</load_address>
         <run_address>0x8b9a6</run_address>
         <size>0x345</size>
         <input_file_ref idref="fl-27"/>
      </object_component>
      <object_component id="oc-271">
         <name>.text</name>
         <load_address>0x8bceb</load_address>
         <run_address>0x8bceb</run_address>
         <size>0x27d</size>
         <input_file_ref idref="fl-f"/>
      </object_component>
      <object_component id="oc-268">
         <name>.text</name>
         <load_address>0x8bf68</load_address>
         <run_address>0x8bf68</run_address>
         <size>0x244</size>
         <input_file_ref idref="fl-20"/>
      </object_component>
      <object_component id="oc-243">
         <name>.text</name>
         <load_address>0x8c1ac</load_address>
         <run_address>0x8c1ac</run_address>
         <size>0x21b</size>
         <input_file_ref idref="fl-d"/>
      </object_component>
      <object_component id="oc-24c">
         <name>.text</name>
         <load_address>0x8c3c7</load_address>
         <run_address>0x8c3c7</run_address>
         <size>0x1e2</size>
         <input_file_ref idref="fl-6"/>
      </object_component>
      <object_component id="oc-27d">
         <name>.text</name>
         <load_address>0x8c5a9</load_address>
         <run_address>0x8c5a9</run_address>
         <size>0x1d1</size>
         <input_file_ref idref="fl-c"/>
      </object_component>
      <object_component id="oc-274">
         <name>.text</name>
         <load_address>0x8c77a</load_address>
         <run_address>0x8c77a</run_address>
         <size>0x1ca</size>
         <input_file_ref idref="fl-7"/>
      </object_component>
      <object_component id="oc-267">
         <name>.text</name>
         <load_address>0x8c944</load_address>
         <run_address>0x8c944</run_address>
         <size>0x1ca</size>
         <input_file_ref idref="fl-15"/>
      </object_component>
      <object_component id="oc-a0">
         <name>.text:retain</name>
         <load_address>0x8cb0e</load_address>
         <run_address>0x8cb0e</run_address>
         <size>0x18b</size>
         <input_file_ref idref="fl-5"/>
      </object_component>
      <object_component id="oc-26d">
         <name>.text</name>
         <load_address>0x8cc99</load_address>
         <run_address>0x8cc99</run_address>
         <size>0x174</size>
         <input_file_ref idref="fl-5"/>
      </object_component>
      <object_component id="oc-278">
         <name>.text</name>
         <load_address>0x8ce0d</load_address>
         <run_address>0x8ce0d</run_address>
         <size>0x162</size>
         <input_file_ref idref="fl-11"/>
      </object_component>
      <object_component id="oc-200">
         <name>.text</name>
         <load_address>0x8cf6f</load_address>
         <run_address>0x8cf6f</run_address>
         <size>0x15a</size>
         <input_file_ref idref="fl-35"/>
      </object_component>
      <object_component id="oc-279">
         <name>.text</name>
         <load_address>0x8d0c9</load_address>
         <run_address>0x8d0c9</run_address>
         <size>0x121</size>
         <input_file_ref idref="fl-1d"/>
      </object_component>
      <object_component id="oc-28f">
         <name>.text</name>
         <load_address>0x8d1ea</load_address>
         <run_address>0x8d1ea</run_address>
         <size>0xf1</size>
         <input_file_ref idref="fl-16"/>
      </object_component>
      <object_component id="oc-20d">
         <name>.text</name>
         <load_address>0x8d2db</load_address>
         <run_address>0x8d2db</run_address>
         <size>0x88</size>
         <input_file_ref idref="fl-42"/>
      </object_component>
      <object_component id="oc-250">
         <name>.text</name>
         <load_address>0x8d363</load_address>
         <run_address>0x8d363</run_address>
         <size>0x80</size>
         <input_file_ref idref="fl-a"/>
      </object_component>
      <object_component id="oc-280">
         <name>.text</name>
         <load_address>0x8d3e3</load_address>
         <run_address>0x8d3e3</run_address>
         <size>0x7c</size>
         <input_file_ref idref="fl-18"/>
      </object_component>
      <object_component id="oc-e0">
         <name>.text:retain</name>
         <load_address>0x8d45f</load_address>
         <run_address>0x8d45f</run_address>
         <size>0x7a</size>
         <input_file_ref idref="fl-d"/>
      </object_component>
      <object_component id="oc-25d">
         <name>.text</name>
         <load_address>0x8d4d9</load_address>
         <run_address>0x8d4d9</run_address>
         <size>0x5f</size>
         <input_file_ref idref="fl-9"/>
      </object_component>
      <object_component id="oc-87">
         <name>.text</name>
         <load_address>0x8d538</load_address>
         <run_address>0x8d538</run_address>
         <size>0x56</size>
         <input_file_ref idref="fl-41"/>
      </object_component>
      <object_component id="oc-291">
         <name>.text</name>
         <load_address>0x8d58e</load_address>
         <run_address>0x8d58e</run_address>
         <size>0x46</size>
         <input_file_ref idref="fl-26"/>
      </object_component>
      <object_component id="oc-106">
         <name>.text:retain</name>
         <load_address>0x8d5d4</load_address>
         <run_address>0x8d5d4</run_address>
         <size>0x3a</size>
         <input_file_ref idref="fl-13"/>
      </object_component>
      <object_component id="oc-212">
         <name>.text</name>
         <load_address>0x8d60e</load_address>
         <run_address>0x8d60e</run_address>
         <size>0x2a</size>
         <input_file_ref idref="fl-43"/>
      </object_component>
      <object_component id="oc-240">
         <name>.text</name>
         <load_address>0x8d638</load_address>
         <run_address>0x8d638</run_address>
         <size>0x29</size>
         <input_file_ref idref="fl-48"/>
      </object_component>
      <object_component id="oc-27a">
         <name>.text</name>
         <load_address>0x8d661</load_address>
         <run_address>0x8d661</run_address>
         <size>0x28</size>
         <input_file_ref idref="fl-23"/>
      </object_component>
      <object_component id="oc-27b">
         <name>.text</name>
         <load_address>0x8d689</load_address>
         <run_address>0x8d689</run_address>
         <size>0x26</size>
         <input_file_ref idref="fl-24"/>
      </object_component>
      <object_component id="oc-23d">
         <name>.text</name>
         <load_address>0x8d6af</load_address>
         <run_address>0x8d6af</run_address>
         <size>0x24</size>
         <input_file_ref idref="fl-44"/>
      </object_component>
      <object_component id="oc-25c">
         <name>.text</name>
         <load_address>0x8d6d3</load_address>
         <run_address>0x8d6d3</run_address>
         <size>0x1d</size>
         <input_file_ref idref="fl-45"/>
      </object_component>
      <object_component id="oc-27e">
         <name>.text</name>
         <load_address>0x8d6f0</load_address>
         <run_address>0x8d6f0</run_address>
         <size>0x1b</size>
         <input_file_ref idref="fl-13"/>
      </object_component>
      <object_component id="oc-23f">
         <name>.text</name>
         <load_address>0x8d70b</load_address>
         <run_address>0x8d70b</run_address>
         <size>0x12</size>
         <input_file_ref idref="fl-4a"/>
      </object_component>
      <object_component id="oc-111">
         <name>.text:retain</name>
         <load_address>0x8d71d</load_address>
         <run_address>0x8d71d</run_address>
         <size>0xf</size>
         <input_file_ref idref="fl-15"/>
      </object_component>
      <object_component id="oc-275">
         <name>.text</name>
         <load_address>0x8d72c</load_address>
         <run_address>0x8d72c</run_address>
         <size>0x9</size>
         <input_file_ref idref="fl-49"/>
      </object_component>
      <object_component id="oc-126">
         <name>.text</name>
         <load_address>0x8d735</load_address>
         <run_address>0x8d735</run_address>
         <size>0x3</size>
         <input_file_ref idref="fl-19"/>
      </object_component>
      <object_component id="oc-23c">
         <name>.text</name>
         <load_address>0x8d738</load_address>
         <run_address>0x8d738</run_address>
         <size>0x2</size>
         <input_file_ref idref="fl-46"/>
      </object_component>
      <object_component id="oc-23e">
         <name>.text</name>
         <load_address>0x8d73a</load_address>
         <run_address>0x8d73a</run_address>
         <size>0x1</size>
         <input_file_ref idref="fl-47"/>
      </object_component>
      <object_component id="oc-11b">
         <name>codestart</name>
         <load_address>0x80000</load_address>
         <run_address>0x80000</run_address>
         <size>0x2</size>
         <input_file_ref idref="fl-17"/>
      </object_component>
      <object_component id="oc-207">
         <name>.stack</name>
         <uninitialized>true</uninitialized>
         <run_address>0x400</run_address>
         <size>0x0</size>
         <input_file_ref idref="fl-41"/>
      </object_component>
      <object_component id="oc-31e">
         <name>.stack</name>
         <uninitialized>true</uninitialized>
         <run_address>0x400</run_address>
         <size>0x0</size>
      </object_component>
      <object_component id="oc-8a">
         <name>.ebss</name>
         <uninitialized>true</uninitialized>
         <run_address>0xe67a</run_address>
         <size>0x6</size>
         <input_file_ref idref="fl-2"/>
      </object_component>
      <object_component id="oc-283">
         <name>.ebss:_Run_Mode_Var</name>
         <uninitialized>true</uninitialized>
         <run_address>0xf4cc</run_address>
         <size>0x4</size>
         <input_file_ref idref="fl-2"/>
      </object_component>
      <object_component id="oc-287">
         <name>.ebss:_Ver_Software</name>
         <uninitialized>true</uninitialized>
         <run_address>0xf4b2</run_address>
         <size>0x5</size>
         <input_file_ref idref="fl-2"/>
      </object_component>
      <object_component id="oc-282">
         <name>.ebss:_Protect_Para_Var</name>
         <uninitialized>true</uninitialized>
         <run_address>0xf220</run_address>
         <size>0x20</size>
         <input_file_ref idref="fl-2"/>
      </object_component>
      <object_component id="oc-286">
         <name>.ebss:_AD_Para_Var</name>
         <uninitialized>true</uninitialized>
         <run_address>0xed90</run_address>
         <size>0x30</size>
         <input_file_ref idref="fl-2"/>
      </object_component>
      <object_component id="oc-289">
         <name>.ebss:_Debug_Para_Var</name>
         <uninitialized>true</uninitialized>
         <run_address>0xf440</run_address>
         <size>0x40</size>
         <input_file_ref idref="fl-2"/>
      </object_component>
      <object_component id="oc-285">
         <name>.ebss:_Calibration_Para_Var</name>
         <uninitialized>true</uninitialized>
         <run_address>0xf3c0</run_address>
         <size>0x50</size>
         <input_file_ref idref="fl-2"/>
      </object_component>
      <object_component id="oc-284">
         <name>.ebss:_Control_Para_Var</name>
         <uninitialized>true</uninitialized>
         <run_address>0xf2c0</run_address>
         <size>0x60</size>
         <input_file_ref idref="fl-2"/>
      </object_component>
      <object_component id="oc-26a">
         <name>.ebss:_Para_Var</name>
         <uninitialized>true</uninitialized>
         <run_address>0xf340</run_address>
         <size>0x60</size>
         <input_file_ref idref="fl-2"/>
      </object_component>
      <object_component id="oc-91">
         <name>.ebss</name>
         <uninitialized>true</uninitialized>
         <run_address>0xf41f</run_address>
         <size>0x1</size>
         <input_file_ref idref="fl-3"/>
      </object_component>
      <object_component id="oc-98">
         <name>.ebss</name>
         <uninitialized>true</uninitialized>
         <run_address>0xf4d8</run_address>
         <size>0x1</size>
         <input_file_ref idref="fl-4"/>
      </object_component>
      <object_component id="oc-9f">
         <name>.ebss</name>
         <uninitialized>true</uninitialized>
         <run_address>0xf4c0</run_address>
         <size>0x4</size>
         <input_file_ref idref="fl-5"/>
      </object_component>
      <object_component id="oc-24d">
         <name>.ebss:_Fault_Code</name>
         <uninitialized>true</uninitialized>
         <run_address>0xe642</run_address>
         <size>0x38</size>
         <input_file_ref idref="fl-6"/>
      </object_component>
      <object_component id="oc-24b">
         <name>.ebss:_Protect_Global</name>
         <uninitialized>true</uninitialized>
         <run_address>0xec40</run_address>
         <size>0x150</size>
         <input_file_ref idref="fl-6"/>
      </object_component>
      <object_component id="oc-28b">
         <name>.ebss:_testvalue</name>
         <uninitialized>true</uninitialized>
         <run_address>0xf4da</run_address>
         <size>0x1</size>
         <input_file_ref idref="fl-7"/>
      </object_component>
      <object_component id="oc-248">
         <name>.ebss:_Compen_Cur</name>
         <uninitialized>true</uninitialized>
         <run_address>0xf138</run_address>
         <size>0x8</size>
         <input_file_ref idref="fl-7"/>
      </object_component>
      <object_component id="oc-c6">
         <name>.ebss</name>
         <uninitialized>true</uninitialized>
         <run_address>0xec24</run_address>
         <size>0x1c</size>
         <input_file_ref idref="fl-9"/>
      </object_component>
      <object_component id="oc-272">
         <name>.ebss:_dat1</name>
         <uninitialized>true</uninitialized>
         <run_address>0xf4a2</run_address>
         <size>0x8</size>
         <input_file_ref idref="fl-9"/>
      </object_component>
      <object_component id="oc-26f">
         <name>.ebss:_dat</name>
         <uninitialized>true</uninitialized>
         <run_address>0xf4aa</run_address>
         <size>0x8</size>
         <input_file_ref idref="fl-9"/>
      </object_component>
      <object_component id="oc-cc">
         <name>.ebss</name>
         <uninitialized>true</uninitialized>
         <run_address>0xf4b7</run_address>
         <size>0x5</size>
         <input_file_ref idref="fl-a"/>
      </object_component>
      <object_component id="oc-d3">
         <name>.ebss</name>
         <uninitialized>true</uninitialized>
         <run_address>0xf084</run_address>
         <size>0x26</size>
         <input_file_ref idref="fl-b"/>
      </object_component>
      <object_component id="oc-261">
         <name>.ebss:_value</name>
         <uninitialized>true</uninitialized>
         <run_address>0xf4d4</run_address>
         <size>0x4</size>
         <input_file_ref idref="fl-b"/>
      </object_component>
      <object_component id="oc-263">
         <name>.ebss:_ad7124_value</name>
         <uninitialized>true</uninitialized>
         <run_address>0xf2a0</run_address>
         <size>0x20</size>
         <input_file_ref idref="fl-b"/>
      </object_component>
      <object_component id="oc-265">
         <name>.ebss:_testAD</name>
         <uninitialized>true</uninitialized>
         <run_address>0xeec0</run_address>
         <size>0xc8</size>
         <input_file_ref idref="fl-b"/>
      </object_component>
      <object_component id="oc-df">
         <name>.ebss</name>
         <uninitialized>true</uninitialized>
         <run_address>0xe000</run_address>
         <size>0x642</size>
         <input_file_ref idref="fl-d"/>
      </object_component>
      <object_component id="oc-e7">
         <name>.ebss</name>
         <uninitialized>true</uninitialized>
         <run_address>0xeac0</run_address>
         <size>0x164</size>
         <input_file_ref idref="fl-e"/>
      </object_component>
      <object_component id="oc-247">
         <name>.ebss:_Result_Data</name>
         <uninitialized>true</uninitialized>
         <run_address>0xf492</run_address>
         <size>0x8</size>
         <input_file_ref idref="fl-e"/>
      </object_component>
      <object_component id="oc-245">
         <name>.ebss:_Read_Data</name>
         <uninitialized>true</uninitialized>
         <run_address>0xf0aa</run_address>
         <size>0x10</size>
         <input_file_ref idref="fl-e"/>
      </object_component>
      <object_component id="oc-246">
         <name>.ebss:_Middle_Data</name>
         <uninitialized>true</uninitialized>
         <run_address>0xefb0</run_address>
         <size>0x10</size>
         <input_file_ref idref="fl-e"/>
      </object_component>
      <object_component id="oc-269">
         <name>.ebss:_Interface_DCDC</name>
         <uninitialized>true</uninitialized>
         <run_address>0xef88</run_address>
         <size>0x28</size>
         <input_file_ref idref="fl-e"/>
      </object_component>
      <object_component id="oc-26c">
         <name>.ebss:_CH_PI_Vout</name>
         <uninitialized>true</uninitialized>
         <run_address>0xf240</run_address>
         <size>0x60</size>
         <input_file_ref idref="fl-e"/>
      </object_component>
      <object_component id="oc-26b">
         <name>.ebss:_CH_PI_Iout</name>
         <uninitialized>true</uninitialized>
         <run_address>0xf1c0</run_address>
         <size>0x60</size>
         <input_file_ref idref="fl-e"/>
      </object_component>
      <object_component id="oc-249">
         <name>.ebss:_Data_AD_Sum</name>
         <uninitialized>true</uninitialized>
         <run_address>0xf140</run_address>
         <size>0x68</size>
         <input_file_ref idref="fl-e"/>
      </object_component>
      <object_component id="oc-244">
         <name>.ebss:_DCDC_Service</name>
         <uninitialized>true</uninitialized>
         <run_address>0xf0c0</run_address>
         <size>0x78</size>
         <input_file_ref idref="fl-e"/>
      </object_component>
      <object_component id="oc-24a">
         <name>.ebss:_Data_Sum</name>
         <uninitialized>true</uninitialized>
         <run_address>0xedc0</run_address>
         <size>0xf8</size>
         <input_file_ref idref="fl-e"/>
      </object_component>
      <object_component id="oc-ee">
         <name>.ebss</name>
         <uninitialized>true</uninitialized>
         <run_address>0xeeb8</run_address>
         <size>0x8</size>
         <input_file_ref idref="fl-f"/>
      </object_component>
      <object_component id="oc-28a">
         <name>.ebss:_Interface_I2C</name>
         <uninitialized>true</uninitialized>
         <run_address>0xe680</run_address>
         <size>0x240</size>
         <input_file_ref idref="fl-f"/>
      </object_component>
      <object_component id="oc-f4">
         <name>.ebss</name>
         <uninitialized>true</uninitialized>
         <run_address>0xf42e</run_address>
         <size>0xc</size>
         <input_file_ref idref="fl-10"/>
      </object_component>
      <object_component id="oc-290">
         <name>.ebss:_Interface_SPI_Flash</name>
         <uninitialized>true</uninitialized>
         <run_address>0xe8c0</run_address>
         <size>0x1ec</size>
         <input_file_ref idref="fl-10"/>
      </object_component>
      <object_component id="oc-ff">
         <name>.ebss</name>
         <uninitialized>true</uninitialized>
         <run_address>0xf4bc</run_address>
         <size>0x4</size>
         <input_file_ref idref="fl-12"/>
      </object_component>
      <object_component id="oc-25a">
         <name>.ebss:_ePWM</name>
         <uninitialized>true</uninitialized>
         <run_address>0xeaac</run_address>
         <size>0x12</size>
         <input_file_ref idref="fl-12"/>
      </object_component>
      <object_component id="oc-105">
         <name>.ebss</name>
         <uninitialized>true</uninitialized>
         <run_address>0xefc0</run_address>
         <size>0xc4</size>
         <input_file_ref idref="fl-13"/>
      </object_component>
      <object_component id="oc-121">
         <name>.ebss</name>
         <uninitialized>true</uninitialized>
         <run_address>0xf1a8</run_address>
         <size>0x18</size>
         <input_file_ref idref="fl-18"/>
      </object_component>
      <object_component id="oc-170">
         <name>.ebss</name>
         <uninitialized>true</uninitialized>
         <run_address>0xf0ba</run_address>
         <size>0x6</size>
         <input_file_ref idref="fl-28"/>
      </object_component>
      <object_component id="oc-17c">
         <name>.ebss</name>
         <uninitialized>true</uninitialized>
         <run_address>0xf4d9</run_address>
         <size>0x1</size>
         <input_file_ref idref="fl-2a"/>
      </object_component>
      <object_component id="oc-256">
         <name>.ebss:_I2C</name>
         <uninitialized>true</uninitialized>
         <run_address>0xf4c4</run_address>
         <size>0x4</size>
         <input_file_ref idref="fl-2c"/>
      </object_component>
      <object_component id="oc-257">
         <name>.ebss:_MCBSP</name>
         <uninitialized>true</uninitialized>
         <run_address>0xf4c8</run_address>
         <size>0x4</size>
         <input_file_ref idref="fl-2c"/>
      </object_component>
      <object_component id="oc-251">
         <name>.ebss:_SCI</name>
         <uninitialized>true</uninitialized>
         <run_address>0xf4d0</run_address>
         <size>0x4</size>
         <input_file_ref idref="fl-2c"/>
      </object_component>
      <object_component id="oc-259">
         <name>.ebss:_SDFM</name>
         <uninitialized>true</uninitialized>
         <run_address>0xf3ba</run_address>
         <size>0x6</size>
         <input_file_ref idref="fl-2c"/>
      </object_component>
      <object_component id="oc-255">
         <name>.ebss:_EQEP</name>
         <uninitialized>true</uninitialized>
         <run_address>0xf48a</run_address>
         <size>0x8</size>
         <input_file_ref idref="fl-2c"/>
      </object_component>
      <object_component id="oc-252">
         <name>.ebss:_SPI</name>
         <uninitialized>true</uninitialized>
         <run_address>0xf49a</run_address>
         <size>0x8</size>
         <input_file_ref idref="fl-2c"/>
      </object_component>
      <object_component id="oc-258">
         <name>.ebss:_ADC</name>
         <uninitialized>true</uninitialized>
         <run_address>0xf480</run_address>
         <size>0xa</size>
         <input_file_ref idref="fl-2c"/>
      </object_component>
      <object_component id="oc-253">
         <name>.ebss:_ECAP</name>
         <uninitialized>true</uninitialized>
         <run_address>0xf420</run_address>
         <size>0xe</size>
         <input_file_ref idref="fl-2c"/>
      </object_component>
      <object_component id="oc-25b">
         <name>.ebss:_EPWM</name>
         <uninitialized>true</uninitialized>
         <run_address>0xf3a0</run_address>
         <size>0x1a</size>
         <input_file_ref idref="fl-2c"/>
      </object_component>
      <object_component id="oc-254">
         <name>.ebss:_TRIP_SEL</name>
         <uninitialized>true</uninitialized>
         <run_address>0xf320</run_address>
         <size>0x1e</size>
         <input_file_ref idref="fl-2c"/>
      </object_component>
      <object_component id="oc-203">
         <name>.ebss</name>
         <uninitialized>true</uninitialized>
         <run_address>0xf410</run_address>
         <size>0xf</size>
         <input_file_ref idref="fl-35"/>
      </object_component>
      <object_component id="oc-22d">
         <name>.ebss</name>
         <uninitialized>true</uninitialized>
         <run_address>0xf43a</run_address>
         <size>0x6</size>
         <input_file_ref idref="fl-48"/>
      </object_component>
      <object_component id="oc-25e">
         <name>.ebss:__lock</name>
         <uninitialized>true</uninitialized>
         <run_address>0xeabe</run_address>
         <size>0x2</size>
         <input_file_ref idref="fl-49"/>
      </object_component>
      <object_component id="oc-28c">
         <name>.ebss:__unlock</name>
         <uninitialized>true</uninitialized>
         <run_address>0xf33e</run_address>
         <size>0x2</size>
         <input_file_ref idref="fl-49"/>
      </object_component>
      <object_component id="oc-28e">
         <name>.econst:_PieVectTableInit</name>
         <load_address>0x82000</load_address>
         <run_address>0x82000</run_address>
         <size>0x1c0</size>
         <input_file_ref idref="fl-24"/>
      </object_component>
      <object_component id="oc-281">
         <name>.econst:_sCANFunJump</name>
         <load_address>0x821c0</load_address>
         <run_address>0x821c0</run_address>
         <size>0x22</size>
         <input_file_ref idref="fl-2"/>
      </object_component>
      <object_component id="oc-266">
         <name>.econst:_g_ui16CANBitValues</name>
         <load_address>0x821e2</load_address>
         <run_address>0x821e2</run_address>
         <size>0x9</size>
         <input_file_ref idref="fl-14"/>
      </object_component>
      <object_component id="oc-260">
         <name>.econst:.string:_$P$T0$1</name>
         <load_address>0x821eb</load_address>
         <run_address>0x821eb</run_address>
         <size>0x8</size>
         <input_file_ref idref="fl-b"/>
      </object_component>
      <object_component id="oc-292">
         <name>.switch:_SPI_Flash_Service</name>
         <load_address>0x82374</load_address>
         <run_address>0x82374</run_address>
         <size>0x34</size>
         <input_file_ref idref="fl-10"/>
      </object_component>
      <object_component id="oc-208">
         <name>.reset</name>
         <load_address>0x3fffc0</load_address>
         <run_address>0x3fffc0</run_address>
         <size>0x2</size>
         <input_file_ref idref="fl-41"/>
      </object_component>
      <object_component id="oc-ba">
         <name>Cla1Prog:_Cla1Task3</name>
         <load_address>0x90000</load_address>
         <run_address>0x9800</run_address>
         <size>0x38e</size>
         <input_file_ref idref="fl-8"/>
      </object_component>
      <object_component id="oc-b9">
         <name>Cla1Prog:_Cla1Task2</name>
         <load_address>0x9038e</load_address>
         <run_address>0x9b8e</run_address>
         <size>0x374</size>
         <input_file_ref idref="fl-8"/>
      </object_component>
      <object_component id="oc-bb">
         <name>Cla1Prog:_Cla1Task4</name>
         <load_address>0x90702</load_address>
         <run_address>0x9f02</run_address>
         <size>0x374</size>
         <input_file_ref idref="fl-8"/>
      </object_component>
      <object_component id="oc-b8">
         <name>Cla1Prog:_Cla1Task1</name>
         <load_address>0x90a76</load_address>
         <run_address>0xa276</run_address>
         <size>0x358</size>
         <input_file_ref idref="fl-8"/>
      </object_component>
      <object_component id="oc-b6">
         <name>Cla1Prog:_SynRect_Boost</name>
         <load_address>0x90dce</load_address>
         <run_address>0xa5ce</run_address>
         <size>0xe0</size>
         <input_file_ref idref="fl-8"/>
      </object_component>
      <object_component id="oc-b4">
         <name>Cla1Prog:_SynRect_Buck</name>
         <load_address>0x90eae</load_address>
         <run_address>0xa6ae</run_address>
         <size>0xe0</size>
         <input_file_ref idref="fl-8"/>
      </object_component>
      <object_component id="oc-bf">
         <name>Cla1Prog:_Cla1Task8</name>
         <load_address>0x90f8e</load_address>
         <run_address>0xa78e</run_address>
         <size>0x50</size>
         <input_file_ref idref="fl-8"/>
      </object_component>
      <object_component id="oc-bc">
         <name>Cla1Prog:_Cla1Task5</name>
         <load_address>0x90fde</load_address>
         <run_address>0xa7de</run_address>
         <size>0x8</size>
         <input_file_ref idref="fl-8"/>
      </object_component>
      <object_component id="oc-bd">
         <name>Cla1Prog:_Cla1Task6</name>
         <load_address>0x90fe6</load_address>
         <run_address>0xa7e6</run_address>
         <size>0x8</size>
         <input_file_ref idref="fl-8"/>
      </object_component>
      <object_component id="oc-be">
         <name>Cla1Prog:_Cla1Task7</name>
         <load_address>0x90fee</load_address>
         <run_address>0xa7ee</run_address>
         <size>0x8</size>
         <input_file_ref idref="fl-8"/>
      </object_component>
      <object_component id="oc-b2">
         <name>CLADataLS0</name>
         <uninitialized>true</uninitialized>
         <run_address>0x8000</run_address>
         <size>0x2a6</size>
         <input_file_ref idref="fl-8"/>
      </object_component>
      <object_component id="oc-b1">
         <name>Cla1ToCpuMsgRAM</name>
         <uninitialized>true</uninitialized>
         <run_address>0x1480</run_address>
         <size>0x4</size>
         <input_file_ref idref="fl-8"/>
      </object_component>
      <object_component id="oc-b0">
         <name>CpuToCla1MsgRAM</name>
         <uninitialized>true</uninitialized>
         <run_address>0x1500</run_address>
         <size>0x16</size>
         <input_file_ref idref="fl-8"/>
      </object_component>
      <object_component id="oc-e8">
         <name>.TI.ramfunc:retain</name>
         <load_address>0x86000</load_address>
         <run_address>0x1b000</run_address>
         <size>0x5c3</size>
         <input_file_ref idref="fl-e"/>
      </object_component>
      <object_component id="oc-28d">
         <name>.TI.ramfunc</name>
         <load_address>0x865c3</load_address>
         <run_address>0x1b5c3</run_address>
         <size>0x6e</size>
         <input_file_ref idref="fl-27"/>
      </object_component>
      <object_component id="oc-188">
         <name>.TI.ramfunc</name>
         <load_address>0x86631</load_address>
         <run_address>0x1b631</run_address>
         <size>0x4</size>
         <input_file_ref idref="fl-2d"/>
      </object_component>
      <object_component id="oc-1fe">
         <name>Comtrade_DataBufferFile</name>
         <uninitialized>true</uninitialized>
         <run_address>0x11000</run_address>
         <size>0x5dc0</size>
         <input_file_ref idref="fl-2e"/>
      </object_component>
      <object_component id="oc-1fd">
         <name>CH_SAM_BUFFile</name>
         <uninitialized>true</uninitialized>
         <run_address>0x16dc0</run_address>
         <size>0x2ee0</size>
         <input_file_ref idref="fl-2e"/>
      </object_component>
      <object_component id="oc-b5">
         <name>.scratchpad:Cla1Prog:_SynRect_Buck</name>
         <uninitialized>true</uninitialized>
         <run_address>0x8900</run_address>
         <size>0x2</size>
         <input_file_ref idref="fl-8"/>
      </object_component>
      <object_component id="oc-b7">
         <name>.scratchpad:Cla1Prog:_SynRect_Boost</name>
         <uninitialized>true</uninitialized>
         <run_address>0x8900</run_address>
         <size>0x2</size>
         <input_file_ref idref="fl-8"/>
      </object_component>
      <object_component id="oc-b3">
         <name>.bss_cla</name>
         <uninitialized>true</uninitialized>
         <run_address>0x8902</run_address>
         <size>0x2</size>
         <input_file_ref idref="fl-8"/>
      </object_component>
      <object_component id="oc-1fc">
         <name>PieVectTableFile</name>
         <uninitialized>true</uninitialized>
         <run_address>0xd00</run_address>
         <size>0x1c0</size>
         <input_file_ref idref="fl-2e"/>
      </object_component>
      <object_component id="oc-18e">
         <name>EmuKeyVar</name>
         <uninitialized>true</uninitialized>
         <run_address>0xd00</run_address>
         <size>0x1</size>
         <input_file_ref idref="fl-2e"/>
      </object_component>
      <object_component id="oc-18f">
         <name>EmuBModeVar</name>
         <uninitialized>true</uninitialized>
         <run_address>0xd01</run_address>
         <size>0x1</size>
         <input_file_ref idref="fl-2e"/>
      </object_component>
      <object_component id="oc-1a7">
         <name>AdcaResultFile</name>
         <uninitialized>true</uninitialized>
         <run_address>0xb00</run_address>
         <size>0x18</size>
         <input_file_ref idref="fl-2e"/>
      </object_component>
      <object_component id="oc-1a8">
         <name>AdcbResultFile</name>
         <uninitialized>true</uninitialized>
         <run_address>0xb20</run_address>
         <size>0x18</size>
         <input_file_ref idref="fl-2e"/>
      </object_component>
      <object_component id="oc-1a9">
         <name>AdccResultFile</name>
         <uninitialized>true</uninitialized>
         <run_address>0xb40</run_address>
         <size>0x18</size>
         <input_file_ref idref="fl-2e"/>
      </object_component>
      <object_component id="oc-1aa">
         <name>AdcdResultFile</name>
         <uninitialized>true</uninitialized>
         <run_address>0xb60</run_address>
         <size>0x18</size>
         <input_file_ref idref="fl-2e"/>
      </object_component>
      <object_component id="oc-1dd">
         <name>AdcaRegsFile</name>
         <uninitialized>true</uninitialized>
         <run_address>0x7400</run_address>
         <size>0x80</size>
         <input_file_ref idref="fl-2e"/>
      </object_component>
      <object_component id="oc-1df">
         <name>AdcbRegsFile</name>
         <uninitialized>true</uninitialized>
         <run_address>0x7480</run_address>
         <size>0x80</size>
         <input_file_ref idref="fl-2e"/>
      </object_component>
      <object_component id="oc-1e0">
         <name>AdccRegsFile</name>
         <uninitialized>true</uninitialized>
         <run_address>0x7500</run_address>
         <size>0x80</size>
         <input_file_ref idref="fl-2e"/>
      </object_component>
      <object_component id="oc-1e1">
         <name>AdcdRegsFile</name>
         <uninitialized>true</uninitialized>
         <run_address>0x7580</run_address>
         <size>0x80</size>
         <input_file_ref idref="fl-2e"/>
      </object_component>
      <object_component id="oc-1d9">
         <name>AnalogSubsysRegsFile</name>
         <uninitialized>true</uninitialized>
         <run_address>0x5d180</run_address>
         <size>0x48</size>
         <input_file_ref idref="fl-2e"/>
      </object_component>
      <object_component id="oc-1f7">
         <name>CanaRegsFile</name>
         <uninitialized>true</uninitialized>
         <run_address>0x48000</run_address>
         <size>0x164</size>
         <input_file_ref idref="fl-2e"/>
      </object_component>
      <object_component id="oc-1f8">
         <name>CanbRegsFile</name>
         <uninitialized>true</uninitialized>
         <run_address>0x4a000</run_address>
         <size>0x164</size>
         <input_file_ref idref="fl-2e"/>
      </object_component>
      <object_component id="oc-1d4">
         <name>Cla1RegsFile</name>
         <uninitialized>true</uninitialized>
         <run_address>0x1400</run_address>
         <size>0x3e</size>
         <input_file_ref idref="fl-2e"/>
      </object_component>
      <object_component id="oc-193">
         <name>Cla1SoftIntRegsFile</name>
         <uninitialized>true</uninitialized>
         <run_address>0xce0</run_address>
         <size>0x4</size>
         <input_file_ref idref="fl-2e"/>
      </object_component>
      <object_component id="oc-1ad">
         <name>Cmpss1RegsFile</name>
         <uninitialized>true</uninitialized>
         <run_address>0x5c80</run_address>
         <size>0x20</size>
         <input_file_ref idref="fl-2e"/>
      </object_component>
      <object_component id="oc-1ae">
         <name>Cmpss2RegsFile</name>
         <uninitialized>true</uninitialized>
         <run_address>0x5ca0</run_address>
         <size>0x20</size>
         <input_file_ref idref="fl-2e"/>
      </object_component>
      <object_component id="oc-1af">
         <name>Cmpss3RegsFile</name>
         <uninitialized>true</uninitialized>
         <run_address>0x5cc0</run_address>
         <size>0x20</size>
         <input_file_ref idref="fl-2e"/>
      </object_component>
      <object_component id="oc-1b0">
         <name>Cmpss4RegsFile</name>
         <uninitialized>true</uninitialized>
         <run_address>0x5ce0</run_address>
         <size>0x20</size>
         <input_file_ref idref="fl-2e"/>
      </object_component>
      <object_component id="oc-1b1">
         <name>Cmpss5RegsFile</name>
         <uninitialized>true</uninitialized>
         <run_address>0x5d00</run_address>
         <size>0x20</size>
         <input_file_ref idref="fl-2e"/>
      </object_component>
      <object_component id="oc-1b2">
         <name>Cmpss6RegsFile</name>
         <uninitialized>true</uninitialized>
         <run_address>0x5d20</run_address>
         <size>0x20</size>
         <input_file_ref idref="fl-2e"/>
      </object_component>
      <object_component id="oc-1b3">
         <name>Cmpss7RegsFile</name>
         <uninitialized>true</uninitialized>
         <run_address>0x5d40</run_address>
         <size>0x20</size>
         <input_file_ref idref="fl-2e"/>
      </object_component>
      <object_component id="oc-1b4">
         <name>Cmpss8RegsFile</name>
         <uninitialized>true</uninitialized>
         <run_address>0x5d60</run_address>
         <size>0x20</size>
         <input_file_ref idref="fl-2e"/>
      </object_component>
      <object_component id="oc-199">
         <name>CpuTimer0RegsFile</name>
         <uninitialized>true</uninitialized>
         <run_address>0xc00</run_address>
         <size>0x8</size>
         <input_file_ref idref="fl-2e"/>
      </object_component>
      <object_component id="oc-19a">
         <name>CpuTimer1RegsFile</name>
         <uninitialized>true</uninitialized>
         <run_address>0xc08</run_address>
         <size>0x8</size>
         <input_file_ref idref="fl-2e"/>
      </object_component>
      <object_component id="oc-19b">
         <name>CpuTimer2RegsFile</name>
         <uninitialized>true</uninitialized>
         <run_address>0xc10</run_address>
         <size>0x8</size>
         <input_file_ref idref="fl-2e"/>
      </object_component>
      <object_component id="oc-196">
         <name>DacaRegsFile</name>
         <uninitialized>true</uninitialized>
         <run_address>0x5c00</run_address>
         <size>0x8</size>
         <input_file_ref idref="fl-2e"/>
      </object_component>
      <object_component id="oc-197">
         <name>DacbRegsFile</name>
         <uninitialized>true</uninitialized>
         <run_address>0x5c10</run_address>
         <size>0x8</size>
         <input_file_ref idref="fl-2e"/>
      </object_component>
      <object_component id="oc-198">
         <name>DaccRegsFile</name>
         <uninitialized>true</uninitialized>
         <run_address>0x5c20</run_address>
         <size>0x8</size>
         <input_file_ref idref="fl-2e"/>
      </object_component>
      <object_component id="oc-1ca">
         <name>DcsmZ1RegsFile</name>
         <uninitialized>true</uninitialized>
         <run_address>0x5f000</run_address>
         <size>0x24</size>
         <input_file_ref idref="fl-2e"/>
      </object_component>
      <object_component id="oc-1cb">
         <name>DcsmZ2RegsFile</name>
         <uninitialized>true</uninitialized>
         <run_address>0x5f040</run_address>
         <size>0x24</size>
         <input_file_ref idref="fl-2e"/>
      </object_component>
      <object_component id="oc-19c">
         <name>DcsmCommonRegsFile</name>
         <uninitialized>true</uninitialized>
         <run_address>0x5f070</run_address>
         <size>0x8</size>
         <input_file_ref idref="fl-2e"/>
      </object_component>
      <object_component id="oc-1b5">
         <name>DcsmZ1OtpFile</name>
         <uninitialized>true</uninitialized>
         <run_address>0x78000</run_address>
         <size>0x20</size>
         <input_file_ref idref="fl-2e"/>
      </object_component>
      <object_component id="oc-1b6">
         <name>DcsmZ2OtpFile</name>
         <uninitialized>true</uninitialized>
         <run_address>0x78200</run_address>
         <size>0x20</size>
         <input_file_ref idref="fl-2e"/>
      </object_component>
      <object_component id="oc-1e7">
         <name>DmaRegsFile</name>
         <uninitialized>true</uninitialized>
         <run_address>0x1000</run_address>
         <size>0xe0</size>
         <input_file_ref idref="fl-2e"/>
      </object_component>
      <object_component id="oc-1ab">
         <name>DmaClaSrcSelRegsFile</name>
         <uninitialized>true</uninitialized>
         <run_address>0x7980</run_address>
         <size>0x1a</size>
         <input_file_ref idref="fl-2e"/>
      </object_component>
      <object_component id="oc-1b7">
         <name>ECap1RegsFile</name>
         <uninitialized>true</uninitialized>
         <run_address>0x5000</run_address>
         <size>0x20</size>
         <input_file_ref idref="fl-2e"/>
      </object_component>
      <object_component id="oc-1b9">
         <name>ECap2RegsFile</name>
         <uninitialized>true</uninitialized>
         <run_address>0x5020</run_address>
         <size>0x20</size>
         <input_file_ref idref="fl-2e"/>
      </object_component>
      <object_component id="oc-1ba">
         <name>ECap3RegsFile</name>
         <uninitialized>true</uninitialized>
         <run_address>0x5040</run_address>
         <size>0x20</size>
         <input_file_ref idref="fl-2e"/>
      </object_component>
      <object_component id="oc-1bb">
         <name>ECap4RegsFile</name>
         <uninitialized>true</uninitialized>
         <run_address>0x5060</run_address>
         <size>0x20</size>
         <input_file_ref idref="fl-2e"/>
      </object_component>
      <object_component id="oc-1bc">
         <name>ECap5RegsFile</name>
         <uninitialized>true</uninitialized>
         <run_address>0x5080</run_address>
         <size>0x20</size>
         <input_file_ref idref="fl-2e"/>
      </object_component>
      <object_component id="oc-1bd">
         <name>ECap6RegsFile</name>
         <uninitialized>true</uninitialized>
         <run_address>0x50a0</run_address>
         <size>0x20</size>
         <input_file_ref idref="fl-2e"/>
      </object_component>
      <object_component id="oc-1db">
         <name>Emif1RegsFile</name>
         <uninitialized>true</uninitialized>
         <run_address>0x47000</run_address>
         <size>0x70</size>
         <input_file_ref idref="fl-2e"/>
      </object_component>
      <object_component id="oc-1dc">
         <name>Emif2RegsFile</name>
         <uninitialized>true</uninitialized>
         <run_address>0x47800</run_address>
         <size>0x70</size>
         <input_file_ref idref="fl-2e"/>
      </object_component>
      <object_component id="oc-1e8">
         <name>EPwm1RegsFile</name>
         <uninitialized>true</uninitialized>
         <run_address>0x4000</run_address>
         <size>0x100</size>
         <input_file_ref idref="fl-2e"/>
      </object_component>
      <object_component id="oc-1eb">
         <name>EPwm2RegsFile</name>
         <uninitialized>true</uninitialized>
         <run_address>0x4100</run_address>
         <size>0x100</size>
         <input_file_ref idref="fl-2e"/>
      </object_component>
      <object_component id="oc-1ec">
         <name>EPwm3RegsFile</name>
         <uninitialized>true</uninitialized>
         <run_address>0x4200</run_address>
         <size>0x100</size>
         <input_file_ref idref="fl-2e"/>
      </object_component>
      <object_component id="oc-1ed">
         <name>EPwm4RegsFile</name>
         <uninitialized>true</uninitialized>
         <run_address>0x4300</run_address>
         <size>0x100</size>
         <input_file_ref idref="fl-2e"/>
      </object_component>
      <object_component id="oc-1ee">
         <name>EPwm5RegsFile</name>
         <uninitialized>true</uninitialized>
         <run_address>0x4400</run_address>
         <size>0x100</size>
         <input_file_ref idref="fl-2e"/>
      </object_component>
      <object_component id="oc-1ef">
         <name>EPwm6RegsFile</name>
         <uninitialized>true</uninitialized>
         <run_address>0x4500</run_address>
         <size>0x100</size>
         <input_file_ref idref="fl-2e"/>
      </object_component>
      <object_component id="oc-1f0">
         <name>EPwm7RegsFile</name>
         <uninitialized>true</uninitialized>
         <run_address>0x4600</run_address>
         <size>0x100</size>
         <input_file_ref idref="fl-2e"/>
      </object_component>
      <object_component id="oc-1f1">
         <name>EPwm8RegsFile</name>
         <uninitialized>true</uninitialized>
         <run_address>0x4700</run_address>
         <size>0x100</size>
         <input_file_ref idref="fl-2e"/>
      </object_component>
      <object_component id="oc-1f2">
         <name>EPwm9RegsFile</name>
         <uninitialized>true</uninitialized>
         <run_address>0x4800</run_address>
         <size>0x100</size>
         <input_file_ref idref="fl-2e"/>
      </object_component>
      <object_component id="oc-1f3">
         <name>EPwm10RegsFile</name>
         <uninitialized>true</uninitialized>
         <run_address>0x4900</run_address>
         <size>0x100</size>
         <input_file_ref idref="fl-2e"/>
      </object_component>
      <object_component id="oc-1f4">
         <name>EPwm11RegsFile</name>
         <uninitialized>true</uninitialized>
         <run_address>0x4a00</run_address>
         <size>0x100</size>
         <input_file_ref idref="fl-2e"/>
      </object_component>
      <object_component id="oc-1f5">
         <name>EPwm12RegsFile</name>
         <uninitialized>true</uninitialized>
         <run_address>0x4b00</run_address>
         <size>0x100</size>
         <input_file_ref idref="fl-2e"/>
      </object_component>
      <object_component id="oc-1d5">
         <name>EPwmXbarRegsFile</name>
         <uninitialized>true</uninitialized>
         <run_address>0x7a00</run_address>
         <size>0x40</size>
         <input_file_ref idref="fl-2e"/>
      </object_component>
      <object_component id="oc-1c3">
         <name>EQep1RegsFile</name>
         <uninitialized>true</uninitialized>
         <run_address>0x5100</run_address>
         <size>0x22</size>
         <input_file_ref idref="fl-2e"/>
      </object_component>
      <object_component id="oc-1c5">
         <name>EQep2RegsFile</name>
         <uninitialized>true</uninitialized>
         <run_address>0x5140</run_address>
         <size>0x22</size>
         <input_file_ref idref="fl-2e"/>
      </object_component>
      <object_component id="oc-1c6">
         <name>EQep3RegsFile</name>
         <uninitialized>true</uninitialized>
         <run_address>0x5180</run_address>
         <size>0x22</size>
         <input_file_ref idref="fl-2e"/>
      </object_component>
      <object_component id="oc-1fa">
         <name>Flash0CtrlRegsFile</name>
         <uninitialized>true</uninitialized>
         <run_address>0x5f800</run_address>
         <size>0x182</size>
         <input_file_ref idref="fl-2e"/>
      </object_component>
      <object_component id="oc-1cf">
         <name>Flash0EccRegsFile</name>
         <uninitialized>true</uninitialized>
         <run_address>0x5fb00</run_address>
         <size>0x28</size>
         <input_file_ref idref="fl-2e"/>
      </object_component>
      <object_component id="oc-1fb">
         <name>Flash1CtrlRegsFile</name>
         <uninitialized>true</uninitialized>
         <run_address>0x5fc00</run_address>
         <size>0x182</size>
         <input_file_ref idref="fl-2e"/>
      </object_component>
      <object_component id="oc-1d0">
         <name>Flash1EccRegsFile</name>
         <uninitialized>true</uninitialized>
         <run_address>0x5ff00</run_address>
         <size>0x28</size>
         <input_file_ref idref="fl-2e"/>
      </object_component>
      <object_component id="oc-1f9">
         <name>GpioCtrlRegsFile</name>
         <uninitialized>true</uninitialized>
         <run_address>0x7c00</run_address>
         <size>0x180</size>
         <input_file_ref idref="fl-2e"/>
      </object_component>
      <object_component id="oc-1d2">
         <name>GpioDataRegsFile</name>
         <uninitialized>true</uninitialized>
         <run_address>0x7f00</run_address>
         <size>0x30</size>
         <input_file_ref idref="fl-2e"/>
      </object_component>
      <object_component id="oc-1d6">
         <name>OutputXbarRegsFile</name>
         <uninitialized>true</uninitialized>
         <run_address>0x7a80</run_address>
         <size>0x40</size>
         <input_file_ref idref="fl-2e"/>
      </object_component>
      <object_component id="oc-1c7">
         <name>I2caRegsFile</name>
         <uninitialized>true</uninitialized>
         <run_address>0x7300</run_address>
         <size>0x22</size>
         <input_file_ref idref="fl-2e"/>
      </object_component>
      <object_component id="oc-1c9">
         <name>I2cbRegsFile</name>
         <uninitialized>true</uninitialized>
         <run_address>0x7340</run_address>
         <size>0x22</size>
         <input_file_ref idref="fl-2e"/>
      </object_component>
      <object_component id="oc-1be">
         <name>InputXbarRegsFile</name>
         <uninitialized>true</uninitialized>
         <run_address>0x7900</run_address>
         <size>0x20</size>
         <input_file_ref idref="fl-2e"/>
      </object_component>
      <object_component id="oc-1c0">
         <name>XbarRegsFile</name>
         <uninitialized>true</uninitialized>
         <run_address>0x7920</run_address>
         <size>0x20</size>
         <input_file_ref idref="fl-2e"/>
      </object_component>
      <object_component id="oc-190">
         <name>FlashPumpSemaphoreRegsFile</name>
         <uninitialized>true</uninitialized>
         <run_address>0x50024</run_address>
         <size>0x2</size>
         <input_file_ref idref="fl-2e"/>
      </object_component>
      <object_component id="oc-191">
         <name>RomPrefetchRegsFile</name>
         <uninitialized>true</uninitialized>
         <run_address>0x5e608</run_address>
         <size>0x2</size>
         <input_file_ref idref="fl-2e"/>
      </object_component>
      <object_component id="oc-1e2">
         <name>MemCfgRegsFile</name>
         <uninitialized>true</uninitialized>
         <run_address>0x5f400</run_address>
         <size>0x80</size>
         <input_file_ref idref="fl-2e"/>
      </object_component>
      <object_component id="oc-1c1">
         <name>Emif1ConfigRegsFile</name>
         <uninitialized>true</uninitialized>
         <run_address>0x5f480</run_address>
         <size>0x20</size>
         <input_file_ref idref="fl-2e"/>
      </object_component>
      <object_component id="oc-1c2">
         <name>Emif2ConfigRegsFile</name>
         <uninitialized>true</uninitialized>
         <run_address>0x5f4a0</run_address>
         <size>0x20</size>
         <input_file_ref idref="fl-2e"/>
      </object_component>
      <object_component id="oc-1d7">
         <name>AccessProtectionRegsFile</name>
         <uninitialized>true</uninitialized>
         <run_address>0x5f4c0</run_address>
         <size>0x40</size>
         <input_file_ref idref="fl-2e"/>
      </object_component>
      <object_component id="oc-1d8">
         <name>MemoryErrorRegsFile</name>
         <uninitialized>true</uninitialized>
         <run_address>0x5f500</run_address>
         <size>0x40</size>
         <input_file_ref idref="fl-2e"/>
      </object_component>
      <object_component id="oc-192">
         <name>RomWaitStateRegsFile</name>
         <uninitialized>true</uninitialized>
         <run_address>0x5f540</run_address>
         <size>0x2</size>
         <input_file_ref idref="fl-2e"/>
      </object_component>
      <object_component id="oc-1cc">
         <name>McbspaRegsFile</name>
         <uninitialized>true</uninitialized>
         <run_address>0x6000</run_address>
         <size>0x24</size>
         <input_file_ref idref="fl-2e"/>
      </object_component>
      <object_component id="oc-1ce">
         <name>McbspbRegsFile</name>
         <uninitialized>true</uninitialized>
         <run_address>0x6040</run_address>
         <size>0x24</size>
         <input_file_ref idref="fl-2e"/>
      </object_component>
      <object_component id="oc-1da">
         <name>UppRegsFile</name>
         <uninitialized>true</uninitialized>
         <run_address>0x6200</run_address>
         <size>0x48</size>
         <input_file_ref idref="fl-2e"/>
      </object_component>
      <object_component id="oc-195">
         <name>NmiIntruptRegsFile</name>
         <uninitialized>true</uninitialized>
         <run_address>0x7060</run_address>
         <size>0x7</size>
         <input_file_ref idref="fl-2e"/>
      </object_component>
      <object_component id="oc-1ac">
         <name>PieCtrlRegsFile</name>
         <uninitialized>true</uninitialized>
         <run_address>0xce0</run_address>
         <size>0x1a</size>
         <input_file_ref idref="fl-2e"/>
      </object_component>
      <object_component id="oc-19e">
         <name>SciaRegsFile</name>
         <uninitialized>true</uninitialized>
         <run_address>0x7200</run_address>
         <size>0x10</size>
         <input_file_ref idref="fl-2e"/>
      </object_component>
      <object_component id="oc-1a0">
         <name>ScibRegsFile</name>
         <uninitialized>true</uninitialized>
         <run_address>0x7210</run_address>
         <size>0x10</size>
         <input_file_ref idref="fl-2e"/>
      </object_component>
      <object_component id="oc-1a1">
         <name>ScicRegsFile</name>
         <uninitialized>true</uninitialized>
         <run_address>0x7220</run_address>
         <size>0x10</size>
         <input_file_ref idref="fl-2e"/>
      </object_component>
      <object_component id="oc-1a2">
         <name>ScidRegsFile</name>
         <uninitialized>true</uninitialized>
         <run_address>0x7230</run_address>
         <size>0x10</size>
         <input_file_ref idref="fl-2e"/>
      </object_component>
      <object_component id="oc-1e3">
         <name>Sdfm1RegsFile</name>
         <uninitialized>true</uninitialized>
         <run_address>0x5e00</run_address>
         <size>0x80</size>
         <input_file_ref idref="fl-2e"/>
      </object_component>
      <object_component id="oc-1e5">
         <name>Sdfm2RegsFile</name>
         <uninitialized>true</uninitialized>
         <run_address>0x5e80</run_address>
         <size>0x80</size>
         <input_file_ref idref="fl-2e"/>
      </object_component>
      <object_component id="oc-1a3">
         <name>SpiaRegsFile</name>
         <uninitialized>true</uninitialized>
         <run_address>0x6100</run_address>
         <size>0x10</size>
         <input_file_ref idref="fl-2e"/>
      </object_component>
      <object_component id="oc-1a5">
         <name>SpibRegsFile</name>
         <uninitialized>true</uninitialized>
         <run_address>0x6110</run_address>
         <size>0x10</size>
         <input_file_ref idref="fl-2e"/>
      </object_component>
      <object_component id="oc-1a6">
         <name>SpicRegsFile</name>
         <uninitialized>true</uninitialized>
         <run_address>0x6120</run_address>
         <size>0x10</size>
         <input_file_ref idref="fl-2e"/>
      </object_component>
      <object_component id="oc-1f6">
         <name>DevCfgRegsFile</name>
         <uninitialized>true</uninitialized>
         <run_address>0x5d000</run_address>
         <size>0x12e</size>
         <input_file_ref idref="fl-2e"/>
      </object_component>
      <object_component id="oc-1d3">
         <name>ClkCfgRegsFile</name>
         <uninitialized>true</uninitialized>
         <run_address>0x5d200</run_address>
         <size>0x32</size>
         <input_file_ref idref="fl-2e"/>
      </object_component>
      <object_component id="oc-1e6">
         <name>CpuSysRegsFile</name>
         <uninitialized>true</uninitialized>
         <run_address>0x5d300</run_address>
         <size>0x82</size>
         <input_file_ref idref="fl-2e"/>
      </object_component>
      <object_component id="oc-194">
         <name>SyncSocRegsFile</name>
         <uninitialized>true</uninitialized>
         <run_address>0x7940</run_address>
         <size>0x6</size>
         <input_file_ref idref="fl-2e"/>
      </object_component>
      <object_component id="oc-1d1">
         <name>WdRegsFile</name>
         <uninitialized>true</uninitialized>
         <run_address>0x7000</run_address>
         <size>0x2b</size>
         <input_file_ref idref="fl-2e"/>
      </object_component>
      <object_component id="oc-19d">
         <name>XintRegsFile</name>
         <uninitialized>true</uninitialized>
         <run_address>0x7070</run_address>
         <size>0xb</size>
         <input_file_ref idref="fl-2e"/>
      </object_component>
      <object_component id="oc-88">
         <name>.debug_info</name>
         <load_address>0x0</load_address>
         <run_address>0x0</run_address>
         <size>0x7919</size>
         <input_file_ref idref="fl-2"/>
      </object_component>
      <object_component id="oc-8f">
         <name>.debug_info</name>
         <load_address>0x7919</load_address>
         <run_address>0x7919</run_address>
         <size>0x5f14</size>
         <input_file_ref idref="fl-3"/>
      </object_component>
      <object_component id="oc-96">
         <name>.debug_info</name>
         <load_address>0xd82d</load_address>
         <run_address>0xd82d</run_address>
         <size>0x606a</size>
         <input_file_ref idref="fl-4"/>
      </object_component>
      <object_component id="oc-9d">
         <name>.debug_info</name>
         <load_address>0x13897</load_address>
         <run_address>0x13897</run_address>
         <size>0x10b8f</size>
         <input_file_ref idref="fl-5"/>
      </object_component>
      <object_component id="oc-a5">
         <name>.debug_info</name>
         <load_address>0x24426</load_address>
         <run_address>0x24426</run_address>
         <size>0x8bc</size>
         <input_file_ref idref="fl-6"/>
      </object_component>
[...]
      </symbol>
      <symbol id="sm-acf">
         <name>_CanaRegs</name>
         <value>0x48000</value>
         <object_component_ref idref="oc-1f7"/>
      </symbol>
      <symbol id="sm-ad0">
         <name>_GpioCtrlRegs</name>
         <value>0x7c00</value>
         <object_component_ref idref="oc-1f9"/>
      </symbol>
      <symbol id="sm-ad1">
         <name>_PieVectTable</name>
         <value>0xd00</value>
         <object_component_ref idref="oc-1fc"/>
      </symbol>
      <symbol id="sm-ad2">
         <name>_Cmpss6Regs</name>
         <value>0x5d20</value>
         <object_component_ref idref="oc-1b2"/>
      </symbol>
      <symbol id="sm-ad3">
         <name>_ClkCfgRegs</name>
         <value>0x5d200</value>
         <object_component_ref idref="oc-1d3"/>
      </symbol>
      <symbol id="sm-ad4">
         <name>_Flash1CtrlRegs</name>
         <value>0x5fc00</value>
         <object_component_ref idref="oc-1fb"/>
      </symbol>
      <symbol id="sm-ad5">
         <name>_XbarRegs</name>
         <value>0x7920</value>
         <object_component_ref idref="oc-1c0"/>
      </symbol>
      <symbol id="sm-ad6">
         <name>_RomWaitStateRegs</name>
         <value>0x5f540</value>
         <object_component_ref idref="oc-192"/>
      </symbol>
      <symbol id="sm-ad7">
         <name>_AdcdRegs</name>
         <value>0x7580</value>
         <object_component_ref idref="oc-1e1"/>
      </symbol>
      <symbol id="sm-ad8">
         <name>_ScidRegs</name>
         <value>0x7230</value>
         <object_component_ref idref="oc-1a2"/>
      </symbol>
      <symbol id="sm-ad9">
         <name>_EmuBMode</name>
         <value>0xd01</value>
         <object_component_ref idref="oc-18f"/>
      </symbol>
      <symbol id="sm-ada">
         <name>_DcsmZ1Otp</name>
         <value>0x78000</value>
         <object_component_ref idref="oc-1b5"/>
      </symbol>
      <symbol id="sm-adb">
         <name>_ECap4Regs</name>
         <value>0x5060</value>
         <object_component_ref idref="oc-1bb"/>
      </symbol>
      <symbol id="sm-adc">
         <name>_Flash0EccRegs</name>
         <value>0x5fb00</value>
         <object_component_ref idref="oc-1cf"/>
      </symbol>
      <symbol id="sm-add">
         <name>_InputXbarRegs</name>
         <value>0x7900</value>
         <object_component_ref idref="oc-1be"/>
      </symbol>
      <symbol id="sm-ade">
         <name>_EPwmXbarRegs</name>
         <value>0x7a00</value>
         <object_component_ref idref="oc-1d5"/>
      </symbol>
      <symbol id="sm-adf">
         <name>_Cmpss7Regs</name>
         <value>0x5d40</value>
         <object_component_ref idref="oc-1b3"/>
      </symbol>
      <symbol id="sm-ae0">
         <name>_DcsmZ2Regs</name>
         <value>0x5f040</value>
         <object_component_ref idref="oc-1cb"/>
      </symbol>
      <symbol id="sm-ae1">
         <name>_EPwm4Regs</name>
         <value>0x4300</value>
         <object_component_ref idref="oc-1ed"/>
      </symbol>
      <symbol id="sm-ae2">
         <name>_FlashPumpSemaphoreRegs</name>
         <value>0x50024</value>
         <object_component_ref idref="oc-190"/>
      </symbol>
      <symbol id="sm-ae3">
         <name>_ECap5Regs</name>
         <value>0x5080</value>
         <object_component_ref idref="oc-1bc"/>
      </symbol>
      <symbol id="sm-ae4">
         <name>_I2cbRegs</name>
         <value>0x7340</value>
         <object_component_ref idref="oc-1c9"/>
      </symbol>
      <symbol id="sm-ae5">
         <name>_CpuTimer1Regs</name>
         <value>0xc08</value>
         <object_component_ref idref="oc-19a"/>
      </symbol>
      <symbol id="sm-ae6">
         <name>_RomPrefetchRegs</name>
         <value>0x5e608</value>
         <object_component_ref idref="oc-191"/>
      </symbol>
      <symbol id="sm-ae7">
         <name>_Cmpss4Regs</name>
         <value>0x5ce0</value>
         <object_component_ref idref="oc-1b0"/>
      </symbol>
      <symbol id="sm-ae8">
         <name>_EPwm5Regs</name>
         <value>0x4400</value>
         <object_component_ref idref="oc-1ee"/>
      </symbol>
      <symbol id="sm-ae9">
         <name>_UppRegs</name>
         <value>0x6200</value>
         <object_component_ref idref="oc-1da"/>
      </symbol>
      <symbol id="sm-aea">
         <name>_SpiaRegs</name>
         <value>0x6100</value>
         <object_component_ref idref="oc-1a3"/>
      </symbol>
      <symbol id="sm-aeb">
         <name>_CpuSysRegs</name>
         <value>0x5d300</value>
         <object_component_ref idref="oc-1e6"/>
      </symbol>
      <symbol id="sm-aec">
         <name>_Cla1SoftIntRegs</name>
         <value>0xce0</value>
         <object_component_ref idref="oc-193"/>
      </symbol>
      <symbol id="sm-aed">
         <name>_CanbRegs</name>
         <value>0x4a000</value>
         <object_component_ref idref="oc-1f8"/>
      </symbol>
      <symbol id="sm-aee">
         <name>_ECap6Regs</name>
         <value>0x50a0</value>
         <object_component_ref idref="oc-1bd"/>
      </symbol>
      <symbol id="sm-aef">
         <name>_DmaRegs</name>
         <value>0x1000</value>
         <object_component_ref idref="oc-1e7"/>
      </symbol>
      <symbol id="sm-af0">
         <name>_XintRegs</name>
         <value>0x7070</value>
         <object_component_ref idref="oc-19d"/>
      </symbol>
      <symbol id="sm-af1">
         <name>_CpuTimer0Regs</name>
         <value>0xc00</value>
         <object_component_ref idref="oc-199"/>
      </symbol>
      <symbol id="sm-af2">
         <name>_Cmpss5Regs</name>
         <value>0x5d00</value>
         <object_component_ref idref="oc-1b1"/>
      </symbol>
      <symbol id="sm-af3">
         <name>_Emif1Regs</name>
         <value>0x47000</value>
         <object_component_ref idref="oc-1db"/>
      </symbol>
      <symbol id="sm-af4">
         <name>_AccessProtectionRegs</name>
         <value>0x5f4c0</value>
         <object_component_ref idref="oc-1d7"/>
      </symbol>
      <symbol id="sm-af5">
         <name>_MemCfgRegs</name>
         <value>0x5f400</value>
         <object_component_ref idref="oc-1e2"/>
      </symbol>
      <symbol id="sm-af6">
         <name>_DacaRegs</name>
         <value>0x5c00</value>
         <object_component_ref idref="oc-196"/>
      </symbol>
      <symbol id="sm-af7">
         <name>_McbspbRegs</name>
         <value>0x6040</value>
         <object_component_ref idref="oc-1ce"/>
      </symbol>
      <symbol id="sm-af8">
         <name>_EPwm6Regs</name>
         <value>0x4500</value>
         <object_component_ref idref="oc-1ef"/>
      </symbol>
      <symbol id="sm-af9">
         <name>_AdcaRegs</name>
         <value>0x7400</value>
         <object_component_ref idref="oc-1dd"/>
      </symbol>
      <symbol id="sm-afa">
         <name>_SciaRegs</name>
         <value>0x7200</value>
         <object_component_ref idref="oc-19e"/>
      </symbol>
      <symbol id="sm-afb">
         <name>_EPwm11Regs</name>
         <value>0x4a00</value>
         <object_component_ref idref="oc-1f4"/>
      </symbol>
      <symbol id="sm-afc">
         <name>_Comtrade_DataBuffer</name>
         <value>0x11000</value>
         <object_component_ref idref="oc-1fe"/>
      </symbol>
      <symbol id="sm-afd">
         <name>_GpioDataRegs</name>
         <value>0x7f00</value>
         <object_component_ref idref="oc-1d2"/>
      </symbol>
      <symbol id="sm-afe">
         <name>_Sdfm1Regs</name>
         <value>0x5e00</value>
         <object_component_ref idref="oc-1e3"/>
      </symbol>
      <symbol id="sm-aff">
         <name>_Cmpss2Regs</name>
         <value>0x5ca0</value>
         <object_component_ref idref="oc-1ae"/>
      </symbol>
      <symbol id="sm-b00">
         <name>_Emif2Regs</name>
         <value>0x47800</value>
         <object_component_ref idref="oc-1dc"/>
      </symbol>
      <symbol id="sm-b01">
         <name>_DcsmZ1Regs</name>
         <value>0x5f000</value>
         <object_component_ref idref="oc-1ca"/>
      </symbol>
      <symbol id="sm-b02">
         <name>_Flash0CtrlRegs</name>
         <value>0x5f800</value>
         <object_component_ref idref="oc-1fa"/>
      </symbol>
      <symbol id="sm-b03">
         <name>_EPwm7Regs</name>
         <value>0x4600</value>
         <object_component_ref idref="oc-1f0"/>
      </symbol>
      <symbol id="sm-b04">
         <name>_SpicRegs</name>
         <value>0x6120</value>
         <object_component_ref idref="oc-1a6"/>
      </symbol>
      <symbol id="sm-b05">
         <name>_EPwm10Regs</name>
         <value>0x4900</value>
         <object_component_ref idref="oc-1f3"/>
      </symbol>
      <symbol id="sm-b06">
         <name>_CpuTimer2Regs</name>
         <value>0xc10</value>
         <object_component_ref idref="oc-19b"/>
      </symbol>
      <symbol id="sm-b07">
         <name>_DmaClaSrcSelRegs</name>
         <value>0x7980</value>
         <object_component_ref idref="oc-1ab"/>
      </symbol>
      <symbol id="sm-b08">
         <name>_AnalogSubsysRegs</name>
         <value>0x5d180</value>
         <object_component_ref idref="oc-1d9"/>
      </symbol>
      <symbol id="sm-b09">
         <name>_Cmpss3Regs</name>
         <value>0x5cc0</value>
         <object_component_ref idref="oc-1af"/>
      </symbol>
      <symbol id="sm-b0a">
         <name>_DaccRegs</name>
         <value>0x5c20</value>
         <object_component_ref idref="oc-198"/>
      </symbol>
      <symbol id="sm-b0b">
         <name>_PieCtrlRegs</name>
         <value>0xce0</value>
         <object_component_ref idref="oc-1ac"/>
      </symbol>
      <symbol id="sm-b0c">
         <name>_DevCfgRegs</name>
         <value>0x5d000</value>
         <object_component_ref idref="oc-1f6"/>
      </symbol>
      <symbol id="sm-b0d">
         <name>_SpibRegs</name>
         <value>0x6110</value>
         <object_component_ref idref="oc-1a5"/>
      </symbol>
      <symbol id="sm-b0e">
         <name>_AdccRegs</name>
         <value>0x7500</value>
         <object_component_ref idref="oc-1e0"/>
      </symbol>
      <symbol id="sm-b0f">
         <name>_ScicRegs</name>
         <value>0x7220</value>
         <object_component_ref idref="oc-1a1"/>
      </symbol>
      <symbol id="sm-b10">
         <name>_ECap1Regs</name>
         <value>0x5000</value>
         <object_component_ref idref="oc-1b7"/>
      </symbol>
      <symbol id="sm-b11">
         <name>_EmuKey</name>
         <value>0xd00</value>
         <object_component_ref idref="oc-18e"/>
      </symbol>
      <symbol id="sm-b12">
         <name>_OutputXbarRegs</name>
         <value>0x7a80</value>
         <object_component_ref idref="oc-1d6"/>
      </symbol>
      <symbol id="sm-b13">
         <name>_MemoryErrorRegs</name>
         <value>0x5f500</value>
         <object_component_ref idref="oc-1d8"/>
      </symbol>
      <symbol id="sm-b14">
         <name>_Cla1Regs</name>
         <value>0x1400</value>
         <object_component_ref idref="oc-1d4"/>
      </symbol>
      <symbol id="sm-b15">
         <name>_DcsmZ2Otp</name>
         <value>0x78200</value>
         <object_component_ref idref="oc-1b6"/>
      </symbol>
      <symbol id="sm-b16">
         <name>_EQep1Regs</name>
         <value>0x5100</value>
         <object_component_ref idref="oc-1c3"/>
      </symbol>
      <symbol id="sm-b17">
         <name>_DacbRegs</name>
         <value>0x5c10</value>
         <object_component_ref idref="oc-197"/>
      </symbol>
      <symbol id="sm-b18">
         <name>_McbspaRegs</name>
         <value>0x6000</value>
         <object_component_ref idref="oc-1cc"/>
      </symbol>
      <symbol id="sm-b19">
         <name>_EPwm1Regs</name>
         <value>0x4000</value>
         <object_component_ref idref="oc-1e8"/>
      </symbol>
      <symbol id="sm-b1a">
         <name>_AdcbRegs</name>
         <value>0x7480</value>
         <object_component_ref idref="oc-1df"/>
      </symbol>
      <symbol id="sm-b1b">
         <name>_ScibRegs</name>
         <value>0x7210</value>
         <object_component_ref idref="oc-1a0"/>
      </symbol>
      <symbol id="sm-b1c">
         <name>_AdcaResultRegs</name>
         <value>0xb00</value>
         <object_component_ref idref="oc-1a7"/>
      </symbol>
      <symbol id="sm-b1d">
         <name>_ECap2Regs</name>
         <value>0x5020</value>
         <object_component_ref idref="oc-1b9"/>
      </symbol>
      <symbol id="sm-b1e">
         <name>_EPwm12Regs</name>
         <value>0x4b00</value>
         <object_component_ref idref="oc-1f5"/>
      </symbol>
      <symbol id="sm-b1f">
         <name>_AdcbResultRegs</name>
         <value>0xb20</value>
         <object_component_ref idref="oc-1a8"/>
      </symbol>
      <symbol id="sm-b20">
         <name>_AdccResultRegs</name>
         <value>0xb40</value>
         <object_component_ref idref="oc-1a9"/>
      </symbol>
      <symbol id="sm-b21">
         <name>_Emif1ConfigRegs</name>
         <value>0x5f480</value>
         <object_component_ref idref="oc-1c1"/>
      </symbol>
      <symbol id="sm-b22">
         <name>_Sdfm2Regs</name>
         <value>0x5e80</value>
         <object_component_ref idref="oc-1e5"/>
      </symbol>
      <symbol id="sm-b23">
         <name>_AdcdResultRegs</name>
         <value>0xb60</value>
         <object_component_ref idref="oc-1aa"/>
      </symbol>
      <symbol id="sm-b24">
         <name>_EQep2Regs</name>
         <value>0x5140</value>
         <object_component_ref idref="oc-1c5"/>
      </symbol>
      <symbol id="sm-b25">
         <name>_Cmpss1Regs</name>
         <value>0x5c80</value>
         <object_component_ref idref="oc-1ad"/>
      </symbol>
      <symbol id="sm-b26">
         <name>_EPwm8Regs</name>
         <value>0x4700</value>
         <object_component_ref idref="oc-1f1"/>
      </symbol>
      <symbol id="sm-b27">
         <name>_Emif2ConfigRegs</name>
         <value>0x5f4a0</value>
         <object_component_ref idref="oc-1c2"/>
      </symbol>
      <symbol id="sm-b28">
         <name>_DcsmCommonRegs</name>
         <value>0x5f070</value>
         <object_component_ref idref="oc-19c"/>
      </symbol>
      <symbol id="sm-b29">
         <name>_EPwm2Regs</name>
         <value>0x4100</value>
         <object_component_ref idref="oc-1eb"/>
      </symbol>
      <symbol id="sm-b2a">
         <name>_ECap3Regs</name>
         <value>0x5040</value>
         <object_component_ref idref="oc-1ba"/>
      </symbol>
      <symbol id="sm-b2b">
         <name>_CH_SAM_BUF</name>
         <value>0x16dc0</value>
         <object_component_ref idref="oc-1fd"/>
      </symbol>
      <symbol id="sm-b2c">
         <name>_Cmpss8Regs</name>
         <value>0x5d60</value>
         <object_component_ref idref="oc-1b4"/>
      </symbol>
      <symbol id="sm-b2d">
         <name>_EQep3Regs</name>
         <value>0x5180</value>
         <object_component_ref idref="oc-1c6"/>
      </symbol>
      <symbol id="sm-b2e">
         <name>_SyncSocRegs</name>
         <value>0x7940</value>
         <object_component_ref idref="oc-194"/>
      </symbol>
      <symbol id="sm-b2f">
         <name>_EPwm9Regs</name>
         <value>0x4800</value>
         <object_component_ref idref="oc-1f2"/>
      </symbol>
      <symbol id="sm-b30">
         <name>_NmiIntruptRegs</name>
         <value>0x7060</value>
         <object_component_ref idref="oc-195"/>
      </symbol>
      <symbol id="sm-b31">
         <name>_EPwm3Regs</name>
         <value>0x4200</value>
         <object_component_ref idref="oc-1ec"/>
      </symbol>
      <symbol id="sm-b32">
         <name>_Flash1EccRegs</name>
         <value>0x5ff00</value>
         <object_component_ref idref="oc-1d0"/>
      </symbol>
      <symbol id="sm-b33">
         <name>_I2caRegs</name>
         <value>0x7300</value>
         <object_component_ref idref="oc-1c7"/>
      </symbol>
      <symbol id="sm-b57">
         <name>_SFO_CAL</name>
         <value>0xf415</value>
         <object_component_ref idref="oc-203"/>
      </symbol>
      <symbol id="sm-b58">
         <name>_MEP_SF</name>
         <value>0xf416</value>
         <object_component_ref idref="oc-203"/>
      </symbol>
      <symbol id="sm-b59">
         <name>_SFO</name>
         <value>0x8cf6f</value>
         <object_component_ref idref="oc-200"/>
      </symbol>
      <symbol id="sm-b74">
         <name>_c_int00</name>
         <value>0x8d538</value>
         <object_component_ref idref="oc-87"/>
      </symbol>
      <symbol id="sm-b75">
         <name>__stack</name>
         <value>0x400</value>
         <object_component_ref idref="oc-207"/>
      </symbol>
      <symbol id="sm-b86">
         <name>FS$$DIV</name>
         <value>0x8d2db</value>
         <object_component_ref idref="oc-20d"/>
      </symbol>
      <symbol id="sm-b92">
         <name>UL$$MOD</name>
         <value>0x8d632</value>
         <object_component_ref idref="oc-212"/>
      </symbol>
      <symbol id="sm-b93">
         <name>L$$MOD</name>
         <value>0x8d61d</value>
         <object_component_ref idref="oc-212"/>
      </symbol>
      <symbol id="sm-b94">
         <name>L$$DIV</name>
         <value>0x8d60e</value>
         <object_component_ref idref="oc-212"/>
      </symbol>
      <symbol id="sm-b95">
         <name>UL$$DIV</name>
         <value>0x8d62b</value>
         <object_component_ref idref="oc-212"/>
      </symbol>
      <symbol id="sm-ba4">
         <name>_copy_in</name>
         <value>0x8d6af</value>
         <object_component_ref idref="oc-23d"/>
      </symbol>
      <symbol id="sm-bb5">
         <name>_memcpy</name>
         <value>0x8d6d3</value>
         <object_component_ref idref="oc-25c"/>
      </symbol>
      <symbol id="sm-bc1">
         <name>__system_pre_init</name>
         <value>0x8d738</value>
         <object_component_ref idref="oc-23c"/>
      </symbol>
      <symbol id="sm-bce">
         <name>__system_post_cinit</name>
         <value>0x8d73a</value>
         <object_component_ref idref="oc-23e"/>
      </symbol>
      <symbol id="sm-be2">
         <name>C$$EXIT</name>
         <value>0x8d638</value>
         <object_component_ref idref="oc-240"/>
      </symbol>
      <symbol id="sm-be3">
         <name>_exit</name>
         <value>0x8d63a</value>
         <object_component_ref idref="oc-240"/>
      </symbol>
      <symbol id="sm-be4">
         <name>___TI_cleanup_ptr</name>
         <value>0xf43c</value>
         <object_component_ref idref="oc-22d"/>
      </symbol>
      <symbol id="sm-be5">
         <name>___TI_enable_exit_profile_output</name>
         <value>0xf43a</value>
         <object_component_ref idref="oc-22d"/>
      </symbol>
      <symbol id="sm-be6">
         <name>_abort</name>
         <value>0x8d638</value>
         <object_component_ref idref="oc-240"/>
      </symbol>
      <symbol id="sm-be7">
         <name>___TI_dtors_ptr</name>
         <value>0xf43e</value>
         <object_component_ref idref="oc-22d"/>
      </symbol>
      <symbol id="sm-bfb">
         <name>__unlock</name>
         <value>0xf33e</value>
         <object_component_ref idref="oc-28c"/>
      </symbol>
      <symbol id="sm-bfc">
         <name>__lock</name>
         <value>0xeabe</value>
         <object_component_ref idref="oc-25e"/>
      </symbol>
      <symbol id="sm-bfd">
         <name>__register_lock</name>
         <value>0x8d730</value>
         <object_component_ref idref="oc-275"/>
      </symbol>
      <symbol id="sm-bfe">
         <name>__nop</name>
         <value>0x8d734</value>
         <object_component_ref idref="oc-275"/>
      </symbol>
      <symbol id="sm-bff">
         <name>__register_unlock</name>
         <value>0x8d72c</value>
         <object_component_ref idref="oc-275"/>
      </symbol>
      <symbol id="sm-c0e">
         <name>__args_main</name>
         <value>0x8d70b</value>
         <object_component_ref idref="oc-23f"/>
      </symbol>
   </symbol_table>
   <title>Link successful</title>
</link_info>
