<html>
<body>
<pre>
<h1>礦ision Build Log</h1>
<h2>Tool Versions:</h2>
IDE-Version: μVision V5.31.0.0
Copyright (C) 2020 ARM Ltd and ARM Germany GmbH. All rights reserved.
License Information: Cai Heng, None, LIC=YA39H-W9UVY-BSXYX-H0LFL-X5RI7-XITR8
 
Tool Versions:
Toolchain:       MDK-ARM Plus  Version: 5.31.0.0
Toolchain Path:  E:\Keil_v5\ARM\ARMCC\Bin
C Compiler:      Armcc.exe V5.06 update 6 (build 750)
Assembler:       Armasm.exe V5.06 update 6 (build 750)
Linker/Locator:  ArmLink.exe V5.06 update 6 (build 750)
Library Manager: ArmAr.exe V5.06 update 6 (build 750)
Hex Converter:   FromElf.exe V5.06 update 6 (build 750)
CPU DLL:         SARMCM3.DLL V5.31.0.0
Dialog DLL:      DCM.DLL V1.17.3.0
Target DLL:      Segger\JL2CM3.dll V2.99.38.0
Dialog DLL:      TCM.DLL V1.46.0.0
 
<h2>Project:</h2>
F:\Program\Version\V2.32\JN95_APP_V(1)2.33B\Project\MDK-ARM(AC5)\JN9504.uvprojx
Project File Date:  08/11/2022

<h2>Output:</h2>
*** Using Compiler 'V5.06 update 6 (build 750)', folder: 'E:\Keil_v5\ARM\ARMCC\Bin'
Rebuild target 'Application'
assembling startup_stm32f429xx.s...
compiling stm32f4xx_hal_dma.c...
compiling stm32f4xx_hal_cortex.c...
compiling stm32f4xx_hal_adc_ex.c...
compiling stm32f4xx_hal.c...
compiling system_stm32f4xx.c...
compiling stm32f4xx_hal_adc.c...
compiling stm32f4xx_hal_can.c...
compiling stm32f4xx_hal_dma_ex.c...
compiling stm32f4xx_hal_gpio.c...
compiling stm32f4xx_hal_flash_ex.c...
compiling stm32f4xx_hal_eth.c...
compiling stm32f4xx_hal_flash_ramfunc.c...
compiling stm32f4xx_hal_flash.c...
compiling stm32f4xx_hal_exti.c...
compiling stm32f4xx_hal_pwr.c...
compiling stm32f4xx_hal_pwr_ex.c...
compiling stm32f4xx_hal_rcc_ex.c...
compiling stm32f4xx_hal_rcc.c...
compiling stm32f4xx_hal_sram.c...
compiling stm32f4xx_hal_spi.c...
compiling stm32f4xx_hal_tim_ex.c...
compiling stm32f4xx_hal_uart.c...
compiling stm32f4xx_hal_tim.c...
compiling stm32f4xx_ll_fmc.c...
compiling PHY_KSZ8041NL.c...
compiling stm32f4xx_hal_rng.c...
compiling stm32f4xx_hal_iwdg.c...
compiling ETH_INIT.c...
compiling EMAC_STM32F4xx.c...
compiling main.c...
compiling stm32f4xx_it.c...
compiling bsp.c...
compiling bsp_demo.c...
compiling bsp_eeprom.c...
compiling bsp_dwt.c...
compiling bsp_flash.c...
compiling bsp_lan.c...
compiling bsp_led.c...
compiling bsp_spi.c...
compiling socket.c...
compiling wizchip_conf.c...
compiling bsp_timer.c...
compiling bsp_tim_pwm.c...
compiling stm32f4xx_hal_timebase.c...
compiling w5500.c...
compiling bsp_protection.c...
compiling bsp_gpio.c...
compiling bsp_charge.c...
compiling bsp_debug.c...
compiling bsp_adc3.c...
compiling bsp_acdc.c...
compiling bsp_ad7124.c...
compiling bsp_AD5245.c...
compiling bsp_ad7175.c...
compiling bsp_dac80508.c...
compiling bsp_MB85RS2.c...
compiling bsp_rng.c...
compiling iwdg.c...
compiling ringbuffer.c...
compiling app_func_eeprom.c...
compiling app_task_eth.c...
compiling app_task_ageing.c...
compiling app_task_led.c...
compiling app_task_debug.c...
assembling HardFaultHandler.S...
compiling app_task_protection.c...
compiling app_timer_Periodic_adc3.c...
compiling app_task_acdc_alarm.c...
compiling easyflash.c...
compiling ef_utils.c...
compiling SEGGER_HardFaultHandler.c...
compiling app_task_workstep.c...
assembling irq_cm4f.s...
compiling ef_env.c...
compiling app_task_protocol.c...
compiling ef_port.c...
compiling rtx_delay.c...
compiling rtx_lib.c...
compiling rtx_evr.c...
compiling rtx_evflags.c...
compiling rtx_memory.c...
compiling rtx_kernel.c...
compiling rtx_mempool.c...
compiling rtx_msgqueue.c...
compiling rtx_mutex.c...
compiling RTX_Config.c...
compiling rtx_semaphore.c...
compiling rtx_system.c...
compiling os_systick.c...
compiling rtx_timer.c...
compiling rtx_thread.c...
compiling EventRecorder.c...
compiling Net_Config.c...
compiling Net_Debug.c...
linking...
Program Size: Code=121666 RO-data=2858 RW-data=54220 ZI-data=55836  
FromELF: creating hex file...
After Build - User command #1: CopyBin_Flash.bat
F:\Program\Version\V2.32\JN95_APP_V(1)2.33B\Project\MDK-ARM(AC5)>E:\Keil_v5\ARM\ARMCC\bin\fromelf.exe --bin --output Objects\JN9504.bin Objects\JN9504.axf 
F:\Program\Version\V2.32\JN95_APP_V(1)2.33B\Project\MDK-ARM(AC5)>copy Objects\JN9504.bin ..\JN9504(mdkac5).bin 
已复制         1 个文件。
After Build - User command #2: CopyHex_Flash.bat
F:\Program\Version\V2.32\JN95_APP_V(1)2.33B\Project\MDK-ARM(AC5)>copy Objects\JN9504.hex ..\JN9504(mdkac5).hex 
已复制         1 个文件。
".\Objects\JN9504.axf" - 0 Error(s), 0 Warning(s).

<h2>Software Packages used:</h2>

Package Vendor: ARM
                http://www.keil.com/pack/ARM.CMSIS.5.7.0.pack
                ARM.CMSIS.5.7.0
                CMSIS (Cortex Microcontroller Software Interface Standard)
   * Component: Ethernet MAC Version: 2.2.0
   * Component: Ethernet PHY Version: 2.2.0
   * Component: RTOS2 Version: 2.1.3
   * Component: CORE Version: 5.4.0
   * Component: Keil RTX5 Variant: Source Version: 5.5.2

Package Vendor: Keil
                http://www.keil.com/pack/Keil.ARM_Compiler.1.6.3.pack
                Keil.ARM_Compiler.1.6.3
                Keil ARM Compiler extensions for ARM Compiler 5 and ARM Compiler 6
   * Component: Event Recorder Variant: DAP Version: 1.4.0

Package Vendor: Keil
                http://www.keil.com/pack/Keil.MDK-Middleware.7.13.0.pack
                Keil.MDK-Middleware.7.13.0
                Middleware for Keil MDK-Professional and MDK-Plus
   * Component: CORE Variant: IPv4 Debug Version: 7.15.0
   * Component: ETH Version: 7.15.0
   * Component: TCP Version: 7.15.0
   * Component: UDP Version: 7.15.0

Package Vendor: Keil
                http://www.keil.com/pack/Keil.STM32F4xx_DFP.2.15.0.pack
                Keil.STM32F4xx_DFP.2.15.0
                STMicroelectronics STM32F4 Series Device Support, Drivers and Examples
   * Component: STM32Cube Framework Version: 1.0.0
   * Component: Ethernet MAC Version: 2.9
   * Component: Classic Version: 1.7.9
   * Component: Common Version: 1.7.9
   * Component: Cortex Version: 1.7.9
   * Component: GPIO Version: 1.7.9
   * Component: PWR Version: 1.7.9
   * Component: RCC Version: 1.7.9
   * Component: Startup Version: 2.6.3

<h2>Collection of Component include folders:</h2>
  .\RTE\CMSIS
  .\RTE\Compiler
  .\RTE\Device\STM32F429IGTx
  .\RTE\Network
  .\RTE\_Application
  E:\Arm\Packs\ARM\CMSIS\5.7.0\CMSIS\Core\Include
  E:\Arm\Packs\ARM\CMSIS\5.7.0\CMSIS\RTOS2\Include
  E:\Arm\Packs\ARM\CMSIS\5.7.0\CMSIS\RTOS2\RTX\Include
  E:\Arm\Packs\Keil\ARM_Compiler\1.6.3\Include
  E:\Arm\Packs\Keil\MDK-Middleware\7.13.0\Network\Include
  E:\Arm\Packs\Keil\STM32F4xx_DFP\2.15.0\Drivers\CMSIS\Device\ST\STM32F4xx\Include

<h2>Collection of Component Files used:</h2>

   * Component: ::CMSIS Driver:Ethernet MAC:2.2.0 (API)
      Include file:  CMSIS\Driver\Include\Driver_ETH_MAC.h

   * Component: ::CMSIS Driver:Ethernet PHY:2.2.0 (API)
      Include file:  CMSIS\Driver\Include\Driver_ETH_PHY.h

   * Component: ::CMSIS:RTOS2:2.1.3 (API)
      Include file:  CMSIS\RTOS2\Include\cmsis_os2.h

   * Component: ::Device:STM32Cube Framework:1.0.0 (API)

   * Component: ARM::CMSIS:CORE:5.4.0

   * Component: ARM::CMSIS:RTOS2:Keil RTX5:Source:5.5.2
      Source file:   CMSIS\RTOS2\RTX\Source\rtx_semaphore.c
      Source file:   CMSIS\RTOS2\RTX\Template\Semaphore.c
      Source file:   CMSIS\RTOS2\RTX\Source\rtx_mempool.c
      Source file:   CMSIS\RTOS2\RTX\Source\rtx_lib.c
      Source file:   CMSIS\RTOS2\RTX\Template\main.c
      Source file:   CMSIS\RTOS2\RTX\Template\Events.c
      Source file:   CMSIS\RTOS2\RTX\Source\rtx_thread.c
      Source file:   CMSIS\RTOS2\RTX\Template\Thread.c
      Source file:   CMSIS\RTOS2\RTX\Source\rtx_memory.c
      Source file:   CMSIS\RTOS2\RTX\Source\rtx_msgqueue.c
      Source file:   CMSIS\RTOS2\RTX\Source\rtx_system.c
      Source file:   CMSIS\RTOS2\RTX\Template\Timer.c
      Include file:  CMSIS\RTOS2\RTX\Include\rtx_os.h
      Source file:   CMSIS\RTOS2\RTX\Template\MemPool.c
      Source file:   CMSIS\RTOS2\RTX\Source\rtx_evflags.c
      Source file:   CMSIS\RTOS2\RTX\Source\rtx_evr.c
      Source file:   CMSIS\RTOS2\RTX\Template\MsgQueue.c
      Source file:   CMSIS\RTOS2\RTX\Source\ARM\irq_cm4f.s
      Source file:   CMSIS\RTOS2\RTX\Source\rtx_kernel.c
      Source file:   CMSIS\RTOS2\RTX\Template\svc_user.c
      Source file:   CMSIS\RTOS2\RTX\Source\rtx_timer.c
      Source file:   CMSIS\RTOS2\RTX\Config\RTX_Config.c
      Include file:  CMSIS\RTOS2\RTX\Config\RTX_Config.h
      Source file:   CMSIS\RTOS2\RTX\Template\Mutex.c
      Source file:   CMSIS\RTOS2\RTX\Source\rtx_mutex.c
      Source file:   CMSIS\RTOS2\RTX\Source\rtx_delay.c
      Source file:   CMSIS\RTOS2\Source\os_systick.c

   * Component: Keil.ARM Compiler::Compiler:Event Recorder:DAP:1.4.0
      Include file:  Include\EventRecorder.h
      Include file:  Config\EventRecorderConf.h
      Source file:   Source\EventRecorder.c

   * Component: Keil.MDK-Plus::Network:CORE:IPv4 Debug:7.15.0
      Include file:  Network\Include\rl_net.h
      Source file:   Network\Config\Net_Config.c
      Source file:   Network\Config\Net_Debug.c
      Library file:  Network\Lib\ARM\Net4_Dbg_CM3_L.lib

   * Component: Keil.MDK-Plus::Network:Interface:ETH:7.15.0
      Include file:  Network\Config\Net_Config_ETH.h

   * Component: Keil.MDK-Plus::Network:Socket:TCP:7.15.0
      Include file:  Network\Config\Net_Config_TCP.h
      Source file:   Network\Template\TCP_Socket_Server.c
      Source file:   Network\Template\TCP_Socket_Client.c

   * Component: Keil.MDK-Plus::Network:Socket:UDP:7.15.0
      Include file:  Network\Config\Net_Config_UDP.h
      Source file:   Network\Template\UDP_Socket.c

   * Component: Keil::CMSIS Driver:Ethernet MAC:2.9
      Source file:   CMSIS\Driver\EMAC_STM32F4xx.c

   * Component: Keil::CMSIS Driver:Ethernet PHY:KSZ8081RNA:6.3.0
      Source file:   ETH\PHY_KSZ8081RNA.c

   * Component: Keil::Device:STM32Cube Framework:Classic:1.7.9
      Source file:   MDK\Templates\Src\stm32f4xx_hal_msp.c
      Source file:   MDK\Templates_LL\Src\main.c
      Source file:   MDK\Templates\Src\stm32f4xx_it.c
      Include file:  MDK\Templates\Inc\stm32f4xx_hal_conf.h
      Include file:  MDK\Templates\Inc\main.h
      Include file:  MDK\Templates\Inc\stm32f4xx_it.h
      Source file:   MDK\Templates\Src\main.c
      Include file:  MDK\Templates_LL\Inc\main.h
      Include file:  CMSIS\Driver\Config\RTE_Device.h

   * Component: Keil::Device:STM32Cube HAL:Common:1.7.9
      Source file:   Drivers\STM32F4xx_HAL_Driver\Src\stm32f4xx_hal.c
      Include file:  Drivers\STM32F4xx_HAL_Driver\Inc\stm32f4xx_hal.h

   * Component: Keil::Device:STM32Cube HAL:Cortex:1.7.9
      Source file:   Drivers\STM32F4xx_HAL_Driver\Src\stm32f4xx_hal_cortex.c

   * Component: Keil::Device:STM32Cube HAL:GPIO:1.7.9
      Source file:   Drivers\STM32F4xx_HAL_Driver\Src\stm32f4xx_hal_gpio.c

   * Component: Keil::Device:STM32Cube HAL:PWR:1.7.9
      Source file:   Drivers\STM32F4xx_HAL_Driver\Src\stm32f4xx_hal_pwr_ex.c
      Source file:   Drivers\STM32F4xx_HAL_Driver\Src\stm32f4xx_hal_pwr.c

   * Component: Keil::Device:STM32Cube HAL:RCC:1.7.9
      Source file:   Drivers\STM32F4xx_HAL_Driver\Src\stm32f4xx_hal_rcc.c
      Source file:   Drivers\STM32F4xx_HAL_Driver\Src\stm32f4xx_hal_rcc_ex.c

   * Component: Keil::Device:Startup:2.6.3
      Source file:   MDK\Device\Source\ARM\STM32F4xx_OTP.s
      Include file:  Drivers\CMSIS\Device\ST\STM32F4xx\Include\stm32f4xx.h
      Source file:   MDK\Device\Source\ARM\STM32F42xxx_43xxx_OPT.s
      Source file:   Drivers\CMSIS\Device\ST\STM32F4xx\Source\Templates\arm\startup_stm32f429xx.s
      Source file:   Drivers\CMSIS\Device\ST\STM32F4xx\Source\Templates\system_stm32f4xx.c
Build Time Elapsed:  00:00:24
</pre>
</body>
</html>
