<html>
<body>
<pre>
<h1>礦ision Build Log</h1>
<h2>Tool Versions:</h2>
IDE-Version: μVision V5.31.0.0
Copyright (C) 2020 ARM Ltd and ARM Germany GmbH. All rights reserved.
License Information: Cai Heng, None, LIC=YA39H-W9UVY-BSXYX-H0LFL-X5RI7-XITR8
 
Tool Versions:
Toolchain:       MDK-ARM Plus  Version: 5.31.0.0
Toolchain Path:  E:\Keil_v5\ARM\ARMCC\Bin
C Compiler:      Armcc.exe V5.06 update 6 (build 750)
Assembler:       Armasm.exe V5.06 update 6 (build 750)
Linker/Locator:  ArmLink.exe V5.06 update 6 (build 750)
Library Manager: ArmAr.exe V5.06 update 6 (build 750)
Hex Converter:   FromElf.exe V5.06 update 6 (build 750)
CPU DLL:         SARMCM3.DLL V5.31.0.0
Dialog DLL:      DARMCM1.DLL V1.19.3.0
Target DLL:      Segger\JL2CM3.dll V2.99.38.0
Dialog DLL:      TARMCM1.DLL V1.14.2.0
 
<h2>Project:</h2>
F:\Program\Imerge\JN95_HC\JN95_App_RtxTemplate_BaseV3.32T_V1.40DDL_20220719\Project\MDK\HC32F4A0SITB.uvprojx
Project File Date:  07/20/2022

<h2>Output:</h2>
*** Using Compiler 'V5.06 update 6 (build 750)', folder: 'E:\Keil_v5\ARM\ARMCC\Bin'
Rebuild target 'HC32F4A0SITB_Template'
Clean started - Project: 'HC32F4A0SITB'
   deleting intermediate output files for target 'HC32F4A0SITB_Template'
compiling hc32f4a0_adc.c...
compiling hc32f4a0_aes.c...
compiling hc32f4a0_can.c...
compiling hc32f4a0_clk.c...
compiling hc32f4a0_cmp.c...
compiling hc32f4a0_crc.c...
compiling hc32f4a0_ctc.c...
compiling hc32f4a0_dac.c...
compiling hc32f4a0_dcu.c...
compiling hc32f4a0_dma.c...
compiling hc32f4a0_dmc.c...
compiling hc32f4a0_dvp.c...
compiling hc32f4a0_efm.c...
compiling hc32f4a0_emb.c...
compiling hc32f4a0_eth.c...
compiling hc32f4a0_event_port.c...
compiling hc32f4a0_fcm.c...
compiling hc32f4a0_fmac.c...
compiling hc32f4a0_gpio.c...
compiling hc32f4a0_hash.c...
compiling hc32f4a0_hrpwm.c...
compiling hc32f4a0_i2c.c...
compiling hc32f4a0_i2s.c...
compiling hc32f4a0_icg.c...
compiling hc32f4a0_keyscan.c...
compiling hc32f4a0_mau.c...
compiling hc32f4a0_mpu.c...
compiling hc32f4a0_nfc.c...
compiling hc32f4a0_ots.c...
compiling hc32f4a0_pwc.c...
compiling hc32f4a0_qspi.c...
compiling hc32f4a0_rmu.c...
compiling hc32f4a0_rtc.c...
compiling hc32f4a0_sdioc.c...
compiling hc32f4a0_smc.c...
compiling hc32f4a0_spi.c...
compiling hc32f4a0_sram.c...
compiling hc32f4a0_swdt.c...
compiling hc32f4a0_tmr0.c...
compiling hc32f4a0_tmr2.c...
compiling hc32f4a0_tmr4.c...
compiling hc32f4a0_tmr6.c...
compiling hc32f4a0_tmra.c...
compiling hc32f4a0_trng.c...
compiling hc32f4a0_usart.c...
compiling hc32f4a0_utility.c...
compiling hc32f4a0_wdt.c...
compiling hc32f4a0_interrupts.c...
compiling main.c...
compiling bsp.c...
compiling bsp_acdc.c...
..\..\User\BSP\src\bsp_acdc.c(131): warning:  #188-D: enumerated type mixed with another type
          enTxResult=0;
..\..\User\BSP\src\bsp_acdc.c(169): warning:  #188-D: enumerated type mixed with another type
          enTxResult=0;
..\..\User\BSP\src\bsp_acdc.c: 2 warnings, 0 errors
compiling bsp_AD5245.c...
compiling bsp_ad7124.c...
compiling bsp_ad7175.c...
compiling bsp_adc3.c...
compiling bsp_charge.c...
compiling bsp_dac80508.c...
compiling bsp_debug.c...
compiling bsp_dwt.c...
compiling bsp_eeprom.c...
..\..\User\BSP\src\bsp_eeprom.c(182): warning:  #177-D: function "i2c_Ack"  was declared but never referenced
  static void i2c_Ack(void)
..\..\User\BSP\src\bsp_eeprom.c(201): warning:  #177-D: function "i2c_NAck"  was declared but never referenced
  static void i2c_NAck(void)
..\..\User\BSP\src\bsp_eeprom.c: 2 warnings, 0 errors
compiling bsp_exti.c...
compiling bsp_flash.c...
compiling bsp_gpio.c...
compiling bsp_lan.c...
compiling bsp_led.c...
compiling bsp_MB85RS2.c...
compiling bsp_protection.c...
compiling bsp_rng.c...
compiling bsp_spi.c...
compiling bsp_swdt.c...
compiling bsp_systick.c...
compiling bsp_timer.c...
compiling ringbuffer.c...
compiling w5500.c...
compiling w5500socket.c...
compiling wizchip_conf.c...
..\..\User\w5500_sdk\wizchip_conf.c(174): warning:  #550-D: variable "tmp"  was set but never used
        uint8_t tmp = 0;
..\..\User\w5500_sdk\wizchip_conf.c: 1 warning, 0 errors
compiling app_task_led.c...
compiling app_task_protocol.c...
..\..\User\Libapp\app_task_protocol.c(1806): warning:  #177-D: variable "dat_tmp_buff"  was declared but never referenced
                  uint8_t dat_tmp_buff[4] = {0};
..\..\User\Libapp\app_task_protocol.c: 1 warning, 0 errors
compiling app_task_eth.c...
compiling app_func_eeprom.c...
compiling app_task_acdc_alarm.c...
compiling app_task_ageing.c...
compiling app_task_debug.c...
compiling app_task_protection.c...
compiling app_task_workstep.c...
compiling app_timer_Periodic_adc3.c...
compiling ef_port.c...
compiling easyflash.c...
compiling ef_env.c...
compiling ef_utils.c...
compiling system_hc32f4a0sitb.c...
assembling startup_hc32f4a0sitb.s...
assembling irq_cm4f.s...
compiling rtx_delay.c...
compiling rtx_evflags.c...
compiling rtx_evr.c...
compiling rtx_kernel.c...
compiling rtx_lib.c...
compiling rtx_memory.c...
compiling rtx_mempool.c...
compiling rtx_msgqueue.c...
compiling rtx_mutex.c...
compiling rtx_semaphore.c...
compiling rtx_system.c...
compiling rtx_thread.c...
compiling rtx_timer.c...
compiling os_systick.c...
compiling RTX_Config.c...
compiling EventRecorder.c...
linking...
Program Size: Code=144236 RO-data=3368 RW-data=64796 ZI-data=41932  
".\output\debug\HC32F4A0SITB.axf" - 0 Error(s), 6 Warning(s).

*** Performing Cross-Module-Optimization:
compiling hc32f4a0_adc.c...
compiling hc32f4a0_aes.c...
compiling hc32f4a0_can.c...
compiling hc32f4a0_clk.c...
compiling hc32f4a0_cmp.c...
compiling hc32f4a0_crc.c...
compiling hc32f4a0_ctc.c...
compiling hc32f4a0_dac.c...
compiling hc32f4a0_dcu.c...
compiling hc32f4a0_dma.c...
compiling hc32f4a0_dmc.c...
compiling hc32f4a0_dvp.c...
compiling hc32f4a0_efm.c...
compiling hc32f4a0_emb.c...
compiling hc32f4a0_eth.c...
compiling hc32f4a0_event_port.c...
compiling hc32f4a0_fcm.c...
compiling hc32f4a0_fmac.c...
compiling hc32f4a0_gpio.c...
compiling hc32f4a0_hash.c...
compiling hc32f4a0_hrpwm.c...
compiling hc32f4a0_i2c.c...
compiling hc32f4a0_i2s.c...
compiling hc32f4a0_icg.c...
compiling hc32f4a0_keyscan.c...
compiling hc32f4a0_mau.c...
compiling hc32f4a0_mpu.c...
compiling hc32f4a0_nfc.c...
compiling hc32f4a0_ots.c...
compiling hc32f4a0_pwc.c...
compiling hc32f4a0_qspi.c...
compiling hc32f4a0_rmu.c...
compiling hc32f4a0_rtc.c...
compiling hc32f4a0_sdioc.c...
compiling hc32f4a0_smc.c...
compiling hc32f4a0_spi.c...
compiling hc32f4a0_sram.c...
compiling hc32f4a0_swdt.c...
compiling hc32f4a0_tmr0.c...
compiling hc32f4a0_tmr2.c...
compiling hc32f4a0_tmr4.c...
compiling hc32f4a0_tmr6.c...
compiling hc32f4a0_tmra.c...
compiling hc32f4a0_trng.c...
compiling hc32f4a0_usart.c...
compiling hc32f4a0_utility.c...
compiling hc32f4a0_wdt.c...
compiling hc32f4a0_interrupts.c...
compiling main.c...
compiling bsp.c...
compiling bsp_acdc.c...
..\..\User\BSP\src\bsp_acdc.c(131): warning:  #188-D: enumerated type mixed with another type
          enTxResult=0;
..\..\User\BSP\src\bsp_acdc.c(169): warning:  #188-D: enumerated type mixed with another type
          enTxResult=0;
..\..\User\BSP\src\bsp_acdc.c: 2 warnings, 0 errors
compiling bsp_AD5245.c...
compiling bsp_ad7124.c...
compiling bsp_ad7175.c...
compiling bsp_adc3.c...
compiling bsp_charge.c...
compiling bsp_dac80508.c...
compiling bsp_debug.c...
compiling bsp_dwt.c...
compiling bsp_eeprom.c...
..\..\User\BSP\src\bsp_eeprom.c(182): warning:  #177-D: function "i2c_Ack"  was declared but never referenced
  static void i2c_Ack(void)
..\..\User\BSP\src\bsp_eeprom.c(201): warning:  #177-D: function "i2c_NAck"  was declared but never referenced
  static void i2c_NAck(void)
..\..\User\BSP\src\bsp_eeprom.c: 2 warnings, 0 errors
compiling bsp_exti.c...
compiling bsp_flash.c...
compiling bsp_gpio.c...
compiling bsp_lan.c...
compiling bsp_led.c...
compiling bsp_MB85RS2.c...
compiling bsp_protection.c...
compiling bsp_rng.c...
compiling bsp_spi.c...
compiling bsp_swdt.c...
compiling bsp_systick.c...
compiling bsp_timer.c...
compiling ringbuffer.c...
compiling w5500.c...
compiling w5500socket.c...
compiling wizchip_conf.c...
..\..\User\w5500_sdk\wizchip_conf.c(174): warning:  #550-D: variable "tmp"  was set but never used
        uint8_t tmp = 0;
..\..\User\w5500_sdk\wizchip_conf.c: 1 warning, 0 errors
compiling app_task_led.c...
compiling app_task_protocol.c...
..\..\User\Libapp\app_task_protocol.c(1806): warning:  #177-D: variable "dat_tmp_buff"  was declared but never referenced
                  uint8_t dat_tmp_buff[4] = {0};
..\..\User\Libapp\app_task_protocol.c: 1 warning, 0 errors
compiling app_task_eth.c...
compiling app_func_eeprom.c...
compiling app_task_acdc_alarm.c...
compiling app_task_ageing.c...
compiling app_task_debug.c...
compiling app_task_protection.c...
compiling app_task_workstep.c...
compiling app_timer_Periodic_adc3.c...
compiling ef_port.c...
compiling easyflash.c...
compiling ef_env.c...
compiling ef_utils.c...
compiling system_hc32f4a0sitb.c...
compiling rtx_delay.c...
compiling rtx_evflags.c...
compiling rtx_evr.c...
compiling rtx_kernel.c...
compiling rtx_lib.c...
compiling rtx_memory.c...
compiling rtx_mempool.c...
compiling rtx_msgqueue.c...
compiling rtx_mutex.c...
compiling rtx_semaphore.c...
compiling rtx_system.c...
compiling rtx_thread.c...
compiling rtx_timer.c...
compiling os_systick.c...
compiling RTX_Config.c...
compiling EventRecorder.c...
linking...
Program Size: Code=144236 RO-data=3368 RW-data=64796 ZI-data=41932  
FromELF: creating hex file...
After Build - User command #1: CopyBin_Flash.bat
F:\Program\Imerge\JN95_HC\JN95_App_RtxTemplate_BaseV3.32T_V1.40DDL_20220719\Project\MDK>E:\Keil_v5\ARM\ARMCC\bin\fromelf.exe --bin --output output\debug\HC32F4A0SITB.bin output\debug\HC32F4A0SITB.axf 
F:\Program\Imerge\JN95_HC\JN95_App_RtxTemplate_BaseV3.32T_V1.40DDL_20220719\Project\MDK>copy output\debug\HC32F4A0SITB.bin output\JN95_HD(mdkac5).bin 
已复制         1 个文件。
After Build - User command #2: CopyHex_Flash.bat
F:\Program\Imerge\JN95_HC\JN95_App_RtxTemplate_BaseV3.32T_V1.40DDL_20220719\Project\MDK>copy output\debug\HC32F4A0SITB.hex output\JN95_HD(mdkac5).hex 
已复制         1 个文件。
".\output\debug\HC32F4A0SITB.axf" - 0 Error(s), 6 Warning(s).
*** Completed Cross-Module-Optimization after 2 iteration(s).

<h2>Software Packages used:</h2>

Package Vendor: ARM
                http://www.keil.com/pack/ARM.CMSIS.5.7.0.pack
                ARM.CMSIS.5.7.0
                CMSIS (Cortex Microcontroller Software Interface Standard)
   * Component: RTOS2 Version: 2.1.3
   * Component: CORE Version: 5.4.0
   * Component: Keil RTX5 Variant: Source Version: 5.5.2

Package Vendor: HDSC
                https://raw.githubusercontent.com/hdscmcu/pack/master/HDSC.HC32F4A0.1.0.4.pack
                HDSC.HC32F4A0.1.0.4
                HC32F4A0 ARM Cortex-M4 Device Family Pack
   * Component: Startup Version: 1.0.0

Package Vendor: Keil
                http://www.keil.com/pack/Keil.ARM_Compiler.1.6.3.pack
                Keil.ARM_Compiler.1.6.3
                Keil ARM Compiler extensions for ARM Compiler 5 and ARM Compiler 6
   * Component: Event Recorder Variant: DAP Version: 1.4.0

<h2>Collection of Component include folders:</h2>
  .\RTE\CMSIS
  .\RTE\Compiler
  .\RTE\_HC32F4A0SITB_Template
  E:\Arm\Packs\ARM\CMSIS\5.7.0\CMSIS\Core\Include
  E:\Arm\Packs\ARM\CMSIS\5.7.0\CMSIS\RTOS2\Include
  E:\Arm\Packs\ARM\CMSIS\5.7.0\CMSIS\RTOS2\RTX\Include
  E:\Arm\Packs\HDSC\HC32F4A0\1.0.4\Device\Include
  E:\Arm\Packs\Keil\ARM_Compiler\1.6.3\Include

<h2>Collection of Component Files used:</h2>

   * Component: ::CMSIS:RTOS2:2.1.3 (API)
      Include file:  CMSIS\RTOS2\Include\cmsis_os2.h

   * Component: ARM::CMSIS:CORE:5.4.0

   * Component: ARM::CMSIS:RTOS2:Keil RTX5:Source:5.5.2
      Include file:  CMSIS\RTOS2\RTX\Include\rtx_os.h
      Source file:   CMSIS\RTOS2\RTX\Template\main.c
      Source file:   CMSIS\RTOS2\RTX\Template\Events.c
      Source file:   CMSIS\RTOS2\RTX\Template\MemPool.c
      Include file:  CMSIS\RTOS2\RTX\Config\RTX_Config.h
      Source file:   CMSIS\RTOS2\RTX\Template\MsgQueue.c
      Source file:   CMSIS\RTOS2\RTX\Template\Semaphore.c
      Source file:   CMSIS\RTOS2\RTX\Template\Mutex.c
      Source file:   CMSIS\RTOS2\RTX\Template\Thread.c
      Source file:   CMSIS\RTOS2\RTX\Template\Timer.c
      Source file:   CMSIS\RTOS2\RTX\Config\RTX_Config.c
      Source file:   CMSIS\RTOS2\RTX\Source\rtx_delay.c
      Source file:   CMSIS\RTOS2\RTX\Source\rtx_msgqueue.c
      Source file:   CMSIS\RTOS2\RTX\Source\rtx_timer.c
      Source file:   CMSIS\RTOS2\RTX\Source\rtx_evr.c
      Source file:   CMSIS\RTOS2\RTX\Source\ARM\irq_cm4f.s
      Source file:   CMSIS\RTOS2\RTX\Source\rtx_lib.c
      Source file:   CMSIS\RTOS2\RTX\Source\rtx_mutex.c
      Source file:   CMSIS\RTOS2\RTX\Source\rtx_thread.c
      Source file:   CMSIS\RTOS2\RTX\Source\rtx_memory.c
      Source file:   CMSIS\RTOS2\RTX\Source\rtx_kernel.c
      Source file:   CMSIS\RTOS2\RTX\Source\rtx_system.c
      Source file:   CMSIS\RTOS2\RTX\Template\svc_user.c
      Source file:   CMSIS\RTOS2\RTX\Source\rtx_mempool.c
      Source file:   CMSIS\RTOS2\RTX\Source\rtx_evflags.c
      Source file:   CMSIS\RTOS2\RTX\Source\rtx_semaphore.c
      Source file:   CMSIS\RTOS2\Source\os_systick.c

   * Component: HDSC::Device:Startup:1.0.0
      Source file:   Device\Source\ARM\startup_hc32f4a0.s
      Include file:  Device\Include\system_hc32f4a0.h
      Include file:  Device\Include\HC32F4A0SITB.h
      Source file:   Examples\EmptyMain\main.c
      Include file:  Device\Include\HC32F4A0.h
      Source file:   Device\Source\system_hc32f4a0.c

   * Component: Keil.ARM Compiler::Compiler:Event Recorder:DAP:1.4.0
      Source file:   Source\EventRecorder.c
      Include file:  Include\EventRecorder.h
      Include file:  Config\EventRecorderConf.h
Build Time Elapsed:  00:01:52
</pre>
</body>
</html>
