<!doctype html public "-//w3c//dtd html 4.0 transitional//en">
<html><head>
<title>Static Call Graph - [.\output\debug\HC32F4A0SITB.axf]</title></head>
<body><HR>
<H1>Static Call Graph for image .\output\debug\HC32F4A0SITB.axf</H1><HR>
<BR><P>#&#060CALLGRAPH&#062# ARM Linker, 5060750: Last Updated: Wed Jul 20 16:24:13 2022
<BR><P>
<H3>Maximum Stack Usage =       8360 bytes + Unknown(Cycles, Untraceable Function Pointers)</H3><H3>
Call chain for Maximum Stack Depth:</H3>
AppTaskDebug &rArr; MB85Ctrl_Write &rArr; SPI_ReadWriteByte &rArr; SPI_TransmitReceive &rArr; SPI_TxRx
<P>
<H3>
Mutually Recursive functions
</H3> <LI><a href="#[2bd]">__asm___13_rtx_mempool_c_7914b4c7__atomic_link_put</a>&nbsp;&nbsp;&nbsp;&rArr;&nbsp;&nbsp;&nbsp;<a href="#[2bd]">__asm___13_rtx_mempool_c_7914b4c7__atomic_link_put</a><BR>
</UL>
<P>
<H3>
Function Pointers
</H3><UL>
 <LI><a href="#[a6]">AD7124_EXINT_IrqCallback</a> from bsp_exti.o(i.AD7124_EXINT_IrqCallback) referenced from bsp_exti.o(i.AD7124_EXINT_Init)
 <LI><a href="#[a7]">AD7175_EXINT_IrqCallback</a> from bsp_exti.o(i.AD7175_EXINT_IrqCallback) referenced from bsp_exti.o(i.AD7175_EXINT_Init)
 <LI><a href="#[b0]">AppACDC_alarm</a> from app_task_acdc_alarm.o(i.AppACDC_alarm) referenced from main.o(i.CreateTask)
 <LI><a href="#[ae]">AppTaskAgeing</a> from app_task_ageing.o(i.AppTaskAgeing) referenced from main.o(i.CreateTask)
 <LI><a href="#[ad]">AppTaskDebug</a> from app_task_debug.o(i.AppTaskDebug) referenced from main.o(i.CreateTask)
 <LI><a href="#[a9]">AppTaskEth</a> from app_task_eth.o(i.AppTaskEth) referenced from main.o(i.AppTaskStart)
 <LI><a href="#[ac]">AppTaskLed</a> from app_task_led.o(i.AppTaskLed) referenced from main.o(i.CreateTask)
 <LI><a href="#[b1]">AppTaskProtection</a> from app_task_protection.o(i.AppTaskProtection) referenced from main.o(i.CreateTask)
 <LI><a href="#[aa]">AppTaskProtocol</a> from app_task_protocol.o(i.AppTaskProtocol) referenced from main.o(i.AppTaskStart)
 <LI><a href="#[b9]">AppTaskStart</a> from main.o(i.AppTaskStart) referenced from main.o(i.main)
 <LI><a href="#[af]">AppTaskWorkstep</a> from app_task_workstep.o(i.AppTaskWorkstep) referenced from main.o(i.CreateTask)
 <LI><a href="#[d]">BusFault_Handler</a> from hc32f4a0_interrupts.o(i.BusFault_Handler) referenced from startup_hc32f4a0sitb.o(RESET)
 <LI><a href="#[ab]">CAN1_IrqCallback</a> from bsp_acdc.o(i.CAN1_IrqCallback) referenced from bsp_acdc.o(i.Can1IrqConfig)
 <LI><a href="#[a8]">DMA_Btc0_IrqCallback</a> from bsp_adc3.o(i.DMA_Btc0_IrqCallback) referenced from bsp_adc3.o(i.AdcDmaIrqConfig)
 <LI><a href="#[10]">DebugMon_Handler</a> from hc32f4a0_interrupts.o(i.DebugMon_Handler) referenced from startup_hc32f4a0sitb.o(RESET)
 <LI><a href="#[b8]">HC_USART3_RxErr_IrqCallback</a> from bsp_debug.o(i.HC_USART3_RxErr_IrqCallback) referenced from bsp_debug.o(i.bsp_InitUSART)
 <LI><a href="#[b7]">HC_USART_RxIrq_Callback</a> from bsp_debug.o(i.HC_USART_RxIrq_Callback) referenced from bsp_debug.o(i.bsp_InitUSART)
 <LI><a href="#[b]">HardFault_Handler</a> from hc32f4a0_interrupts.o(i.HardFault_Handler) referenced from startup_hc32f4a0sitb.o(RESET)
 <LI><a href="#[13]">IRQ000_Handler</a> from hc32f4a0_interrupts.o(i.IRQ000_Handler) referenced from startup_hc32f4a0sitb.o(RESET)
 <LI><a href="#[14]">IRQ001_Handler</a> from hc32f4a0_interrupts.o(i.IRQ001_Handler) referenced from startup_hc32f4a0sitb.o(RESET)
 <LI><a href="#[15]">IRQ002_Handler</a> from hc32f4a0_interrupts.o(i.IRQ002_Handler) referenced from startup_hc32f4a0sitb.o(RESET)
 <LI><a href="#[16]">IRQ003_Handler</a> from hc32f4a0_interrupts.o(i.IRQ003_Handler) referenced from startup_hc32f4a0sitb.o(RESET)
 <LI><a href="#[17]">IRQ004_Handler</a> from hc32f4a0_interrupts.o(i.IRQ004_Handler) referenced from startup_hc32f4a0sitb.o(RESET)
 <LI><a href="#[18]">IRQ005_Handler</a> from hc32f4a0_interrupts.o(i.IRQ005_Handler) referenced from startup_hc32f4a0sitb.o(RESET)
 <LI><a href="#[19]">IRQ006_Handler</a> from hc32f4a0_interrupts.o(i.IRQ006_Handler) referenced from startup_hc32f4a0sitb.o(RESET)
 <LI><a href="#[1a]">IRQ007_Handler</a> from hc32f4a0_interrupts.o(i.IRQ007_Handler) referenced from startup_hc32f4a0sitb.o(RESET)
 <LI><a href="#[1b]">IRQ008_Handler</a> from hc32f4a0_interrupts.o(i.IRQ008_Handler) referenced from startup_hc32f4a0sitb.o(RESET)
 <LI><a href="#[1c]">IRQ009_Handler</a> from hc32f4a0_interrupts.o(i.IRQ009_Handler) referenced from startup_hc32f4a0sitb.o(RESET)
 <LI><a href="#[1d]">IRQ010_Handler</a> from hc32f4a0_interrupts.o(i.IRQ010_Handler) referenced from startup_hc32f4a0sitb.o(RESET)
 <LI><a href="#[1e]">IRQ011_Handler</a> from hc32f4a0_interrupts.o(i.IRQ011_Handler) referenced from startup_hc32f4a0sitb.o(RESET)
 <LI><a href="#[1f]">IRQ012_Handler</a> from hc32f4a0_interrupts.o(i.IRQ012_Handler) referenced from startup_hc32f4a0sitb.o(RESET)
 <LI><a href="#[20]">IRQ013_Handler</a> from hc32f4a0_interrupts.o(i.IRQ013_Handler) referenced from startup_hc32f4a0sitb.o(RESET)
 <LI><a href="#[21]">IRQ014_Handler</a> from hc32f4a0_interrupts.o(i.IRQ014_Handler) referenced from startup_hc32f4a0sitb.o(RESET)
 <LI><a href="#[22]">IRQ015_Handler</a> from hc32f4a0_interrupts.o(i.IRQ015_Handler) referenced from startup_hc32f4a0sitb.o(RESET)
 <LI><a href="#[23]">IRQ016_Handler</a> from hc32f4a0_interrupts.o(i.IRQ016_Handler) referenced from startup_hc32f4a0sitb.o(RESET)
 <LI><a href="#[24]">IRQ017_Handler</a> from hc32f4a0_interrupts.o(i.IRQ017_Handler) referenced from startup_hc32f4a0sitb.o(RESET)
 <LI><a href="#[25]">IRQ018_Handler</a> from hc32f4a0_interrupts.o(i.IRQ018_Handler) referenced from startup_hc32f4a0sitb.o(RESET)
 <LI><a href="#[26]">IRQ019_Handler</a> from hc32f4a0_interrupts.o(i.IRQ019_Handler) referenced from startup_hc32f4a0sitb.o(RESET)
 <LI><a href="#[27]">IRQ020_Handler</a> from hc32f4a0_interrupts.o(i.IRQ020_Handler) referenced from startup_hc32f4a0sitb.o(RESET)
 <LI><a href="#[28]">IRQ021_Handler</a> from hc32f4a0_interrupts.o(i.IRQ021_Handler) referenced from startup_hc32f4a0sitb.o(RESET)
 <LI><a href="#[29]">IRQ022_Handler</a> from hc32f4a0_interrupts.o(i.IRQ022_Handler) referenced from startup_hc32f4a0sitb.o(RESET)
 <LI><a href="#[2a]">IRQ023_Handler</a> from hc32f4a0_interrupts.o(i.IRQ023_Handler) referenced from startup_hc32f4a0sitb.o(RESET)
 <LI><a href="#[2b]">IRQ024_Handler</a> from hc32f4a0_interrupts.o(i.IRQ024_Handler) referenced from startup_hc32f4a0sitb.o(RESET)
 <LI><a href="#[2c]">IRQ025_Handler</a> from hc32f4a0_interrupts.o(i.IRQ025_Handler) referenced from startup_hc32f4a0sitb.o(RESET)
 <LI><a href="#[2d]">IRQ026_Handler</a> from hc32f4a0_interrupts.o(i.IRQ026_Handler) referenced from startup_hc32f4a0sitb.o(RESET)
 <LI><a href="#[2e]">IRQ027_Handler</a> from hc32f4a0_interrupts.o(i.IRQ027_Handler) referenced from startup_hc32f4a0sitb.o(RESET)
 <LI><a href="#[2f]">IRQ028_Handler</a> from hc32f4a0_interrupts.o(i.IRQ028_Handler) referenced from startup_hc32f4a0sitb.o(RESET)
 <LI><a href="#[30]">IRQ029_Handler</a> from hc32f4a0_interrupts.o(i.IRQ029_Handler) referenced from startup_hc32f4a0sitb.o(RESET)
 <LI><a href="#[31]">IRQ030_Handler</a> from hc32f4a0_interrupts.o(i.IRQ030_Handler) referenced from startup_hc32f4a0sitb.o(RESET)
 <LI><a href="#[32]">IRQ031_Handler</a> from hc32f4a0_interrupts.o(i.IRQ031_Handler) referenced from startup_hc32f4a0sitb.o(RESET)
 <LI><a href="#[33]">IRQ032_Handler</a> from hc32f4a0_interrupts.o(i.IRQ032_Handler) referenced from startup_hc32f4a0sitb.o(RESET)
 <LI><a href="#[34]">IRQ033_Handler</a> from hc32f4a0_interrupts.o(i.IRQ033_Handler) referenced from startup_hc32f4a0sitb.o(RESET)
 <LI><a href="#[35]">IRQ034_Handler</a> from hc32f4a0_interrupts.o(i.IRQ034_Handler) referenced from startup_hc32f4a0sitb.o(RESET)
 <LI><a href="#[36]">IRQ035_Handler</a> from hc32f4a0_interrupts.o(i.IRQ035_Handler) referenced from startup_hc32f4a0sitb.o(RESET)
 <LI><a href="#[37]">IRQ036_Handler</a> from hc32f4a0_interrupts.o(i.IRQ036_Handler) referenced from startup_hc32f4a0sitb.o(RESET)
 <LI><a href="#[38]">IRQ037_Handler</a> from hc32f4a0_interrupts.o(i.IRQ037_Handler) referenced from startup_hc32f4a0sitb.o(RESET)
 <LI><a href="#[39]">IRQ038_Handler</a> from hc32f4a0_interrupts.o(i.IRQ038_Handler) referenced from startup_hc32f4a0sitb.o(RESET)
 <LI><a href="#[3a]">IRQ039_Handler</a> from hc32f4a0_interrupts.o(i.IRQ039_Handler) referenced from startup_hc32f4a0sitb.o(RESET)
 <LI><a href="#[3b]">IRQ040_Handler</a> from hc32f4a0_interrupts.o(i.IRQ040_Handler) referenced from startup_hc32f4a0sitb.o(RESET)
 <LI><a href="#[3c]">IRQ041_Handler</a> from hc32f4a0_interrupts.o(i.IRQ041_Handler) referenced from startup_hc32f4a0sitb.o(RESET)
 <LI><a href="#[3d]">IRQ042_Handler</a> from hc32f4a0_interrupts.o(i.IRQ042_Handler) referenced from startup_hc32f4a0sitb.o(RESET)
 <LI><a href="#[3e]">IRQ043_Handler</a> from hc32f4a0_interrupts.o(i.IRQ043_Handler) referenced from startup_hc32f4a0sitb.o(RESET)
 <LI><a href="#[3f]">IRQ044_Handler</a> from hc32f4a0_interrupts.o(i.IRQ044_Handler) referenced from startup_hc32f4a0sitb.o(RESET)
 <LI><a href="#[40]">IRQ045_Handler</a> from hc32f4a0_interrupts.o(i.IRQ045_Handler) referenced from startup_hc32f4a0sitb.o(RESET)
 <LI><a href="#[41]">IRQ046_Handler</a> from hc32f4a0_interrupts.o(i.IRQ046_Handler) referenced from startup_hc32f4a0sitb.o(RESET)
 <LI><a href="#[42]">IRQ047_Handler</a> from hc32f4a0_interrupts.o(i.IRQ047_Handler) referenced from startup_hc32f4a0sitb.o(RESET)
 <LI><a href="#[43]">IRQ048_Handler</a> from hc32f4a0_interrupts.o(i.IRQ048_Handler) referenced from startup_hc32f4a0sitb.o(RESET)
 <LI><a href="#[44]">IRQ049_Handler</a> from hc32f4a0_interrupts.o(i.IRQ049_Handler) referenced from startup_hc32f4a0sitb.o(RESET)
 <LI><a href="#[45]">IRQ050_Handler</a> from hc32f4a0_interrupts.o(i.IRQ050_Handler) referenced from startup_hc32f4a0sitb.o(RESET)
 <LI><a href="#[46]">IRQ051_Handler</a> from hc32f4a0_interrupts.o(i.IRQ051_Handler) referenced from startup_hc32f4a0sitb.o(RESET)
 <LI><a href="#[47]">IRQ052_Handler</a> from hc32f4a0_interrupts.o(i.IRQ052_Handler) referenced from startup_hc32f4a0sitb.o(RESET)
 <LI><a href="#[48]">IRQ053_Handler</a> from hc32f4a0_interrupts.o(i.IRQ053_Handler) referenced from startup_hc32f4a0sitb.o(RESET)
 <LI><a href="#[49]">IRQ054_Handler</a> from hc32f4a0_interrupts.o(i.IRQ054_Handler) referenced from startup_hc32f4a0sitb.o(RESET)
 <LI><a href="#[4a]">IRQ055_Handler</a> from hc32f4a0_interrupts.o(i.IRQ055_Handler) referenced from startup_hc32f4a0sitb.o(RESET)
 <LI><a href="#[4b]">IRQ056_Handler</a> from hc32f4a0_interrupts.o(i.IRQ056_Handler) referenced from startup_hc32f4a0sitb.o(RESET)
 <LI><a href="#[4c]">IRQ057_Handler</a> from hc32f4a0_interrupts.o(i.IRQ057_Handler) referenced from startup_hc32f4a0sitb.o(RESET)
 <LI><a href="#[4d]">IRQ058_Handler</a> from hc32f4a0_interrupts.o(i.IRQ058_Handler) referenced from startup_hc32f4a0sitb.o(RESET)
 <LI><a href="#[4e]">IRQ059_Handler</a> from hc32f4a0_interrupts.o(i.IRQ059_Handler) referenced from startup_hc32f4a0sitb.o(RESET)
 <LI><a href="#[4f]">IRQ060_Handler</a> from hc32f4a0_interrupts.o(i.IRQ060_Handler) referenced from startup_hc32f4a0sitb.o(RESET)
 <LI><a href="#[50]">IRQ061_Handler</a> from hc32f4a0_interrupts.o(i.IRQ061_Handler) referenced from startup_hc32f4a0sitb.o(RESET)
 <LI><a href="#[51]">IRQ062_Handler</a> from hc32f4a0_interrupts.o(i.IRQ062_Handler) referenced from startup_hc32f4a0sitb.o(RESET)
 <LI><a href="#[52]">IRQ063_Handler</a> from hc32f4a0_interrupts.o(i.IRQ063_Handler) referenced from startup_hc32f4a0sitb.o(RESET)
 <LI><a href="#[53]">IRQ064_Handler</a> from hc32f4a0_interrupts.o(i.IRQ064_Handler) referenced from startup_hc32f4a0sitb.o(RESET)
 <LI><a href="#[54]">IRQ065_Handler</a> from hc32f4a0_interrupts.o(i.IRQ065_Handler) referenced from startup_hc32f4a0sitb.o(RESET)
 <LI><a href="#[55]">IRQ066_Handler</a> from hc32f4a0_interrupts.o(i.IRQ066_Handler) referenced from startup_hc32f4a0sitb.o(RESET)
 <LI><a href="#[56]">IRQ067_Handler</a> from hc32f4a0_interrupts.o(i.IRQ067_Handler) referenced from startup_hc32f4a0sitb.o(RESET)
 <LI><a href="#[57]">IRQ068_Handler</a> from hc32f4a0_interrupts.o(i.IRQ068_Handler) referenced from startup_hc32f4a0sitb.o(RESET)
 <LI><a href="#[58]">IRQ069_Handler</a> from hc32f4a0_interrupts.o(i.IRQ069_Handler) referenced from startup_hc32f4a0sitb.o(RESET)
 <LI><a href="#[59]">IRQ070_Handler</a> from hc32f4a0_interrupts.o(i.IRQ070_Handler) referenced from startup_hc32f4a0sitb.o(RESET)
 <LI><a href="#[5a]">IRQ071_Handler</a> from hc32f4a0_interrupts.o(i.IRQ071_Handler) referenced from startup_hc32f4a0sitb.o(RESET)
 <LI><a href="#[5b]">IRQ072_Handler</a> from hc32f4a0_interrupts.o(i.IRQ072_Handler) referenced from startup_hc32f4a0sitb.o(RESET)
 <LI><a href="#[5c]">IRQ073_Handler</a> from hc32f4a0_interrupts.o(i.IRQ073_Handler) referenced from startup_hc32f4a0sitb.o(RESET)
 <LI><a href="#[5d]">IRQ074_Handler</a> from hc32f4a0_interrupts.o(i.IRQ074_Handler) referenced from startup_hc32f4a0sitb.o(RESET)
 <LI><a href="#[5e]">IRQ075_Handler</a> from hc32f4a0_interrupts.o(i.IRQ075_Handler) referenced from startup_hc32f4a0sitb.o(RESET)
 <LI><a href="#[5f]">IRQ076_Handler</a> from hc32f4a0_interrupts.o(i.IRQ076_Handler) referenced from startup_hc32f4a0sitb.o(RESET)
 <LI><a href="#[60]">IRQ077_Handler</a> from hc32f4a0_interrupts.o(i.IRQ077_Handler) referenced from startup_hc32f4a0sitb.o(RESET)
 <LI><a href="#[61]">IRQ078_Handler</a> from hc32f4a0_interrupts.o(i.IRQ078_Handler) referenced from startup_hc32f4a0sitb.o(RESET)
 <LI><a href="#[62]">IRQ079_Handler</a> from hc32f4a0_interrupts.o(i.IRQ079_Handler) referenced from startup_hc32f4a0sitb.o(RESET)
 <LI><a href="#[63]">IRQ080_Handler</a> from hc32f4a0_interrupts.o(i.IRQ080_Handler) referenced from startup_hc32f4a0sitb.o(RESET)
 <LI><a href="#[64]">IRQ081_Handler</a> from hc32f4a0_interrupts.o(i.IRQ081_Handler) referenced from startup_hc32f4a0sitb.o(RESET)
 <LI><a href="#[65]">IRQ082_Handler</a> from hc32f4a0_interrupts.o(i.IRQ082_Handler) referenced from startup_hc32f4a0sitb.o(RESET)
 <LI><a href="#[66]">IRQ083_Handler</a> from hc32f4a0_interrupts.o(i.IRQ083_Handler) referenced from startup_hc32f4a0sitb.o(RESET)
 <LI><a href="#[67]">IRQ084_Handler</a> from hc32f4a0_interrupts.o(i.IRQ084_Handler) referenced from startup_hc32f4a0sitb.o(RESET)
 <LI><a href="#[68]">IRQ085_Handler</a> from hc32f4a0_interrupts.o(i.IRQ085_Handler) referenced from startup_hc32f4a0sitb.o(RESET)
 <LI><a href="#[69]">IRQ086_Handler</a> from hc32f4a0_interrupts.o(i.IRQ086_Handler) referenced from startup_hc32f4a0sitb.o(RESET)
 <LI><a href="#[6a]">IRQ087_Handler</a> from hc32f4a0_interrupts.o(i.IRQ087_Handler) referenced from startup_hc32f4a0sitb.o(RESET)
 <LI><a href="#[6b]">IRQ088_Handler</a> from hc32f4a0_interrupts.o(i.IRQ088_Handler) referenced from startup_hc32f4a0sitb.o(RESET)
 <LI><a href="#[6c]">IRQ089_Handler</a> from hc32f4a0_interrupts.o(i.IRQ089_Handler) referenced from startup_hc32f4a0sitb.o(RESET)
 <LI><a href="#[6d]">IRQ090_Handler</a> from hc32f4a0_interrupts.o(i.IRQ090_Handler) referenced from startup_hc32f4a0sitb.o(RESET)
 <LI><a href="#[6e]">IRQ091_Handler</a> from hc32f4a0_interrupts.o(i.IRQ091_Handler) referenced from startup_hc32f4a0sitb.o(RESET)
 <LI><a href="#[6f]">IRQ092_Handler</a> from hc32f4a0_interrupts.o(i.IRQ092_Handler) referenced from startup_hc32f4a0sitb.o(RESET)
 <LI><a href="#[70]">IRQ093_Handler</a> from hc32f4a0_interrupts.o(i.IRQ093_Handler) referenced from startup_hc32f4a0sitb.o(RESET)
 <LI><a href="#[71]">IRQ094_Handler</a> from hc32f4a0_interrupts.o(i.IRQ094_Handler) referenced from startup_hc32f4a0sitb.o(RESET)
 <LI><a href="#[72]">IRQ095_Handler</a> from hc32f4a0_interrupts.o(i.IRQ095_Handler) referenced from startup_hc32f4a0sitb.o(RESET)
 <LI><a href="#[73]">IRQ096_Handler</a> from hc32f4a0_interrupts.o(i.IRQ096_Handler) referenced from startup_hc32f4a0sitb.o(RESET)
 <LI><a href="#[74]">IRQ097_Handler</a> from hc32f4a0_interrupts.o(i.IRQ097_Handler) referenced from startup_hc32f4a0sitb.o(RESET)
 <LI><a href="#[75]">IRQ098_Handler</a> from hc32f4a0_interrupts.o(i.IRQ098_Handler) referenced from startup_hc32f4a0sitb.o(RESET)
 <LI><a href="#[76]">IRQ099_Handler</a> from hc32f4a0_interrupts.o(i.IRQ099_Handler) referenced from startup_hc32f4a0sitb.o(RESET)
 <LI><a href="#[77]">IRQ100_Handler</a> from hc32f4a0_interrupts.o(i.IRQ100_Handler) referenced from startup_hc32f4a0sitb.o(RESET)
 <LI><a href="#[78]">IRQ101_Handler</a> from hc32f4a0_interrupts.o(i.IRQ101_Handler) referenced from startup_hc32f4a0sitb.o(RESET)
 <LI><a href="#[79]">IRQ102_Handler</a> from hc32f4a0_interrupts.o(i.IRQ102_Handler) referenced from startup_hc32f4a0sitb.o(RESET)
 <LI><a href="#[7a]">IRQ103_Handler</a> from hc32f4a0_interrupts.o(i.IRQ103_Handler) referenced from startup_hc32f4a0sitb.o(RESET)
 <LI><a href="#[7b]">IRQ104_Handler</a> from hc32f4a0_interrupts.o(i.IRQ104_Handler) referenced from startup_hc32f4a0sitb.o(RESET)
 <LI><a href="#[7c]">IRQ105_Handler</a> from hc32f4a0_interrupts.o(i.IRQ105_Handler) referenced from startup_hc32f4a0sitb.o(RESET)
 <LI><a href="#[7d]">IRQ106_Handler</a> from hc32f4a0_interrupts.o(i.IRQ106_Handler) referenced from startup_hc32f4a0sitb.o(RESET)
 <LI><a href="#[7e]">IRQ107_Handler</a> from hc32f4a0_interrupts.o(i.IRQ107_Handler) referenced from startup_hc32f4a0sitb.o(RESET)
 <LI><a href="#[7f]">IRQ108_Handler</a> from hc32f4a0_interrupts.o(i.IRQ108_Handler) referenced from startup_hc32f4a0sitb.o(RESET)
 <LI><a href="#[80]">IRQ109_Handler</a> from hc32f4a0_interrupts.o(i.IRQ109_Handler) referenced from startup_hc32f4a0sitb.o(RESET)
 <LI><a href="#[81]">IRQ110_Handler</a> from hc32f4a0_interrupts.o(i.IRQ110_Handler) referenced from startup_hc32f4a0sitb.o(RESET)
 <LI><a href="#[82]">IRQ111_Handler</a> from hc32f4a0_interrupts.o(i.IRQ111_Handler) referenced from startup_hc32f4a0sitb.o(RESET)
 <LI><a href="#[83]">IRQ112_Handler</a> from hc32f4a0_interrupts.o(i.IRQ112_Handler) referenced from startup_hc32f4a0sitb.o(RESET)
 <LI><a href="#[84]">IRQ113_Handler</a> from hc32f4a0_interrupts.o(i.IRQ113_Handler) referenced from startup_hc32f4a0sitb.o(RESET)
 <LI><a href="#[85]">IRQ114_Handler</a> from hc32f4a0_interrupts.o(i.IRQ114_Handler) referenced from startup_hc32f4a0sitb.o(RESET)
 <LI><a href="#[86]">IRQ115_Handler</a> from hc32f4a0_interrupts.o(i.IRQ115_Handler) referenced from startup_hc32f4a0sitb.o(RESET)
 <LI><a href="#[87]">IRQ116_Handler</a> from hc32f4a0_interrupts.o(i.IRQ116_Handler) referenced from startup_hc32f4a0sitb.o(RESET)
 <LI><a href="#[88]">IRQ117_Handler</a> from hc32f4a0_interrupts.o(i.IRQ117_Handler) referenced from startup_hc32f4a0sitb.o(RESET)
 <LI><a href="#[89]">IRQ118_Handler</a> from hc32f4a0_interrupts.o(i.IRQ118_Handler) referenced from startup_hc32f4a0sitb.o(RESET)
 <LI><a href="#[8a]">IRQ119_Handler</a> from hc32f4a0_interrupts.o(i.IRQ119_Handler) referenced from startup_hc32f4a0sitb.o(RESET)
 <LI><a href="#[8b]">IRQ120_Handler</a> from hc32f4a0_interrupts.o(i.IRQ120_Handler) referenced from startup_hc32f4a0sitb.o(RESET)
 <LI><a href="#[8c]">IRQ121_Handler</a> from hc32f4a0_interrupts.o(i.IRQ121_Handler) referenced from startup_hc32f4a0sitb.o(RESET)
 <LI><a href="#[8d]">IRQ122_Handler</a> from hc32f4a0_interrupts.o(i.IRQ122_Handler) referenced from startup_hc32f4a0sitb.o(RESET)
 <LI><a href="#[8e]">IRQ123_Handler</a> from hc32f4a0_interrupts.o(i.IRQ123_Handler) referenced from startup_hc32f4a0sitb.o(RESET)
 <LI><a href="#[8f]">IRQ124_Handler</a> from hc32f4a0_interrupts.o(i.IRQ124_Handler) referenced from startup_hc32f4a0sitb.o(RESET)
 <LI><a href="#[90]">IRQ125_Handler</a> from hc32f4a0_interrupts.o(i.IRQ125_Handler) referenced from startup_hc32f4a0sitb.o(RESET)
 <LI><a href="#[91]">IRQ126_Handler</a> from hc32f4a0_interrupts.o(i.IRQ126_Handler) referenced from startup_hc32f4a0sitb.o(RESET)
 <LI><a href="#[92]">IRQ127_Handler</a> from hc32f4a0_interrupts.o(i.IRQ127_Handler) referenced from startup_hc32f4a0sitb.o(RESET)
 <LI><a href="#[93]">IRQ128_Handler</a> from hc32f4a0_interrupts.o(i.IRQ128_Handler) referenced from startup_hc32f4a0sitb.o(RESET)
 <LI><a href="#[94]">IRQ129_Handler</a> from hc32f4a0_interrupts.o(i.IRQ129_Handler) referenced from startup_hc32f4a0sitb.o(RESET)
 <LI><a href="#[95]">IRQ130_Handler</a> from hc32f4a0_interrupts.o(i.IRQ130_Handler) referenced from startup_hc32f4a0sitb.o(RESET)
 <LI><a href="#[96]">IRQ131_Handler</a> from hc32f4a0_interrupts.o(i.IRQ131_Handler) referenced from startup_hc32f4a0sitb.o(RESET)
 <LI><a href="#[97]">IRQ132_Handler</a> from hc32f4a0_interrupts.o(i.IRQ132_Handler) referenced from startup_hc32f4a0sitb.o(RESET)
 <LI><a href="#[98]">IRQ133_Handler</a> from hc32f4a0_interrupts.o(i.IRQ133_Handler) referenced from startup_hc32f4a0sitb.o(RESET)
 <LI><a href="#[99]">IRQ134_Handler</a> from hc32f4a0_interrupts.o(i.IRQ134_Handler) referenced from startup_hc32f4a0sitb.o(RESET)
 <LI><a href="#[9a]">IRQ135_Handler</a> from hc32f4a0_interrupts.o(i.IRQ135_Handler) referenced from startup_hc32f4a0sitb.o(RESET)
 <LI><a href="#[9b]">IRQ136_Handler</a> from hc32f4a0_interrupts.o(i.IRQ136_Handler) referenced from startup_hc32f4a0sitb.o(RESET)
 <LI><a href="#[9c]">IRQ137_Handler</a> from hc32f4a0_interrupts.o(i.IRQ137_Handler) referenced from startup_hc32f4a0sitb.o(RESET)
 <LI><a href="#[9d]">IRQ138_Handler</a> from hc32f4a0_interrupts.o(i.IRQ138_Handler) referenced from startup_hc32f4a0sitb.o(RESET)
 <LI><a href="#[9e]">IRQ139_Handler</a> from hc32f4a0_interrupts.o(i.IRQ139_Handler) referenced from startup_hc32f4a0sitb.o(RESET)
 <LI><a href="#[9f]">IRQ140_Handler</a> from hc32f4a0_interrupts.o(i.IRQ140_Handler) referenced from startup_hc32f4a0sitb.o(RESET)
 <LI><a href="#[a0]">IRQ141_Handler</a> from hc32f4a0_interrupts.o(i.IRQ141_Handler) referenced from startup_hc32f4a0sitb.o(RESET)
 <LI><a href="#[a1]">IRQ142_Handler</a> from hc32f4a0_interrupts.o(i.IRQ142_Handler) referenced from startup_hc32f4a0sitb.o(RESET)
 <LI><a href="#[a2]">IRQ143_Handler</a> from hc32f4a0_interrupts.o(i.IRQ143_Handler) referenced from startup_hc32f4a0sitb.o(RESET)
 <LI><a href="#[c]">MemManage_Handler</a> from hc32f4a0_interrupts.o(i.MemManage_Handler) referenced from startup_hc32f4a0sitb.o(RESET)
 <LI><a href="#[a]">NMI_Handler</a> from hc32f4a0_interrupts.o(i.NMI_Handler) referenced from startup_hc32f4a0sitb.o(RESET)
 <LI><a href="#[11]">PendSV_Handler</a> from irq_cm4f.o(.text) referenced from startup_hc32f4a0sitb.o(RESET)
 <LI><a href="#[9]">Reset_Handler</a> from startup_hc32f4a0sitb.o(.text) referenced from startup_hc32f4a0sitb.o(RESET)
 <LI><a href="#[2]">RunPer1000ms</a> from app_timer_periodic_adc3.o(i.RunPer1000ms) referenced 2 times from bsp_systick.o(.data)
 <LI><a href="#[1]">RunPer100ms</a> from app_timer_periodic_adc3.o(i.RunPer100ms) referenced 2 times from bsp_systick.o(.data)
 <LI><a href="#[0]">RunPer10ms</a> from app_timer_periodic_adc3.o(i.RunPer10ms) referenced 2 times from bsp_systick.o(.data)
 <LI><a href="#[f]">SVC_Handler</a> from irq_cm4f.o(.text) referenced from startup_hc32f4a0sitb.o(RESET)
 <LI><a href="#[12]">SysTick_Handler</a> from irq_cm4f.o(.text) referenced from startup_hc32f4a0sitb.o(RESET)
 <LI><a href="#[12]">SysTick_Handler</a> from irq_cm4f.o(.text) referenced from rtx_kernel.o(i.svcRtxKernelStart)
 <LI><a href="#[a4]">SystemInit</a> from system_hc32f4a0sitb.o(i.SystemInit) referenced from startup_hc32f4a0sitb.o(.text)
 <LI><a href="#[b2]">TimerAUnit1_OvfIrqCallback</a> from bsp_timer.o(i.TimerAUnit1_OvfIrqCallback) referenced from bsp_timer.o(i.TimerAUint1_IrqConfig)
 <LI><a href="#[b3]">TimerAUnit2_OvfIrqCallback</a> from bsp_timer.o(i.TimerAUnit2_OvfIrqCallback) referenced from bsp_timer.o(i.TimerAUint2_IrqConfig)
 <LI><a href="#[b4]">TimerAUnit3_OvfIrqCallback</a> from bsp_timer.o(i.TimerAUnit3_OvfIrqCallback) referenced from bsp_timer.o(i.TimerAUint3_IrqConfig)
 <LI><a href="#[e]">UsageFault_Handler</a> from hc32f4a0_interrupts.o(i.UsageFault_Handler) referenced from startup_hc32f4a0sitb.o(RESET)
 <LI><a href="#[a5]">__main</a> from entry.o(.ARM.Collect$$$$00000000) referenced from startup_hc32f4a0sitb.o(.text)
 <LI><a href="#[b6]">_sputc</a> from printfa.o(i._sputc) referenced from printfa.o(i.__0sprintf)
 <LI><a href="#[b5]">fputc</a> from bsp_debug.o(i.fputc) referenced from printfa.o(i.__0printf)
 <LI><a href="#[a3]">main</a> from system_hc32f4a0sitb.o(i.$Sub$$main) referenced from entry9a.o(.ARM.Collect$$$$0000000B)
 <LI><a href="#[c4]">osRtxIdleThread</a> from rtx_config.o(i.osRtxIdleThread) referenced from rtx_thread.o(i.osRtxThreadStartup)
 <LI><a href="#[d2]">osRtxMessageQueuePostProcess</a> from rtx_msgqueue.o(i.osRtxMessageQueuePostProcess) referenced from rtx_msgqueue.o(i.svcRtxMessageQueueNew)
 <LI><a href="#[d3]">osRtxSemaphorePostProcess</a> from rtx_semaphore.o(i.osRtxSemaphorePostProcess) referenced from rtx_semaphore.o(i.svcRtxSemaphoreNew)
 <LI><a href="#[d5]">osRtxThreadPostProcess</a> from rtx_thread.o(i.osRtxThreadPostProcess) referenced from rtx_thread.o(i.svcRtxThreadNew)
 <LI><a href="#[c5]">osRtxTimerThread</a> from rtx_timer.o(i.osRtxTimerThread) referenced from rtx_thread.o(i.osRtxThreadStartup)
 <LI><a href="#[c6]">osRtxTimerTick</a> from rtx_timer.o(i.osRtxTimerTick) referenced from rtx_timer.o(i.osRtxTimerThread)
 <LI><a href="#[d4]">osThreadExit</a> from rtx_thread.o(i.osThreadExit) referenced from rtx_thread.o(i.svcRtxThreadNew)
 <LI><a href="#[ba]">svcRtxDelay</a> from rtx_delay.o(i.svcRtxDelay) referenced from rtx_delay.o(i.osDelay)
 <LI><a href="#[bb]">svcRtxKernelGetState</a> from rtx_kernel.o(i.svcRtxKernelGetState) referenced from rtx_kernel.o(i.osKernelGetState)
 <LI><a href="#[bc]">svcRtxKernelInitialize</a> from rtx_kernel.o(i.svcRtxKernelInitialize) referenced from rtx_kernel.o(i.osKernelInitialize)
 <LI><a href="#[bd]">svcRtxKernelLock</a> from rtx_kernel.o(i.svcRtxKernelLock) referenced from rtx_kernel.o(i.osKernelLock)
 <LI><a href="#[be]">svcRtxKernelRestoreLock</a> from rtx_kernel.o(i.svcRtxKernelRestoreLock) referenced from rtx_kernel.o(i.osKernelRestoreLock)
 <LI><a href="#[bf]">svcRtxKernelStart</a> from rtx_kernel.o(i.svcRtxKernelStart) referenced from rtx_kernel.o(i.osKernelStart)
 <LI><a href="#[c0]">svcRtxKernelUnlock</a> from rtx_kernel.o(i.svcRtxKernelUnlock) referenced from rtx_kernel.o(i.osKernelUnlock)
 <LI><a href="#[c1]">svcRtxMessageQueueGet</a> from rtx_msgqueue.o(i.svcRtxMessageQueueGet) referenced from rtx_msgqueue.o(i.osMessageQueueGet)
 <LI><a href="#[c2]">svcRtxMessageQueueNew</a> from rtx_msgqueue.o(i.svcRtxMessageQueueNew) referenced from rtx_msgqueue.o(i.osMessageQueueNew)
 <LI><a href="#[c3]">svcRtxMessageQueuePut</a> from rtx_msgqueue.o(i.svcRtxMessageQueuePut) referenced from rtx_msgqueue.o(i.osMessageQueuePut)
 <LI><a href="#[c7]">svcRtxSemaphoreAcquire</a> from rtx_semaphore.o(i.svcRtxSemaphoreAcquire) referenced from rtx_semaphore.o(i.osSemaphoreAcquire)
 <LI><a href="#[c8]">svcRtxSemaphoreNew</a> from rtx_semaphore.o(i.svcRtxSemaphoreNew) referenced from rtx_semaphore.o(i.osSemaphoreNew)
 <LI><a href="#[c9]">svcRtxSemaphoreRelease</a> from rtx_semaphore.o(i.svcRtxSemaphoreRelease) referenced from rtx_semaphore.o(i.osSemaphoreRelease)
 <LI><a href="#[ca]">svcRtxThreadExit</a> from rtx_thread.o(i.svcRtxThreadExit) referenced from rtx_thread.o(i.osThreadExit)
 <LI><a href="#[cb]">svcRtxThreadNew</a> from rtx_thread.o(i.svcRtxThreadNew) referenced from rtx_thread.o(i.osThreadNew)
 <LI><a href="#[cc]">svcRtxThreadSuspend</a> from rtx_thread.o(i.svcRtxThreadSuspend) referenced from rtx_thread.o(i.osThreadSuspend)
 <LI><a href="#[cd]">svcRtxThreadTerminate</a> from rtx_thread.o(i.svcRtxThreadTerminate) referenced from rtx_thread.o(i.osThreadTerminate)
 <LI><a href="#[ce]">svcRtxTimerDelete</a> from rtx_timer.o(i.svcRtxTimerDelete) referenced from rtx_timer.o(i.osTimerDelete)
 <LI><a href="#[cf]">svcRtxTimerStop</a> from rtx_timer.o(i.svcRtxTimerStop) referenced from rtx_timer.o(i.osTimerStop)
 <LI><a href="#[7]">wizchip_bus_readdata</a> from wizchip_conf.o(i.wizchip_bus_readdata) referenced 2 times from wizchip_conf.o(.data)
 <LI><a href="#[8]">wizchip_bus_writedata</a> from wizchip_conf.o(i.wizchip_bus_writedata) referenced 2 times from wizchip_conf.o(.data)
 <LI><a href="#[3]">wizchip_cris_enter</a> from wizchip_conf.o(i.wizchip_cris_enter) referenced 2 times from wizchip_conf.o(.data)
 <LI><a href="#[3]">wizchip_cris_enter</a> from wizchip_conf.o(i.wizchip_cris_enter) referenced from wizchip_conf.o(i.reg_wizchip_cris_cbfunc)
 <LI><a href="#[4]">wizchip_cris_exit</a> from wizchip_conf.o(i.wizchip_cris_exit) referenced 2 times from wizchip_conf.o(.data)
 <LI><a href="#[4]">wizchip_cris_exit</a> from wizchip_conf.o(i.wizchip_cris_exit) referenced from wizchip_conf.o(i.reg_wizchip_cris_cbfunc)
 <LI><a href="#[6]">wizchip_cs_deselect</a> from wizchip_conf.o(i.wizchip_cs_deselect) referenced 2 times from wizchip_conf.o(.data)
 <LI><a href="#[6]">wizchip_cs_deselect</a> from wizchip_conf.o(i.wizchip_cs_deselect) referenced from wizchip_conf.o(i.reg_wizchip_cs_cbfunc)
 <LI><a href="#[5]">wizchip_cs_select</a> from wizchip_conf.o(i.wizchip_cs_select) referenced 2 times from wizchip_conf.o(.data)
 <LI><a href="#[5]">wizchip_cs_select</a> from wizchip_conf.o(i.wizchip_cs_select) referenced from wizchip_conf.o(i.reg_wizchip_cs_cbfunc)
 <LI><a href="#[d0]">wizchip_spi_readbyte</a> from wizchip_conf.o(i.wizchip_spi_readbyte) referenced from wizchip_conf.o(i.reg_wizchip_spi_cbfunc)
 <LI><a href="#[d1]">wizchip_spi_writebyte</a> from wizchip_conf.o(i.wizchip_spi_writebyte) referenced from wizchip_conf.o(i.reg_wizchip_spi_cbfunc)
</UL>
<P>
<H3>
Global Symbols
</H3>
<P><STRONG><a name="[a5]"></a>__main</STRONG> (Thumb, 0 bytes, Stack size unknown bytes, entry.o(.ARM.Collect$$$$00000000))
<BR>[Address Reference Count : 1]<UL><LI> startup_hc32f4a0sitb.o(.text)
</UL>
<P><STRONG><a name="[516]"></a>_main_stk</STRONG> (Thumb, 0 bytes, Stack size unknown bytes, entry2.o(.ARM.Collect$$$$00000001))

<P><STRONG><a name="[2bb]"></a>_main_scatterload</STRONG> (Thumb, 0 bytes, Stack size unknown bytes, entry5.o(.ARM.Collect$$$$00000004))
<BR><BR>[Calls]<UL><LI><a href="#[2bc]">&gt;&gt;</a>&nbsp;&nbsp;&nbsp;__scatterload
</UL>

<P><STRONG><a name="[2d8]"></a>__main_after_scatterload</STRONG> (Thumb, 0 bytes, Stack size unknown bytes, entry5.o(.ARM.Collect$$$$00000004))
<BR><BR>[Called By]<UL><LI><a href="#[2bc]">&gt;&gt;</a>&nbsp;&nbsp;&nbsp;__scatterload
</UL>

<P><STRONG><a name="[517]"></a>_main_clock</STRONG> (Thumb, 0 bytes, Stack size unknown bytes, entry7b.o(.ARM.Collect$$$$00000008))

<P><STRONG><a name="[518]"></a>_main_cpp_init</STRONG> (Thumb, 0 bytes, Stack size unknown bytes, entry8b.o(.ARM.Collect$$$$0000000A))

<P><STRONG><a name="[519]"></a>_main_init</STRONG> (Thumb, 0 bytes, Stack size unknown bytes, entry9a.o(.ARM.Collect$$$$0000000B))

<P><STRONG><a name="[51a]"></a>__rt_final_cpp</STRONG> (Thumb, 0 bytes, Stack size unknown bytes, entry10a.o(.ARM.Collect$$$$0000000D))

<P><STRONG><a name="[51b]"></a>__rt_final_exit</STRONG> (Thumb, 0 bytes, Stack size unknown bytes, entry11a.o(.ARM.Collect$$$$0000000F))

<P><STRONG><a name="[51c]"></a>__asm___13_rtx_mempool_c_7914b4c7__atomic_wr8</STRONG> (Thumb, 16 bytes, Stack size 0 bytes, rtx_mempool.o(.emb_text), UNUSED)

<P><STRONG><a name="[51d]"></a>__asm___13_rtx_mempool_c_7914b4c7__atomic_set32</STRONG> (Thumb, 20 bytes, Stack size 0 bytes, rtx_mempool.o(.emb_text), UNUSED)

<P><STRONG><a name="[51e]"></a>__asm___13_rtx_mempool_c_7914b4c7__atomic_clr32</STRONG> (Thumb, 22 bytes, Stack size 0 bytes, rtx_mempool.o(.emb_text), UNUSED)

<P><STRONG><a name="[51f]"></a>__asm___13_rtx_mempool_c_7914b4c7__atomic_chk32_all</STRONG> (Thumb, 38 bytes, Stack size 0 bytes, rtx_mempool.o(.emb_text), UNUSED)

<P><STRONG><a name="[520]"></a>__asm___13_rtx_mempool_c_7914b4c7__atomic_chk32_any</STRONG> (Thumb, 34 bytes, Stack size 0 bytes, rtx_mempool.o(.emb_text), UNUSED)

<P><STRONG><a name="[4ec]"></a>__asm___13_rtx_mempool_c_7914b4c7__atomic_inc32</STRONG> (Thumb, 18 bytes, Stack size 0 bytes, rtx_mempool.o(.emb_text))
<BR><BR>[Called By]<UL><LI><a href="#[4d3]">&gt;&gt;</a>&nbsp;&nbsp;&nbsp;osRtxMemoryPoolAlloc
</UL>

<P><STRONG><a name="[521]"></a>__asm___13_rtx_mempool_c_7914b4c7__atomic_inc16_lt</STRONG> (Thumb, 30 bytes, Stack size 0 bytes, rtx_mempool.o(.emb_text), UNUSED)

<P><STRONG><a name="[522]"></a>__asm___13_rtx_mempool_c_7914b4c7__atomic_inc16_lim</STRONG> (Thumb, 26 bytes, Stack size 0 bytes, rtx_mempool.o(.emb_text), UNUSED)

<P><STRONG><a name="[4ee]"></a>__asm___13_rtx_mempool_c_7914b4c7__atomic_dec32</STRONG> (Thumb, 18 bytes, Stack size 0 bytes, rtx_mempool.o(.emb_text))
<BR><BR>[Called By]<UL><LI><a href="#[4ed]">&gt;&gt;</a>&nbsp;&nbsp;&nbsp;osRtxMemoryPoolFree
</UL>

<P><STRONG><a name="[523]"></a>__asm___13_rtx_mempool_c_7914b4c7__atomic_dec32_nz</STRONG> (Thumb, 26 bytes, Stack size 0 bytes, rtx_mempool.o(.emb_text), UNUSED)

<P><STRONG><a name="[524]"></a>__asm___13_rtx_mempool_c_7914b4c7__atomic_dec16_nz</STRONG> (Thumb, 26 bytes, Stack size 0 bytes, rtx_mempool.o(.emb_text), UNUSED)

<P><STRONG><a name="[4eb]"></a>__asm___13_rtx_mempool_c_7914b4c7__atomic_link_get</STRONG> (Thumb, 26 bytes, Stack size 0 bytes, rtx_mempool.o(.emb_text))
<BR><BR>[Called By]<UL><LI><a href="#[4d3]">&gt;&gt;</a>&nbsp;&nbsp;&nbsp;osRtxMemoryPoolAlloc
</UL>

<P><STRONG><a name="[2bd]"></a>__asm___13_rtx_mempool_c_7914b4c7__atomic_link_put</STRONG> (Thumb, 28 bytes, Stack size 0 bytes, rtx_mempool.o(.emb_text))
<BR><BR>[Calls]<UL><LI><a href="#[2bd]">&gt;&gt;</a>&nbsp;&nbsp;&nbsp;__asm___13_rtx_mempool_c_7914b4c7__atomic_link_put
</UL>
<BR>[Called By]<UL><LI><a href="#[4ed]">&gt;&gt;</a>&nbsp;&nbsp;&nbsp;osRtxMemoryPoolFree
<LI><a href="#[2bd]">&gt;&gt;</a>&nbsp;&nbsp;&nbsp;__asm___13_rtx_mempool_c_7914b4c7__atomic_link_put
</UL>

<P><STRONG><a name="[43b]"></a>__asm___14_rtx_msgqueue_c_ba128ae8__atomic_wr8</STRONG> (Thumb, 16 bytes, Stack size 0 bytes, rtx_msgqueue.o(.emb_text))
<BR><BR>[Called By]<UL><LI><a href="#[439]">&gt;&gt;</a>&nbsp;&nbsp;&nbsp;MessageQueueGet
</UL>

<P><STRONG><a name="[525]"></a>__asm___14_rtx_msgqueue_c_ba128ae8__atomic_set32</STRONG> (Thumb, 20 bytes, Stack size 0 bytes, rtx_msgqueue.o(.emb_text), UNUSED)

<P><STRONG><a name="[526]"></a>__asm___14_rtx_msgqueue_c_ba128ae8__atomic_clr32</STRONG> (Thumb, 22 bytes, Stack size 0 bytes, rtx_msgqueue.o(.emb_text), UNUSED)

<P><STRONG><a name="[527]"></a>__asm___14_rtx_msgqueue_c_ba128ae8__atomic_chk32_all</STRONG> (Thumb, 38 bytes, Stack size 0 bytes, rtx_msgqueue.o(.emb_text), UNUSED)

<P><STRONG><a name="[528]"></a>__asm___14_rtx_msgqueue_c_ba128ae8__atomic_chk32_any</STRONG> (Thumb, 34 bytes, Stack size 0 bytes, rtx_msgqueue.o(.emb_text), UNUSED)

<P><STRONG><a name="[43d]"></a>__asm___14_rtx_msgqueue_c_ba128ae8__atomic_inc32</STRONG> (Thumb, 18 bytes, Stack size 0 bytes, rtx_msgqueue.o(.emb_text))
<BR><BR>[Called By]<UL><LI><a href="#[43c]">&gt;&gt;</a>&nbsp;&nbsp;&nbsp;MessageQueuePut
</UL>

<P><STRONG><a name="[529]"></a>__asm___14_rtx_msgqueue_c_ba128ae8__atomic_inc16_lt</STRONG> (Thumb, 30 bytes, Stack size 0 bytes, rtx_msgqueue.o(.emb_text), UNUSED)

<P><STRONG><a name="[52a]"></a>__asm___14_rtx_msgqueue_c_ba128ae8__atomic_inc16_lim</STRONG> (Thumb, 26 bytes, Stack size 0 bytes, rtx_msgqueue.o(.emb_text), UNUSED)

<P><STRONG><a name="[52b]"></a>__asm___14_rtx_msgqueue_c_ba128ae8__atomic_dec32</STRONG> (Thumb, 18 bytes, Stack size 0 bytes, rtx_msgqueue.o(.emb_text), UNUSED)

<P><STRONG><a name="[43a]"></a>__asm___14_rtx_msgqueue_c_ba128ae8__atomic_dec32_nz</STRONG> (Thumb, 26 bytes, Stack size 0 bytes, rtx_msgqueue.o(.emb_text))
<BR><BR>[Called By]<UL><LI><a href="#[439]">&gt;&gt;</a>&nbsp;&nbsp;&nbsp;MessageQueueGet
</UL>

<P><STRONG><a name="[52c]"></a>__asm___14_rtx_msgqueue_c_ba128ae8__atomic_dec16_nz</STRONG> (Thumb, 26 bytes, Stack size 0 bytes, rtx_msgqueue.o(.emb_text), UNUSED)

<P><STRONG><a name="[52d]"></a>__asm___14_rtx_msgqueue_c_ba128ae8__atomic_link_get</STRONG> (Thumb, 26 bytes, Stack size 0 bytes, rtx_msgqueue.o(.emb_text), UNUSED)

<P><STRONG><a name="[2be]"></a>__asm___14_rtx_msgqueue_c_ba128ae8__atomic_link_put</STRONG> (Thumb, 28 bytes, Stack size 0 bytes, rtx_msgqueue.o(.emb_text), UNUSED)
<BR><BR>[Calls]<UL><LI><a href="#[2be]">&gt;&gt;</a>&nbsp;&nbsp;&nbsp;__asm___14_rtx_msgqueue_c_ba128ae8__atomic_link_put
</UL>
<BR>[Called By]<UL><LI><a href="#[2be]">&gt;&gt;</a>&nbsp;&nbsp;&nbsp;__asm___14_rtx_msgqueue_c_ba128ae8__atomic_link_put
</UL>

<P><STRONG><a name="[52e]"></a>__asm___15_rtx_semaphore_c_c705bb47__atomic_wr8</STRONG> (Thumb, 16 bytes, Stack size 0 bytes, rtx_semaphore.o(.emb_text), UNUSED)

<P><STRONG><a name="[52f]"></a>__asm___15_rtx_semaphore_c_c705bb47__atomic_set32</STRONG> (Thumb, 20 bytes, Stack size 0 bytes, rtx_semaphore.o(.emb_text), UNUSED)

<P><STRONG><a name="[530]"></a>__asm___15_rtx_semaphore_c_c705bb47__atomic_clr32</STRONG> (Thumb, 22 bytes, Stack size 0 bytes, rtx_semaphore.o(.emb_text), UNUSED)

<P><STRONG><a name="[531]"></a>__asm___15_rtx_semaphore_c_c705bb47__atomic_chk32_all</STRONG> (Thumb, 38 bytes, Stack size 0 bytes, rtx_semaphore.o(.emb_text), UNUSED)

<P><STRONG><a name="[532]"></a>__asm___15_rtx_semaphore_c_c705bb47__atomic_chk32_any</STRONG> (Thumb, 34 bytes, Stack size 0 bytes, rtx_semaphore.o(.emb_text), UNUSED)

<P><STRONG><a name="[533]"></a>__asm___15_rtx_semaphore_c_c705bb47__atomic_inc32</STRONG> (Thumb, 18 bytes, Stack size 0 bytes, rtx_semaphore.o(.emb_text), UNUSED)

<P><STRONG><a name="[467]"></a>__asm___15_rtx_semaphore_c_c705bb47__atomic_inc16_lt</STRONG> (Thumb, 30 bytes, Stack size 0 bytes, rtx_semaphore.o(.emb_text))
<BR><BR>[Called By]<UL><LI><a href="#[466]">&gt;&gt;</a>&nbsp;&nbsp;&nbsp;SemaphoreTokenIncrement
</UL>

<P><STRONG><a name="[534]"></a>__asm___15_rtx_semaphore_c_c705bb47__atomic_inc16_lim</STRONG> (Thumb, 26 bytes, Stack size 0 bytes, rtx_semaphore.o(.emb_text), UNUSED)

<P><STRONG><a name="[535]"></a>__asm___15_rtx_semaphore_c_c705bb47__atomic_dec32</STRONG> (Thumb, 18 bytes, Stack size 0 bytes, rtx_semaphore.o(.emb_text), UNUSED)

<P><STRONG><a name="[536]"></a>__asm___15_rtx_semaphore_c_c705bb47__atomic_dec32_nz</STRONG> (Thumb, 26 bytes, Stack size 0 bytes, rtx_semaphore.o(.emb_text), UNUSED)

<P><STRONG><a name="[465]"></a>__asm___15_rtx_semaphore_c_c705bb47__atomic_dec16_nz</STRONG> (Thumb, 26 bytes, Stack size 0 bytes, rtx_semaphore.o(.emb_text))
<BR><BR>[Called By]<UL><LI><a href="#[464]">&gt;&gt;</a>&nbsp;&nbsp;&nbsp;SemaphoreTokenDecrement
</UL>

<P><STRONG><a name="[537]"></a>__asm___15_rtx_semaphore_c_c705bb47__atomic_link_get</STRONG> (Thumb, 26 bytes, Stack size 0 bytes, rtx_semaphore.o(.emb_text), UNUSED)

<P><STRONG><a name="[2bf]"></a>__asm___15_rtx_semaphore_c_c705bb47__atomic_link_put</STRONG> (Thumb, 28 bytes, Stack size 0 bytes, rtx_semaphore.o(.emb_text), UNUSED)
<BR><BR>[Calls]<UL><LI><a href="#[2bf]">&gt;&gt;</a>&nbsp;&nbsp;&nbsp;__asm___15_rtx_semaphore_c_c705bb47__atomic_link_put
</UL>
<BR>[Called By]<UL><LI><a href="#[2bf]">&gt;&gt;</a>&nbsp;&nbsp;&nbsp;__asm___15_rtx_semaphore_c_c705bb47__atomic_link_put
</UL>

<P><STRONG><a name="[538]"></a>__asm___12_rtx_system_c_024f2f18__atomic_wr8</STRONG> (Thumb, 16 bytes, Stack size 0 bytes, rtx_system.o(.emb_text), UNUSED)

<P><STRONG><a name="[539]"></a>__asm___12_rtx_system_c_024f2f18__atomic_set32</STRONG> (Thumb, 20 bytes, Stack size 0 bytes, rtx_system.o(.emb_text), UNUSED)

<P><STRONG><a name="[53a]"></a>__asm___12_rtx_system_c_024f2f18__atomic_clr32</STRONG> (Thumb, 22 bytes, Stack size 0 bytes, rtx_system.o(.emb_text), UNUSED)

<P><STRONG><a name="[53b]"></a>__asm___12_rtx_system_c_024f2f18__atomic_chk32_all</STRONG> (Thumb, 38 bytes, Stack size 0 bytes, rtx_system.o(.emb_text), UNUSED)

<P><STRONG><a name="[53c]"></a>__asm___12_rtx_system_c_024f2f18__atomic_chk32_any</STRONG> (Thumb, 34 bytes, Stack size 0 bytes, rtx_system.o(.emb_text), UNUSED)

<P><STRONG><a name="[53d]"></a>__asm___12_rtx_system_c_024f2f18__atomic_inc32</STRONG> (Thumb, 18 bytes, Stack size 0 bytes, rtx_system.o(.emb_text), UNUSED)

<P><STRONG><a name="[4d9]"></a>__asm___12_rtx_system_c_024f2f18__atomic_inc16_lt</STRONG> (Thumb, 30 bytes, Stack size 0 bytes, rtx_system.o(.emb_text))
<BR><BR>[Called By]<UL><LI><a href="#[4d8]">&gt;&gt;</a>&nbsp;&nbsp;&nbsp;isr_queue_put
</UL>

<P><STRONG><a name="[4d7]"></a>__asm___12_rtx_system_c_024f2f18__atomic_inc16_lim</STRONG> (Thumb, 26 bytes, Stack size 0 bytes, rtx_system.o(.emb_text))
<BR><BR>[Called By]<UL><LI><a href="#[4d8]">&gt;&gt;</a>&nbsp;&nbsp;&nbsp;isr_queue_put
<LI><a href="#[4d5]">&gt;&gt;</a>&nbsp;&nbsp;&nbsp;isr_queue_get
</UL>

<P><STRONG><a name="[53e]"></a>__asm___12_rtx_system_c_024f2f18__atomic_dec32</STRONG> (Thumb, 18 bytes, Stack size 0 bytes, rtx_system.o(.emb_text), UNUSED)

<P><STRONG><a name="[53f]"></a>__asm___12_rtx_system_c_024f2f18__atomic_dec32_nz</STRONG> (Thumb, 26 bytes, Stack size 0 bytes, rtx_system.o(.emb_text), UNUSED)

<P><STRONG><a name="[4d6]"></a>__asm___12_rtx_system_c_024f2f18__atomic_dec16_nz</STRONG> (Thumb, 26 bytes, Stack size 0 bytes, rtx_system.o(.emb_text))
<BR><BR>[Called By]<UL><LI><a href="#[4d5]">&gt;&gt;</a>&nbsp;&nbsp;&nbsp;isr_queue_get
</UL>

<P><STRONG><a name="[540]"></a>__asm___12_rtx_system_c_024f2f18__atomic_link_get</STRONG> (Thumb, 26 bytes, Stack size 0 bytes, rtx_system.o(.emb_text), UNUSED)

<P><STRONG><a name="[2c0]"></a>__asm___12_rtx_system_c_024f2f18__atomic_link_put</STRONG> (Thumb, 28 bytes, Stack size 0 bytes, rtx_system.o(.emb_text), UNUSED)
<BR><BR>[Calls]<UL><LI><a href="#[2c0]">&gt;&gt;</a>&nbsp;&nbsp;&nbsp;__asm___12_rtx_system_c_024f2f18__atomic_link_put
</UL>
<BR>[Called By]<UL><LI><a href="#[2c0]">&gt;&gt;</a>&nbsp;&nbsp;&nbsp;__asm___12_rtx_system_c_024f2f18__atomic_link_put
</UL>

<P><STRONG><a name="[541]"></a>__asm___12_rtx_thread_c_add96be5__atomic_wr8</STRONG> (Thumb, 16 bytes, Stack size 0 bytes, rtx_thread.o(.emb_text), UNUSED)

<P><STRONG><a name="[542]"></a>__asm___12_rtx_thread_c_add96be5__atomic_set32</STRONG> (Thumb, 20 bytes, Stack size 0 bytes, rtx_thread.o(.emb_text), UNUSED)

<P><STRONG><a name="[543]"></a>__asm___12_rtx_thread_c_add96be5__atomic_clr32</STRONG> (Thumb, 22 bytes, Stack size 0 bytes, rtx_thread.o(.emb_text), UNUSED)

<P><STRONG><a name="[47d]"></a>__asm___12_rtx_thread_c_add96be5__atomic_chk32_all</STRONG> (Thumb, 38 bytes, Stack size 0 bytes, rtx_thread.o(.emb_text))
<BR><BR>[Called By]<UL><LI><a href="#[47c]">&gt;&gt;</a>&nbsp;&nbsp;&nbsp;ThreadFlagsCheck
</UL>

<P><STRONG><a name="[47e]"></a>__asm___12_rtx_thread_c_add96be5__atomic_chk32_any</STRONG> (Thumb, 34 bytes, Stack size 0 bytes, rtx_thread.o(.emb_text))
<BR><BR>[Called By]<UL><LI><a href="#[47c]">&gt;&gt;</a>&nbsp;&nbsp;&nbsp;ThreadFlagsCheck
</UL>

<P><STRONG><a name="[544]"></a>__asm___12_rtx_thread_c_add96be5__atomic_inc32</STRONG> (Thumb, 18 bytes, Stack size 0 bytes, rtx_thread.o(.emb_text), UNUSED)

<P><STRONG><a name="[545]"></a>__asm___12_rtx_thread_c_add96be5__atomic_inc16_lt</STRONG> (Thumb, 30 bytes, Stack size 0 bytes, rtx_thread.o(.emb_text), UNUSED)

<P><STRONG><a name="[546]"></a>__asm___12_rtx_thread_c_add96be5__atomic_inc16_lim</STRONG> (Thumb, 26 bytes, Stack size 0 bytes, rtx_thread.o(.emb_text), UNUSED)

<P><STRONG><a name="[547]"></a>__asm___12_rtx_thread_c_add96be5__atomic_dec32</STRONG> (Thumb, 18 bytes, Stack size 0 bytes, rtx_thread.o(.emb_text), UNUSED)

<P><STRONG><a name="[548]"></a>__asm___12_rtx_thread_c_add96be5__atomic_dec32_nz</STRONG> (Thumb, 26 bytes, Stack size 0 bytes, rtx_thread.o(.emb_text), UNUSED)

<P><STRONG><a name="[549]"></a>__asm___12_rtx_thread_c_add96be5__atomic_dec16_nz</STRONG> (Thumb, 26 bytes, Stack size 0 bytes, rtx_thread.o(.emb_text), UNUSED)

<P><STRONG><a name="[54a]"></a>__asm___12_rtx_thread_c_add96be5__atomic_link_get</STRONG> (Thumb, 26 bytes, Stack size 0 bytes, rtx_thread.o(.emb_text), UNUSED)

<P><STRONG><a name="[2c1]"></a>__asm___12_rtx_thread_c_add96be5__atomic_link_put</STRONG> (Thumb, 28 bytes, Stack size 0 bytes, rtx_thread.o(.emb_text), UNUSED)
<BR><BR>[Calls]<UL><LI><a href="#[2c1]">&gt;&gt;</a>&nbsp;&nbsp;&nbsp;__asm___12_rtx_thread_c_add96be5__atomic_link_put
</UL>
<BR>[Called By]<UL><LI><a href="#[2c1]">&gt;&gt;</a>&nbsp;&nbsp;&nbsp;__asm___12_rtx_thread_c_add96be5__atomic_link_put
</UL>

<P><STRONG><a name="[42e]"></a>__asm___15_EventRecorder_c_e8d3082c__atomic_inc8</STRONG> (Thumb, 18 bytes, Stack size 0 bytes, eventrecorder.o(.emb_text))
<BR><BR>[Called By]<UL><LI><a href="#[3d7]">&gt;&gt;</a>&nbsp;&nbsp;&nbsp;GetContext
</UL>

<P><STRONG><a name="[3d2]"></a>__asm___15_EventRecorder_c_e8d3082c__atomic_inc32</STRONG> (Thumb, 18 bytes, Stack size 0 bytes, eventrecorder.o(.emb_text))
<BR><BR>[Called By]<UL><LI><a href="#[3d5]">&gt;&gt;</a>&nbsp;&nbsp;&nbsp;EventRecordItem
<LI><a href="#[3cf]">&gt;&gt;</a>&nbsp;&nbsp;&nbsp;EventGetTS
</UL>

<P><STRONG><a name="[3d1]"></a>__asm___15_EventRecorder_c_e8d3082c__atomic_xch32</STRONG> (Thumb, 16 bytes, Stack size 0 bytes, eventrecorder.o(.emb_text))
<BR><BR>[Called By]<UL><LI><a href="#[3cf]">&gt;&gt;</a>&nbsp;&nbsp;&nbsp;EventGetTS
</UL>

<P><STRONG><a name="[3d8]"></a>__asm___15_EventRecorder_c_e8d3082c__LockRecord</STRONG> (Thumb, 34 bytes, Stack size 0 bytes, eventrecorder.o(.emb_text))
<BR><BR>[Called By]<UL><LI><a href="#[3d5]">&gt;&gt;</a>&nbsp;&nbsp;&nbsp;EventRecordItem
</UL>

<P><STRONG><a name="[3d9]"></a>__asm___15_EventRecorder_c_e8d3082c__UnlockRecord</STRONG> (Thumb, 30 bytes, Stack size 0 bytes, eventrecorder.o(.emb_text))
<BR><BR>[Called By]<UL><LI><a href="#[3d5]">&gt;&gt;</a>&nbsp;&nbsp;&nbsp;EventRecordItem
</UL>

<P><STRONG><a name="[9]"></a>Reset_Handler</STRONG> (Thumb, 8 bytes, Stack size 0 bytes, startup_hc32f4a0sitb.o(.text))
<BR>[Address Reference Count : 1]<UL><LI> startup_hc32f4a0sitb.o(RESET)
</UL>
<P><STRONG><a name="[f]"></a>SVC_Handler</STRONG> (Thumb, 152 bytes, Stack size 0 bytes, irq_cm4f.o(.text))
<BR>[Address Reference Count : 1]<UL><LI> startup_hc32f4a0sitb.o(RESET)
</UL>
<P><STRONG><a name="[11]"></a>PendSV_Handler</STRONG> (Thumb, 16 bytes, Stack size 0 bytes, irq_cm4f.o(.text))
<BR><BR>[Stack]<UL><LI>Max Depth = 152<LI>Call Chain = PendSV_Handler &rArr; osRtxPendSV_Handler &rArr; osRtxThreadDispatch &rArr; osRtxThreadBlock &rArr; EvrRtxThreadPreempted &rArr; EventRecord2 &rArr; EventRecordItem
</UL>
<BR>[Calls]<UL><LI><a href="#[2b9]">&gt;&gt;</a>&nbsp;&nbsp;&nbsp;osRtxPendSV_Handler
</UL>
<BR>[Address Reference Count : 1]<UL><LI> startup_hc32f4a0sitb.o(RESET)
</UL>
<P><STRONG><a name="[12]"></a>SysTick_Handler</STRONG> (Thumb, 16 bytes, Stack size 0 bytes, irq_cm4f.o(.text))
<BR><BR>[Stack]<UL><LI>Max Depth = 144<LI>Call Chain = SysTick_Handler &rArr; osRtxTick_Handler &rArr; osRtxThreadDispatch &rArr; osRtxThreadBlock &rArr; EvrRtxThreadPreempted &rArr; EventRecord2 &rArr; EventRecordItem
</UL>
<BR>[Calls]<UL><LI><a href="#[2ba]">&gt;&gt;</a>&nbsp;&nbsp;&nbsp;osRtxTick_Handler
</UL>
<BR>[Address Reference Count : 2]<UL><LI> startup_hc32f4a0sitb.o(RESET)
<LI> rtx_kernel.o(i.svcRtxKernelStart)
</UL>
<P><STRONG><a name="[2c2]"></a>__aeabi_uldivmod</STRONG> (Thumb, 98 bytes, Stack size 40 bytes, uldiv.o(.text))
<BR><BR>[Stack]<UL><LI>Max Depth = 40<LI>Call Chain = __aeabi_uldivmod
</UL>
<BR>[Calls]<UL><LI><a href="#[2c3]">&gt;&gt;</a>&nbsp;&nbsp;&nbsp;__aeabi_llsr
<LI><a href="#[2c4]">&gt;&gt;</a>&nbsp;&nbsp;&nbsp;__aeabi_llsl
</UL>
<BR>[Called By]<UL><LI><a href="#[3a2]">&gt;&gt;</a>&nbsp;&nbsp;&nbsp;CalcUartBaudrate
<LI><a href="#[3a1]">&gt;&gt;</a>&nbsp;&nbsp;&nbsp;CalcSmartcardBaudrate
<LI><a href="#[3a0]">&gt;&gt;</a>&nbsp;&nbsp;&nbsp;CalcClkSyncBaudrate
<LI><a href="#[b4]">&gt;&gt;</a>&nbsp;&nbsp;&nbsp;TimerAUnit3_OvfIrqCallback
<LI><a href="#[4a9]">&gt;&gt;</a>&nbsp;&nbsp;&nbsp;_printf_core
<LI><a href="#[4ab]">&gt;&gt;</a>&nbsp;&nbsp;&nbsp;_fp_digits
<LI><a href="#[2c5]">&gt;&gt;</a>&nbsp;&nbsp;&nbsp;__aeabi_ldivmod
</UL>

<P><STRONG><a name="[2c5]"></a>__aeabi_ldivmod</STRONG> (Thumb, 98 bytes, Stack size 24 bytes, ldiv.o(.text))
<BR><BR>[Stack]<UL><LI>Max Depth = 64<LI>Call Chain = __aeabi_ldivmod &rArr; __aeabi_uldivmod
</UL>
<BR>[Calls]<UL><LI><a href="#[2c2]">&gt;&gt;</a>&nbsp;&nbsp;&nbsp;__aeabi_uldivmod
</UL>
<BR>[Called By]<UL><LI><a href="#[b4]">&gt;&gt;</a>&nbsp;&nbsp;&nbsp;TimerAUnit3_OvfIrqCallback
</UL>

<P><STRONG><a name="[328]"></a>__aeabi_memcpy</STRONG> (Thumb, 36 bytes, Stack size 0 bytes, memcpya.o(.text))
<BR><BR>[Called By]<UL><LI><a href="#[327]">&gt;&gt;</a>&nbsp;&nbsp;&nbsp;ADC_Start_DMA
<LI><a href="#[aa]">&gt;&gt;</a>&nbsp;&nbsp;&nbsp;AppTaskProtocol
<LI><a href="#[ad]">&gt;&gt;</a>&nbsp;&nbsp;&nbsp;AppTaskDebug
<LI><a href="#[35e]">&gt;&gt;</a>&nbsp;&nbsp;&nbsp;ReadRingBuffer
<LI><a href="#[453]">&gt;&gt;</a>&nbsp;&nbsp;&nbsp;RecordDatUpcast
<LI><a href="#[35f]">&gt;&gt;</a>&nbsp;&nbsp;&nbsp;WriteRingBuffer
<LI><a href="#[3c5]">&gt;&gt;</a>&nbsp;&nbsp;&nbsp;EepDatLoad
<LI><a href="#[3c7]">&gt;&gt;</a>&nbsp;&nbsp;&nbsp;EepDatSync
<LI><a href="#[449]">&gt;&gt;</a>&nbsp;&nbsp;&nbsp;WorkstepSetAnalysis
<LI><a href="#[44b]">&gt;&gt;</a>&nbsp;&nbsp;&nbsp;WorkstepInqAnalysis
<LI><a href="#[44f]">&gt;&gt;</a>&nbsp;&nbsp;&nbsp;SystemUpdateAnalysis
<LI><a href="#[44e]">&gt;&gt;</a>&nbsp;&nbsp;&nbsp;SystemSetAnalysis
<LI><a href="#[44d]">&gt;&gt;</a>&nbsp;&nbsp;&nbsp;SystemInqAnalysis
<LI><a href="#[455]">&gt;&gt;</a>&nbsp;&nbsp;&nbsp;Record_Data_To_Buffer
<LI><a href="#[448]">&gt;&gt;</a>&nbsp;&nbsp;&nbsp;RecordInqAnalysis
<LI><a href="#[3b9]">&gt;&gt;</a>&nbsp;&nbsp;&nbsp;DebugDataInqAnalysis
<LI><a href="#[35c]">&gt;&gt;</a>&nbsp;&nbsp;&nbsp;AuxRecordDatUpcast
<LI><a href="#[4a6]">&gt;&gt;</a>&nbsp;&nbsp;&nbsp;Workstep_Reload_Func
<LI><a href="#[c3]">&gt;&gt;</a>&nbsp;&nbsp;&nbsp;svcRtxMessageQueuePut
<LI><a href="#[c1]">&gt;&gt;</a>&nbsp;&nbsp;&nbsp;svcRtxMessageQueueGet
<LI><a href="#[d2]">&gt;&gt;</a>&nbsp;&nbsp;&nbsp;osRtxMessageQueuePostProcess
<LI><a href="#[4d2]">&gt;&gt;</a>&nbsp;&nbsp;&nbsp;isrRtxMessageQueuePut
<LI><a href="#[4d0]">&gt;&gt;</a>&nbsp;&nbsp;&nbsp;isrRtxMessageQueueGet
</UL>

<P><STRONG><a name="[340]"></a>__aeabi_memcpy4</STRONG> (Thumb, 0 bytes, Stack size 0 bytes, memcpya.o(.text))
<BR><BR>[Called By]<UL><LI><a href="#[33f]">&gt;&gt;</a>&nbsp;&nbsp;&nbsp;AdcSetPinAnalogMode
<LI><a href="#[3a8]">&gt;&gt;</a>&nbsp;&nbsp;&nbsp;Can1Config
<LI><a href="#[4b4]">&gt;&gt;</a>&nbsp;&nbsp;&nbsp;bsp_InitUSART
<LI><a href="#[3a4]">&gt;&gt;</a>&nbsp;&nbsp;&nbsp;Tier2ToTier1
<LI><a href="#[3c6]">&gt;&gt;</a>&nbsp;&nbsp;&nbsp;Tier1ToTier2
<LI><a href="#[3a6]">&gt;&gt;</a>&nbsp;&nbsp;&nbsp;CalibrateSetAnalysis
<LI><a href="#[3a5]">&gt;&gt;</a>&nbsp;&nbsp;&nbsp;CalibrateInqAnalysis
</UL>

<P><STRONG><a name="[54b]"></a>__aeabi_memcpy8</STRONG> (Thumb, 0 bytes, Stack size 0 bytes, memcpya.o(.text), UNUSED)

<P><STRONG><a name="[2c7]"></a>__aeabi_memset</STRONG> (Thumb, 14 bytes, Stack size 0 bytes, memseta.o(.text))
<BR><BR>[Called By]<UL><LI><a href="#[2c8]">&gt;&gt;</a>&nbsp;&nbsp;&nbsp;_memset$wrapper
<LI><a href="#[2c6]">&gt;&gt;</a>&nbsp;&nbsp;&nbsp;__aeabi_memclr
</UL>

<P><STRONG><a name="[54c]"></a>__aeabi_memset4</STRONG> (Thumb, 0 bytes, Stack size 0 bytes, memseta.o(.text), UNUSED)

<P><STRONG><a name="[54d]"></a>__aeabi_memset8</STRONG> (Thumb, 0 bytes, Stack size 0 bytes, memseta.o(.text), UNUSED)

<P><STRONG><a name="[2c6]"></a>__aeabi_memclr</STRONG> (Thumb, 4 bytes, Stack size 0 bytes, memseta.o(.text))
<BR><BR>[Calls]<UL><LI><a href="#[2c7]">&gt;&gt;</a>&nbsp;&nbsp;&nbsp;__aeabi_memset
</UL>
<BR>[Called By]<UL><LI><a href="#[2b7]">&gt;&gt;</a>&nbsp;&nbsp;&nbsp;DBGRS232_RxHandler
<LI><a href="#[356]">&gt;&gt;</a>&nbsp;&nbsp;&nbsp;W5500_TCP_Client
<LI><a href="#[355]">&gt;&gt;</a>&nbsp;&nbsp;&nbsp;W5500_Poll
<LI><a href="#[449]">&gt;&gt;</a>&nbsp;&nbsp;&nbsp;WorkstepSetAnalysis
<LI><a href="#[44b]">&gt;&gt;</a>&nbsp;&nbsp;&nbsp;WorkstepInqAnalysis
<LI><a href="#[4a6]">&gt;&gt;</a>&nbsp;&nbsp;&nbsp;Workstep_Reload_Func
<LI><a href="#[376]">&gt;&gt;</a>&nbsp;&nbsp;&nbsp;Workstep_Analysis_Func
<LI><a href="#[35d]">&gt;&gt;</a>&nbsp;&nbsp;&nbsp;Protect_Action_Func
<LI><a href="#[c2]">&gt;&gt;</a>&nbsp;&nbsp;&nbsp;svcRtxMessageQueueNew
</UL>

<P><STRONG><a name="[343]"></a>__aeabi_memclr4</STRONG> (Thumb, 0 bytes, Stack size 0 bytes, memseta.o(.text))
<BR><BR>[Called By]<UL><LI><a href="#[375]">&gt;&gt;</a>&nbsp;&nbsp;&nbsp;Protect_Trigger_Judgemet
<LI><a href="#[aa]">&gt;&gt;</a>&nbsp;&nbsp;&nbsp;AppTaskProtocol
<LI><a href="#[b1]">&gt;&gt;</a>&nbsp;&nbsp;&nbsp;AppTaskProtection
<LI><a href="#[ad]">&gt;&gt;</a>&nbsp;&nbsp;&nbsp;AppTaskDebug
<LI><a href="#[b0]">&gt;&gt;</a>&nbsp;&nbsp;&nbsp;AppACDC_alarm
<LI><a href="#[365]">&gt;&gt;</a>&nbsp;&nbsp;&nbsp;BarCode_Mac_CheckSet
<LI><a href="#[bc]">&gt;&gt;</a>&nbsp;&nbsp;&nbsp;svcRtxKernelInitialize
<LI><a href="#[42f]">&gt;&gt;</a>&nbsp;&nbsp;&nbsp;HAL_DBGCmdProcess
<LI><a href="#[453]">&gt;&gt;</a>&nbsp;&nbsp;&nbsp;RecordDatUpcast
<LI><a href="#[34b]">&gt;&gt;</a>&nbsp;&nbsp;&nbsp;AlarmQuarry
<LI><a href="#[356]">&gt;&gt;</a>&nbsp;&nbsp;&nbsp;W5500_TCP_Client
<LI><a href="#[355]">&gt;&gt;</a>&nbsp;&nbsp;&nbsp;W5500_Poll
<LI><a href="#[442]">&gt;&gt;</a>&nbsp;&nbsp;&nbsp;WorkstepProtUpcast
<LI><a href="#[44f]">&gt;&gt;</a>&nbsp;&nbsp;&nbsp;SystemUpdateAnalysis
<LI><a href="#[44e]">&gt;&gt;</a>&nbsp;&nbsp;&nbsp;SystemSetAnalysis
<LI><a href="#[44d]">&gt;&gt;</a>&nbsp;&nbsp;&nbsp;SystemInqAnalysis
<LI><a href="#[3a6]">&gt;&gt;</a>&nbsp;&nbsp;&nbsp;CalibrateSetAnalysis
<LI><a href="#[35c]">&gt;&gt;</a>&nbsp;&nbsp;&nbsp;AuxRecordDatUpcast
<LI><a href="#[352]">&gt;&gt;</a>&nbsp;&nbsp;&nbsp;SelfChecking
<LI><a href="#[341]">&gt;&gt;</a>&nbsp;&nbsp;&nbsp;Ageing
<LI><a href="#[3da]">&gt;&gt;</a>&nbsp;&nbsp;&nbsp;EventRecorderInitialize
</UL>

<P><STRONG><a name="[54e]"></a>__aeabi_memclr8</STRONG> (Thumb, 0 bytes, Stack size 0 bytes, memseta.o(.text), UNUSED)

<P><STRONG><a name="[2c8]"></a>_memset$wrapper</STRONG> (Thumb, 18 bytes, Stack size 8 bytes, memseta.o(.text), UNUSED)
<BR><BR>[Calls]<UL><LI><a href="#[2c7]">&gt;&gt;</a>&nbsp;&nbsp;&nbsp;__aeabi_memset
</UL>

<P><STRONG><a name="[430]"></a>strcmp</STRONG> (Thumb, 28 bytes, Stack size 8 bytes, strcmp.o(.text))
<BR><BR>[Stack]<UL><LI>Max Depth = 8<LI>Call Chain = strcmp
</UL>
<BR>[Called By]<UL><LI><a href="#[42f]">&gt;&gt;</a>&nbsp;&nbsp;&nbsp;HAL_DBGCmdProcess
</UL>

<P><STRONG><a name="[494]"></a>memcmp</STRONG> (Thumb, 26 bytes, Stack size 12 bytes, memcmp.o(.text))
<BR><BR>[Stack]<UL><LI>Max Depth = 12<LI>Call Chain = memcmp
</UL>
<BR>[Called By]<UL><LI><a href="#[48e]">&gt;&gt;</a>&nbsp;&nbsp;&nbsp;W5500_Init
</UL>

<P><STRONG><a name="[2c9]"></a>__aeabi_ddiv</STRONG> (Thumb, 222 bytes, Stack size 32 bytes, ddiv.o(.text))
<BR><BR>[Stack]<UL><LI>Max Depth = 40<LI>Call Chain = __aeabi_ddiv &rArr; _double_round
</UL>
<BR>[Calls]<UL><LI><a href="#[2ca]">&gt;&gt;</a>&nbsp;&nbsp;&nbsp;_double_round
</UL>
<BR>[Called By]<UL><LI><a href="#[3a2]">&gt;&gt;</a>&nbsp;&nbsp;&nbsp;CalcUartBaudrate
<LI><a href="#[3a1]">&gt;&gt;</a>&nbsp;&nbsp;&nbsp;CalcSmartcardBaudrate
<LI><a href="#[3a0]">&gt;&gt;</a>&nbsp;&nbsp;&nbsp;CalcClkSyncBaudrate
<LI><a href="#[2e7]">&gt;&gt;</a>&nbsp;&nbsp;&nbsp;ACDC_DataHandle
<LI><a href="#[0]">&gt;&gt;</a>&nbsp;&nbsp;&nbsp;RunPer10ms
<LI><a href="#[4ab]">&gt;&gt;</a>&nbsp;&nbsp;&nbsp;_fp_digits
</UL>

<P><STRONG><a name="[2cb]"></a>__aeabi_i2d</STRONG> (Thumb, 34 bytes, Stack size 16 bytes, dflti.o(.text))
<BR><BR>[Stack]<UL><LI>Max Depth = 56<LI>Call Chain = __aeabi_i2d &rArr; _double_epilogue &rArr; _double_round
</UL>
<BR>[Calls]<UL><LI><a href="#[2cc]">&gt;&gt;</a>&nbsp;&nbsp;&nbsp;_double_epilogue
</UL>
<BR>[Called By]<UL><LI><a href="#[2e7]">&gt;&gt;</a>&nbsp;&nbsp;&nbsp;ACDC_DataHandle
</UL>

<P><STRONG><a name="[2cd]"></a>__aeabi_ui2d</STRONG> (Thumb, 26 bytes, Stack size 16 bytes, dfltui.o(.text))
<BR><BR>[Stack]<UL><LI>Max Depth = 56<LI>Call Chain = __aeabi_ui2d &rArr; _double_epilogue &rArr; _double_round
</UL>
<BR>[Calls]<UL><LI><a href="#[2cc]">&gt;&gt;</a>&nbsp;&nbsp;&nbsp;_double_epilogue
</UL>
<BR>[Called By]<UL><LI><a href="#[3a2]">&gt;&gt;</a>&nbsp;&nbsp;&nbsp;CalcUartBaudrate
<LI><a href="#[3a1]">&gt;&gt;</a>&nbsp;&nbsp;&nbsp;CalcSmartcardBaudrate
<LI><a href="#[3a0]">&gt;&gt;</a>&nbsp;&nbsp;&nbsp;CalcClkSyncBaudrate
</UL>

<P><STRONG><a name="[2ce]"></a>__aeabi_ul2d</STRONG> (Thumb, 24 bytes, Stack size 16 bytes, dfltul.o(.text))
<BR><BR>[Stack]<UL><LI>Max Depth = 56<LI>Call Chain = __aeabi_ul2d &rArr; _double_epilogue &rArr; _double_round
</UL>
<BR>[Calls]<UL><LI><a href="#[2cc]">&gt;&gt;</a>&nbsp;&nbsp;&nbsp;_double_epilogue
</UL>
<BR>[Called By]<UL><LI><a href="#[3a2]">&gt;&gt;</a>&nbsp;&nbsp;&nbsp;CalcUartBaudrate
<LI><a href="#[3a1]">&gt;&gt;</a>&nbsp;&nbsp;&nbsp;CalcSmartcardBaudrate
<LI><a href="#[3a0]">&gt;&gt;</a>&nbsp;&nbsp;&nbsp;CalcClkSyncBaudrate
</UL>

<P><STRONG><a name="[2cf]"></a>__aeabi_f2ulz</STRONG> (Thumb, 44 bytes, Stack size 0 bytes, ffixul.o(.text))
<BR><BR>[Calls]<UL><LI><a href="#[2c4]">&gt;&gt;</a>&nbsp;&nbsp;&nbsp;__aeabi_llsl
</UL>
<BR>[Called By]<UL><LI><a href="#[b4]">&gt;&gt;</a>&nbsp;&nbsp;&nbsp;TimerAUnit3_OvfIrqCallback
</UL>

<P><STRONG><a name="[348]"></a>__aeabi_f2d</STRONG> (Thumb, 38 bytes, Stack size 0 bytes, f2d.o(.text))
<BR><BR>[Called By]<UL><LI><a href="#[375]">&gt;&gt;</a>&nbsp;&nbsp;&nbsp;Protect_Trigger_Judgemet
<LI><a href="#[b0]">&gt;&gt;</a>&nbsp;&nbsp;&nbsp;AppACDC_alarm
<LI><a href="#[42f]">&gt;&gt;</a>&nbsp;&nbsp;&nbsp;HAL_DBGCmdProcess
<LI><a href="#[34c]">&gt;&gt;</a>&nbsp;&nbsp;&nbsp;IntelProtectRunParmCheck
<LI><a href="#[0]">&gt;&gt;</a>&nbsp;&nbsp;&nbsp;RunPer10ms
<LI><a href="#[356]">&gt;&gt;</a>&nbsp;&nbsp;&nbsp;W5500_TCP_Client
<LI><a href="#[355]">&gt;&gt;</a>&nbsp;&nbsp;&nbsp;W5500_Poll
<LI><a href="#[379]">&gt;&gt;</a>&nbsp;&nbsp;&nbsp;Workstep_Protect_Func
<LI><a href="#[378]">&gt;&gt;</a>&nbsp;&nbsp;&nbsp;CCtoCVConvertFunc
<LI><a href="#[341]">&gt;&gt;</a>&nbsp;&nbsp;&nbsp;Ageing
</UL>

<P><STRONG><a name="[54f]"></a>__aeabi_cdcmpeq</STRONG> (Thumb, 0 bytes, Stack size 0 bytes, cdcmple.o(.text), UNUSED)

<P><STRONG><a name="[396]"></a>__aeabi_cdcmple</STRONG> (Thumb, 48 bytes, Stack size 0 bytes, cdcmple.o(.text))
<BR><BR>[Called By]<UL><LI><a href="#[378]">&gt;&gt;</a>&nbsp;&nbsp;&nbsp;CCtoCVConvertFunc
</UL>

<P><STRONG><a name="[397]"></a>__aeabi_cdrcmple</STRONG> (Thumb, 48 bytes, Stack size 0 bytes, cdrcmple.o(.text))
<BR><BR>[Called By]<UL><LI><a href="#[34c]">&gt;&gt;</a>&nbsp;&nbsp;&nbsp;IntelProtectRunParmCheck
<LI><a href="#[378]">&gt;&gt;</a>&nbsp;&nbsp;&nbsp;CCtoCVConvertFunc
<LI><a href="#[4ab]">&gt;&gt;</a>&nbsp;&nbsp;&nbsp;_fp_digits
</UL>

<P><STRONG><a name="[2d0]"></a>__aeabi_d2f</STRONG> (Thumb, 56 bytes, Stack size 8 bytes, d2f.o(.text))
<BR><BR>[Stack]<UL><LI>Max Depth = 8<LI>Call Chain = __aeabi_d2f
</UL>
<BR>[Calls]<UL><LI><a href="#[2d1]">&gt;&gt;</a>&nbsp;&nbsp;&nbsp;_float_round
</UL>
<BR>[Called By]<UL><LI><a href="#[3a2]">&gt;&gt;</a>&nbsp;&nbsp;&nbsp;CalcUartBaudrate
<LI><a href="#[3a1]">&gt;&gt;</a>&nbsp;&nbsp;&nbsp;CalcSmartcardBaudrate
<LI><a href="#[3a0]">&gt;&gt;</a>&nbsp;&nbsp;&nbsp;CalcClkSyncBaudrate
<LI><a href="#[2e7]">&gt;&gt;</a>&nbsp;&nbsp;&nbsp;ACDC_DataHandle
<LI><a href="#[0]">&gt;&gt;</a>&nbsp;&nbsp;&nbsp;RunPer10ms
<LI><a href="#[379]">&gt;&gt;</a>&nbsp;&nbsp;&nbsp;Workstep_Protect_Func
</UL>

<P><STRONG><a name="[550]"></a>__aeabi_uidiv</STRONG> (Thumb, 0 bytes, Stack size 12 bytes, uidiv.o(.text), UNUSED)

<P><STRONG><a name="[4ae]"></a>__aeabi_uidivmod</STRONG> (Thumb, 44 bytes, Stack size 12 bytes, uidiv.o(.text), UNUSED)
<BR><BR>[Called By]<UL><LI><a href="#[4a9]">&gt;&gt;</a>&nbsp;&nbsp;&nbsp;_printf_core
</UL>

<P><STRONG><a name="[2c4]"></a>__aeabi_llsl</STRONG> (Thumb, 30 bytes, Stack size 0 bytes, llshl.o(.text))
<BR><BR>[Called By]<UL><LI><a href="#[2cf]">&gt;&gt;</a>&nbsp;&nbsp;&nbsp;__aeabi_f2ulz
<LI><a href="#[2cc]">&gt;&gt;</a>&nbsp;&nbsp;&nbsp;_double_epilogue
<LI><a href="#[2d2]">&gt;&gt;</a>&nbsp;&nbsp;&nbsp;__aeabi_dadd
<LI><a href="#[2d7]">&gt;&gt;</a>&nbsp;&nbsp;&nbsp;__aeabi_d2ulz
<LI><a href="#[2c2]">&gt;&gt;</a>&nbsp;&nbsp;&nbsp;__aeabi_uldivmod
</UL>

<P><STRONG><a name="[551]"></a>_ll_shift_l</STRONG> (Thumb, 0 bytes, Stack size 0 bytes, llshl.o(.text), UNUSED)

<P><STRONG><a name="[2c3]"></a>__aeabi_llsr</STRONG> (Thumb, 32 bytes, Stack size 0 bytes, llushr.o(.text))
<BR><BR>[Called By]<UL><LI><a href="#[2cc]">&gt;&gt;</a>&nbsp;&nbsp;&nbsp;_double_epilogue
<LI><a href="#[2d7]">&gt;&gt;</a>&nbsp;&nbsp;&nbsp;__aeabi_d2ulz
<LI><a href="#[2c2]">&gt;&gt;</a>&nbsp;&nbsp;&nbsp;__aeabi_uldivmod
</UL>

<P><STRONG><a name="[552]"></a>_ll_ushift_r</STRONG> (Thumb, 0 bytes, Stack size 0 bytes, llushr.o(.text), UNUSED)

<P><STRONG><a name="[553]"></a>__I$use$fp</STRONG> (Thumb, 0 bytes, Stack size 0 bytes, iusefp.o(.text), UNUSED)

<P><STRONG><a name="[2d1]"></a>_float_round</STRONG> (Thumb, 18 bytes, Stack size 0 bytes, fepilogue.o(.text))
<BR><BR>[Called By]<UL><LI><a href="#[2d0]">&gt;&gt;</a>&nbsp;&nbsp;&nbsp;__aeabi_d2f
</UL>

<P><STRONG><a name="[554]"></a>_float_epilogue</STRONG> (Thumb, 92 bytes, Stack size 4 bytes, fepilogue.o(.text), UNUSED)

<P><STRONG><a name="[2ca]"></a>_double_round</STRONG> (Thumb, 30 bytes, Stack size 8 bytes, depilogue.o(.text))
<BR><BR>[Stack]<UL><LI>Max Depth = 8<LI>Call Chain = _double_round
</UL>
<BR>[Called By]<UL><LI><a href="#[2c9]">&gt;&gt;</a>&nbsp;&nbsp;&nbsp;__aeabi_ddiv
<LI><a href="#[2cc]">&gt;&gt;</a>&nbsp;&nbsp;&nbsp;_double_epilogue
<LI><a href="#[2d2]">&gt;&gt;</a>&nbsp;&nbsp;&nbsp;__aeabi_dadd
</UL>

<P><STRONG><a name="[2cc]"></a>_double_epilogue</STRONG> (Thumb, 156 bytes, Stack size 32 bytes, depilogue.o(.text))
<BR><BR>[Stack]<UL><LI>Max Depth = 40<LI>Call Chain = _double_epilogue &rArr; _double_round
</UL>
<BR>[Calls]<UL><LI><a href="#[2c3]">&gt;&gt;</a>&nbsp;&nbsp;&nbsp;__aeabi_llsr
<LI><a href="#[2c4]">&gt;&gt;</a>&nbsp;&nbsp;&nbsp;__aeabi_llsl
<LI><a href="#[2ca]">&gt;&gt;</a>&nbsp;&nbsp;&nbsp;_double_round
</UL>
<BR>[Called By]<UL><LI><a href="#[2ce]">&gt;&gt;</a>&nbsp;&nbsp;&nbsp;__aeabi_ul2d
<LI><a href="#[2cd]">&gt;&gt;</a>&nbsp;&nbsp;&nbsp;__aeabi_ui2d
<LI><a href="#[2cb]">&gt;&gt;</a>&nbsp;&nbsp;&nbsp;__aeabi_i2d
<LI><a href="#[2d6]">&gt;&gt;</a>&nbsp;&nbsp;&nbsp;__aeabi_dmul
<LI><a href="#[2d2]">&gt;&gt;</a>&nbsp;&nbsp;&nbsp;__aeabi_dadd
</UL>

<P><STRONG><a name="[2d2]"></a>__aeabi_dadd</STRONG> (Thumb, 322 bytes, Stack size 48 bytes, dadd.o(.text), UNUSED)
<BR><BR>[Calls]<UL><LI><a href="#[2d3]">&gt;&gt;</a>&nbsp;&nbsp;&nbsp;__aeabi_lasr
<LI><a href="#[2c4]">&gt;&gt;</a>&nbsp;&nbsp;&nbsp;__aeabi_llsl
<LI><a href="#[2cc]">&gt;&gt;</a>&nbsp;&nbsp;&nbsp;_double_epilogue
<LI><a href="#[2ca]">&gt;&gt;</a>&nbsp;&nbsp;&nbsp;_double_round
</UL>
<BR>[Called By]<UL><LI><a href="#[2d5]">&gt;&gt;</a>&nbsp;&nbsp;&nbsp;__aeabi_drsub
<LI><a href="#[2d4]">&gt;&gt;</a>&nbsp;&nbsp;&nbsp;__aeabi_dsub
<LI><a href="#[4ab]">&gt;&gt;</a>&nbsp;&nbsp;&nbsp;_fp_digits
</UL>

<P><STRONG><a name="[2d4]"></a>__aeabi_dsub</STRONG> (Thumb, 6 bytes, Stack size 0 bytes, dadd.o(.text), UNUSED)
<BR><BR>[Calls]<UL><LI><a href="#[2d2]">&gt;&gt;</a>&nbsp;&nbsp;&nbsp;__aeabi_dadd
</UL>

<P><STRONG><a name="[2d5]"></a>__aeabi_drsub</STRONG> (Thumb, 6 bytes, Stack size 0 bytes, dadd.o(.text), UNUSED)
<BR><BR>[Calls]<UL><LI><a href="#[2d2]">&gt;&gt;</a>&nbsp;&nbsp;&nbsp;__aeabi_dadd
</UL>

<P><STRONG><a name="[2d6]"></a>__aeabi_dmul</STRONG> (Thumb, 228 bytes, Stack size 48 bytes, dmul.o(.text), UNUSED)
<BR><BR>[Calls]<UL><LI><a href="#[2cc]">&gt;&gt;</a>&nbsp;&nbsp;&nbsp;_double_epilogue
</UL>
<BR>[Called By]<UL><LI><a href="#[4ab]">&gt;&gt;</a>&nbsp;&nbsp;&nbsp;_fp_digits
</UL>

<P><STRONG><a name="[2d7]"></a>__aeabi_d2ulz</STRONG> (Thumb, 48 bytes, Stack size 0 bytes, dfixul.o(.text), UNUSED)
<BR><BR>[Calls]<UL><LI><a href="#[2c3]">&gt;&gt;</a>&nbsp;&nbsp;&nbsp;__aeabi_llsr
<LI><a href="#[2c4]">&gt;&gt;</a>&nbsp;&nbsp;&nbsp;__aeabi_llsl
</UL>
<BR>[Called By]<UL><LI><a href="#[4ab]">&gt;&gt;</a>&nbsp;&nbsp;&nbsp;_fp_digits
</UL>

<P><STRONG><a name="[2bc]"></a>__scatterload</STRONG> (Thumb, 28 bytes, Stack size 0 bytes, init.o(.text))
<BR><BR>[Calls]<UL><LI><a href="#[2d8]">&gt;&gt;</a>&nbsp;&nbsp;&nbsp;__main_after_scatterload
</UL>
<BR>[Called By]<UL><LI><a href="#[2bb]">&gt;&gt;</a>&nbsp;&nbsp;&nbsp;_main_scatterload
</UL>

<P><STRONG><a name="[555]"></a>__scatterload_rt2</STRONG> (Thumb, 0 bytes, Stack size 0 bytes, init.o(.text), UNUSED)

<P><STRONG><a name="[2d3]"></a>__aeabi_lasr</STRONG> (Thumb, 36 bytes, Stack size 0 bytes, llsshr.o(.text), UNUSED)
<BR><BR>[Called By]<UL><LI><a href="#[2d2]">&gt;&gt;</a>&nbsp;&nbsp;&nbsp;__aeabi_dadd
</UL>

<P><STRONG><a name="[556]"></a>_ll_sshift_r</STRONG> (Thumb, 0 bytes, Stack size 0 bytes, llsshr.o(.text), UNUSED)

<P><STRONG><a name="[557]"></a>__decompress</STRONG> (Thumb, 0 bytes, Stack size unknown bytes, __dczerorl2.o(.text), UNUSED)

<P><STRONG><a name="[558]"></a>__decompress1</STRONG> (Thumb, 86 bytes, Stack size unknown bytes, __dczerorl2.o(.text), UNUSED)

<P><STRONG><a name="[a3]"></a>main</STRONG> (Thumb, 14 bytes, Stack size 8 bytes, system_hc32f4a0sitb.o(i.$Sub$$main))
<BR><BR>[Stack]<UL><LI>Max Depth = 328<LI>Call Chain = main &rArr; $Super$$main &rArr; System_Init &rArr; bsp_Init &rArr; bsp_InitUSART &rArr; USART_UartInit &rArr; USART_SetBaudrate &rArr; CalcSmartcardBaudrate &rArr; __aeabi_ul2d &rArr; _double_epilogue &rArr; _double_round
</UL>
<BR>[Calls]<UL><LI><a href="#[2d9]">&gt;&gt;</a>&nbsp;&nbsp;&nbsp;SystemCoreClockUpdate
<LI><a href="#[2da]">&gt;&gt;</a>&nbsp;&nbsp;&nbsp;$Super$$main
</UL>
<BR>[Address Reference Count : 1]<UL><LI> entry9a.o(.ARM.Collect$$$$0000000B)
</UL>
<P><STRONG><a name="[2db]"></a>ACDCUpdateAnalysis</STRONG> (Thumb, 1452 bytes, Stack size 56 bytes, app_task_protocol.o(i.ACDCUpdateAnalysis))
<BR><BR>[Stack]<UL><LI>Max Depth = 200<LI>Call Chain = ACDCUpdateAnalysis &rArr; CANx_SendData &rArr; CAN_TransData &rArr; CAN_GetStatusVal
</UL>
<BR>[Calls]<UL><LI><a href="#[2e5]">&gt;&gt;</a>&nbsp;&nbsp;&nbsp;bsp_DelayUS
<LI><a href="#[2e4]">&gt;&gt;</a>&nbsp;&nbsp;&nbsp;CANx_SendData
<LI><a href="#[2e0]">&gt;&gt;</a>&nbsp;&nbsp;&nbsp;TimerAUintStop
<LI><a href="#[2dc]">&gt;&gt;</a>&nbsp;&nbsp;&nbsp;bsp_DelayMS
<LI><a href="#[2e2]">&gt;&gt;</a>&nbsp;&nbsp;&nbsp;osKernelUnlock
<LI><a href="#[2e3]">&gt;&gt;</a>&nbsp;&nbsp;&nbsp;osKernelRestoreLock
<LI><a href="#[2dd]">&gt;&gt;</a>&nbsp;&nbsp;&nbsp;osKernelLock
<LI><a href="#[2df]">&gt;&gt;</a>&nbsp;&nbsp;&nbsp;osTimerStop
<LI><a href="#[2de]">&gt;&gt;</a>&nbsp;&nbsp;&nbsp;osThreadSuspend
<LI><a href="#[2e1]">&gt;&gt;</a>&nbsp;&nbsp;&nbsp;__NVIC_DisableIRQ
</UL>
<BR>[Called By]<UL><LI><a href="#[360]">&gt;&gt;</a>&nbsp;&nbsp;&nbsp;ProtocolDataProcess
</UL>

<P><STRONG><a name="[2e6]"></a>ACDC_ACV_Query_CMD</STRONG> (Thumb, 98 bytes, Stack size 24 bytes, bsp_acdc.o(i.ACDC_ACV_Query_CMD))
<BR><BR>[Stack]<UL><LI>Max Depth = 168<LI>Call Chain = ACDC_ACV_Query_CMD &rArr; CANx_SendData &rArr; CAN_TransData &rArr; CAN_GetStatusVal
</UL>
<BR>[Calls]<UL><LI><a href="#[2e4]">&gt;&gt;</a>&nbsp;&nbsp;&nbsp;CANx_SendData
</UL>
<BR>[Called By]<UL><LI><a href="#[44d]">&gt;&gt;</a>&nbsp;&nbsp;&nbsp;SystemInqAnalysis
</UL>

<P><STRONG><a name="[2ea]"></a>ACDC_FW_VERSION_CMD</STRONG> (Thumb, 64 bytes, Stack size 24 bytes, bsp_acdc.o(i.ACDC_FW_VERSION_CMD))
<BR><BR>[Stack]<UL><LI>Max Depth = 168<LI>Call Chain = ACDC_FW_VERSION_CMD &rArr; CANx_SendData &rArr; CAN_TransData &rArr; CAN_GetStatusVal
</UL>
<BR>[Calls]<UL><LI><a href="#[2e4]">&gt;&gt;</a>&nbsp;&nbsp;&nbsp;CANx_SendData
</UL>
<BR>[Called By]<UL><LI><a href="#[44d]">&gt;&gt;</a>&nbsp;&nbsp;&nbsp;SystemInqAnalysis
</UL>

<P><STRONG><a name="[2eb]"></a>ACDC_Fan_Speed51_ModeTest</STRONG> (Thumb, 194 bytes, Stack size 32 bytes, bsp_acdc.o(i.ACDC_Fan_Speed51_ModeTest))
<BR><BR>[Stack]<UL><LI>Max Depth = 176<LI>Call Chain = ACDC_Fan_Speed51_ModeTest &rArr; CANx_SendData &rArr; CAN_TransData &rArr; CAN_GetStatusVal
</UL>
<BR>[Calls]<UL><LI><a href="#[2e4]">&gt;&gt;</a>&nbsp;&nbsp;&nbsp;CANx_SendData
<LI><a href="#[2ec]">&gt;&gt;</a>&nbsp;&nbsp;&nbsp;osDelay
</UL>
<BR>[Called By]<UL><LI><a href="#[36c]">&gt;&gt;</a>&nbsp;&nbsp;&nbsp;IntelProtectDeviceCheck
<LI><a href="#[b9]">&gt;&gt;</a>&nbsp;&nbsp;&nbsp;AppTaskStart
</UL>

<P><STRONG><a name="[2ed]"></a>ACDC_Fan_Speed_CMD</STRONG> (Thumb, 118 bytes, Stack size 32 bytes, bsp_acdc.o(i.ACDC_Fan_Speed_CMD))
<BR><BR>[Stack]<UL><LI>Max Depth = 176<LI>Call Chain = ACDC_Fan_Speed_CMD &rArr; CANx_SendData &rArr; CAN_TransData &rArr; CAN_GetStatusVal
</UL>
<BR>[Calls]<UL><LI><a href="#[2e4]">&gt;&gt;</a>&nbsp;&nbsp;&nbsp;CANx_SendData
</UL>
<BR>[Called By]<UL><LI><a href="#[2]">&gt;&gt;</a>&nbsp;&nbsp;&nbsp;RunPer1000ms
</UL>

<P><STRONG><a name="[2ee]"></a>AD5245_Init</STRONG> (Thumb, 62 bytes, Stack size 24 bytes, bsp_ad5245.o(i.AD5245_Init))
<BR><BR>[Stack]<UL><LI>Max Depth = 56<LI>Call Chain = AD5245_Init &rArr; GPIO_Init
</UL>
<BR>[Calls]<UL><LI><a href="#[2ef]">&gt;&gt;</a>&nbsp;&nbsp;&nbsp;GPIO_StructInit
<LI><a href="#[2f0]">&gt;&gt;</a>&nbsp;&nbsp;&nbsp;GPIO_Init
<LI><a href="#[2f1]">&gt;&gt;</a>&nbsp;&nbsp;&nbsp;IIC_Stop
</UL>
<BR>[Called By]<UL><LI><a href="#[473]">&gt;&gt;</a>&nbsp;&nbsp;&nbsp;bsp_Init
</UL>

<P><STRONG><a name="[2f2]"></a>AD5245_Value_Read</STRONG> (Thumb, 36 bytes, Stack size 16 bytes, bsp_ad5245.o(i.AD5245_Value_Read))
<BR><BR>[Stack]<UL><LI>Max Depth = 60<LI>Call Chain = AD5245_Value_Read &rArr; IIC_Read_Byte &rArr; IIC_NAck &rArr; i2c_Delay &rArr; bsp_DelayUS
</UL>
<BR>[Calls]<UL><LI><a href="#[2f5]">&gt;&gt;</a>&nbsp;&nbsp;&nbsp;IIC_Wait_Ack
<LI><a href="#[2f1]">&gt;&gt;</a>&nbsp;&nbsp;&nbsp;IIC_Stop
<LI><a href="#[2f3]">&gt;&gt;</a>&nbsp;&nbsp;&nbsp;IIC_Start
<LI><a href="#[2f4]">&gt;&gt;</a>&nbsp;&nbsp;&nbsp;IIC_Send_Byte
<LI><a href="#[2f6]">&gt;&gt;</a>&nbsp;&nbsp;&nbsp;IIC_Read_Byte
</UL>
<BR>[Called By]<UL><LI><a href="#[2f7]">&gt;&gt;</a>&nbsp;&nbsp;&nbsp;AD5245_Value_Set
</UL>

<P><STRONG><a name="[2f7]"></a>AD5245_Value_Set</STRONG> (Thumb, 82 bytes, Stack size 16 bytes, bsp_ad5245.o(i.AD5245_Value_Set))
<BR><BR>[Stack]<UL><LI>Max Depth = 76<LI>Call Chain = AD5245_Value_Set &rArr; AD5245_Value_Read &rArr; IIC_Read_Byte &rArr; IIC_NAck &rArr; i2c_Delay &rArr; bsp_DelayUS
</UL>
<BR>[Calls]<UL><LI><a href="#[2f2]">&gt;&gt;</a>&nbsp;&nbsp;&nbsp;AD5245_Value_Read
<LI><a href="#[2f5]">&gt;&gt;</a>&nbsp;&nbsp;&nbsp;IIC_Wait_Ack
<LI><a href="#[2f1]">&gt;&gt;</a>&nbsp;&nbsp;&nbsp;IIC_Stop
<LI><a href="#[2f3]">&gt;&gt;</a>&nbsp;&nbsp;&nbsp;IIC_Start
<LI><a href="#[2f4]">&gt;&gt;</a>&nbsp;&nbsp;&nbsp;IIC_Send_Byte
<LI><a href="#[2dc]">&gt;&gt;</a>&nbsp;&nbsp;&nbsp;bsp_DelayMS
</UL>
<BR>[Called By]<UL><LI><a href="#[2f8]">&gt;&gt;</a>&nbsp;&nbsp;&nbsp;AD5245_Vpro_Set
</UL>

<P><STRONG><a name="[2f8]"></a>AD5245_Vpro_Set</STRONG> (Thumb, 82 bytes, Stack size 24 bytes, bsp_ad5245.o(i.AD5245_Vpro_Set))
<BR><BR>[Stack]<UL><LI>Max Depth = 100<LI>Call Chain = AD5245_Vpro_Set &rArr; AD5245_Value_Set &rArr; AD5245_Value_Read &rArr; IIC_Read_Byte &rArr; IIC_NAck &rArr; i2c_Delay &rArr; bsp_DelayUS
</UL>
<BR>[Calls]<UL><LI><a href="#[2f7]">&gt;&gt;</a>&nbsp;&nbsp;&nbsp;AD5245_Value_Set
</UL>
<BR>[Called By]<UL><LI><a href="#[ad]">&gt;&gt;</a>&nbsp;&nbsp;&nbsp;AppTaskDebug
</UL>

<P><STRONG><a name="[2f9]"></a>AD7124_CfgADC</STRONG> (Thumb, 554 bytes, Stack size 16 bytes, bsp_ad7124.o(i.AD7124_CfgADC))
<BR><BR>[Stack]<UL><LI>Max Depth = 120<LI>Call Chain = AD7124_CfgADC &rArr; AD7124_WriteReg &rArr; SPI_TransmitReceive &rArr; SPI_TxRx
</UL>
<BR>[Calls]<UL><LI><a href="#[2fb]">&gt;&gt;</a>&nbsp;&nbsp;&nbsp;AD7124_WriteReg
<LI><a href="#[2fa]">&gt;&gt;</a>&nbsp;&nbsp;&nbsp;AD7124_Reset
<LI><a href="#[2fc]">&gt;&gt;</a>&nbsp;&nbsp;&nbsp;AD7124_ReadId
</UL>
<BR>[Called By]<UL><LI><a href="#[4af]">&gt;&gt;</a>&nbsp;&nbsp;&nbsp;bsp_AD7124Init
</UL>

<P><STRONG><a name="[2fd]"></a>AD7124_EXINT_Init</STRONG> (Thumb, 100 bytes, Stack size 56 bytes, bsp_exti.o(i.AD7124_EXINT_Init))
<BR><BR>[Stack]<UL><LI>Max Depth = 88<LI>Call Chain = AD7124_EXINT_Init &rArr; GPIO_Init
</UL>
<BR>[Calls]<UL><LI><a href="#[2ef]">&gt;&gt;</a>&nbsp;&nbsp;&nbsp;GPIO_StructInit
<LI><a href="#[2f0]">&gt;&gt;</a>&nbsp;&nbsp;&nbsp;GPIO_Init
<LI><a href="#[302]">&gt;&gt;</a>&nbsp;&nbsp;&nbsp;__NVIC_SetPriority
<LI><a href="#[303]">&gt;&gt;</a>&nbsp;&nbsp;&nbsp;__NVIC_DisableIRQ
<LI><a href="#[301]">&gt;&gt;</a>&nbsp;&nbsp;&nbsp;__NVIC_ClearPendingIRQ
<LI><a href="#[300]">&gt;&gt;</a>&nbsp;&nbsp;&nbsp;INTC_IrqSignIn
<LI><a href="#[2fe]">&gt;&gt;</a>&nbsp;&nbsp;&nbsp;EXINT_StructInit
<LI><a href="#[2ff]">&gt;&gt;</a>&nbsp;&nbsp;&nbsp;EXINT_Init
</UL>
<BR>[Called By]<UL><LI><a href="#[4af]">&gt;&gt;</a>&nbsp;&nbsp;&nbsp;bsp_AD7124Init
</UL>

<P><STRONG><a name="[306]"></a>AD7124_Process</STRONG> (Thumb, 68 bytes, Stack size 16 bytes, bsp_ad7124.o(i.AD7124_Process))
<BR><BR>[Stack]<UL><LI>Max Depth = 144<LI>Call Chain = AD7124_Process &rArr; AD7124_ReadData &rArr; AD7124_ReadReg &rArr; SPI_TransmitReceive &rArr; SPI_TxRx
</UL>
<BR>[Calls]<UL><LI><a href="#[309]">&gt;&gt;</a>&nbsp;&nbsp;&nbsp;AD7124_ReadData
</UL>
<BR>[Called By]<UL><LI><a href="#[a6]">&gt;&gt;</a>&nbsp;&nbsp;&nbsp;AD7124_EXINT_IrqCallback
</UL>

<P><STRONG><a name="[309]"></a>AD7124_ReadData</STRONG> (Thumb, 20 bytes, Stack size 16 bytes, bsp_ad7124.o(i.AD7124_ReadData))
<BR><BR>[Stack]<UL><LI>Max Depth = 128<LI>Call Chain = AD7124_ReadData &rArr; AD7124_ReadReg &rArr; SPI_TransmitReceive &rArr; SPI_TxRx
</UL>
<BR>[Calls]<UL><LI><a href="#[30a]">&gt;&gt;</a>&nbsp;&nbsp;&nbsp;AD7124_ReadReg
</UL>
<BR>[Called By]<UL><LI><a href="#[306]">&gt;&gt;</a>&nbsp;&nbsp;&nbsp;AD7124_Process
</UL>

<P><STRONG><a name="[2fc]"></a>AD7124_ReadId</STRONG> (Thumb, 82 bytes, Stack size 32 bytes, bsp_ad7124.o(i.AD7124_ReadId))
<BR><BR>[Stack]<UL><LI>Max Depth = 88<LI>Call Chain = AD7124_ReadId &rArr; SPI_TransmitReceive &rArr; SPI_TxRx
</UL>
<BR>[Calls]<UL><LI><a href="#[30c]">&gt;&gt;</a>&nbsp;&nbsp;&nbsp;GPIO_SetPins
<LI><a href="#[307]">&gt;&gt;</a>&nbsp;&nbsp;&nbsp;GPIO_ResetPins
<LI><a href="#[30b]">&gt;&gt;</a>&nbsp;&nbsp;&nbsp;SPI_TransmitReceive
</UL>
<BR>[Called By]<UL><LI><a href="#[2f9]">&gt;&gt;</a>&nbsp;&nbsp;&nbsp;AD7124_CfgADC
</UL>

<P><STRONG><a name="[30a]"></a>AD7124_ReadReg</STRONG> (Thumb, 164 bytes, Stack size 56 bytes, bsp_ad7124.o(i.AD7124_ReadReg))
<BR><BR>[Stack]<UL><LI>Max Depth = 112<LI>Call Chain = AD7124_ReadReg &rArr; SPI_TransmitReceive &rArr; SPI_TxRx
</UL>
<BR>[Calls]<UL><LI><a href="#[30c]">&gt;&gt;</a>&nbsp;&nbsp;&nbsp;GPIO_SetPins
<LI><a href="#[307]">&gt;&gt;</a>&nbsp;&nbsp;&nbsp;GPIO_ResetPins
<LI><a href="#[30b]">&gt;&gt;</a>&nbsp;&nbsp;&nbsp;SPI_TransmitReceive
<LI><a href="#[30d]">&gt;&gt;</a>&nbsp;&nbsp;&nbsp;ComputeCRC8
</UL>
<BR>[Called By]<UL><LI><a href="#[309]">&gt;&gt;</a>&nbsp;&nbsp;&nbsp;AD7124_ReadData
</UL>

<P><STRONG><a name="[2fa]"></a>AD7124_Reset</STRONG> (Thumb, 84 bytes, Stack size 24 bytes, bsp_ad7124.o(i.AD7124_Reset))
<BR><BR>[Stack]<UL><LI>Max Depth = 104<LI>Call Chain = AD7124_Reset &rArr; ad7124_wait_to_power_on &rArr; SPI_TransmitReceive &rArr; SPI_TxRx
</UL>
<BR>[Calls]<UL><LI><a href="#[30c]">&gt;&gt;</a>&nbsp;&nbsp;&nbsp;GPIO_SetPins
<LI><a href="#[307]">&gt;&gt;</a>&nbsp;&nbsp;&nbsp;GPIO_ResetPins
<LI><a href="#[30b]">&gt;&gt;</a>&nbsp;&nbsp;&nbsp;SPI_TransmitReceive
<LI><a href="#[30e]">&gt;&gt;</a>&nbsp;&nbsp;&nbsp;ad7124_wait_to_power_on
<LI><a href="#[30f]">&gt;&gt;</a>&nbsp;&nbsp;&nbsp;Delay
</UL>
<BR>[Called By]<UL><LI><a href="#[2f9]">&gt;&gt;</a>&nbsp;&nbsp;&nbsp;AD7124_CfgADC
</UL>

<P><STRONG><a name="[310]"></a>AD7124_SpiInit</STRONG> (Thumb, 214 bytes, Stack size 72 bytes, bsp_spi.o(i.AD7124_SpiInit))
<BR><BR>[Stack]<UL><LI>Max Depth = 104<LI>Call Chain = AD7124_SpiInit &rArr; GPIO_SetFunc
</UL>
<BR>[Calls]<UL><LI><a href="#[2ef]">&gt;&gt;</a>&nbsp;&nbsp;&nbsp;GPIO_StructInit
<LI><a href="#[312]">&gt;&gt;</a>&nbsp;&nbsp;&nbsp;GPIO_SetFunc
<LI><a href="#[2f0]">&gt;&gt;</a>&nbsp;&nbsp;&nbsp;GPIO_Init
<LI><a href="#[314]">&gt;&gt;</a>&nbsp;&nbsp;&nbsp;SPI_StructInit
<LI><a href="#[315]">&gt;&gt;</a>&nbsp;&nbsp;&nbsp;SPI_Init
<LI><a href="#[316]">&gt;&gt;</a>&nbsp;&nbsp;&nbsp;SPI_FunctionCmd
<LI><a href="#[313]">&gt;&gt;</a>&nbsp;&nbsp;&nbsp;SPI_DeInit
<LI><a href="#[311]">&gt;&gt;</a>&nbsp;&nbsp;&nbsp;PWC_Fcg1PeriphClockCmd
</UL>
<BR>[Called By]<UL><LI><a href="#[4af]">&gt;&gt;</a>&nbsp;&nbsp;&nbsp;bsp_AD7124Init
</UL>

<P><STRONG><a name="[2fb]"></a>AD7124_WriteReg</STRONG> (Thumb, 112 bytes, Stack size 48 bytes, bsp_ad7124.o(i.AD7124_WriteReg))
<BR><BR>[Stack]<UL><LI>Max Depth = 104<LI>Call Chain = AD7124_WriteReg &rArr; SPI_TransmitReceive &rArr; SPI_TxRx
</UL>
<BR>[Calls]<UL><LI><a href="#[30c]">&gt;&gt;</a>&nbsp;&nbsp;&nbsp;GPIO_SetPins
<LI><a href="#[307]">&gt;&gt;</a>&nbsp;&nbsp;&nbsp;GPIO_ResetPins
<LI><a href="#[30b]">&gt;&gt;</a>&nbsp;&nbsp;&nbsp;SPI_TransmitReceive
<LI><a href="#[30d]">&gt;&gt;</a>&nbsp;&nbsp;&nbsp;ComputeCRC8
</UL>
<BR>[Called By]<UL><LI><a href="#[2f9]">&gt;&gt;</a>&nbsp;&nbsp;&nbsp;AD7124_CfgADC
</UL>

<P><STRONG><a name="[317]"></a>AD7175_CfgADC</STRONG> (Thumb, 192 bytes, Stack size 16 bytes, bsp_ad7175.o(i.AD7175_CfgADC))
<BR><BR>[Stack]<UL><LI>Max Depth = 128<LI>Call Chain = AD7175_CfgADC &rArr; AD7175_ReadReg &rArr; SPI_TransmitReceive &rArr; SPI_TxRx
</UL>
<BR>[Calls]<UL><LI><a href="#[31a]">&gt;&gt;</a>&nbsp;&nbsp;&nbsp;AD7175_WriteReg
<LI><a href="#[318]">&gt;&gt;</a>&nbsp;&nbsp;&nbsp;AD7175_Reset
<LI><a href="#[31b]">&gt;&gt;</a>&nbsp;&nbsp;&nbsp;AD7175_ReadReg
<LI><a href="#[319]">&gt;&gt;</a>&nbsp;&nbsp;&nbsp;Delay
</UL>
<BR>[Called By]<UL><LI><a href="#[4b0]">&gt;&gt;</a>&nbsp;&nbsp;&nbsp;bsp_AD7175Init
</UL>

<P><STRONG><a name="[31f]"></a>AD7175_ComputeCRC8</STRONG> (Thumb, 66 bytes, Stack size 12 bytes, bsp_ad7175.o(i.AD7175_ComputeCRC8))
<BR><BR>[Stack]<UL><LI>Max Depth = 12<LI>Call Chain = AD7175_ComputeCRC8
</UL>
<BR>[Called By]<UL><LI><a href="#[31a]">&gt;&gt;</a>&nbsp;&nbsp;&nbsp;AD7175_WriteReg
<LI><a href="#[31b]">&gt;&gt;</a>&nbsp;&nbsp;&nbsp;AD7175_ReadReg
</UL>

<P><STRONG><a name="[31c]"></a>AD7175_EXINT_Init</STRONG> (Thumb, 100 bytes, Stack size 56 bytes, bsp_exti.o(i.AD7175_EXINT_Init))
<BR><BR>[Stack]<UL><LI>Max Depth = 88<LI>Call Chain = AD7175_EXINT_Init &rArr; GPIO_Init
</UL>
<BR>[Calls]<UL><LI><a href="#[2ef]">&gt;&gt;</a>&nbsp;&nbsp;&nbsp;GPIO_StructInit
<LI><a href="#[2f0]">&gt;&gt;</a>&nbsp;&nbsp;&nbsp;GPIO_Init
<LI><a href="#[302]">&gt;&gt;</a>&nbsp;&nbsp;&nbsp;__NVIC_SetPriority
<LI><a href="#[303]">&gt;&gt;</a>&nbsp;&nbsp;&nbsp;__NVIC_DisableIRQ
<LI><a href="#[301]">&gt;&gt;</a>&nbsp;&nbsp;&nbsp;__NVIC_ClearPendingIRQ
<LI><a href="#[300]">&gt;&gt;</a>&nbsp;&nbsp;&nbsp;INTC_IrqSignIn
<LI><a href="#[2fe]">&gt;&gt;</a>&nbsp;&nbsp;&nbsp;EXINT_StructInit
<LI><a href="#[2ff]">&gt;&gt;</a>&nbsp;&nbsp;&nbsp;EXINT_Init
</UL>
<BR>[Called By]<UL><LI><a href="#[4b0]">&gt;&gt;</a>&nbsp;&nbsp;&nbsp;bsp_AD7175Init
</UL>

<P><STRONG><a name="[31d]"></a>AD7175_Process</STRONG> (Thumb, 62 bytes, Stack size 16 bytes, bsp_ad7175.o(i.AD7175_Process))
<BR><BR>[Stack]<UL><LI>Max Depth = 144<LI>Call Chain = AD7175_Process &rArr; AD7175_ReadData &rArr; AD7175_ReadReg &rArr; SPI_TransmitReceive &rArr; SPI_TxRx
</UL>
<BR>[Calls]<UL><LI><a href="#[31e]">&gt;&gt;</a>&nbsp;&nbsp;&nbsp;AD7175_ReadData
</UL>
<BR>[Called By]<UL><LI><a href="#[a7]">&gt;&gt;</a>&nbsp;&nbsp;&nbsp;AD7175_EXINT_IrqCallback
</UL>

<P><STRONG><a name="[31e]"></a>AD7175_ReadData</STRONG> (Thumb, 26 bytes, Stack size 16 bytes, bsp_ad7175.o(i.AD7175_ReadData))
<BR><BR>[Stack]<UL><LI>Max Depth = 128<LI>Call Chain = AD7175_ReadData &rArr; AD7175_ReadReg &rArr; SPI_TransmitReceive &rArr; SPI_TxRx
</UL>
<BR>[Calls]<UL><LI><a href="#[31b]">&gt;&gt;</a>&nbsp;&nbsp;&nbsp;AD7175_ReadReg
</UL>
<BR>[Called By]<UL><LI><a href="#[31d]">&gt;&gt;</a>&nbsp;&nbsp;&nbsp;AD7175_Process
</UL>

<P><STRONG><a name="[31b]"></a>AD7175_ReadReg</STRONG> (Thumb, 164 bytes, Stack size 56 bytes, bsp_ad7175.o(i.AD7175_ReadReg))
<BR><BR>[Stack]<UL><LI>Max Depth = 112<LI>Call Chain = AD7175_ReadReg &rArr; SPI_TransmitReceive &rArr; SPI_TxRx
</UL>
<BR>[Calls]<UL><LI><a href="#[30c]">&gt;&gt;</a>&nbsp;&nbsp;&nbsp;GPIO_SetPins
[...]
</UL>
<BR>[Address Reference Count : 1]<UL><LI> rtx_semaphore.o(i.osSemaphoreNew)
</UL>
<P><STRONG><a name="[c9]"></a>svcRtxSemaphoreRelease</STRONG> (Thumb, 124 bytes, Stack size 24 bytes, rtx_semaphore.o(i.svcRtxSemaphoreRelease))
<BR><BR>[Stack]<UL><LI>Max Depth = 184<LI>Call Chain = svcRtxSemaphoreRelease &rArr; osRtxThreadWaitExit &rArr; osRtxThreadDispatch &rArr; osRtxThreadBlock &rArr; EvrRtxThreadPreempted &rArr; EventRecord2 &rArr; EventRecordItem
</UL>
<BR>[Calls]<UL><LI><a href="#[411]">&gt;&gt;</a>&nbsp;&nbsp;&nbsp;EvrRtxSemaphoreReleased
<LI><a href="#[40d]">&gt;&gt;</a>&nbsp;&nbsp;&nbsp;EvrRtxSemaphoreError
<LI><a href="#[40b]">&gt;&gt;</a>&nbsp;&nbsp;&nbsp;EvrRtxSemaphoreAcquired
<LI><a href="#[4f2]">&gt;&gt;</a>&nbsp;&nbsp;&nbsp;osRtxThreadWaitExit
<LI><a href="#[4f1]">&gt;&gt;</a>&nbsp;&nbsp;&nbsp;osRtxThreadListGet
<LI><a href="#[466]">&gt;&gt;</a>&nbsp;&nbsp;&nbsp;SemaphoreTokenIncrement
</UL>
<BR>[Address Reference Count : 1]<UL><LI> rtx_semaphore.o(i.osSemaphoreRelease)
</UL>
<P><STRONG><a name="[4d5]"></a>isr_queue_get</STRONG> (Thumb, 46 bytes, Stack size 16 bytes, rtx_system.o(i.isr_queue_get))
<BR><BR>[Stack]<UL><LI>Max Depth = 16<LI>Call Chain = isr_queue_get
</UL>
<BR>[Calls]<UL><LI><a href="#[4d6]">&gt;&gt;</a>&nbsp;&nbsp;&nbsp;__asm___12_rtx_system_c_024f2f18__atomic_dec16_nz
<LI><a href="#[4d7]">&gt;&gt;</a>&nbsp;&nbsp;&nbsp;__asm___12_rtx_system_c_024f2f18__atomic_inc16_lim
</UL>
<BR>[Called By]<UL><LI><a href="#[2b9]">&gt;&gt;</a>&nbsp;&nbsp;&nbsp;osRtxPendSV_Handler
</UL>

<P><STRONG><a name="[4d8]"></a>isr_queue_put</STRONG> (Thumb, 56 bytes, Stack size 24 bytes, rtx_system.o(i.isr_queue_put))
<BR><BR>[Stack]<UL><LI>Max Depth = 24<LI>Call Chain = isr_queue_put
</UL>
<BR>[Calls]<UL><LI><a href="#[4d7]">&gt;&gt;</a>&nbsp;&nbsp;&nbsp;__asm___12_rtx_system_c_024f2f18__atomic_inc16_lim
<LI><a href="#[4d9]">&gt;&gt;</a>&nbsp;&nbsp;&nbsp;__asm___12_rtx_system_c_024f2f18__atomic_inc16_lt
</UL>
<BR>[Called By]<UL><LI><a href="#[4d1]">&gt;&gt;</a>&nbsp;&nbsp;&nbsp;osRtxPostProcess
</UL>

<P><STRONG><a name="[50e]"></a>IsIrqMasked</STRONG> (Thumb, 24 bytes, Stack size 0 bytes, rtx_thread.o(i.IsIrqMasked))
<BR><BR>[Called By]<UL><LI><a href="#[367]">&gt;&gt;</a>&nbsp;&nbsp;&nbsp;osThreadNew
<LI><a href="#[46c]">&gt;&gt;</a>&nbsp;&nbsp;&nbsp;osThreadTerminate
<LI><a href="#[2de]">&gt;&gt;</a>&nbsp;&nbsp;&nbsp;osThreadSuspend
</UL>

<P><STRONG><a name="[50d]"></a>IsIrqMode</STRONG> (Thumb, 16 bytes, Stack size 0 bytes, rtx_thread.o(i.IsIrqMode))
<BR><BR>[Called By]<UL><LI><a href="#[367]">&gt;&gt;</a>&nbsp;&nbsp;&nbsp;osThreadNew
<LI><a href="#[46c]">&gt;&gt;</a>&nbsp;&nbsp;&nbsp;osThreadTerminate
<LI><a href="#[2de]">&gt;&gt;</a>&nbsp;&nbsp;&nbsp;osThreadSuspend
</UL>

<P><STRONG><a name="[47c]"></a>ThreadFlagsCheck</STRONG> (Thumb, 86 bytes, Stack size 24 bytes, rtx_thread.o(i.ThreadFlagsCheck))
<BR><BR>[Stack]<UL><LI>Max Depth = 24<LI>Call Chain = ThreadFlagsCheck
</UL>
<BR>[Calls]<UL><LI><a href="#[47e]">&gt;&gt;</a>&nbsp;&nbsp;&nbsp;__asm___12_rtx_thread_c_add96be5__atomic_chk32_any
<LI><a href="#[47d]">&gt;&gt;</a>&nbsp;&nbsp;&nbsp;__asm___12_rtx_thread_c_add96be5__atomic_chk32_all
</UL>
<BR>[Called By]<UL><LI><a href="#[d5]">&gt;&gt;</a>&nbsp;&nbsp;&nbsp;osRtxThreadPostProcess
</UL>

<P><STRONG><a name="[4fe]"></a>osRtxKernelGetState</STRONG> (Thumb, 6 bytes, Stack size 0 bytes, rtx_thread.o(i.osRtxKernelGetState))
<BR><BR>[Called By]<UL><LI><a href="#[4f7]">&gt;&gt;</a>&nbsp;&nbsp;&nbsp;osRtxThreadDispatch
<LI><a href="#[505]">&gt;&gt;</a>&nbsp;&nbsp;&nbsp;osRtxThreadWaitEnter
<LI><a href="#[cd]">&gt;&gt;</a>&nbsp;&nbsp;&nbsp;svcRtxThreadTerminate
<LI><a href="#[cc]">&gt;&gt;</a>&nbsp;&nbsp;&nbsp;svcRtxThreadSuspend
<LI><a href="#[ca]">&gt;&gt;</a>&nbsp;&nbsp;&nbsp;svcRtxThreadExit
</UL>

<P><STRONG><a name="[4f9]"></a>osRtxThreadBlock</STRONG> (Thumb, 58 bytes, Stack size 24 bytes, rtx_thread.o(i.osRtxThreadBlock))
<BR><BR>[Stack]<UL><LI>Max Depth = 112<LI>Call Chain = osRtxThreadBlock &rArr; EvrRtxThreadPreempted &rArr; EventRecord2 &rArr; EventRecordItem
</UL>
<BR>[Calls]<UL><LI><a href="#[41b]">&gt;&gt;</a>&nbsp;&nbsp;&nbsp;EvrRtxThreadPreempted
</UL>
<BR>[Called By]<UL><LI><a href="#[4f7]">&gt;&gt;</a>&nbsp;&nbsp;&nbsp;osRtxThreadDispatch
</UL>

<P><STRONG><a name="[506]"></a>osRtxThreadDelayInsert</STRONG> (Thumb, 98 bytes, Stack size 8 bytes, rtx_thread.o(i.osRtxThreadDelayInsert))
<BR><BR>[Stack]<UL><LI>Max Depth = 8<LI>Call Chain = osRtxThreadDelayInsert
</UL>
<BR>[Called By]<UL><LI><a href="#[505]">&gt;&gt;</a>&nbsp;&nbsp;&nbsp;osRtxThreadWaitEnter
<LI><a href="#[cc]">&gt;&gt;</a>&nbsp;&nbsp;&nbsp;svcRtxThreadSuspend
</UL>

<P><STRONG><a name="[507]"></a>osRtxThreadDelayRemove</STRONG> (Thumb, 86 bytes, Stack size 0 bytes, rtx_thread.o(i.osRtxThreadDelayRemove))
<BR><BR>[Called By]<UL><LI><a href="#[4f2]">&gt;&gt;</a>&nbsp;&nbsp;&nbsp;osRtxThreadWaitExit
<LI><a href="#[cd]">&gt;&gt;</a>&nbsp;&nbsp;&nbsp;svcRtxThreadTerminate
<LI><a href="#[cc]">&gt;&gt;</a>&nbsp;&nbsp;&nbsp;svcRtxThreadSuspend
</UL>

<P><STRONG><a name="[501]"></a>osRtxThreadFree</STRONG> (Thumb, 94 bytes, Stack size 8 bytes, rtx_thread.o(i.osRtxThreadFree))
<BR><BR>[Stack]<UL><LI>Max Depth = 152<LI>Call Chain = osRtxThreadFree &rArr; osRtxMemoryFree &rArr; EvrRtxMemoryFree &rArr; EventRecord4 &rArr; EventRecordItem
</UL>
<BR>[Calls]<UL><LI><a href="#[4ed]">&gt;&gt;</a>&nbsp;&nbsp;&nbsp;osRtxMemoryPoolFree
<LI><a href="#[4e9]">&gt;&gt;</a>&nbsp;&nbsp;&nbsp;osRtxMemoryFree
</UL>
<BR>[Called By]<UL><LI><a href="#[cd]">&gt;&gt;</a>&nbsp;&nbsp;&nbsp;svcRtxThreadTerminate
<LI><a href="#[ca]">&gt;&gt;</a>&nbsp;&nbsp;&nbsp;svcRtxThreadExit
</UL>

<P><STRONG><a name="[4ff]"></a>osRtxThreadGetRunning</STRONG> (Thumb, 6 bytes, Stack size 0 bytes, rtx_thread.o(i.osRtxThreadGetRunning))
<BR><BR>[Called By]<UL><LI><a href="#[4f7]">&gt;&gt;</a>&nbsp;&nbsp;&nbsp;osRtxThreadDispatch
<LI><a href="#[505]">&gt;&gt;</a>&nbsp;&nbsp;&nbsp;osRtxThreadWaitEnter
<LI><a href="#[503]">&gt;&gt;</a>&nbsp;&nbsp;&nbsp;osRtxThreadStackCheck
<LI><a href="#[ca]">&gt;&gt;</a>&nbsp;&nbsp;&nbsp;svcRtxThreadExit
</UL>

<P><STRONG><a name="[4fb]"></a>osRtxThreadListRoot</STRONG> (Thumb, 16 bytes, Stack size 0 bytes, rtx_thread.o(i.osRtxThreadListRoot))
<BR><BR>[Called By]<UL><LI><a href="#[4fa]">&gt;&gt;</a>&nbsp;&nbsp;&nbsp;osRtxThreadDelayTick
</UL>

<P><STRONG><a name="[d5]"></a>osRtxThreadPostProcess</STRONG> (Thumb, 52 bytes, Stack size 16 bytes, rtx_thread.o(i.osRtxThreadPostProcess))
<BR><BR>[Stack]<UL><LI>Max Depth = 176<LI>Call Chain = osRtxThreadPostProcess &rArr; osRtxThreadWaitExit &rArr; osRtxThreadDispatch &rArr; osRtxThreadBlock &rArr; EvrRtxThreadPreempted &rArr; EventRecord2 &rArr; EventRecordItem
</UL>
<BR>[Calls]<UL><LI><a href="#[417]">&gt;&gt;</a>&nbsp;&nbsp;&nbsp;EvrRtxThreadFlagsWaitCompleted
<LI><a href="#[4f2]">&gt;&gt;</a>&nbsp;&nbsp;&nbsp;osRtxThreadWaitExit
<LI><a href="#[47c]">&gt;&gt;</a>&nbsp;&nbsp;&nbsp;ThreadFlagsCheck
</UL>
<BR>[Address Reference Count : 1]<UL><LI> rtx_thread.o(i.svcRtxThreadNew)
</UL>
<P><STRONG><a name="[514]"></a>osRtxThreadSetRunning</STRONG> (Thumb, 6 bytes, Stack size 0 bytes, rtx_thread.o(i.osRtxThreadSetRunning))
<BR><BR>[Called By]<UL><LI><a href="#[cd]">&gt;&gt;</a>&nbsp;&nbsp;&nbsp;svcRtxThreadTerminate
<LI><a href="#[ca]">&gt;&gt;</a>&nbsp;&nbsp;&nbsp;svcRtxThreadExit
</UL>

<P><STRONG><a name="[ca]"></a>svcRtxThreadExit</STRONG> (Thumb, 134 bytes, Stack size 16 bytes, rtx_thread.o(i.svcRtxThreadExit))
<BR><BR>[Stack]<UL><LI>Max Depth = 200<LI>Call Chain = svcRtxThreadExit &rArr; osRtxMutexOwnerRelease &rArr; osRtxThreadWaitExit &rArr; osRtxThreadDispatch &rArr; osRtxThreadBlock &rArr; EvrRtxThreadPreempted &rArr; EventRecord2 &rArr; EventRecordItem
</UL>
<BR>[Calls]<UL><LI><a href="#[419]">&gt;&gt;</a>&nbsp;&nbsp;&nbsp;EvrRtxThreadJoined
<LI><a href="#[414]">&gt;&gt;</a>&nbsp;&nbsp;&nbsp;EvrRtxThreadDestroyed
<LI><a href="#[4f2]">&gt;&gt;</a>&nbsp;&nbsp;&nbsp;osRtxThreadWaitExit
<LI><a href="#[4f1]">&gt;&gt;</a>&nbsp;&nbsp;&nbsp;osRtxThreadListGet
<LI><a href="#[4f4]">&gt;&gt;</a>&nbsp;&nbsp;&nbsp;osRtxMutexOwnerRelease
<LI><a href="#[500]">&gt;&gt;</a>&nbsp;&nbsp;&nbsp;osRtxThreadSwitch
<LI><a href="#[514]">&gt;&gt;</a>&nbsp;&nbsp;&nbsp;osRtxThreadSetRunning
<LI><a href="#[4ff]">&gt;&gt;</a>&nbsp;&nbsp;&nbsp;osRtxThreadGetRunning
<LI><a href="#[501]">&gt;&gt;</a>&nbsp;&nbsp;&nbsp;osRtxThreadFree
<LI><a href="#[4fe]">&gt;&gt;</a>&nbsp;&nbsp;&nbsp;osRtxKernelGetState
</UL>
<BR>[Address Reference Count : 1]<UL><LI> rtx_thread.o(i.osThreadExit)
</UL>
<P><STRONG><a name="[cb]"></a>svcRtxThreadNew</STRONG> (Thumb, 612 bytes, Stack size 56 bytes, rtx_thread.o(i.svcRtxThreadNew))
<BR><BR>[Stack]<UL><LI>Max Depth = 216<LI>Call Chain = svcRtxThreadNew &rArr; osRtxMemoryAlloc &rArr; EvrRtxMemoryAlloc &rArr; EventRecord4 &rArr; EventRecordItem
</UL>
<BR>[Calls]<UL><LI><a href="#[415]">&gt;&gt;</a>&nbsp;&nbsp;&nbsp;EvrRtxThreadError
<LI><a href="#[413]">&gt;&gt;</a>&nbsp;&nbsp;&nbsp;EvrRtxThreadCreated
<LI><a href="#[4f7]">&gt;&gt;</a>&nbsp;&nbsp;&nbsp;osRtxThreadDispatch
<LI><a href="#[4ed]">&gt;&gt;</a>&nbsp;&nbsp;&nbsp;osRtxMemoryPoolFree
<LI><a href="#[4d3]">&gt;&gt;</a>&nbsp;&nbsp;&nbsp;osRtxMemoryPoolAlloc
<LI><a href="#[4e9]">&gt;&gt;</a>&nbsp;&nbsp;&nbsp;osRtxMemoryFree
<LI><a href="#[4e7]">&gt;&gt;</a>&nbsp;&nbsp;&nbsp;osRtxMemoryAlloc
</UL>
<BR>[Called By]<UL><LI><a href="#[504]">&gt;&gt;</a>&nbsp;&nbsp;&nbsp;osRtxThreadStartup
</UL>
<BR>[Address Reference Count : 1]<UL><LI> rtx_thread.o(i.osThreadNew)
</UL>
<P><STRONG><a name="[cc]"></a>svcRtxThreadSuspend</STRONG> (Thumb, 190 bytes, Stack size 24 bytes, rtx_thread.o(i.svcRtxThreadSuspend))
<BR><BR>[Stack]<UL><LI>Max Depth = 120<LI>Call Chain = svcRtxThreadSuspend &rArr; EvrRtxThreadError &rArr; EventRecord2 &rArr; EventRecordItem
</UL>
<BR>[Calls]<UL><LI><a href="#[41d]">&gt;&gt;</a>&nbsp;&nbsp;&nbsp;EvrRtxThreadSuspended
<LI><a href="#[415]">&gt;&gt;</a>&nbsp;&nbsp;&nbsp;EvrRtxThreadError
<LI><a href="#[4fc]">&gt;&gt;</a>&nbsp;&nbsp;&nbsp;osRtxThreadListRemove
<LI><a href="#[4f1]">&gt;&gt;</a>&nbsp;&nbsp;&nbsp;osRtxThreadListGet
<LI><a href="#[500]">&gt;&gt;</a>&nbsp;&nbsp;&nbsp;osRtxThreadSwitch
<LI><a href="#[507]">&gt;&gt;</a>&nbsp;&nbsp;&nbsp;osRtxThreadDelayRemove
<LI><a href="#[506]">&gt;&gt;</a>&nbsp;&nbsp;&nbsp;osRtxThreadDelayInsert
<LI><a href="#[4fe]">&gt;&gt;</a>&nbsp;&nbsp;&nbsp;osRtxKernelGetState
</UL>
<BR>[Address Reference Count : 1]<UL><LI> rtx_thread.o(i.osThreadSuspend)
</UL>
<P><STRONG><a name="[cd]"></a>svcRtxThreadTerminate</STRONG> (Thumb, 268 bytes, Stack size 24 bytes, rtx_thread.o(i.svcRtxThreadTerminate))
<BR><BR>[Stack]<UL><LI>Max Depth = 208<LI>Call Chain = svcRtxThreadTerminate &rArr; osRtxMutexOwnerRelease &rArr; osRtxThreadWaitExit &rArr; osRtxThreadDispatch &rArr; osRtxThreadBlock &rArr; EvrRtxThreadPreempted &rArr; EventRecord2 &rArr; EventRecordItem
</UL>
<BR>[Calls]<UL><LI><a href="#[419]">&gt;&gt;</a>&nbsp;&nbsp;&nbsp;EvrRtxThreadJoined
<LI><a href="#[415]">&gt;&gt;</a>&nbsp;&nbsp;&nbsp;EvrRtxThreadError
<LI><a href="#[414]">&gt;&gt;</a>&nbsp;&nbsp;&nbsp;EvrRtxThreadDestroyed
<LI><a href="#[4f2]">&gt;&gt;</a>&nbsp;&nbsp;&nbsp;osRtxThreadWaitExit
<LI><a href="#[4fc]">&gt;&gt;</a>&nbsp;&nbsp;&nbsp;osRtxThreadListRemove
<LI><a href="#[4f1]">&gt;&gt;</a>&nbsp;&nbsp;&nbsp;osRtxThreadListGet
<LI><a href="#[4f7]">&gt;&gt;</a>&nbsp;&nbsp;&nbsp;osRtxThreadDispatch
<LI><a href="#[4f4]">&gt;&gt;</a>&nbsp;&nbsp;&nbsp;osRtxMutexOwnerRelease
<LI><a href="#[500]">&gt;&gt;</a>&nbsp;&nbsp;&nbsp;osRtxThreadSwitch
<LI><a href="#[514]">&gt;&gt;</a>&nbsp;&nbsp;&nbsp;osRtxThreadSetRunning
<LI><a href="#[501]">&gt;&gt;</a>&nbsp;&nbsp;&nbsp;osRtxThreadFree
<LI><a href="#[507]">&gt;&gt;</a>&nbsp;&nbsp;&nbsp;osRtxThreadDelayRemove
<LI><a href="#[4fe]">&gt;&gt;</a>&nbsp;&nbsp;&nbsp;osRtxKernelGetState
</UL>
<BR>[Address Reference Count : 1]<UL><LI> rtx_thread.o(i.osThreadTerminate)
</UL>
<P><STRONG><a name="[510]"></a>IsIrqMasked</STRONG> (Thumb, 24 bytes, Stack size 0 bytes, rtx_timer.o(i.IsIrqMasked))
<BR><BR>[Called By]<UL><LI><a href="#[2df]">&gt;&gt;</a>&nbsp;&nbsp;&nbsp;osTimerStop
<LI><a href="#[46b]">&gt;&gt;</a>&nbsp;&nbsp;&nbsp;osTimerDelete
</UL>

<P><STRONG><a name="[50f]"></a>IsIrqMode</STRONG> (Thumb, 16 bytes, Stack size 0 bytes, rtx_timer.o(i.IsIrqMode))
<BR><BR>[Called By]<UL><LI><a href="#[2df]">&gt;&gt;</a>&nbsp;&nbsp;&nbsp;osTimerStop
<LI><a href="#[46b]">&gt;&gt;</a>&nbsp;&nbsp;&nbsp;osTimerDelete
</UL>

<P><STRONG><a name="[50a]"></a>TimerInsert</STRONG> (Thumb, 58 bytes, Stack size 12 bytes, rtx_timer.o(i.TimerInsert))
<BR><BR>[Stack]<UL><LI>Max Depth = 12<LI>Call Chain = TimerInsert
</UL>
<BR>[Called By]<UL><LI><a href="#[c6]">&gt;&gt;</a>&nbsp;&nbsp;&nbsp;osRtxTimerTick
</UL>

<P><STRONG><a name="[515]"></a>TimerRemove</STRONG> (Thumb, 42 bytes, Stack size 0 bytes, rtx_timer.o(i.TimerRemove))
<BR><BR>[Called By]<UL><LI><a href="#[cf]">&gt;&gt;</a>&nbsp;&nbsp;&nbsp;svcRtxTimerStop
<LI><a href="#[ce]">&gt;&gt;</a>&nbsp;&nbsp;&nbsp;svcRtxTimerDelete
</UL>

<P><STRONG><a name="[509]"></a>TimerUnlink</STRONG> (Thumb, 18 bytes, Stack size 0 bytes, rtx_timer.o(i.TimerUnlink))
<BR><BR>[Called By]<UL><LI><a href="#[c6]">&gt;&gt;</a>&nbsp;&nbsp;&nbsp;osRtxTimerTick
</UL>

<P><STRONG><a name="[c6]"></a>osRtxTimerTick</STRONG> (Thumb, 88 bytes, Stack size 16 bytes, rtx_timer.o(i.osRtxTimerTick))
<BR><BR>[Stack]<UL><LI>Max Depth = 192<LI>Call Chain = osRtxTimerTick &rArr; osMessageQueuePut &rArr; isrRtxMessageQueuePut &rArr; osRtxMemoryPoolAlloc &rArr; EvrRtxMemoryBlockAlloc &rArr; EventRecord2 &rArr; EventRecordItem
</UL>
<BR>[Calls]<UL><LI><a href="#[4e6]">&gt;&gt;</a>&nbsp;&nbsp;&nbsp;osMessageQueuePut
<LI><a href="#[509]">&gt;&gt;</a>&nbsp;&nbsp;&nbsp;TimerUnlink
<LI><a href="#[50a]">&gt;&gt;</a>&nbsp;&nbsp;&nbsp;TimerInsert
<LI><a href="#[4f8]">&gt;&gt;</a>&nbsp;&nbsp;&nbsp;osRtxErrorNotify
</UL>
<BR>[Address Reference Count : 1]<UL><LI> rtx_timer.o(i.osRtxTimerThread)
</UL>
<P><STRONG><a name="[ce]"></a>svcRtxTimerDelete</STRONG> (Thumb, 104 bytes, Stack size 16 bytes, rtx_timer.o(i.svcRtxTimerDelete))
<BR><BR>[Stack]<UL><LI>Max Depth = 160<LI>Call Chain = svcRtxTimerDelete &rArr; osRtxMemoryFree &rArr; EvrRtxMemoryFree &rArr; EventRecord4 &rArr; EventRecordItem
</UL>
<BR>[Calls]<UL><LI><a href="#[424]">&gt;&gt;</a>&nbsp;&nbsp;&nbsp;EvrRtxTimerError
<LI><a href="#[423]">&gt;&gt;</a>&nbsp;&nbsp;&nbsp;EvrRtxTimerDestroyed
<LI><a href="#[4ed]">&gt;&gt;</a>&nbsp;&nbsp;&nbsp;osRtxMemoryPoolFree
<LI><a href="#[4e9]">&gt;&gt;</a>&nbsp;&nbsp;&nbsp;osRtxMemoryFree
<LI><a href="#[515]">&gt;&gt;</a>&nbsp;&nbsp;&nbsp;TimerRemove
</UL>
<BR>[Address Reference Count : 1]<UL><LI> rtx_timer.o(i.osTimerDelete)
</UL>
<P><STRONG><a name="[cf]"></a>svcRtxTimerStop</STRONG> (Thumb, 76 bytes, Stack size 16 bytes, rtx_timer.o(i.svcRtxTimerStop))
<BR><BR>[Stack]<UL><LI>Max Depth = 112<LI>Call Chain = svcRtxTimerStop &rArr; EvrRtxTimerError &rArr; EventRecord2 &rArr; EventRecordItem
</UL>
<BR>[Calls]<UL><LI><a href="#[426]">&gt;&gt;</a>&nbsp;&nbsp;&nbsp;EvrRtxTimerStopped
<LI><a href="#[424]">&gt;&gt;</a>&nbsp;&nbsp;&nbsp;EvrRtxTimerError
<LI><a href="#[515]">&gt;&gt;</a>&nbsp;&nbsp;&nbsp;TimerRemove
</UL>
<BR>[Address Reference Count : 1]<UL><LI> rtx_timer.o(i.osTimerStop)
</UL>
<P><STRONG><a name="[3d4]"></a>EventCheckFilter</STRONG> (Thumb, 32 bytes, Stack size 0 bytes, eventrecorder.o(i.EventCheckFilter))
<BR><BR>[Called By]<UL><LI><a href="#[3d6]">&gt;&gt;</a>&nbsp;&nbsp;&nbsp;EventRecord4
<LI><a href="#[3d3]">&gt;&gt;</a>&nbsp;&nbsp;&nbsp;EventRecord2
</UL>

<P><STRONG><a name="[3cf]"></a>EventGetTS</STRONG> (Thumb, 56 bytes, Stack size 16 bytes, eventrecorder.o(i.EventGetTS))
<BR><BR>[Stack]<UL><LI>Max Depth = 16<LI>Call Chain = EventGetTS
</UL>
<BR>[Calls]<UL><LI><a href="#[3d1]">&gt;&gt;</a>&nbsp;&nbsp;&nbsp;__asm___15_EventRecorder_c_e8d3082c__atomic_xch32
<LI><a href="#[3d2]">&gt;&gt;</a>&nbsp;&nbsp;&nbsp;__asm___15_EventRecorder_c_e8d3082c__atomic_inc32
<LI><a href="#[3d0]">&gt;&gt;</a>&nbsp;&nbsp;&nbsp;EventRecorderTimerGetCount
</UL>
<BR>[Called By]<UL><LI><a href="#[3d6]">&gt;&gt;</a>&nbsp;&nbsp;&nbsp;EventRecord4
<LI><a href="#[3d3]">&gt;&gt;</a>&nbsp;&nbsp;&nbsp;EventRecord2
<LI><a href="#[3da]">&gt;&gt;</a>&nbsp;&nbsp;&nbsp;EventRecorderInitialize
<LI><a href="#[3df]">&gt;&gt;</a>&nbsp;&nbsp;&nbsp;EventRecorderStart
</UL>

<P><STRONG><a name="[3d5]"></a>EventRecordItem</STRONG> (Thumb, 206 bytes, Stack size 56 bytes, eventrecorder.o(i.EventRecordItem))
<BR><BR>[Stack]<UL><LI>Max Depth = 56<LI>Call Chain = EventRecordItem
</UL>
<BR>[Calls]<UL><LI><a href="#[3d9]">&gt;&gt;</a>&nbsp;&nbsp;&nbsp;__asm___15_EventRecorder_c_e8d3082c__UnlockRecord
<LI><a href="#[3d8]">&gt;&gt;</a>&nbsp;&nbsp;&nbsp;__asm___15_EventRecorder_c_e8d3082c__LockRecord
<LI><a href="#[3d2]">&gt;&gt;</a>&nbsp;&nbsp;&nbsp;__asm___15_EventRecorder_c_e8d3082c__atomic_inc32
</UL>
<BR>[Called By]<UL><LI><a href="#[3d6]">&gt;&gt;</a>&nbsp;&nbsp;&nbsp;EventRecord4
<LI><a href="#[3d3]">&gt;&gt;</a>&nbsp;&nbsp;&nbsp;EventRecord2
<LI><a href="#[3da]">&gt;&gt;</a>&nbsp;&nbsp;&nbsp;EventRecorderInitialize
<LI><a href="#[3df]">&gt;&gt;</a>&nbsp;&nbsp;&nbsp;EventRecorderStart
</UL>

<P><STRONG><a name="[3d7]"></a>GetContext</STRONG> (Thumb, 10 bytes, Stack size 8 bytes, eventrecorder.o(i.GetContext))
<BR><BR>[Stack]<UL><LI>Max Depth = 8<LI>Call Chain = GetContext
</UL>
<BR>[Calls]<UL><LI><a href="#[42e]">&gt;&gt;</a>&nbsp;&nbsp;&nbsp;__asm___15_EventRecorder_c_e8d3082c__atomic_inc8
</UL>
<BR>[Called By]<UL><LI><a href="#[3d6]">&gt;&gt;</a>&nbsp;&nbsp;&nbsp;EventRecord4
</UL>

<P><STRONG><a name="[3db]"></a>crc16_ccitt</STRONG> (Thumb, 66 bytes, Stack size 12 bytes, eventrecorder.o(i.crc16_ccitt))
<BR><BR>[Stack]<UL><LI>Max Depth = 12<LI>Call Chain = crc16_ccitt
</UL>
<BR>[Called By]<UL><LI><a href="#[3da]">&gt;&gt;</a>&nbsp;&nbsp;&nbsp;EventRecorderInitialize
</UL>

<P><STRONG><a name="[4ab]"></a>_fp_digits</STRONG> (Thumb, 366 bytes, Stack size 64 bytes, printfa.o(i._fp_digits), UNUSED)
<BR><BR>[Calls]<UL><LI><a href="#[2c9]">&gt;&gt;</a>&nbsp;&nbsp;&nbsp;__aeabi_ddiv
<LI><a href="#[397]">&gt;&gt;</a>&nbsp;&nbsp;&nbsp;__aeabi_cdrcmple
<LI><a href="#[2d6]">&gt;&gt;</a>&nbsp;&nbsp;&nbsp;__aeabi_dmul
<LI><a href="#[2d2]">&gt;&gt;</a>&nbsp;&nbsp;&nbsp;__aeabi_dadd
<LI><a href="#[2d7]">&gt;&gt;</a>&nbsp;&nbsp;&nbsp;__aeabi_d2ulz
<LI><a href="#[2c2]">&gt;&gt;</a>&nbsp;&nbsp;&nbsp;__aeabi_uldivmod
</UL>
<BR>[Called By]<UL><LI><a href="#[4a9]">&gt;&gt;</a>&nbsp;&nbsp;&nbsp;_printf_core
</UL>

<P><STRONG><a name="[4a9]"></a>_printf_core</STRONG> (Thumb, 1744 bytes, Stack size 136 bytes, printfa.o(i._printf_core), UNUSED)
<BR><BR>[Calls]<UL><LI><a href="#[4ae]">&gt;&gt;</a>&nbsp;&nbsp;&nbsp;__aeabi_uidivmod
<LI><a href="#[4ac]">&gt;&gt;</a>&nbsp;&nbsp;&nbsp;_printf_pre_padding
<LI><a href="#[4ad]">&gt;&gt;</a>&nbsp;&nbsp;&nbsp;_printf_post_padding
<LI><a href="#[4ab]">&gt;&gt;</a>&nbsp;&nbsp;&nbsp;_fp_digits
<LI><a href="#[2c2]">&gt;&gt;</a>&nbsp;&nbsp;&nbsp;__aeabi_uldivmod
</UL>
<BR>[Called By]<UL><LI><a href="#[4aa]">&gt;&gt;</a>&nbsp;&nbsp;&nbsp;__0sprintf
<LI><a href="#[4a8]">&gt;&gt;</a>&nbsp;&nbsp;&nbsp;__0printf
</UL>

<P><STRONG><a name="[4ad]"></a>_printf_post_padding</STRONG> (Thumb, 36 bytes, Stack size 24 bytes, printfa.o(i._printf_post_padding), UNUSED)
<BR><BR>[Called By]<UL><LI><a href="#[4a9]">&gt;&gt;</a>&nbsp;&nbsp;&nbsp;_printf_core
</UL>

<P><STRONG><a name="[4ac]"></a>_printf_pre_padding</STRONG> (Thumb, 46 bytes, Stack size 24 bytes, printfa.o(i._printf_pre_padding), UNUSED)
<BR><BR>[Called By]<UL><LI><a href="#[4a9]">&gt;&gt;</a>&nbsp;&nbsp;&nbsp;_printf_core
</UL>

<P><STRONG><a name="[b6]"></a>_sputc</STRONG> (Thumb, 10 bytes, Stack size 0 bytes, printfa.o(i._sputc))
<BR><BR>[Called By]<UL><LI><a href="#[4aa]">&gt;&gt;</a>&nbsp;&nbsp;&nbsp;__0sprintf
</UL>
<BR>[Address Reference Count : 1]<UL><LI> printfa.o(i.__0sprintf)
</UL><P>
<H3>
Undefined Global Symbols
</H3><HR></body></html>
