<!doctype html public "-//w3c//dtd html 4.0 transitional//en">
<html><head>
<title>Static Call Graph - [.\output\debug\HC32F4A0SITB.axf]</title></head>
<body><HR>
<H1>Static Call Graph for image .\output\debug\HC32F4A0SITB.axf</H1><HR>
<BR><P>#&#060CALLGRAPH&#062# ARM Linker, 5060750: Last Updated: Mon Feb 28 11:23:25 2022
<BR><P>
<H3>Maximum Stack Usage =        160 bytes + Unknown(Cycles, Untraceable Function Pointers)</H3><H3>
Call chain for Maximum Stack Depth:</H3>
main &rArr; $Super$$main &rArr; System_Init &rArr; bsp_Init &rArr; W25Q_MB85R_SpiInit &rArr; GPIO_SetFunc &rArr; DDL_AssertHandler &rArr; __2printf
<P>
<H3>
Mutually Recursive functions
</H3> <LI><a href="#[6]">SVC_Handler</a>&nbsp;&nbsp;&nbsp;&rArr;&nbsp;&nbsp;&nbsp;<a href="#[6]">SVC_Handler</a><BR>
 <LI><a href="#[8]">PendSV_Handler</a>&nbsp;&nbsp;&nbsp;&rArr;&nbsp;&nbsp;&nbsp;<a href="#[8]">PendSV_Handler</a><BR>
 <LI><a href="#[9]">SysTick_Handler</a>&nbsp;&nbsp;&nbsp;&rArr;&nbsp;&nbsp;&nbsp;<a href="#[9]">SysTick_Handler</a><BR>
</UL>
<P>
<H3>
Function Pointers
</H3><UL>
 <LI><a href="#[4]">BusFault_Handler</a> from hc32f4a0_interrupts.o(i.BusFault_Handler) referenced from startup_hc32f4a0sitb.o(RESET)
 <LI><a href="#[7]">DebugMon_Handler</a> from hc32f4a0_interrupts.o(i.DebugMon_Handler) referenced from startup_hc32f4a0sitb.o(RESET)
 <LI><a href="#[2]">HardFault_Handler</a> from hc32f4a0_interrupts.o(i.HardFault_Handler) referenced from startup_hc32f4a0sitb.o(RESET)
 <LI><a href="#[a]">IRQ000_Handler</a> from hc32f4a0_interrupts.o(i.IRQ000_Handler) referenced from startup_hc32f4a0sitb.o(RESET)
 <LI><a href="#[b]">IRQ001_Handler</a> from hc32f4a0_interrupts.o(i.IRQ001_Handler) referenced from startup_hc32f4a0sitb.o(RESET)
 <LI><a href="#[c]">IRQ002_Handler</a> from hc32f4a0_interrupts.o(i.IRQ002_Handler) referenced from startup_hc32f4a0sitb.o(RESET)
 <LI><a href="#[d]">IRQ003_Handler</a> from hc32f4a0_interrupts.o(i.IRQ003_Handler) referenced from startup_hc32f4a0sitb.o(RESET)
 <LI><a href="#[e]">IRQ004_Handler</a> from hc32f4a0_interrupts.o(i.IRQ004_Handler) referenced from startup_hc32f4a0sitb.o(RESET)
 <LI><a href="#[f]">IRQ005_Handler</a> from hc32f4a0_interrupts.o(i.IRQ005_Handler) referenced from startup_hc32f4a0sitb.o(RESET)
 <LI><a href="#[10]">IRQ006_Handler</a> from hc32f4a0_interrupts.o(i.IRQ006_Handler) referenced from startup_hc32f4a0sitb.o(RESET)
 <LI><a href="#[11]">IRQ007_Handler</a> from hc32f4a0_interrupts.o(i.IRQ007_Handler) referenced from startup_hc32f4a0sitb.o(RESET)
 <LI><a href="#[12]">IRQ008_Handler</a> from hc32f4a0_interrupts.o(i.IRQ008_Handler) referenced from startup_hc32f4a0sitb.o(RESET)
 <LI><a href="#[13]">IRQ009_Handler</a> from hc32f4a0_interrupts.o(i.IRQ009_Handler) referenced from startup_hc32f4a0sitb.o(RESET)
 <LI><a href="#[14]">IRQ010_Handler</a> from hc32f4a0_interrupts.o(i.IRQ010_Handler) referenced from startup_hc32f4a0sitb.o(RESET)
 <LI><a href="#[15]">IRQ011_Handler</a> from hc32f4a0_interrupts.o(i.IRQ011_Handler) referenced from startup_hc32f4a0sitb.o(RESET)
 <LI><a href="#[16]">IRQ012_Handler</a> from hc32f4a0_interrupts.o(i.IRQ012_Handler) referenced from startup_hc32f4a0sitb.o(RESET)
 <LI><a href="#[17]">IRQ013_Handler</a> from hc32f4a0_interrupts.o(i.IRQ013_Handler) referenced from startup_hc32f4a0sitb.o(RESET)
 <LI><a href="#[18]">IRQ014_Handler</a> from hc32f4a0_interrupts.o(i.IRQ014_Handler) referenced from startup_hc32f4a0sitb.o(RESET)
 <LI><a href="#[19]">IRQ015_Handler</a> from hc32f4a0_interrupts.o(i.IRQ015_Handler) referenced from startup_hc32f4a0sitb.o(RESET)
 <LI><a href="#[1a]">IRQ016_Handler</a> from hc32f4a0_interrupts.o(i.IRQ016_Handler) referenced from startup_hc32f4a0sitb.o(RESET)
 <LI><a href="#[1b]">IRQ017_Handler</a> from hc32f4a0_interrupts.o(i.IRQ017_Handler) referenced from startup_hc32f4a0sitb.o(RESET)
 <LI><a href="#[1c]">IRQ018_Handler</a> from hc32f4a0_interrupts.o(i.IRQ018_Handler) referenced from startup_hc32f4a0sitb.o(RESET)
 <LI><a href="#[1d]">IRQ019_Handler</a> from hc32f4a0_interrupts.o(i.IRQ019_Handler) referenced from startup_hc32f4a0sitb.o(RESET)
 <LI><a href="#[1e]">IRQ020_Handler</a> from hc32f4a0_interrupts.o(i.IRQ020_Handler) referenced from startup_hc32f4a0sitb.o(RESET)
 <LI><a href="#[1f]">IRQ021_Handler</a> from hc32f4a0_interrupts.o(i.IRQ021_Handler) referenced from startup_hc32f4a0sitb.o(RESET)
 <LI><a href="#[20]">IRQ022_Handler</a> from hc32f4a0_interrupts.o(i.IRQ022_Handler) referenced from startup_hc32f4a0sitb.o(RESET)
 <LI><a href="#[21]">IRQ023_Handler</a> from hc32f4a0_interrupts.o(i.IRQ023_Handler) referenced from startup_hc32f4a0sitb.o(RESET)
 <LI><a href="#[22]">IRQ024_Handler</a> from hc32f4a0_interrupts.o(i.IRQ024_Handler) referenced from startup_hc32f4a0sitb.o(RESET)
 <LI><a href="#[23]">IRQ025_Handler</a> from hc32f4a0_interrupts.o(i.IRQ025_Handler) referenced from startup_hc32f4a0sitb.o(RESET)
 <LI><a href="#[24]">IRQ026_Handler</a> from hc32f4a0_interrupts.o(i.IRQ026_Handler) referenced from startup_hc32f4a0sitb.o(RESET)
 <LI><a href="#[25]">IRQ027_Handler</a> from hc32f4a0_interrupts.o(i.IRQ027_Handler) referenced from startup_hc32f4a0sitb.o(RESET)
 <LI><a href="#[26]">IRQ028_Handler</a> from hc32f4a0_interrupts.o(i.IRQ028_Handler) referenced from startup_hc32f4a0sitb.o(RESET)
 <LI><a href="#[27]">IRQ029_Handler</a> from hc32f4a0_interrupts.o(i.IRQ029_Handler) referenced from startup_hc32f4a0sitb.o(RESET)
 <LI><a href="#[28]">IRQ030_Handler</a> from hc32f4a0_interrupts.o(i.IRQ030_Handler) referenced from startup_hc32f4a0sitb.o(RESET)
 <LI><a href="#[29]">IRQ031_Handler</a> from hc32f4a0_interrupts.o(i.IRQ031_Handler) referenced from startup_hc32f4a0sitb.o(RESET)
 <LI><a href="#[2a]">IRQ032_Handler</a> from hc32f4a0_interrupts.o(i.IRQ032_Handler) referenced from startup_hc32f4a0sitb.o(RESET)
 <LI><a href="#[2b]">IRQ033_Handler</a> from hc32f4a0_interrupts.o(i.IRQ033_Handler) referenced from startup_hc32f4a0sitb.o(RESET)
 <LI><a href="#[2c]">IRQ034_Handler</a> from hc32f4a0_interrupts.o(i.IRQ034_Handler) referenced from startup_hc32f4a0sitb.o(RESET)
 <LI><a href="#[2d]">IRQ035_Handler</a> from hc32f4a0_interrupts.o(i.IRQ035_Handler) referenced from startup_hc32f4a0sitb.o(RESET)
 <LI><a href="#[2e]">IRQ036_Handler</a> from hc32f4a0_interrupts.o(i.IRQ036_Handler) referenced from startup_hc32f4a0sitb.o(RESET)
 <LI><a href="#[2f]">IRQ037_Handler</a> from hc32f4a0_interrupts.o(i.IRQ037_Handler) referenced from startup_hc32f4a0sitb.o(RESET)
 <LI><a href="#[30]">IRQ038_Handler</a> from hc32f4a0_interrupts.o(i.IRQ038_Handler) referenced from startup_hc32f4a0sitb.o(RESET)
 <LI><a href="#[31]">IRQ039_Handler</a> from hc32f4a0_interrupts.o(i.IRQ039_Handler) referenced from startup_hc32f4a0sitb.o(RESET)
 <LI><a href="#[32]">IRQ040_Handler</a> from hc32f4a0_interrupts.o(i.IRQ040_Handler) referenced from startup_hc32f4a0sitb.o(RESET)
 <LI><a href="#[33]">IRQ041_Handler</a> from hc32f4a0_interrupts.o(i.IRQ041_Handler) referenced from startup_hc32f4a0sitb.o(RESET)
 <LI><a href="#[34]">IRQ042_Handler</a> from hc32f4a0_interrupts.o(i.IRQ042_Handler) referenced from startup_hc32f4a0sitb.o(RESET)
 <LI><a href="#[35]">IRQ043_Handler</a> from hc32f4a0_interrupts.o(i.IRQ043_Handler) referenced from startup_hc32f4a0sitb.o(RESET)
 <LI><a href="#[36]">IRQ044_Handler</a> from hc32f4a0_interrupts.o(i.IRQ044_Handler) referenced from startup_hc32f4a0sitb.o(RESET)
 <LI><a href="#[37]">IRQ045_Handler</a> from hc32f4a0_interrupts.o(i.IRQ045_Handler) referenced from startup_hc32f4a0sitb.o(RESET)
 <LI><a href="#[38]">IRQ046_Handler</a> from hc32f4a0_interrupts.o(i.IRQ046_Handler) referenced from startup_hc32f4a0sitb.o(RESET)
 <LI><a href="#[39]">IRQ047_Handler</a> from hc32f4a0_interrupts.o(i.IRQ047_Handler) referenced from startup_hc32f4a0sitb.o(RESET)
 <LI><a href="#[3a]">IRQ048_Handler</a> from hc32f4a0_interrupts.o(i.IRQ048_Handler) referenced from startup_hc32f4a0sitb.o(RESET)
 <LI><a href="#[3b]">IRQ049_Handler</a> from hc32f4a0_interrupts.o(i.IRQ049_Handler) referenced from startup_hc32f4a0sitb.o(RESET)
 <LI><a href="#[3c]">IRQ050_Handler</a> from hc32f4a0_interrupts.o(i.IRQ050_Handler) referenced from startup_hc32f4a0sitb.o(RESET)
 <LI><a href="#[3d]">IRQ051_Handler</a> from hc32f4a0_interrupts.o(i.IRQ051_Handler) referenced from startup_hc32f4a0sitb.o(RESET)
 <LI><a href="#[3e]">IRQ052_Handler</a> from hc32f4a0_interrupts.o(i.IRQ052_Handler) referenced from startup_hc32f4a0sitb.o(RESET)
 <LI><a href="#[3f]">IRQ053_Handler</a> from hc32f4a0_interrupts.o(i.IRQ053_Handler) referenced from startup_hc32f4a0sitb.o(RESET)
 <LI><a href="#[40]">IRQ054_Handler</a> from hc32f4a0_interrupts.o(i.IRQ054_Handler) referenced from startup_hc32f4a0sitb.o(RESET)
 <LI><a href="#[41]">IRQ055_Handler</a> from hc32f4a0_interrupts.o(i.IRQ055_Handler) referenced from startup_hc32f4a0sitb.o(RESET)
 <LI><a href="#[42]">IRQ056_Handler</a> from hc32f4a0_interrupts.o(i.IRQ056_Handler) referenced from startup_hc32f4a0sitb.o(RESET)
 <LI><a href="#[43]">IRQ057_Handler</a> from hc32f4a0_interrupts.o(i.IRQ057_Handler) referenced from startup_hc32f4a0sitb.o(RESET)
 <LI><a href="#[44]">IRQ058_Handler</a> from hc32f4a0_interrupts.o(i.IRQ058_Handler) referenced from startup_hc32f4a0sitb.o(RESET)
 <LI><a href="#[45]">IRQ059_Handler</a> from hc32f4a0_interrupts.o(i.IRQ059_Handler) referenced from startup_hc32f4a0sitb.o(RESET)
 <LI><a href="#[46]">IRQ060_Handler</a> from hc32f4a0_interrupts.o(i.IRQ060_Handler) referenced from startup_hc32f4a0sitb.o(RESET)
 <LI><a href="#[47]">IRQ061_Handler</a> from hc32f4a0_interrupts.o(i.IRQ061_Handler) referenced from startup_hc32f4a0sitb.o(RESET)
 <LI><a href="#[48]">IRQ062_Handler</a> from hc32f4a0_interrupts.o(i.IRQ062_Handler) referenced from startup_hc32f4a0sitb.o(RESET)
 <LI><a href="#[49]">IRQ063_Handler</a> from hc32f4a0_interrupts.o(i.IRQ063_Handler) referenced from startup_hc32f4a0sitb.o(RESET)
 <LI><a href="#[4a]">IRQ064_Handler</a> from hc32f4a0_interrupts.o(i.IRQ064_Handler) referenced from startup_hc32f4a0sitb.o(RESET)
 <LI><a href="#[4b]">IRQ065_Handler</a> from hc32f4a0_interrupts.o(i.IRQ065_Handler) referenced from startup_hc32f4a0sitb.o(RESET)
 <LI><a href="#[4c]">IRQ066_Handler</a> from hc32f4a0_interrupts.o(i.IRQ066_Handler) referenced from startup_hc32f4a0sitb.o(RESET)
 <LI><a href="#[4d]">IRQ067_Handler</a> from hc32f4a0_interrupts.o(i.IRQ067_Handler) referenced from startup_hc32f4a0sitb.o(RESET)
 <LI><a href="#[4e]">IRQ068_Handler</a> from hc32f4a0_interrupts.o(i.IRQ068_Handler) referenced from startup_hc32f4a0sitb.o(RESET)
 <LI><a href="#[4f]">IRQ069_Handler</a> from hc32f4a0_interrupts.o(i.IRQ069_Handler) referenced from startup_hc32f4a0sitb.o(RESET)
 <LI><a href="#[50]">IRQ070_Handler</a> from hc32f4a0_interrupts.o(i.IRQ070_Handler) referenced from startup_hc32f4a0sitb.o(RESET)
 <LI><a href="#[51]">IRQ071_Handler</a> from hc32f4a0_interrupts.o(i.IRQ071_Handler) referenced from startup_hc32f4a0sitb.o(RESET)
 <LI><a href="#[52]">IRQ072_Handler</a> from hc32f4a0_interrupts.o(i.IRQ072_Handler) referenced from startup_hc32f4a0sitb.o(RESET)
 <LI><a href="#[53]">IRQ073_Handler</a> from hc32f4a0_interrupts.o(i.IRQ073_Handler) referenced from startup_hc32f4a0sitb.o(RESET)
 <LI><a href="#[54]">IRQ074_Handler</a> from hc32f4a0_interrupts.o(i.IRQ074_Handler) referenced from startup_hc32f4a0sitb.o(RESET)
 <LI><a href="#[55]">IRQ075_Handler</a> from hc32f4a0_interrupts.o(i.IRQ075_Handler) referenced from startup_hc32f4a0sitb.o(RESET)
 <LI><a href="#[56]">IRQ076_Handler</a> from hc32f4a0_interrupts.o(i.IRQ076_Handler) referenced from startup_hc32f4a0sitb.o(RESET)
 <LI><a href="#[57]">IRQ077_Handler</a> from hc32f4a0_interrupts.o(i.IRQ077_Handler) referenced from startup_hc32f4a0sitb.o(RESET)
 <LI><a href="#[58]">IRQ078_Handler</a> from hc32f4a0_interrupts.o(i.IRQ078_Handler) referenced from startup_hc32f4a0sitb.o(RESET)
 <LI><a href="#[59]">IRQ079_Handler</a> from hc32f4a0_interrupts.o(i.IRQ079_Handler) referenced from startup_hc32f4a0sitb.o(RESET)
 <LI><a href="#[5a]">IRQ080_Handler</a> from hc32f4a0_interrupts.o(i.IRQ080_Handler) referenced from startup_hc32f4a0sitb.o(RESET)
 <LI><a href="#[5b]">IRQ081_Handler</a> from hc32f4a0_interrupts.o(i.IRQ081_Handler) referenced from startup_hc32f4a0sitb.o(RESET)
 <LI><a href="#[5c]">IRQ082_Handler</a> from hc32f4a0_interrupts.o(i.IRQ082_Handler) referenced from startup_hc32f4a0sitb.o(RESET)
 <LI><a href="#[5d]">IRQ083_Handler</a> from hc32f4a0_interrupts.o(i.IRQ083_Handler) referenced from startup_hc32f4a0sitb.o(RESET)
 <LI><a href="#[5e]">IRQ084_Handler</a> from hc32f4a0_interrupts.o(i.IRQ084_Handler) referenced from startup_hc32f4a0sitb.o(RESET)
 <LI><a href="#[5f]">IRQ085_Handler</a> from hc32f4a0_interrupts.o(i.IRQ085_Handler) referenced from startup_hc32f4a0sitb.o(RESET)
 <LI><a href="#[60]">IRQ086_Handler</a> from hc32f4a0_interrupts.o(i.IRQ086_Handler) referenced from startup_hc32f4a0sitb.o(RESET)
 <LI><a href="#[61]">IRQ087_Handler</a> from hc32f4a0_interrupts.o(i.IRQ087_Handler) referenced from startup_hc32f4a0sitb.o(RESET)
 <LI><a href="#[62]">IRQ088_Handler</a> from hc32f4a0_interrupts.o(i.IRQ088_Handler) referenced from startup_hc32f4a0sitb.o(RESET)
 <LI><a href="#[63]">IRQ089_Handler</a> from hc32f4a0_interrupts.o(i.IRQ089_Handler) referenced from startup_hc32f4a0sitb.o(RESET)
 <LI><a href="#[64]">IRQ090_Handler</a> from hc32f4a0_interrupts.o(i.IRQ090_Handler) referenced from startup_hc32f4a0sitb.o(RESET)
 <LI><a href="#[65]">IRQ091_Handler</a> from hc32f4a0_interrupts.o(i.IRQ091_Handler) referenced from startup_hc32f4a0sitb.o(RESET)
 <LI><a href="#[66]">IRQ092_Handler</a> from hc32f4a0_interrupts.o(i.IRQ092_Handler) referenced from startup_hc32f4a0sitb.o(RESET)
 <LI><a href="#[67]">IRQ093_Handler</a> from hc32f4a0_interrupts.o(i.IRQ093_Handler) referenced from startup_hc32f4a0sitb.o(RESET)
 <LI><a href="#[68]">IRQ094_Handler</a> from hc32f4a0_interrupts.o(i.IRQ094_Handler) referenced from startup_hc32f4a0sitb.o(RESET)
 <LI><a href="#[69]">IRQ095_Handler</a> from hc32f4a0_interrupts.o(i.IRQ095_Handler) referenced from startup_hc32f4a0sitb.o(RESET)
 <LI><a href="#[6a]">IRQ096_Handler</a> from hc32f4a0_interrupts.o(i.IRQ096_Handler) referenced from startup_hc32f4a0sitb.o(RESET)
 <LI><a href="#[6b]">IRQ097_Handler</a> from hc32f4a0_interrupts.o(i.IRQ097_Handler) referenced from startup_hc32f4a0sitb.o(RESET)
 <LI><a href="#[6c]">IRQ098_Handler</a> from hc32f4a0_interrupts.o(i.IRQ098_Handler) referenced from startup_hc32f4a0sitb.o(RESET)
 <LI><a href="#[6d]">IRQ099_Handler</a> from hc32f4a0_interrupts.o(i.IRQ099_Handler) referenced from startup_hc32f4a0sitb.o(RESET)
 <LI><a href="#[6e]">IRQ100_Handler</a> from hc32f4a0_interrupts.o(i.IRQ100_Handler) referenced from startup_hc32f4a0sitb.o(RESET)
 <LI><a href="#[6f]">IRQ101_Handler</a> from hc32f4a0_interrupts.o(i.IRQ101_Handler) referenced from startup_hc32f4a0sitb.o(RESET)
 <LI><a href="#[70]">IRQ102_Handler</a> from hc32f4a0_interrupts.o(i.IRQ102_Handler) referenced from startup_hc32f4a0sitb.o(RESET)
 <LI><a href="#[71]">IRQ103_Handler</a> from hc32f4a0_interrupts.o(i.IRQ103_Handler) referenced from startup_hc32f4a0sitb.o(RESET)
 <LI><a href="#[72]">IRQ104_Handler</a> from hc32f4a0_interrupts.o(i.IRQ104_Handler) referenced from startup_hc32f4a0sitb.o(RESET)
 <LI><a href="#[73]">IRQ105_Handler</a> from hc32f4a0_interrupts.o(i.IRQ105_Handler) referenced from startup_hc32f4a0sitb.o(RESET)
 <LI><a href="#[74]">IRQ106_Handler</a> from hc32f4a0_interrupts.o(i.IRQ106_Handler) referenced from startup_hc32f4a0sitb.o(RESET)
 <LI><a href="#[75]">IRQ107_Handler</a> from hc32f4a0_interrupts.o(i.IRQ107_Handler) referenced from startup_hc32f4a0sitb.o(RESET)
 <LI><a href="#[76]">IRQ108_Handler</a> from hc32f4a0_interrupts.o(i.IRQ108_Handler) referenced from startup_hc32f4a0sitb.o(RESET)
 <LI><a href="#[77]">IRQ109_Handler</a> from hc32f4a0_interrupts.o(i.IRQ109_Handler) referenced from startup_hc32f4a0sitb.o(RESET)
 <LI><a href="#[78]">IRQ110_Handler</a> from hc32f4a0_interrupts.o(i.IRQ110_Handler) referenced from startup_hc32f4a0sitb.o(RESET)
 <LI><a href="#[79]">IRQ111_Handler</a> from hc32f4a0_interrupts.o(i.IRQ111_Handler) referenced from startup_hc32f4a0sitb.o(RESET)
 <LI><a href="#[7a]">IRQ112_Handler</a> from hc32f4a0_interrupts.o(i.IRQ112_Handler) referenced from startup_hc32f4a0sitb.o(RESET)
 <LI><a href="#[7b]">IRQ113_Handler</a> from hc32f4a0_interrupts.o(i.IRQ113_Handler) referenced from startup_hc32f4a0sitb.o(RESET)
 <LI><a href="#[7c]">IRQ114_Handler</a> from hc32f4a0_interrupts.o(i.IRQ114_Handler) referenced from startup_hc32f4a0sitb.o(RESET)
 <LI><a href="#[7d]">IRQ115_Handler</a> from hc32f4a0_interrupts.o(i.IRQ115_Handler) referenced from startup_hc32f4a0sitb.o(RESET)
 <LI><a href="#[7e]">IRQ116_Handler</a> from hc32f4a0_interrupts.o(i.IRQ116_Handler) referenced from startup_hc32f4a0sitb.o(RESET)
 <LI><a href="#[7f]">IRQ117_Handler</a> from hc32f4a0_interrupts.o(i.IRQ117_Handler) referenced from startup_hc32f4a0sitb.o(RESET)
 <LI><a href="#[80]">IRQ118_Handler</a> from hc32f4a0_interrupts.o(i.IRQ118_Handler) referenced from startup_hc32f4a0sitb.o(RESET)
 <LI><a href="#[81]">IRQ119_Handler</a> from hc32f4a0_interrupts.o(i.IRQ119_Handler) referenced from startup_hc32f4a0sitb.o(RESET)
 <LI><a href="#[82]">IRQ120_Handler</a> from hc32f4a0_interrupts.o(i.IRQ120_Handler) referenced from startup_hc32f4a0sitb.o(RESET)
 <LI><a href="#[83]">IRQ121_Handler</a> from hc32f4a0_interrupts.o(i.IRQ121_Handler) referenced from startup_hc32f4a0sitb.o(RESET)
 <LI><a href="#[84]">IRQ122_Handler</a> from hc32f4a0_interrupts.o(i.IRQ122_Handler) referenced from startup_hc32f4a0sitb.o(RESET)
 <LI><a href="#[85]">IRQ123_Handler</a> from hc32f4a0_interrupts.o(i.IRQ123_Handler) referenced from startup_hc32f4a0sitb.o(RESET)
 <LI><a href="#[86]">IRQ124_Handler</a> from hc32f4a0_interrupts.o(i.IRQ124_Handler) referenced from startup_hc32f4a0sitb.o(RESET)
 <LI><a href="#[87]">IRQ125_Handler</a> from hc32f4a0_interrupts.o(i.IRQ125_Handler) referenced from startup_hc32f4a0sitb.o(RESET)
 <LI><a href="#[88]">IRQ126_Handler</a> from hc32f4a0_interrupts.o(i.IRQ126_Handler) referenced from startup_hc32f4a0sitb.o(RESET)
 <LI><a href="#[89]">IRQ127_Handler</a> from hc32f4a0_interrupts.o(i.IRQ127_Handler) referenced from startup_hc32f4a0sitb.o(RESET)
 <LI><a href="#[8a]">IRQ128_Handler</a> from hc32f4a0_interrupts.o(i.IRQ128_Handler) referenced from startup_hc32f4a0sitb.o(RESET)
 <LI><a href="#[8b]">IRQ129_Handler</a> from hc32f4a0_interrupts.o(i.IRQ129_Handler) referenced from startup_hc32f4a0sitb.o(RESET)
 <LI><a href="#[8c]">IRQ130_Handler</a> from hc32f4a0_interrupts.o(i.IRQ130_Handler) referenced from startup_hc32f4a0sitb.o(RESET)
 <LI><a href="#[8d]">IRQ131_Handler</a> from hc32f4a0_interrupts.o(i.IRQ131_Handler) referenced from startup_hc32f4a0sitb.o(RESET)
 <LI><a href="#[8e]">IRQ132_Handler</a> from hc32f4a0_interrupts.o(i.IRQ132_Handler) referenced from startup_hc32f4a0sitb.o(RESET)
 <LI><a href="#[8f]">IRQ133_Handler</a> from hc32f4a0_interrupts.o(i.IRQ133_Handler) referenced from startup_hc32f4a0sitb.o(RESET)
 <LI><a href="#[90]">IRQ134_Handler</a> from hc32f4a0_interrupts.o(i.IRQ134_Handler) referenced from startup_hc32f4a0sitb.o(RESET)
 <LI><a href="#[91]">IRQ135_Handler</a> from hc32f4a0_interrupts.o(i.IRQ135_Handler) referenced from startup_hc32f4a0sitb.o(RESET)
 <LI><a href="#[92]">IRQ136_Handler</a> from hc32f4a0_interrupts.o(i.IRQ136_Handler) referenced from startup_hc32f4a0sitb.o(RESET)
 <LI><a href="#[93]">IRQ137_Handler</a> from hc32f4a0_interrupts.o(i.IRQ137_Handler) referenced from startup_hc32f4a0sitb.o(RESET)
 <LI><a href="#[94]">IRQ138_Handler</a> from hc32f4a0_interrupts.o(i.IRQ138_Handler) referenced from startup_hc32f4a0sitb.o(RESET)
 <LI><a href="#[95]">IRQ139_Handler</a> from hc32f4a0_interrupts.o(i.IRQ139_Handler) referenced from startup_hc32f4a0sitb.o(RESET)
 <LI><a href="#[96]">IRQ140_Handler</a> from hc32f4a0_interrupts.o(i.IRQ140_Handler) referenced from startup_hc32f4a0sitb.o(RESET)
 <LI><a href="#[97]">IRQ141_Handler</a> from hc32f4a0_interrupts.o(i.IRQ141_Handler) referenced from startup_hc32f4a0sitb.o(RESET)
 <LI><a href="#[98]">IRQ142_Handler</a> from hc32f4a0_interrupts.o(i.IRQ142_Handler) referenced from startup_hc32f4a0sitb.o(RESET)
 <LI><a href="#[99]">IRQ143_Handler</a> from hc32f4a0_interrupts.o(i.IRQ143_Handler) referenced from startup_hc32f4a0sitb.o(RESET)
 <LI><a href="#[3]">MemManage_Handler</a> from hc32f4a0_interrupts.o(i.MemManage_Handler) referenced from startup_hc32f4a0sitb.o(RESET)
 <LI><a href="#[1]">NMI_Handler</a> from hc32f4a0_interrupts.o(i.NMI_Handler) referenced from startup_hc32f4a0sitb.o(RESET)
 <LI><a href="#[8]">PendSV_Handler</a> from startup_hc32f4a0sitb.o(.text) referenced from startup_hc32f4a0sitb.o(RESET)
 <LI><a href="#[0]">Reset_Handler</a> from startup_hc32f4a0sitb.o(.text) referenced from startup_hc32f4a0sitb.o(RESET)
 <LI><a href="#[6]">SVC_Handler</a> from startup_hc32f4a0sitb.o(.text) referenced from startup_hc32f4a0sitb.o(RESET)
 <LI><a href="#[9]">SysTick_Handler</a> from startup_hc32f4a0sitb.o(.text) referenced from startup_hc32f4a0sitb.o(RESET)
 <LI><a href="#[9b]">SystemInit</a> from system_hc32f4a0sitb.o(i.SystemInit) referenced from startup_hc32f4a0sitb.o(.text)
 <LI><a href="#[9d]">TimerAUnit1_OvfIrqCallback</a> from bsp_timer.o(i.TimerAUnit1_OvfIrqCallback) referenced from bsp_timer.o(i.TimerAUint1_IrqConfig)
 <LI><a href="#[5]">UsageFault_Handler</a> from hc32f4a0_interrupts.o(i.UsageFault_Handler) referenced from startup_hc32f4a0sitb.o(RESET)
 <LI><a href="#[9c]">__main</a> from entry.o(.ARM.Collect$$$$00000000) referenced from startup_hc32f4a0sitb.o(.text)
 <LI><a href="#[9e]">fputc</a> from fputc.o(i.fputc) referenced from printf3.o(i.__0printf$3)
 <LI><a href="#[9a]">main</a> from system_hc32f4a0sitb.o(i.$Sub$$main) referenced from entry9a.o(.ARM.Collect$$$$0000000B)
</UL>
<P>
<H3>
Global Symbols
</H3>
<P><STRONG><a name="[9c]"></a>__main</STRONG> (Thumb, 0 bytes, Stack size unknown bytes, entry.o(.ARM.Collect$$$$00000000))
<BR>[Address Reference Count : 1]<UL><LI> startup_hc32f4a0sitb.o(.text)
</UL>
<P><STRONG><a name="[2d4]"></a>_main_stk</STRONG> (Thumb, 0 bytes, Stack size unknown bytes, entry2.o(.ARM.Collect$$$$00000001))

<P><STRONG><a name="[281]"></a>_main_scatterload</STRONG> (Thumb, 0 bytes, Stack size unknown bytes, entry5.o(.ARM.Collect$$$$00000004))
<BR><BR>[Calls]<UL><LI><a href="#[282]">&gt;&gt;</a>&nbsp;&nbsp;&nbsp;__scatterload
</UL>

<P><STRONG><a name="[283]"></a>__main_after_scatterload</STRONG> (Thumb, 0 bytes, Stack size unknown bytes, entry5.o(.ARM.Collect$$$$00000004))
<BR><BR>[Called By]<UL><LI><a href="#[282]">&gt;&gt;</a>&nbsp;&nbsp;&nbsp;__scatterload
</UL>

<P><STRONG><a name="[2d5]"></a>_main_clock</STRONG> (Thumb, 0 bytes, Stack size unknown bytes, entry7b.o(.ARM.Collect$$$$00000008))

<P><STRONG><a name="[2d6]"></a>_main_cpp_init</STRONG> (Thumb, 0 bytes, Stack size unknown bytes, entry8b.o(.ARM.Collect$$$$0000000A))

<P><STRONG><a name="[2d7]"></a>_main_init</STRONG> (Thumb, 0 bytes, Stack size unknown bytes, entry9a.o(.ARM.Collect$$$$0000000B))

<P><STRONG><a name="[2d8]"></a>__rt_final_cpp</STRONG> (Thumb, 0 bytes, Stack size unknown bytes, entry10a.o(.ARM.Collect$$$$0000000D))

<P><STRONG><a name="[2d9]"></a>__rt_final_exit</STRONG> (Thumb, 0 bytes, Stack size unknown bytes, entry11a.o(.ARM.Collect$$$$0000000F))

<P><STRONG><a name="[0]"></a>Reset_Handler</STRONG> (Thumb, 8 bytes, Stack size 0 bytes, startup_hc32f4a0sitb.o(.text))
<BR>[Address Reference Count : 1]<UL><LI> startup_hc32f4a0sitb.o(RESET)
</UL>
<P><STRONG><a name="[6]"></a>SVC_Handler</STRONG> (Thumb, 2 bytes, Stack size 0 bytes, startup_hc32f4a0sitb.o(.text))
<BR><BR>[Calls]<UL><LI><a href="#[6]">&gt;&gt;</a>&nbsp;&nbsp;&nbsp;SVC_Handler
</UL>
<BR>[Called By]<UL><LI><a href="#[6]">&gt;&gt;</a>&nbsp;&nbsp;&nbsp;SVC_Handler
</UL>
<BR>[Address Reference Count : 1]<UL><LI> startup_hc32f4a0sitb.o(RESET)
</UL>
<P><STRONG><a name="[8]"></a>PendSV_Handler</STRONG> (Thumb, 2 bytes, Stack size 0 bytes, startup_hc32f4a0sitb.o(.text))
<BR><BR>[Calls]<UL><LI><a href="#[8]">&gt;&gt;</a>&nbsp;&nbsp;&nbsp;PendSV_Handler
</UL>
<BR>[Called By]<UL><LI><a href="#[8]">&gt;&gt;</a>&nbsp;&nbsp;&nbsp;PendSV_Handler
</UL>
<BR>[Address Reference Count : 1]<UL><LI> startup_hc32f4a0sitb.o(RESET)
</UL>
<P><STRONG><a name="[9]"></a>SysTick_Handler</STRONG> (Thumb, 2 bytes, Stack size 0 bytes, startup_hc32f4a0sitb.o(.text))
<BR><BR>[Calls]<UL><LI><a href="#[9]">&gt;&gt;</a>&nbsp;&nbsp;&nbsp;SysTick_Handler
</UL>
<BR>[Called By]<UL><LI><a href="#[9]">&gt;&gt;</a>&nbsp;&nbsp;&nbsp;SysTick_Handler
</UL>
<BR>[Address Reference Count : 1]<UL><LI> startup_hc32f4a0sitb.o(RESET)
</UL>
<P><STRONG><a name="[2da]"></a>__aeabi_uidiv</STRONG> (Thumb, 0 bytes, Stack size 12 bytes, uidiv.o(.text), UNUSED)

<P><STRONG><a name="[2cd]"></a>__aeabi_uidivmod</STRONG> (Thumb, 44 bytes, Stack size 12 bytes, uidiv.o(.text), UNUSED)
<BR><BR>[Called By]<UL><LI><a href="#[2cc]">&gt;&gt;</a>&nbsp;&nbsp;&nbsp;_printf_core
</UL>

<P><STRONG><a name="[282]"></a>__scatterload</STRONG> (Thumb, 28 bytes, Stack size 0 bytes, init.o(.text))
<BR><BR>[Calls]<UL><LI><a href="#[283]">&gt;&gt;</a>&nbsp;&nbsp;&nbsp;__main_after_scatterload
</UL>
<BR>[Called By]<UL><LI><a href="#[281]">&gt;&gt;</a>&nbsp;&nbsp;&nbsp;_main_scatterload
</UL>

<P><STRONG><a name="[2db]"></a>__scatterload_rt2</STRONG> (Thumb, 0 bytes, Stack size 0 bytes, init.o(.text), UNUSED)

<P><STRONG><a name="[2dc]"></a>__I$use$semihosting$fputc</STRONG> (Thumb, 0 bytes, Stack size 8 bytes, iusesemip.o(.text), UNUSED)

<P><STRONG><a name="[2dd]"></a>__semihosting_library_function</STRONG> (Thumb, 0 bytes, Stack size 8 bytes, semi.o(.text), UNUSED)

<P><STRONG><a name="[9a]"></a>main</STRONG> (Thumb, 14 bytes, Stack size 8 bytes, system_hc32f4a0sitb.o(i.$Sub$$main))
<BR><BR>[Stack]<UL><LI>Max Depth = 160<LI>Call Chain = main &rArr; $Super$$main &rArr; System_Init &rArr; bsp_Init &rArr; W25Q_MB85R_SpiInit &rArr; GPIO_SetFunc &rArr; DDL_AssertHandler &rArr; __2printf
</UL>
<BR>[Calls]<UL><LI><a href="#[284]">&gt;&gt;</a>&nbsp;&nbsp;&nbsp;SystemCoreClockUpdate
<LI><a href="#[285]">&gt;&gt;</a>&nbsp;&nbsp;&nbsp;$Super$$main
</UL>
<BR>[Address Reference Count : 1]<UL><LI> entry9a.o(.ARM.Collect$$$$0000000B)
</UL>
<P><STRONG><a name="[a1]"></a>ADC_1_Cmp0_IrqHandler</STRONG> (Thumb, 2 bytes, Stack size 0 bytes, hc32f4a0_interrupts.o(i.ADC_1_Cmp0_IrqHandler))
<BR><BR>[Called By]<UL><LI><a href="#[99]">&gt;&gt;</a>&nbsp;&nbsp;&nbsp;IRQ143_Handler
</UL>

<P><STRONG><a name="[a2]"></a>ADC_1_Cmp1Comb_IrqHandler</STRONG> (Thumb, 2 bytes, Stack size 0 bytes, hc32f4a0_interrupts.o(i.ADC_1_Cmp1Comb_IrqHandler))
<BR><BR>[Called By]<UL><LI><a href="#[99]">&gt;&gt;</a>&nbsp;&nbsp;&nbsp;IRQ143_Handler
</UL>

<P><STRONG><a name="[a3]"></a>ADC_1_Cmp1Ind_IrqHandler</STRONG> (Thumb, 2 bytes, Stack size 0 bytes, hc32f4a0_interrupts.o(i.ADC_1_Cmp1Ind_IrqHandler))
<BR><BR>[Called By]<UL><LI><a href="#[99]">&gt;&gt;</a>&nbsp;&nbsp;&nbsp;IRQ143_Handler
</UL>

<P><STRONG><a name="[a4]"></a>ADC_1_SeqA_IrqHandler</STRONG> (Thumb, 2 bytes, Stack size 0 bytes, hc32f4a0_interrupts.o(i.ADC_1_SeqA_IrqHandler))
<BR><BR>[Called By]<UL><LI><a href="#[99]">&gt;&gt;</a>&nbsp;&nbsp;&nbsp;IRQ143_Handler
</UL>

<P><STRONG><a name="[a5]"></a>ADC_1_SeqB_IrqHandler</STRONG> (Thumb, 2 bytes, Stack size 0 bytes, hc32f4a0_interrupts.o(i.ADC_1_SeqB_IrqHandler))
<BR><BR>[Called By]<UL><LI><a href="#[99]">&gt;&gt;</a>&nbsp;&nbsp;&nbsp;IRQ143_Handler
</UL>

<P><STRONG><a name="[a6]"></a>ADC_2_Cmp0_IrqHandler</STRONG> (Thumb, 2 bytes, Stack size 0 bytes, hc32f4a0_interrupts.o(i.ADC_2_Cmp0_IrqHandler))
<BR><BR>[Called By]<UL><LI><a href="#[99]">&gt;&gt;</a>&nbsp;&nbsp;&nbsp;IRQ143_Handler
</UL>

<P><STRONG><a name="[a7]"></a>ADC_2_Cmp1Comb_IrqHandler</STRONG> (Thumb, 2 bytes, Stack size 0 bytes, hc32f4a0_interrupts.o(i.ADC_2_Cmp1Comb_IrqHandler))
<BR><BR>[Called By]<UL><LI><a href="#[99]">&gt;&gt;</a>&nbsp;&nbsp;&nbsp;IRQ143_Handler
</UL>

<P><STRONG><a name="[a8]"></a>ADC_2_Cmp1Ind_IrqHandler</STRONG> (Thumb, 2 bytes, Stack size 0 bytes, hc32f4a0_interrupts.o(i.ADC_2_Cmp1Ind_IrqHandler))
<BR><BR>[Called By]<UL><LI><a href="#[99]">&gt;&gt;</a>&nbsp;&nbsp;&nbsp;IRQ143_Handler
</UL>

<P><STRONG><a name="[a9]"></a>ADC_2_SeqA_IrqHandler</STRONG> (Thumb, 2 bytes, Stack size 0 bytes, hc32f4a0_interrupts.o(i.ADC_2_SeqA_IrqHandler))
<BR><BR>[Called By]<UL><LI><a href="#[99]">&gt;&gt;</a>&nbsp;&nbsp;&nbsp;IRQ143_Handler
</UL>

<P><STRONG><a name="[aa]"></a>ADC_2_SeqB_IrqHandler</STRONG> (Thumb, 2 bytes, Stack size 0 bytes, hc32f4a0_interrupts.o(i.ADC_2_SeqB_IrqHandler))
<BR><BR>[Called By]<UL><LI><a href="#[99]">&gt;&gt;</a>&nbsp;&nbsp;&nbsp;IRQ143_Handler
</UL>

<P><STRONG><a name="[ab]"></a>ADC_3_Cmp0_IrqHandler</STRONG> (Thumb, 2 bytes, Stack size 0 bytes, hc32f4a0_interrupts.o(i.ADC_3_Cmp0_IrqHandler))
<BR><BR>[Called By]<UL><LI><a href="#[99]">&gt;&gt;</a>&nbsp;&nbsp;&nbsp;IRQ143_Handler
</UL>

<P><STRONG><a name="[ac]"></a>ADC_3_Cmp1Comb_IrqHandler</STRONG> (Thumb, 2 bytes, Stack size 0 bytes, hc32f4a0_interrupts.o(i.ADC_3_Cmp1Comb_IrqHandler))
<BR><BR>[Called By]<UL><LI><a href="#[99]">&gt;&gt;</a>&nbsp;&nbsp;&nbsp;IRQ143_Handler
</UL>

<P><STRONG><a name="[ad]"></a>ADC_3_Cmp1Ind_IrqHandler</STRONG> (Thumb, 2 bytes, Stack size 0 bytes, hc32f4a0_interrupts.o(i.ADC_3_Cmp1Ind_IrqHandler))
<BR><BR>[Called By]<UL><LI><a href="#[99]">&gt;&gt;</a>&nbsp;&nbsp;&nbsp;IRQ143_Handler
</UL>

<P><STRONG><a name="[ae]"></a>ADC_3_SeqA_IrqHandler</STRONG> (Thumb, 2 bytes, Stack size 0 bytes, hc32f4a0_interrupts.o(i.ADC_3_SeqA_IrqHandler))
<BR><BR>[Called By]<UL><LI><a href="#[99]">&gt;&gt;</a>&nbsp;&nbsp;&nbsp;IRQ143_Handler
</UL>

<P><STRONG><a name="[af]"></a>ADC_3_SeqB_IrqHandler</STRONG> (Thumb, 2 bytes, Stack size 0 bytes, hc32f4a0_interrupts.o(i.ADC_3_SeqB_IrqHandler))
<BR><BR>[Called By]<UL><LI><a href="#[99]">&gt;&gt;</a>&nbsp;&nbsp;&nbsp;IRQ143_Handler
</UL>

<P><STRONG><a name="[286]"></a>Boot_JMP_APP</STRONG> (Thumb, 70 bytes, Stack size 8 bytes, main.o(i.Boot_JMP_APP))
<BR><BR>[Stack]<UL><LI>Max Depth = 8<LI>Call Chain = Boot_JMP_APP
</UL>
<BR>[Calls]<UL><LI><a href="#[287]">&gt;&gt;</a>&nbsp;&nbsp;&nbsp;__set_PRIMASK
</UL>
<BR>[Called By]<UL><LI><a href="#[285]">&gt;&gt;</a>&nbsp;&nbsp;&nbsp;$Super$$main
</UL>

<P><STRONG><a name="[4]"></a>BusFault_Handler</STRONG> (Thumb, 8 bytes, Stack size 8 bytes, hc32f4a0_interrupts.o(i.BusFault_Handler))
<BR><BR>[Stack]<UL><LI>Max Depth = 8<LI>Call Chain = BusFault_Handler
</UL>
<BR>[Calls]<UL><LI><a href="#[b0]">&gt;&gt;</a>&nbsp;&nbsp;&nbsp;BusFault_IrqHandler
</UL>
<BR>[Address Reference Count : 1]<UL><LI> startup_hc32f4a0sitb.o(RESET)
</UL>
<P><STRONG><a name="[b0]"></a>BusFault_IrqHandler</STRONG> (Thumb, 2 bytes, Stack size 0 bytes, hc32f4a0_interrupts.o(i.BusFault_IrqHandler))
<BR><BR>[Called By]<UL><LI><a href="#[4]">&gt;&gt;</a>&nbsp;&nbsp;&nbsp;BusFault_Handler
</UL>

<P><STRONG><a name="[b1]"></a>CAN_1_IrqHandler</STRONG> (Thumb, 2 bytes, Stack size 0 bytes, hc32f4a0_interrupts.o(i.CAN_1_IrqHandler))
<BR><BR>[Called By]<UL><LI><a href="#[94]">&gt;&gt;</a>&nbsp;&nbsp;&nbsp;IRQ138_Handler
</UL>

<P><STRONG><a name="[b2]"></a>CAN_2_IrqHandler</STRONG> (Thumb, 2 bytes, Stack size 0 bytes, hc32f4a0_interrupts.o(i.CAN_2_IrqHandler))
<BR><BR>[Called By]<UL><LI><a href="#[94]">&gt;&gt;</a>&nbsp;&nbsp;&nbsp;IRQ138_Handler
</UL>

<P><STRONG><a name="[288]"></a>CLK_GetStableStatus</STRONG> (Thumb, 46 bytes, Stack size 8 bytes, hc32f4a0_clk.o(i.CLK_GetStableStatus))
<BR><BR>[Stack]<UL><LI>Max Depth = 32<LI>Call Chain = CLK_GetStableStatus &rArr; DDL_AssertHandler &rArr; __2printf
</UL>
<BR>[Calls]<UL><LI><a href="#[9f]">&gt;&gt;</a>&nbsp;&nbsp;&nbsp;DDL_AssertHandler
</UL>
<BR>[Called By]<UL><LI><a href="#[28d]">&gt;&gt;</a>&nbsp;&nbsp;&nbsp;CLK_XtalCmd
<LI><a href="#[28a]">&gt;&gt;</a>&nbsp;&nbsp;&nbsp;CLK_PLLHCmd
</UL>

<P><STRONG><a name="[b3]"></a>CLK_XtalStop_IrqHandler</STRONG> (Thumb, 2 bytes, Stack size 0 bytes, hc32f4a0_interrupts.o(i.CLK_XtalStop_IrqHandler))
<BR><BR>[Called By]<UL><LI><a href="#[8d]">&gt;&gt;</a>&nbsp;&nbsp;&nbsp;IRQ131_Handler
</UL>

<P><STRONG><a name="[b4]"></a>CTC_Ovf_IrqHandler</STRONG> (Thumb, 2 bytes, Stack size 0 bytes, hc32f4a0_interrupts.o(i.CTC_Ovf_IrqHandler))
<BR><BR>[Called By]<UL><LI><a href="#[98]">&gt;&gt;</a>&nbsp;&nbsp;&nbsp;IRQ142_Handler
</UL>

<P><STRONG><a name="[b5]"></a>CTC_Udf_IrqHandler</STRONG> (Thumb, 2 bytes, Stack size 0 bytes, hc32f4a0_interrupts.o(i.CTC_Udf_IrqHandler))
<BR><BR>[Called By]<UL><LI><a href="#[98]">&gt;&gt;</a>&nbsp;&nbsp;&nbsp;IRQ142_Handler
</UL>

<P><STRONG><a name="[b6]"></a>DCU_1_IrqHandler</STRONG> (Thumb, 2 bytes, Stack size 0 bytes, hc32f4a0_interrupts.o(i.DCU_1_IrqHandler))
<BR><BR>[Called By]<UL><LI><a href="#[8b]">&gt;&gt;</a>&nbsp;&nbsp;&nbsp;IRQ129_Handler
</UL>

<P><STRONG><a name="[289]"></a>CLK_ClkDiv</STRONG> (Thumb, 962 bytes, Stack size 40 bytes, hc32f4a0_clk.o(i.CLK_ClkDiv))
<BR><BR>[Stack]<UL><LI>Max Depth = 64<LI>Call Chain = CLK_ClkDiv &rArr; DDL_AssertHandler &rArr; __2printf
</UL>
<BR>[Calls]<UL><LI><a href="#[9f]">&gt;&gt;</a>&nbsp;&nbsp;&nbsp;DDL_AssertHandler
</UL>
<BR>[Called By]<UL><LI><a href="#[2b4]">&gt;&gt;</a>&nbsp;&nbsp;&nbsp;SystemClock_Config
</UL>

<P><STRONG><a name="[28a]"></a>CLK_PLLHCmd</STRONG> (Thumb, 128 bytes, Stack size 16 bytes, hc32f4a0_clk.o(i.CLK_PLLHCmd))
<BR><BR>[Stack]<UL><LI>Max Depth = 48<LI>Call Chain = CLK_PLLHCmd &rArr; CLK_GetStableStatus &rArr; DDL_AssertHandler &rArr; __2printf
</UL>
<BR>[Calls]<UL><LI><a href="#[9f]">&gt;&gt;</a>&nbsp;&nbsp;&nbsp;DDL_AssertHandler
<LI><a href="#[288]">&gt;&gt;</a>&nbsp;&nbsp;&nbsp;CLK_GetStableStatus
</UL>
<BR>[Called By]<UL><LI><a href="#[28b]">&gt;&gt;</a>&nbsp;&nbsp;&nbsp;CLK_PLLHInit
<LI><a href="#[2b4]">&gt;&gt;</a>&nbsp;&nbsp;&nbsp;SystemClock_Config
</UL>

<P><STRONG><a name="[28b]"></a>CLK_PLLHInit</STRONG> (Thumb, 588 bytes, Stack size 24 bytes, hc32f4a0_clk.o(i.CLK_PLLHInit))
<BR><BR>[Stack]<UL><LI>Max Depth = 72<LI>Call Chain = CLK_PLLHInit &rArr; CLK_PLLHCmd &rArr; CLK_GetStableStatus &rArr; DDL_AssertHandler &rArr; __2printf
</UL>
<BR>[Calls]<UL><LI><a href="#[9f]">&gt;&gt;</a>&nbsp;&nbsp;&nbsp;DDL_AssertHandler
<LI><a href="#[28a]">&gt;&gt;</a>&nbsp;&nbsp;&nbsp;CLK_PLLHCmd
</UL>
<BR>[Called By]<UL><LI><a href="#[2b4]">&gt;&gt;</a>&nbsp;&nbsp;&nbsp;SystemClock_Config
</UL>

<P><STRONG><a name="[2b6]"></a>CLK_PLLHStrucInit</STRONG> (Thumb, 86 bytes, Stack size 0 bytes, hc32f4a0_clk.o(i.CLK_PLLHStrucInit))
<BR><BR>[Called By]<UL><LI><a href="#[2b4]">&gt;&gt;</a>&nbsp;&nbsp;&nbsp;SystemClock_Config
</UL>

<P><STRONG><a name="[28c]"></a>CLK_SetSysClkSrc</STRONG> (Thumb, 248 bytes, Stack size 32 bytes, hc32f4a0_clk.o(i.CLK_SetSysClkSrc))
<BR><BR>[Stack]<UL><LI>Max Depth = 56<LI>Call Chain = CLK_SetSysClkSrc &rArr; DDL_AssertHandler &rArr; __2printf
</UL>
<BR>[Calls]<UL><LI><a href="#[9f]">&gt;&gt;</a>&nbsp;&nbsp;&nbsp;DDL_AssertHandler
<LI><a href="#[284]">&gt;&gt;</a>&nbsp;&nbsp;&nbsp;SystemCoreClockUpdate
</UL>
<BR>[Called By]<UL><LI><a href="#[2b4]">&gt;&gt;</a>&nbsp;&nbsp;&nbsp;SystemClock_Config
</UL>

<P><STRONG><a name="[28d]"></a>CLK_XtalCmd</STRONG> (Thumb, 152 bytes, Stack size 16 bytes, hc32f4a0_clk.o(i.CLK_XtalCmd))
<BR><BR>[Stack]<UL><LI>Max Depth = 48<LI>Call Chain = CLK_XtalCmd &rArr; CLK_GetStableStatus &rArr; DDL_AssertHandler &rArr; __2printf
</UL>
<BR>[Calls]<UL><LI><a href="#[9f]">&gt;&gt;</a>&nbsp;&nbsp;&nbsp;DDL_AssertHandler
<LI><a href="#[288]">&gt;&gt;</a>&nbsp;&nbsp;&nbsp;CLK_GetStableStatus
</UL>
<BR>[Called By]<UL><LI><a href="#[28e]">&gt;&gt;</a>&nbsp;&nbsp;&nbsp;CLK_XtalInit
</UL>

<P><STRONG><a name="[28e]"></a>CLK_XtalInit</STRONG> (Thumb, 242 bytes, Stack size 16 bytes, hc32f4a0_clk.o(i.CLK_XtalInit))
<BR><BR>[Stack]<UL><LI>Max Depth = 64<LI>Call Chain = CLK_XtalInit &rArr; CLK_XtalCmd &rArr; CLK_GetStableStatus &rArr; DDL_AssertHandler &rArr; __2printf
</UL>
<BR>[Calls]<UL><LI><a href="#[9f]">&gt;&gt;</a>&nbsp;&nbsp;&nbsp;DDL_AssertHandler
<LI><a href="#[28d]">&gt;&gt;</a>&nbsp;&nbsp;&nbsp;CLK_XtalCmd
</UL>
<BR>[Called By]<UL><LI><a href="#[2b4]">&gt;&gt;</a>&nbsp;&nbsp;&nbsp;SystemClock_Config
</UL>

<P><STRONG><a name="[2b5]"></a>CLK_XtalStrucInit</STRONG> (Thumb, 26 bytes, Stack size 0 bytes, hc32f4a0_clk.o(i.CLK_XtalStrucInit))
<BR><BR>[Called By]<UL><LI><a href="#[2b4]">&gt;&gt;</a>&nbsp;&nbsp;&nbsp;SystemClock_Config
</UL>

<P><STRONG><a name="[b7]"></a>DCU_2_IrqHandler</STRONG> (Thumb, 2 bytes, Stack size 0 bytes, hc32f4a0_interrupts.o(i.DCU_2_IrqHandler))
<BR><BR>[Called By]<UL><LI><a href="#[8b]">&gt;&gt;</a>&nbsp;&nbsp;&nbsp;IRQ129_Handler
</UL>

<P><STRONG><a name="[b8]"></a>DCU_3_IrqHandler</STRONG> (Thumb, 2 bytes, Stack size 0 bytes, hc32f4a0_interrupts.o(i.DCU_3_IrqHandler))
<BR><BR>[Called By]<UL><LI><a href="#[8b]">&gt;&gt;</a>&nbsp;&nbsp;&nbsp;IRQ129_Handler
</UL>

<P><STRONG><a name="[b9]"></a>DCU_4_IrqHandler</STRONG> (Thumb, 2 bytes, Stack size 0 bytes, hc32f4a0_interrupts.o(i.DCU_4_IrqHandler))
<BR><BR>[Called By]<UL><LI><a href="#[8b]">&gt;&gt;</a>&nbsp;&nbsp;&nbsp;IRQ129_Handler
</UL>

<P><STRONG><a name="[ba]"></a>DCU_5_IrqHandler</STRONG> (Thumb, 2 bytes, Stack size 0 bytes, hc32f4a0_interrupts.o(i.DCU_5_IrqHandler))
<BR><BR>[Called By]<UL><LI><a href="#[8b]">&gt;&gt;</a>&nbsp;&nbsp;&nbsp;IRQ129_Handler
</UL>

<P><STRONG><a name="[bb]"></a>DCU_6_IrqHandler</STRONG> (Thumb, 2 bytes, Stack size 0 bytes, hc32f4a0_interrupts.o(i.DCU_6_IrqHandler))
<BR><BR>[Called By]<UL><LI><a href="#[8b]">&gt;&gt;</a>&nbsp;&nbsp;&nbsp;IRQ129_Handler
</UL>

<P><STRONG><a name="[bc]"></a>DCU_7_IrqHandler</STRONG> (Thumb, 2 bytes, Stack size 0 bytes, hc32f4a0_interrupts.o(i.DCU_7_IrqHandler))
<BR><BR>[Called By]<UL><LI><a href="#[8b]">&gt;&gt;</a>&nbsp;&nbsp;&nbsp;IRQ129_Handler
</UL>

<P><STRONG><a name="[bd]"></a>DCU_8_IrqHandler</STRONG> (Thumb, 2 bytes, Stack size 0 bytes, hc32f4a0_interrupts.o(i.DCU_8_IrqHandler))
<BR><BR>[Called By]<UL><LI><a href="#[8b]">&gt;&gt;</a>&nbsp;&nbsp;&nbsp;IRQ129_Handler
</UL>

<P><STRONG><a name="[9f]"></a>DDL_AssertHandler</STRONG> (Thumb, 18 bytes, Stack size 0 bytes, hc32f4a0_utility.o(i.DDL_AssertHandler))
<BR><BR>[Stack]<UL><LI>Max Depth = 24<LI>Call Chain = DDL_AssertHandler &rArr; __2printf
</UL>
<BR>[Calls]<UL><LI><a href="#[28f]">&gt;&gt;</a>&nbsp;&nbsp;&nbsp;__2printf
</UL>
<BR>[Called By]<UL><LI><a href="#[28e]">&gt;&gt;</a>&nbsp;&nbsp;&nbsp;CLK_XtalInit
<LI><a href="#[28d]">&gt;&gt;</a>&nbsp;&nbsp;&nbsp;CLK_XtalCmd
<LI><a href="#[28c]">&gt;&gt;</a>&nbsp;&nbsp;&nbsp;CLK_SetSysClkSrc
<LI><a href="#[28b]">&gt;&gt;</a>&nbsp;&nbsp;&nbsp;CLK_PLLHInit
<LI><a href="#[28a]">&gt;&gt;</a>&nbsp;&nbsp;&nbsp;CLK_PLLHCmd
<LI><a href="#[288]">&gt;&gt;</a>&nbsp;&nbsp;&nbsp;CLK_GetStableStatus
<LI><a href="#[289]">&gt;&gt;</a>&nbsp;&nbsp;&nbsp;CLK_ClkDiv
<LI><a href="#[29e]">&gt;&gt;</a>&nbsp;&nbsp;&nbsp;GPIO_TogglePins
<LI><a href="#[2a2]">&gt;&gt;</a>&nbsp;&nbsp;&nbsp;GPIO_SetPins
<LI><a href="#[2a1]">&gt;&gt;</a>&nbsp;&nbsp;&nbsp;GPIO_SetFunc
<LI><a href="#[2a0]">&gt;&gt;</a>&nbsp;&nbsp;&nbsp;GPIO_ResetPins
<LI><a href="#[29f]">&gt;&gt;</a>&nbsp;&nbsp;&nbsp;GPIO_Init
<LI><a href="#[29a]">&gt;&gt;</a>&nbsp;&nbsp;&nbsp;EFM_SingleProgram
<LI><a href="#[299]">&gt;&gt;</a>&nbsp;&nbsp;&nbsp;EFM_SetWaitCycle
<LI><a href="#[298]">&gt;&gt;</a>&nbsp;&nbsp;&nbsp;EFM_SectorErase
<LI><a href="#[297]">&gt;&gt;</a>&nbsp;&nbsp;&nbsp;EFM_SectorCmd_Sequential
<LI><a href="#[293]">&gt;&gt;</a>&nbsp;&nbsp;&nbsp;EFM_Init
<LI><a href="#[294]">&gt;&gt;</a>&nbsp;&nbsp;&nbsp;EFM_GetFlagStatus
<LI><a href="#[296]">&gt;&gt;</a>&nbsp;&nbsp;&nbsp;EFM_FWMC_Unlock
<LI><a href="#[295]">&gt;&gt;</a>&nbsp;&nbsp;&nbsp;EFM_FWMC_Lock
<LI><a href="#[290]">&gt;&gt;</a>&nbsp;&nbsp;&nbsp;EFM_ClearFlag
<LI><a href="#[2b3]">&gt;&gt;</a>&nbsp;&nbsp;&nbsp;SWDT_Init
<LI><a href="#[2b0]">&gt;&gt;</a>&nbsp;&nbsp;&nbsp;SPI_Init
<LI><a href="#[2af]">&gt;&gt;</a>&nbsp;&nbsp;&nbsp;SPI_FunctionCmd
<LI><a href="#[2ae]">&gt;&gt;</a>&nbsp;&nbsp;&nbsp;SPI_DeInit
<LI><a href="#[2ab]">&gt;&gt;</a>&nbsp;&nbsp;&nbsp;PWC_Fcg2PeriphClockCmd
<LI><a href="#[2aa]">&gt;&gt;</a>&nbsp;&nbsp;&nbsp;PWC_Fcg1PeriphClockCmd
<LI><a href="#[2be]">&gt;&gt;</a>&nbsp;&nbsp;&nbsp;TMRA_Stop
<LI><a href="#[2bd]">&gt;&gt;</a>&nbsp;&nbsp;&nbsp;TMRA_Start
<LI><a href="#[2bc]">&gt;&gt;</a>&nbsp;&nbsp;&nbsp;TMRA_IntCmd
<LI><a href="#[2bb]">&gt;&gt;</a>&nbsp;&nbsp;&nbsp;TMRA_Init
<LI><a href="#[2ba]">&gt;&gt;</a>&nbsp;&nbsp;&nbsp;TMRA_GetStatus
<LI><a href="#[2b9]">&gt;&gt;</a>&nbsp;&nbsp;&nbsp;TMRA_ClrStatus
</UL>

<P><STRONG><a name="[be]"></a>DMA_1_Btc0_IrqHandler</STRONG> (Thumb, 2 bytes, Stack size 0 bytes, hc32f4a0_interrupts.o(i.DMA_1_Btc0_IrqHandler))
<BR><BR>[Called By]<UL><LI><a href="#[8b]">&gt;&gt;</a>&nbsp;&nbsp;&nbsp;IRQ129_Handler
</UL>

<P><STRONG><a name="[bf]"></a>DMA_1_Btc1_IrqHandler</STRONG> (Thumb, 2 bytes, Stack size 0 bytes, hc32f4a0_interrupts.o(i.DMA_1_Btc1_IrqHandler))
<BR><BR>[Called By]<UL><LI><a href="#[8b]">&gt;&gt;</a>&nbsp;&nbsp;&nbsp;IRQ129_Handler
</UL>

<P><STRONG><a name="[c0]"></a>DMA_1_Btc2_IrqHandler</STRONG> (Thumb, 2 bytes, Stack size 0 bytes, hc32f4a0_interrupts.o(i.DMA_1_Btc2_IrqHandler))
<BR><BR>[Called By]<UL><LI><a href="#[8b]">&gt;&gt;</a>&nbsp;&nbsp;&nbsp;IRQ129_Handler
</UL>

<P><STRONG><a name="[c1]"></a>DMA_1_Btc3_IrqHandler</STRONG> (Thumb, 2 bytes, Stack size 0 bytes, hc32f4a0_interrupts.o(i.DMA_1_Btc3_IrqHandler))
<BR><BR>[Called By]<UL><LI><a href="#[8b]">&gt;&gt;</a>&nbsp;&nbsp;&nbsp;IRQ129_Handler
</UL>

<P><STRONG><a name="[c2]"></a>DMA_1_Btc4_IrqHandler</STRONG> (Thumb, 2 bytes, Stack size 0 bytes, hc32f4a0_interrupts.o(i.DMA_1_Btc4_IrqHandler))
<BR><BR>[Called By]<UL><LI><a href="#[8b]">&gt;&gt;</a>&nbsp;&nbsp;&nbsp;IRQ129_Handler
</UL>

<P><STRONG><a name="[c3]"></a>DMA_1_Btc5_IrqHandler</STRONG> (Thumb, 2 bytes, Stack size 0 bytes, hc32f4a0_interrupts.o(i.DMA_1_Btc5_IrqHandler))
<BR><BR>[Called By]<UL><LI><a href="#[8b]">&gt;&gt;</a>&nbsp;&nbsp;&nbsp;IRQ129_Handler
</UL>

<P><STRONG><a name="[c4]"></a>DMA_1_Btc6_IrqHandler</STRONG> (Thumb, 2 bytes, Stack size 0 bytes, hc32f4a0_interrupts.o(i.DMA_1_Btc6_IrqHandler))
<BR><BR>[Called By]<UL><LI><a href="#[8b]">&gt;&gt;</a>&nbsp;&nbsp;&nbsp;IRQ129_Handler
</UL>

<P><STRONG><a name="[c5]"></a>DMA_1_Btc7_IrqHandler</STRONG> (Thumb, 2 bytes, Stack size 0 bytes, hc32f4a0_interrupts.o(i.DMA_1_Btc7_IrqHandler))
<BR><BR>[Called By]<UL><LI><a href="#[8b]">&gt;&gt;</a>&nbsp;&nbsp;&nbsp;IRQ129_Handler
</UL>

<P><STRONG><a name="[c6]"></a>DMA_1_Err0_IrqHandler</STRONG> (Thumb, 2 bytes, Stack size 0 bytes, hc32f4a0_interrupts.o(i.DMA_1_Err0_IrqHandler))
<BR><BR>[Called By]<UL><LI><a href="#[8b]">&gt;&gt;</a>&nbsp;&nbsp;&nbsp;IRQ129_Handler
</UL>

<P><STRONG><a name="[c7]"></a>DMA_1_Err1_IrqHandler</STRONG> (Thumb, 2 bytes, Stack size 0 bytes, hc32f4a0_interrupts.o(i.DMA_1_Err1_IrqHandler))
<BR><BR>[Called By]<UL><LI><a href="#[8b]">&gt;&gt;</a>&nbsp;&nbsp;&nbsp;IRQ129_Handler
</UL>

<P><STRONG><a name="[c8]"></a>DMA_1_Err2_IrqHandler</STRONG> (Thumb, 2 bytes, Stack size 0 bytes, hc32f4a0_interrupts.o(i.DMA_1_Err2_IrqHandler))
<BR><BR>[Called By]<UL><LI><a href="#[8b]">&gt;&gt;</a>&nbsp;&nbsp;&nbsp;IRQ129_Handler
</UL>

<P><STRONG><a name="[c9]"></a>DMA_1_Err3_IrqHandler</STRONG> (Thumb, 2 bytes, Stack size 0 bytes, hc32f4a0_interrupts.o(i.DMA_1_Err3_IrqHandler))
<BR><BR>[Called By]<UL><LI><a href="#[8b]">&gt;&gt;</a>&nbsp;&nbsp;&nbsp;IRQ129_Handler
</UL>

<P><STRONG><a name="[ca]"></a>DMA_1_Err4_IrqHandler</STRONG> (Thumb, 2 bytes, Stack size 0 bytes, hc32f4a0_interrupts.o(i.DMA_1_Err4_IrqHandler))
<BR><BR>[Called By]<UL><LI><a href="#[8b]">&gt;&gt;</a>&nbsp;&nbsp;&nbsp;IRQ129_Handler
</UL>

<P><STRONG><a name="[cb]"></a>DMA_1_Err5_IrqHandler</STRONG> (Thumb, 2 bytes, Stack size 0 bytes, hc32f4a0_interrupts.o(i.DMA_1_Err5_IrqHandler))
<BR><BR>[Called By]<UL><LI><a href="#[8b]">&gt;&gt;</a>&nbsp;&nbsp;&nbsp;IRQ129_Handler
</UL>

<P><STRONG><a name="[cc]"></a>DMA_1_Err6_IrqHandler</STRONG> (Thumb, 2 bytes, Stack size 0 bytes, hc32f4a0_interrupts.o(i.DMA_1_Err6_IrqHandler))
<BR><BR>[Called By]<UL><LI><a href="#[8b]">&gt;&gt;</a>&nbsp;&nbsp;&nbsp;IRQ129_Handler
</UL>

<P><STRONG><a name="[cd]"></a>DMA_1_Err7_IrqHandler</STRONG> (Thumb, 2 bytes, Stack size 0 bytes, hc32f4a0_interrupts.o(i.DMA_1_Err7_IrqHandler))
<BR><BR>[Called By]<UL><LI><a href="#[8b]">&gt;&gt;</a>&nbsp;&nbsp;&nbsp;IRQ129_Handler
</UL>

<P><STRONG><a name="[ce]"></a>DMA_1_Tc0_IrqHandler</STRONG> (Thumb, 2 bytes, Stack size 0 bytes, hc32f4a0_interrupts.o(i.DMA_1_Tc0_IrqHandler))
<BR><BR>[Called By]<UL><LI><a href="#[8b]">&gt;&gt;</a>&nbsp;&nbsp;&nbsp;IRQ129_Handler
</UL>

<P><STRONG><a name="[cf]"></a>DMA_1_Tc1_IrqHandler</STRONG> (Thumb, 2 bytes, Stack size 0 bytes, hc32f4a0_interrupts.o(i.DMA_1_Tc1_IrqHandler))
<BR><BR>[Called By]<UL><LI><a href="#[8b]">&gt;&gt;</a>&nbsp;&nbsp;&nbsp;IRQ129_Handler
</UL>

<P><STRONG><a name="[d0]"></a>DMA_1_Tc2_IrqHandler</STRONG> (Thumb, 2 bytes, Stack size 0 bytes, hc32f4a0_interrupts.o(i.DMA_1_Tc2_IrqHandler))
<BR><BR>[Called By]<UL><LI><a href="#[8b]">&gt;&gt;</a>&nbsp;&nbsp;&nbsp;IRQ129_Handler
</UL>

<P><STRONG><a name="[d1]"></a>DMA_1_Tc3_IrqHandler</STRONG> (Thumb, 2 bytes, Stack size 0 bytes, hc32f4a0_interrupts.o(i.DMA_1_Tc3_IrqHandler))
<BR><BR>[Called By]<UL><LI><a href="#[8b]">&gt;&gt;</a>&nbsp;&nbsp;&nbsp;IRQ129_Handler
</UL>

<P><STRONG><a name="[d2]"></a>DMA_1_Tc4_IrqHandler</STRONG> (Thumb, 2 bytes, Stack size 0 bytes, hc32f4a0_interrupts.o(i.DMA_1_Tc4_IrqHandler))
<BR><BR>[Called By]<UL><LI><a href="#[8b]">&gt;&gt;</a>&nbsp;&nbsp;&nbsp;IRQ129_Handler
</UL>

<P><STRONG><a name="[d3]"></a>DMA_1_Tc5_IrqHandler</STRONG> (Thumb, 2 bytes, Stack size 0 bytes, hc32f4a0_interrupts.o(i.DMA_1_Tc5_IrqHandler))
<BR><BR>[Called By]<UL><LI><a href="#[8b]">&gt;&gt;</a>&nbsp;&nbsp;&nbsp;IRQ129_Handler
</UL>

<P><STRONG><a name="[d4]"></a>DMA_1_Tc6_IrqHandler</STRONG> (Thumb, 2 bytes, Stack size 0 bytes, hc32f4a0_interrupts.o(i.DMA_1_Tc6_IrqHandler))
<BR><BR>[Called By]<UL><LI><a href="#[8b]">&gt;&gt;</a>&nbsp;&nbsp;&nbsp;IRQ129_Handler
</UL>

<P><STRONG><a name="[d5]"></a>DMA_1_Tc7_IrqHandler</STRONG> (Thumb, 2 bytes, Stack size 0 bytes, hc32f4a0_interrupts.o(i.DMA_1_Tc7_IrqHandler))
<BR><BR>[Called By]<UL><LI><a href="#[8b]">&gt;&gt;</a>&nbsp;&nbsp;&nbsp;IRQ129_Handler
</UL>

<P><STRONG><a name="[d6]"></a>DMA_2_Btc0_IrqHandler</STRONG> (Thumb, 2 bytes, Stack size 0 bytes, hc32f4a0_interrupts.o(i.DMA_2_Btc0_IrqHandler))
<BR><BR>[Called By]<UL><LI><a href="#[8c]">&gt;&gt;</a>&nbsp;&nbsp;&nbsp;IRQ130_Handler
</UL>

<P><STRONG><a name="[d7]"></a>DMA_2_Btc1_IrqHandler</STRONG> (Thumb, 2 bytes, Stack size 0 bytes, hc32f4a0_interrupts.o(i.DMA_2_Btc1_IrqHandler))
<BR><BR>[Called By]<UL><LI><a href="#[8c]">&gt;&gt;</a>&nbsp;&nbsp;&nbsp;IRQ130_Handler
</UL>

<P><STRONG><a name="[d8]"></a>DMA_2_Btc2_IrqHandler</STRONG> (Thumb, 2 bytes, Stack size 0 bytes, hc32f4a0_interrupts.o(i.DMA_2_Btc2_IrqHandler))
<BR><BR>[Called By]<UL><LI><a href="#[8c]">&gt;&gt;</a>&nbsp;&nbsp;&nbsp;IRQ130_Handler
</UL>

<P><STRONG><a name="[d9]"></a>DMA_2_Btc3_IrqHandler</STRONG> (Thumb, 2 bytes, Stack size 0 bytes, hc32f4a0_interrupts.o(i.DMA_2_Btc3_IrqHandler))
<BR><BR>[Called By]<UL><LI><a href="#[8c]">&gt;&gt;</a>&nbsp;&nbsp;&nbsp;IRQ130_Handler
</UL>

<P><STRONG><a name="[da]"></a>DMA_2_Btc4_IrqHandler</STRONG> (Thumb, 2 bytes, Stack size 0 bytes, hc32f4a0_interrupts.o(i.DMA_2_Btc4_IrqHandler))
<BR><BR>[Called By]<UL><LI><a href="#[8c]">&gt;&gt;</a>&nbsp;&nbsp;&nbsp;IRQ130_Handler
</UL>

<P><STRONG><a name="[db]"></a>DMA_2_Btc5_IrqHandler</STRONG> (Thumb, 2 bytes, Stack size 0 bytes, hc32f4a0_interrupts.o(i.DMA_2_Btc5_IrqHandler))
<BR><BR>[Called By]<UL><LI><a href="#[8c]">&gt;&gt;</a>&nbsp;&nbsp;&nbsp;IRQ130_Handler
</UL>

<P><STRONG><a name="[dc]"></a>DMA_2_Btc6_IrqHandler</STRONG> (Thumb, 2 bytes, Stack size 0 bytes, hc32f4a0_interrupts.o(i.DMA_2_Btc6_IrqHandler))
<BR><BR>[Called By]<UL><LI><a href="#[8c]">&gt;&gt;</a>&nbsp;&nbsp;&nbsp;IRQ130_Handler
</UL>

<P><STRONG><a name="[dd]"></a>DMA_2_Btc7_IrqHandler</STRONG> (Thumb, 2 bytes, Stack size 0 bytes, hc32f4a0_interrupts.o(i.DMA_2_Btc7_IrqHandler))
<BR><BR>[Called By]<UL><LI><a href="#[8c]">&gt;&gt;</a>&nbsp;&nbsp;&nbsp;IRQ130_Handler
</UL>

<P><STRONG><a name="[de]"></a>DMA_2_Err0_IrqHandler</STRONG> (Thumb, 2 bytes, Stack size 0 bytes, hc32f4a0_interrupts.o(i.DMA_2_Err0_IrqHandler))
<BR><BR>[Called By]<UL><LI><a href="#[8c]">&gt;&gt;</a>&nbsp;&nbsp;&nbsp;IRQ130_Handler
</UL>

<P><STRONG><a name="[df]"></a>DMA_2_Err1_IrqHandler</STRONG> (Thumb, 2 bytes, Stack size 0 bytes, hc32f4a0_interrupts.o(i.DMA_2_Err1_IrqHandler))
<BR><BR>[Called By]<UL><LI><a href="#[8c]">&gt;&gt;</a>&nbsp;&nbsp;&nbsp;IRQ130_Handler
</UL>

<P><STRONG><a name="[e0]"></a>DMA_2_Err2_IrqHandler</STRONG> (Thumb, 2 bytes, Stack size 0 bytes, hc32f4a0_interrupts.o(i.DMA_2_Err2_IrqHandler))
<BR><BR>[Called By]<UL><LI><a href="#[8c]">&gt;&gt;</a>&nbsp;&nbsp;&nbsp;IRQ130_Handler
</UL>

<P><STRONG><a name="[e1]"></a>DMA_2_Err3_IrqHandler</STRONG> (Thumb, 2 bytes, Stack size 0 bytes, hc32f4a0_interrupts.o(i.DMA_2_Err3_IrqHandler))
<BR><BR>[Called By]<UL><LI><a href="#[8c]">&gt;&gt;</a>&nbsp;&nbsp;&nbsp;IRQ130_Handler
</UL>

<P><STRONG><a name="[e2]"></a>DMA_2_Err4_IrqHandler</STRONG> (Thumb, 2 bytes, Stack size 0 bytes, hc32f4a0_interrupts.o(i.DMA_2_Err4_IrqHandler))
<BR><BR>[Called By]<UL><LI><a href="#[8c]">&gt;&gt;</a>&nbsp;&nbsp;&nbsp;IRQ130_Handler
</UL>

<P><STRONG><a name="[e3]"></a>DMA_2_Err5_IrqHandler</STRONG> (Thumb, 2 bytes, Stack size 0 bytes, hc32f4a0_interrupts.o(i.DMA_2_Err5_IrqHandler))
<BR><BR>[Called By]<UL><LI><a href="#[8c]">&gt;&gt;</a>&nbsp;&nbsp;&nbsp;IRQ130_Handler
</UL>

<P><STRONG><a name="[e4]"></a>DMA_2_Err6_IrqHandler</STRONG> (Thumb, 2 bytes, Stack size 0 bytes, hc32f4a0_interrupts.o(i.DMA_2_Err6_IrqHandler))
<BR><BR>[Called By]<UL><LI><a href="#[8c]">&gt;&gt;</a>&nbsp;&nbsp;&nbsp;IRQ130_Handler
</UL>

<P><STRONG><a name="[e5]"></a>DMA_2_Err7_IrqHandler</STRONG> (Thumb, 2 bytes, Stack size 0 bytes, hc32f4a0_interrupts.o(i.DMA_2_Err7_IrqHandler))
<BR><BR>[Called By]<UL><LI><a href="#[8c]">&gt;&gt;</a>&nbsp;&nbsp;&nbsp;IRQ130_Handler
</UL>

<P><STRONG><a name="[e6]"></a>DMA_2_Tc0_IrqHandler</STRONG> (Thumb, 2 bytes, Stack size 0 bytes, hc32f4a0_interrupts.o(i.DMA_2_Tc0_IrqHandler))
<BR><BR>[Called By]<UL><LI><a href="#[8c]">&gt;&gt;</a>&nbsp;&nbsp;&nbsp;IRQ130_Handler
</UL>

<P><STRONG><a name="[e7]"></a>DMA_2_Tc1_IrqHandler</STRONG> (Thumb, 2 bytes, Stack size 0 bytes, hc32f4a0_interrupts.o(i.DMA_2_Tc1_IrqHandler))
<BR><BR>[Called By]<UL><LI><a href="#[8c]">&gt;&gt;</a>&nbsp;&nbsp;&nbsp;IRQ130_Handler
</UL>

<P><STRONG><a name="[e8]"></a>DMA_2_Tc2_IrqHandler</STRONG> (Thumb, 2 bytes, Stack size 0 bytes, hc32f4a0_interrupts.o(i.DMA_2_Tc2_IrqHandler))
<BR><BR>[Called By]<UL><LI><a href="#[8c]">&gt;&gt;</a>&nbsp;&nbsp;&nbsp;IRQ130_Handler
</UL>

<P><STRONG><a name="[e9]"></a>DMA_2_Tc3_IrqHandler</STRONG> (Thumb, 2 bytes, Stack size 0 bytes, hc32f4a0_interrupts.o(i.DMA_2_Tc3_IrqHandler))
<BR><BR>[Called By]<UL><LI><a href="#[8c]">&gt;&gt;</a>&nbsp;&nbsp;&nbsp;IRQ130_Handler
</UL>

<P><STRONG><a name="[ea]"></a>DMA_2_Tc4_IrqHandler</STRONG> (Thumb, 2 bytes, Stack size 0 bytes, hc32f4a0_interrupts.o(i.DMA_2_Tc4_IrqHandler))
<BR><BR>[Called By]<UL><LI><a href="#[8c]">&gt;&gt;</a>&nbsp;&nbsp;&nbsp;IRQ130_Handler
</UL>

<P><STRONG><a name="[eb]"></a>DMA_2_Tc5_IrqHandler</STRONG> (Thumb, 2 bytes, Stack size 0 bytes, hc32f4a0_interrupts.o(i.DMA_2_Tc5_IrqHandler))
<BR><BR>[Called By]<UL><LI><a href="#[8c]">&gt;&gt;</a>&nbsp;&nbsp;&nbsp;IRQ130_Handler
</UL>

<P><STRONG><a name="[ec]"></a>DMA_2_Tc6_IrqHandler</STRONG> (Thumb, 2 bytes, Stack size 0 bytes, hc32f4a0_interrupts.o(i.DMA_2_Tc6_IrqHandler))
<BR><BR>[Called By]<UL><LI><a href="#[8c]">&gt;&gt;</a>&nbsp;&nbsp;&nbsp;IRQ130_Handler
</UL>

<P><STRONG><a name="[ed]"></a>DMA_2_Tc7_IrqHandler</STRONG> (Thumb, 2 bytes, Stack size 0 bytes, hc32f4a0_interrupts.o(i.DMA_2_Tc7_IrqHandler))
<BR><BR>[Called By]<UL><LI><a href="#[8c]">&gt;&gt;</a>&nbsp;&nbsp;&nbsp;IRQ130_Handler
</UL>

<P><STRONG><a name="[ee]"></a>DVP_FifoErr_IrqHandler</STRONG> (Thumb, 2 bytes, Stack size 0 bytes, hc32f4a0_interrupts.o(i.DVP_FifoErr_IrqHandler))
<BR><BR>[Called By]<UL><LI><a href="#[8c]">&gt;&gt;</a>&nbsp;&nbsp;&nbsp;IRQ130_Handler
</UL>

<P><STRONG><a name="[ef]"></a>DVP_FrameEnd_IrqHandler</STRONG> (Thumb, 2 bytes, Stack size 0 bytes, hc32f4a0_interrupts.o(i.DVP_FrameEnd_IrqHandler))
<BR><BR>[Called By]<UL><LI><a href="#[8c]">&gt;&gt;</a>&nbsp;&nbsp;&nbsp;IRQ130_Handler
</UL>

<P><STRONG><a name="[f0]"></a>DVP_FrameStart_IrqHandler</STRONG> (Thumb, 2 bytes, Stack size 0 bytes, hc32f4a0_interrupts.o(i.DVP_FrameStart_IrqHandler))
<BR><BR>[Called By]<UL><LI><a href="#[8c]">&gt;&gt;</a>&nbsp;&nbsp;&nbsp;IRQ130_Handler
</UL>

<P><STRONG><a name="[f1]"></a>DVP_LineEnd_IrqHandler</STRONG> (Thumb, 2 bytes, Stack size 0 bytes, hc32f4a0_interrupts.o(i.DVP_LineEnd_IrqHandler))
<BR><BR>[Called By]<UL><LI><a href="#[8c]">&gt;&gt;</a>&nbsp;&nbsp;&nbsp;IRQ130_Handler
</UL>

<P><STRONG><a name="[f2]"></a>DVP_LineStart_IrqHandler</STRONG> (Thumb, 2 bytes, Stack size 0 bytes, hc32f4a0_interrupts.o(i.DVP_LineStart_IrqHandler))
<BR><BR>[Called By]<UL><LI><a href="#[8c]">&gt;&gt;</a>&nbsp;&nbsp;&nbsp;IRQ130_Handler
</UL>

<P><STRONG><a name="[f3]"></a>DVP_SwSyncErr_IrqHandler</STRONG> (Thumb, 2 bytes, Stack size 0 bytes, hc32f4a0_interrupts.o(i.DVP_SwSyncErr_IrqHandler))
<BR><BR>[Called By]<UL><LI><a href="#[8c]">&gt;&gt;</a>&nbsp;&nbsp;&nbsp;IRQ130_Handler
</UL>

<P><STRONG><a name="[7]"></a>DebugMon_Handler</STRONG> (Thumb, 8 bytes, Stack size 8 bytes, hc32f4a0_interrupts.o(i.DebugMon_Handler))
<BR><BR>[Stack]<UL><LI>Max Depth = 8<LI>Call Chain = DebugMon_Handler
</UL>
<BR>[Calls]<UL><LI><a href="#[f4]">&gt;&gt;</a>&nbsp;&nbsp;&nbsp;DebugMon_IrqHandler
</UL>
<BR>[Address Reference Count : 1]<UL><LI> startup_hc32f4a0sitb.o(RESET)
</UL>
<P><STRONG><a name="[f4]"></a>DebugMon_IrqHandler</STRONG> (Thumb, 2 bytes, Stack size 0 bytes, hc32f4a0_interrupts.o(i.DebugMon_IrqHandler))
<BR><BR>[Called By]<UL><LI><a href="#[7]">&gt;&gt;</a>&nbsp;&nbsp;&nbsp;DebugMon_Handler
</UL>

<P><STRONG><a name="[2a4]"></a>Dis_int</STRONG> (Thumb, 34 bytes, Stack size 0 bytes, bsp.o(i.Dis_int))
<BR><BR>[Called By]<UL><LI><a href="#[2a3]">&gt;&gt;</a>&nbsp;&nbsp;&nbsp;MB85Ctrl_CheckWrite
</UL>

<P><STRONG><a name="[290]"></a>EFM_ClearFlag</STRONG> (Thumb, 70 bytes, Stack size 8 bytes, hc32f4a0_efm.o(i.EFM_ClearFlag))
<BR><BR>[Stack]<UL><LI>Max Depth = 32<LI>Call Chain = EFM_ClearFlag &rArr; DDL_AssertHandler &rArr; __2printf
</UL>
<BR>[Calls]<UL><LI><a href="#[9f]">&gt;&gt;</a>&nbsp;&nbsp;&nbsp;DDL_AssertHandler
</UL>
<BR>[Called By]<UL><LI><a href="#[29a]">&gt;&gt;</a>&nbsp;&nbsp;&nbsp;EFM_SingleProgram
<LI><a href="#[298]">&gt;&gt;</a>&nbsp;&nbsp;&nbsp;EFM_SectorErase
</UL>

<P><STRONG><a name="[f5]"></a>EFM_ColErr_IrqHandler</STRONG> (Thumb, 2 bytes, Stack size 0 bytes, hc32f4a0_interrupts.o(i.EFM_ColErr_IrqHandler))
<BR><BR>[Called By]<UL><LI><a href="#[8b]">&gt;&gt;</a>&nbsp;&nbsp;&nbsp;IRQ129_Handler
</UL>

<P><STRONG><a name="[291]"></a>EFM_FCT_Init</STRONG> (Thumb, 54 bytes, Stack size 48 bytes, main.o(i.EFM_FCT_Init))
<BR><BR>[Stack]<UL><LI>Max Depth = 88<LI>Call Chain = EFM_FCT_Init &rArr; EFM_Init &rArr; DDL_AssertHandler &rArr; __2printf
</UL>
<BR>[Calls]<UL><LI><a href="#[292]">&gt;&gt;</a>&nbsp;&nbsp;&nbsp;EFM_StructInit
<LI><a href="#[293]">&gt;&gt;</a>&nbsp;&nbsp;&nbsp;EFM_Init
<LI><a href="#[294]">&gt;&gt;</a>&nbsp;&nbsp;&nbsp;EFM_GetFlagStatus
</UL>
<BR>[Called By]<UL><LI><a href="#[285]">&gt;&gt;</a>&nbsp;&nbsp;&nbsp;$Super$$main
</UL>

<P><STRONG><a name="[295]"></a>EFM_FWMC_Lock</STRONG> (Thumb, 62 bytes, Stack size 8 bytes, hc32f4a0_efm.o(i.EFM_FWMC_Lock))
<BR><BR>[Stack]<UL><LI>Max Depth = 32<LI>Call Chain = EFM_FWMC_Lock &rArr; DDL_AssertHandler &rArr; __2printf
</UL>
<BR>[Calls]<UL><LI><a href="#[9f]">&gt;&gt;</a>&nbsp;&nbsp;&nbsp;DDL_AssertHandler
</UL>
<BR>[Called By]<UL><LI><a href="#[2ad]">&gt;&gt;</a>&nbsp;&nbsp;&nbsp;Peripheral_WP
</UL>

<P><STRONG><a name="[296]"></a>EFM_FWMC_Unlock</STRONG> (Thumb, 38 bytes, Stack size 8 bytes, hc32f4a0_efm.o(i.EFM_FWMC_Unlock))
<BR><BR>[Stack]<UL><LI>Max Depth = 32<LI>Call Chain = EFM_FWMC_Unlock &rArr; DDL_AssertHandler &rArr; __2printf
</UL>
<BR>[Calls]<UL><LI><a href="#[9f]">&gt;&gt;</a>&nbsp;&nbsp;&nbsp;DDL_AssertHandler
</UL>
<BR>[Called By]<UL><LI><a href="#[2ac]">&gt;&gt;</a>&nbsp;&nbsp;&nbsp;Peripheral_WE
</UL>

<P><STRONG><a name="[294]"></a>EFM_GetFlagStatus</STRONG> (Thumb, 46 bytes, Stack size 8 bytes, hc32f4a0_efm.o(i.EFM_GetFlagStatus))
<BR><BR>[Stack]<UL><LI>Max Depth = 32<LI>Call Chain = EFM_GetFlagStatus &rArr; DDL_AssertHandler &rArr; __2printf
</UL>
<BR>[Calls]<UL><LI><a href="#[9f]">&gt;&gt;</a>&nbsp;&nbsp;&nbsp;DDL_AssertHandler
</UL>
<BR>[Called By]<UL><LI><a href="#[29a]">&gt;&gt;</a>&nbsp;&nbsp;&nbsp;EFM_SingleProgram
<LI><a href="#[298]">&gt;&gt;</a>&nbsp;&nbsp;&nbsp;EFM_SectorErase
<LI><a href="#[291]">&gt;&gt;</a>&nbsp;&nbsp;&nbsp;EFM_FCT_Init
</UL>

<P><STRONG><a name="[293]"></a>EFM_Init</STRONG> (Thumb, 444 bytes, Stack size 16 bytes, hc32f4a0_efm.o(i.EFM_Init))
<BR><BR>[Stack]<UL><LI>Max Depth = 40<LI>Call Chain = EFM_Init &rArr; DDL_AssertHandler &rArr; __2printf
</UL>
<BR>[Calls]<UL><LI><a href="#[9f]">&gt;&gt;</a>&nbsp;&nbsp;&nbsp;DDL_AssertHandler
</UL>
<BR>[Called By]<UL><LI><a href="#[291]">&gt;&gt;</a>&nbsp;&nbsp;&nbsp;EFM_FCT_Init
</UL>

<P><STRONG><a name="[f6]"></a>EFM_OpEnd_IrqHandler</STRONG> (Thumb, 2 bytes, Stack size 0 bytes, hc32f4a0_interrupts.o(i.EFM_OpEnd_IrqHandler))
<BR><BR>[Called By]<UL><LI><a href="#[8b]">&gt;&gt;</a>&nbsp;&nbsp;&nbsp;IRQ129_Handler
</UL>

<P><STRONG><a name="[f7]"></a>EFM_PgmEraseErr_IrqHandler</STRONG> (Thumb, 2 bytes, Stack size 0 bytes, hc32f4a0_interrupts.o(i.EFM_PgmEraseErr_IrqHandler))
<BR><BR>[Called By]<UL><LI><a href="#[8b]">&gt;&gt;</a>&nbsp;&nbsp;&nbsp;IRQ129_Handler
</UL>

<P><STRONG><a name="[297]"></a>EFM_SectorCmd_Sequential</STRONG> (Thumb, 316 bytes, Stack size 64 bytes, hc32f4a0_efm.o(i.EFM_SectorCmd_Sequential))
<BR><BR>[Stack]<UL><LI>Max Depth = 88<LI>Call Chain = EFM_SectorCmd_Sequential &rArr; DDL_AssertHandler &rArr; __2printf
</UL>
<BR>[Calls]<UL><LI><a href="#[9f]">&gt;&gt;</a>&nbsp;&nbsp;&nbsp;DDL_AssertHandler
</UL>
<BR>[Called By]<UL><LI><a href="#[285]">&gt;&gt;</a>&nbsp;&nbsp;&nbsp;$Super$$main
<LI><a href="#[29b]">&gt;&gt;</a>&nbsp;&nbsp;&nbsp;Erase_APP_Zone
</UL>

<P><STRONG><a name="[298]"></a>EFM_SectorErase</STRONG> (Thumb, 242 bytes, Stack size 32 bytes, hc32f4a0_efm.o(i.EFM_SectorErase))
<BR><BR>[Stack]<UL><LI>Max Depth = 64<LI>Call Chain = EFM_SectorErase &rArr; EFM_GetFlagStatus &rArr; DDL_AssertHandler &rArr; __2printf
</UL>
<BR>[Calls]<UL><LI><a href="#[9f]">&gt;&gt;</a>&nbsp;&nbsp;&nbsp;DDL_AssertHandler
<LI><a href="#[294]">&gt;&gt;</a>&nbsp;&nbsp;&nbsp;EFM_GetFlagStatus
<LI><a href="#[290]">&gt;&gt;</a>&nbsp;&nbsp;&nbsp;EFM_ClearFlag
</UL>
<BR>[Called By]<UL><LI><a href="#[29b]">&gt;&gt;</a>&nbsp;&nbsp;&nbsp;Erase_APP_Zone
</UL>

<P><STRONG><a name="[299]"></a>EFM_SetWaitCycle</STRONG> (Thumb, 66 bytes, Stack size 8 bytes, hc32f4a0_efm.o(i.EFM_SetWaitCycle))
<BR><BR>[Stack]<UL><LI>Max Depth = 32<LI>Call Chain = EFM_SetWaitCycle &rArr; DDL_AssertHandler &rArr; __2printf
</UL>
<BR>[Calls]<UL><LI><a href="#[9f]">&gt;&gt;</a>&nbsp;&nbsp;&nbsp;DDL_AssertHandler
</UL>
<BR>[Called By]<UL><LI><a href="#[2b4]">&gt;&gt;</a>&nbsp;&nbsp;&nbsp;SystemClock_Config
</UL>

<P><STRONG><a name="[29a]"></a>EFM_SingleProgram</STRONG> (Thumb, 278 bytes, Stack size 32 bytes, hc32f4a0_efm.o(i.EFM_SingleProgram))
<BR><BR>[Stack]<UL><LI>Max Depth = 64<LI>Call Chain = EFM_SingleProgram &rArr; EFM_GetFlagStatus &rArr; DDL_AssertHandler &rArr; __2printf
</UL>
<BR>[Calls]<UL><LI><a href="#[9f]">&gt;&gt;</a>&nbsp;&nbsp;&nbsp;DDL_AssertHandler
<LI><a href="#[294]">&gt;&gt;</a>&nbsp;&nbsp;&nbsp;EFM_GetFlagStatus
<LI><a href="#[290]">&gt;&gt;</a>&nbsp;&nbsp;&nbsp;EFM_ClearFlag
</UL>
<BR>[Called By]<UL><LI><a href="#[285]">&gt;&gt;</a>&nbsp;&nbsp;&nbsp;$Super$$main
</UL>

<P><STRONG><a name="[292]"></a>EFM_StructInit</STRONG> (Thumb, 32 bytes, Stack size 0 bytes, hc32f4a0_efm.o(i.EFM_StructInit))
<BR><BR>[Called By]<UL><LI><a href="#[291]">&gt;&gt;</a>&nbsp;&nbsp;&nbsp;EFM_FCT_Init
</UL>

<P><STRONG><a name="[f8]"></a>EMB_GR0_IrqHandler</STRONG> (Thumb, 2 bytes, Stack size 0 bytes, hc32f4a0_interrupts.o(i.EMB_GR0_IrqHandler))
<BR><BR>[Called By]<UL><LI><a href="#[93]">&gt;&gt;</a>&nbsp;&nbsp;&nbsp;IRQ137_Handler
</UL>

<P><STRONG><a name="[f9]"></a>EMB_GR1_IrqHandler</STRONG> (Thumb, 2 bytes, Stack size 0 bytes, hc32f4a0_interrupts.o(i.EMB_GR1_IrqHandler))
<BR><BR>[Called By]<UL><LI><a href="#[93]">&gt;&gt;</a>&nbsp;&nbsp;&nbsp;IRQ137_Handler
</UL>

<P><STRONG><a name="[fa]"></a>EMB_GR2_IrqHandler</STRONG> (Thumb, 2 bytes, Stack size 0 bytes, hc32f4a0_interrupts.o(i.EMB_GR2_IrqHandler))
<BR><BR>[Called By]<UL><LI><a href="#[93]">&gt;&gt;</a>&nbsp;&nbsp;&nbsp;IRQ137_Handler
</UL>

<P><STRONG><a name="[fb]"></a>EMB_GR3_IrqHandler</STRONG> (Thumb, 2 bytes, Stack size 0 bytes, hc32f4a0_interrupts.o(i.EMB_GR3_IrqHandler))
<BR><BR>[Called By]<UL><LI><a href="#[93]">&gt;&gt;</a>&nbsp;&nbsp;&nbsp;IRQ137_Handler
</UL>

<P><STRONG><a name="[fc]"></a>EMB_GR4_IrqHandler</STRONG> (Thumb, 2 bytes, Stack size 0 bytes, hc32f4a0_interrupts.o(i.EMB_GR4_IrqHandler))
<BR><BR>[Called By]<UL><LI><a href="#[93]">&gt;&gt;</a>&nbsp;&nbsp;&nbsp;IRQ137_Handler
</UL>

<P><STRONG><a name="[fd]"></a>EMB_GR5_IrqHandler</STRONG> (Thumb, 2 bytes, Stack size 0 bytes, hc32f4a0_interrupts.o(i.EMB_GR5_IrqHandler))
<BR><BR>[Called By]<UL><LI><a href="#[93]">&gt;&gt;</a>&nbsp;&nbsp;&nbsp;IRQ137_Handler
</UL>

<P><STRONG><a name="[fe]"></a>EMB_GR6_IrqHandler</STRONG> (Thumb, 2 bytes, Stack size 0 bytes, hc32f4a0_interrupts.o(i.EMB_GR6_IrqHandler))
<BR><BR>[Called By]<UL><LI><a href="#[93]">&gt;&gt;</a>&nbsp;&nbsp;&nbsp;IRQ137_Handler
</UL>

<P><STRONG><a name="[ff]"></a>ETH_Global_IrqHandler</STRONG> (Thumb, 2 bytes, Stack size 0 bytes, hc32f4a0_interrupts.o(i.ETH_Global_IrqHandler))
<BR><BR>[Called By]<UL><LI><a href="#[96]">&gt;&gt;</a>&nbsp;&nbsp;&nbsp;IRQ140_Handler
</UL>

<P><STRONG><a name="[100]"></a>ETH_Wakeup_IrqHandler</STRONG> (Thumb, 2 bytes, Stack size 0 bytes, hc32f4a0_interrupts.o(i.ETH_Wakeup_IrqHandler))
<BR><BR>[Called By]<UL><LI><a href="#[96]">&gt;&gt;</a>&nbsp;&nbsp;&nbsp;IRQ140_Handler
</UL>

<P><STRONG><a name="[101]"></a>EXTINT_00_IrqHandler</STRONG> (Thumb, 2 bytes, Stack size 0 bytes, hc32f4a0_interrupts.o(i.EXTINT_00_IrqHandler))
<BR><BR>[Called By]<UL><LI><a href="#[8a]">&gt;&gt;</a>&nbsp;&nbsp;&nbsp;IRQ128_Handler
</UL>

<P><STRONG><a name="[102]"></a>EXTINT_01_IrqHandler</STRONG> (Thumb, 2 bytes, Stack size 0 bytes, hc32f4a0_interrupts.o(i.EXTINT_01_IrqHandler))
<BR><BR>[Called By]<UL><LI><a href="#[8a]">&gt;&gt;</a>&nbsp;&nbsp;&nbsp;IRQ128_Handler
</UL>

<P><STRONG><a name="[103]"></a>EXTINT_02_IrqHandler</STRONG> (Thumb, 2 bytes, Stack size 0 bytes, hc32f4a0_interrupts.o(i.EXTINT_02_IrqHandler))
<BR><BR>[Called By]<UL><LI><a href="#[8a]">&gt;&gt;</a>&nbsp;&nbsp;&nbsp;IRQ128_Handler
</UL>

<P><STRONG><a name="[104]"></a>EXTINT_03_IrqHandler</STRONG> (Thumb, 2 bytes, Stack size 0 bytes, hc32f4a0_interrupts.o(i.EXTINT_03_IrqHandler))
<BR><BR>[Called By]<UL><LI><a href="#[8a]">&gt;&gt;</a>&nbsp;&nbsp;&nbsp;IRQ128_Handler
</UL>

<P><STRONG><a name="[105]"></a>EXTINT_04_IrqHandler</STRONG> (Thumb, 2 bytes, Stack size 0 bytes, hc32f4a0_interrupts.o(i.EXTINT_04_IrqHandler))
<BR><BR>[Called By]<UL><LI><a href="#[8a]">&gt;&gt;</a>&nbsp;&nbsp;&nbsp;IRQ128_Handler
</UL>

<P><STRONG><a name="[106]"></a>EXTINT_05_IrqHandler</STRONG> (Thumb, 2 bytes, Stack size 0 bytes, hc32f4a0_interrupts.o(i.EXTINT_05_IrqHandler))
<BR><BR>[Called By]<UL><LI><a href="#[8a]">&gt;&gt;</a>&nbsp;&nbsp;&nbsp;IRQ128_Handler
</UL>

<P><STRONG><a name="[107]"></a>EXTINT_06_IrqHandler</STRONG> (Thumb, 2 bytes, Stack size 0 bytes, hc32f4a0_interrupts.o(i.EXTINT_06_IrqHandler))
<BR><BR>[Called By]<UL><LI><a href="#[8a]">&gt;&gt;</a>&nbsp;&nbsp;&nbsp;IRQ128_Handler
</UL>

<P><STRONG><a name="[108]"></a>EXTINT_07_IrqHandler</STRONG> (Thumb, 2 bytes, Stack size 0 bytes, hc32f4a0_interrupts.o(i.EXTINT_07_IrqHandler))
<BR><BR>[Called By]<UL><LI><a href="#[8a]">&gt;&gt;</a>&nbsp;&nbsp;&nbsp;IRQ128_Handler
</UL>

<P><STRONG><a name="[109]"></a>EXTINT_08_IrqHandler</STRONG> (Thumb, 2 bytes, Stack size 0 bytes, hc32f4a0_interrupts.o(i.EXTINT_08_IrqHandler))
<BR><BR>[Called By]<UL><LI><a href="#[8a]">&gt;&gt;</a>&nbsp;&nbsp;&nbsp;IRQ128_Handler
</UL>

<P><STRONG><a name="[10a]"></a>EXTINT_09_IrqHandler</STRONG> (Thumb, 2 bytes, Stack size 0 bytes, hc32f4a0_interrupts.o(i.EXTINT_09_IrqHandler))
<BR><BR>[Called By]<UL><LI><a href="#[8a]">&gt;&gt;</a>&nbsp;&nbsp;&nbsp;IRQ128_Handler
</UL>

<P><STRONG><a name="[10b]"></a>EXTINT_10_IrqHandler</STRONG> (Thumb, 2 bytes, Stack size 0 bytes, hc32f4a0_interrupts.o(i.EXTINT_10_IrqHandler))
<BR><BR>[Called By]<UL><LI><a href="#[8a]">&gt;&gt;</a>&nbsp;&nbsp;&nbsp;IRQ128_Handler
</UL>

<P><STRONG><a name="[10c]"></a>EXTINT_11_IrqHandler</STRONG> (Thumb, 2 bytes, Stack size 0 bytes, hc32f4a0_interrupts.o(i.EXTINT_11_IrqHandler))
<BR><BR>[Called By]<UL><LI><a href="#[8a]">&gt;&gt;</a>&nbsp;&nbsp;&nbsp;IRQ128_Handler
</UL>

<P><STRONG><a name="[10d]"></a>EXTINT_12_IrqHandler</STRONG> (Thumb, 2 bytes, Stack size 0 bytes, hc32f4a0_interrupts.o(i.EXTINT_12_IrqHandler))
<BR><BR>[Called By]<UL><LI><a href="#[8a]">&gt;&gt;</a>&nbsp;&nbsp;&nbsp;IRQ128_Handler
</UL>

<P><STRONG><a name="[10e]"></a>EXTINT_13_IrqHandler</STRONG> (Thumb, 2 bytes, Stack size 0 bytes, hc32f4a0_interrupts.o(i.EXTINT_13_IrqHandler))
<BR><BR>[Called By]<UL><LI><a href="#[8a]">&gt;&gt;</a>&nbsp;&nbsp;&nbsp;IRQ128_Handler
</UL>

<P><STRONG><a name="[10f]"></a>EXTINT_14_IrqHandler</STRONG> (Thumb, 2 bytes, Stack size 0 bytes, hc32f4a0_interrupts.o(i.EXTINT_14_IrqHandler))
<BR><BR>[Called By]<UL><LI><a href="#[8a]">&gt;&gt;</a>&nbsp;&nbsp;&nbsp;IRQ128_Handler
</UL>

<P><STRONG><a name="[110]"></a>EXTINT_15_IrqHandler</STRONG> (Thumb, 2 bytes, Stack size 0 bytes, hc32f4a0_interrupts.o(i.EXTINT_15_IrqHandler))
<BR><BR>[Called By]<UL><LI><a href="#[8a]">&gt;&gt;</a>&nbsp;&nbsp;&nbsp;IRQ128_Handler
</UL>

<P><STRONG><a name="[2a7]"></a>En_int</STRONG> (Thumb, 38 bytes, Stack size 0 bytes, bsp.o(i.En_int))
<BR><BR>[Called By]<UL><LI><a href="#[2a3]">&gt;&gt;</a>&nbsp;&nbsp;&nbsp;MB85Ctrl_CheckWrite
</UL>

<P><STRONG><a name="[29b]"></a>Erase_APP_Zone</STRONG> (Thumb, 62 bytes, Stack size 16 bytes, main.o(i.Erase_APP_Zone))
<BR><BR>[Stack]<UL><LI>Max Depth = 104<LI>Call Chain = Erase_APP_Zone &rArr; EFM_SectorCmd_Sequential &rArr; DDL_AssertHandler &rArr; __2printf
</UL>
<BR>[Calls]<UL><LI><a href="#[298]">&gt;&gt;</a>&nbsp;&nbsp;&nbsp;EFM_SectorErase
<LI><a href="#[297]">&gt;&gt;</a>&nbsp;&nbsp;&nbsp;EFM_SectorCmd_Sequential
<LI><a href="#[29c]">&gt;&gt;</a>&nbsp;&nbsp;&nbsp;Feed_WDG
<LI><a href="#[287]">&gt;&gt;</a>&nbsp;&nbsp;&nbsp;__set_PRIMASK
</UL>
<BR>[Called By]<UL><LI><a href="#[285]">&gt;&gt;</a>&nbsp;&nbsp;&nbsp;$Super$$main
</UL>

<P><STRONG><a name="[280]"></a>Error_Handler</STRONG> (Thumb, 24 bytes, Stack size 16 bytes, bsp.o(i.Error_Handler), UNUSED, KEPT)
<BR><BR>[Stack]<UL><LI>Max Depth = 40<LI>Call Chain = Error_Handler &rArr; __2printf
</UL>
<BR>[Calls]<UL><LI><a href="#[28f]">&gt;&gt;</a>&nbsp;&nbsp;&nbsp;__2printf
</UL>

<P><STRONG><a name="[111]"></a>FCM_End_IrqHandler</STRONG> (Thumb, 2 bytes, Stack size 0 bytes, hc32f4a0_interrupts.o(i.FCM_End_IrqHandler))
<BR><BR>[Called By]<UL><LI><a href="#[98]">&gt;&gt;</a>&nbsp;&nbsp;&nbsp;IRQ142_Handler
</UL>

<P><STRONG><a name="[112]"></a>FCM_Err_IrqHandler</STRONG> (Thumb, 2 bytes, Stack size 0 bytes, hc32f4a0_interrupts.o(i.FCM_Err_IrqHandler))
<BR><BR>[Called By]<UL><LI><a href="#[98]">&gt;&gt;</a>&nbsp;&nbsp;&nbsp;IRQ142_Handler
</UL>

<P><STRONG><a name="[113]"></a>FCM_Ovf_IrqHandler</STRONG> (Thumb, 2 bytes, Stack size 0 bytes, hc32f4a0_interrupts.o(i.FCM_Ovf_IrqHandler))
<BR><BR>[Called By]<UL><LI><a href="#[98]">&gt;&gt;</a>&nbsp;&nbsp;&nbsp;IRQ142_Handler
</UL>

<P><STRONG><a name="[114]"></a>FMAC_1_IrqHandler</STRONG> (Thumb, 2 bytes, Stack size 0 bytes, hc32f4a0_interrupts.o(i.FMAC_1_IrqHandler))
<BR><BR>[Called By]<UL><LI><a href="#[8c]">&gt;&gt;</a>&nbsp;&nbsp;&nbsp;IRQ130_Handler
</UL>

<P><STRONG><a name="[115]"></a>FMAC_2_IrqHandler</STRONG> (Thumb, 2 bytes, Stack size 0 bytes, hc32f4a0_interrupts.o(i.FMAC_2_IrqHandler))
<BR><BR>[Called By]<UL><LI><a href="#[8c]">&gt;&gt;</a>&nbsp;&nbsp;&nbsp;IRQ130_Handler
</UL>

<P><STRONG><a name="[116]"></a>FMAC_3_IrqHandler</STRONG> (Thumb, 2 bytes, Stack size 0 bytes, hc32f4a0_interrupts.o(i.FMAC_3_IrqHandler))
<BR><BR>[Called By]<UL><LI><a href="#[8c]">&gt;&gt;</a>&nbsp;&nbsp;&nbsp;IRQ130_Handler
</UL>

<P><STRONG><a name="[117]"></a>FMAC_4_IrqHandler</STRONG> (Thumb, 2 bytes, Stack size 0 bytes, hc32f4a0_interrupts.o(i.FMAC_4_IrqHandler))
<BR><BR>[Called By]<UL><LI><a href="#[8c]">&gt;&gt;</a>&nbsp;&nbsp;&nbsp;IRQ130_Handler
</UL>

<P><STRONG><a name="[29c]"></a>Feed_WDG</STRONG> (Thumb, 22 bytes, Stack size 8 bytes, bsp_gpio.o(i.Feed_WDG))
<BR><BR>[Stack]<UL><LI>Max Depth = 48<LI>Call Chain = Feed_WDG &rArr; GPIO_TogglePins &rArr; DDL_AssertHandler &rArr; __2printf
</UL>
<BR>[Calls]<UL><LI><a href="#[29e]">&gt;&gt;</a>&nbsp;&nbsp;&nbsp;GPIO_TogglePins
<LI><a href="#[29d]">&gt;&gt;</a>&nbsp;&nbsp;&nbsp;SWDT_Feed
</UL>
<BR>[Called By]<UL><LI><a href="#[9d]">&gt;&gt;</a>&nbsp;&nbsp;&nbsp;TimerAUnit1_OvfIrqCallback
<LI><a href="#[29b]">&gt;&gt;</a>&nbsp;&nbsp;&nbsp;Erase_APP_Zone
</UL>

<P><STRONG><a name="[29f]"></a>GPIO_Init</STRONG> (Thumb, 424 bytes, Stack size 32 bytes, hc32f4a0_gpio.o(i.GPIO_Init))
<BR><BR>[Stack]<UL><LI>Max Depth = 56<LI>Call Chain = GPIO_Init &rArr; DDL_AssertHandler &rArr; __2printf
</UL>
<BR>[Calls]<UL><LI><a href="#[9f]">&gt;&gt;</a>&nbsp;&nbsp;&nbsp;DDL_AssertHandler
</UL>
<BR>[Called By]<UL><LI><a href="#[2d2]">&gt;&gt;</a>&nbsp;&nbsp;&nbsp;bsp_InitLed
<LI><a href="#[2d0]">&gt;&gt;</a>&nbsp;&nbsp;&nbsp;bsp_HWDG_InitGPIO
<LI><a href="#[2cf]">&gt;&gt;</a>&nbsp;&nbsp;&nbsp;bsp_FR_ADDR_InitGPIO
<LI><a href="#[2c8]">&gt;&gt;</a>&nbsp;&nbsp;&nbsp;W25Q_MB85R_SpiInit
</UL>

<P><STRONG><a name="[2a0]"></a>GPIO_ResetPins</STRONG> (Thumb, 92 bytes, Stack size 16 bytes, hc32f4a0_gpio.o(i.GPIO_ResetPins))
<BR><BR>[Stack]<UL><LI>Max Depth = 40<LI>Call Chain = GPIO_ResetPins &rArr; DDL_AssertHandler &rArr; __2printf
</UL>
<BR>[Calls]<UL><LI><a href="#[9f]">&gt;&gt;</a>&nbsp;&nbsp;&nbsp;DDL_AssertHandler
</UL>
<BR>[Called By]<UL><LI><a href="#[2a5]">&gt;&gt;</a>&nbsp;&nbsp;&nbsp;MB85Ctrl_Write
<LI><a href="#[285]">&gt;&gt;</a>&nbsp;&nbsp;&nbsp;$Super$$main
<LI><a href="#[2a6]">&gt;&gt;</a>&nbsp;&nbsp;&nbsp;MB85Ctrl_Read
</UL>

<P><STRONG><a name="[2a1]"></a>GPIO_SetFunc</STRONG> (Thumb, 208 bytes, Stack size 32 bytes, hc32f4a0_gpio.o(i.GPIO_SetFunc))
<BR><BR>[Stack]<UL><LI>Max Depth = 56<LI>Call Chain = GPIO_SetFunc &rArr; DDL_AssertHandler &rArr; __2printf
</UL>
<BR>[Calls]<UL><LI><a href="#[9f]">&gt;&gt;</a>&nbsp;&nbsp;&nbsp;DDL_AssertHandler
</UL>
<BR>[Called By]<UL><LI><a href="#[2c8]">&gt;&gt;</a>&nbsp;&nbsp;&nbsp;W25Q_MB85R_SpiInit
</UL>

<P><STRONG><a name="[2a2]"></a>GPIO_SetPins</STRONG> (Thumb, 92 bytes, Stack size 16 bytes, hc32f4a0_gpio.o(i.GPIO_SetPins))
<BR><BR>[Stack]<UL><LI>Max Depth = 40<LI>Call Chain = GPIO_SetPins &rArr; DDL_AssertHandler &rArr; __2printf
</UL>
<BR>[Calls]<UL><LI><a href="#[9f]">&gt;&gt;</a>&nbsp;&nbsp;&nbsp;DDL_AssertHandler
</UL>
<BR>[Called By]<UL><LI><a href="#[2a5]">&gt;&gt;</a>&nbsp;&nbsp;&nbsp;MB85Ctrl_Write
<LI><a href="#[2c8]">&gt;&gt;</a>&nbsp;&nbsp;&nbsp;W25Q_MB85R_SpiInit
<LI><a href="#[285]">&gt;&gt;</a>&nbsp;&nbsp;&nbsp;$Super$$main
<LI><a href="#[2a6]">&gt;&gt;</a>&nbsp;&nbsp;&nbsp;MB85Ctrl_Read
</UL>

<P><STRONG><a name="[2c9]"></a>GPIO_StructInit</STRONG> (Thumb, 34 bytes, Stack size 0 bytes, hc32f4a0_gpio.o(i.GPIO_StructInit))
<BR><BR>[Called By]<UL><LI><a href="#[2d2]">&gt;&gt;</a>&nbsp;&nbsp;&nbsp;bsp_InitLed
<LI><a href="#[2d0]">&gt;&gt;</a>&nbsp;&nbsp;&nbsp;bsp_HWDG_InitGPIO
<LI><a href="#[2cf]">&gt;&gt;</a>&nbsp;&nbsp;&nbsp;bsp_FR_ADDR_InitGPIO
<LI><a href="#[2c8]">&gt;&gt;</a>&nbsp;&nbsp;&nbsp;W25Q_MB85R_SpiInit
</UL>

<P><STRONG><a name="[29e]"></a>GPIO_TogglePins</STRONG> (Thumb, 92 bytes, Stack size 16 bytes, hc32f4a0_gpio.o(i.GPIO_TogglePins))
<BR><BR>[Stack]<UL><LI>Max Depth = 40<LI>Call Chain = GPIO_TogglePins &rArr; DDL_AssertHandler &rArr; __2printf
</UL>
<BR>[Calls]<UL><LI><a href="#[9f]">&gt;&gt;</a>&nbsp;&nbsp;&nbsp;DDL_AssertHandler
</UL>
<BR>[Called By]<UL><LI><a href="#[285]">&gt;&gt;</a>&nbsp;&nbsp;&nbsp;$Super$$main
<LI><a href="#[29c]">&gt;&gt;</a>&nbsp;&nbsp;&nbsp;Feed_WDG
</UL>

<P><STRONG><a name="[2]"></a>HardFault_Handler</STRONG> (Thumb, 8 bytes, Stack size 8 bytes, hc32f4a0_interrupts.o(i.HardFault_Handler))
<BR><BR>[Stack]<UL><LI>Max Depth = 8<LI>Call Chain = HardFault_Handler
</UL>
<BR>[Calls]<UL><LI><a href="#[118]">&gt;&gt;</a>&nbsp;&nbsp;&nbsp;HardFault_IrqHandler
</UL>
<BR>[Address Reference Count : 1]<UL><LI> startup_hc32f4a0sitb.o(RESET)
</UL>
<P><STRONG><a name="[118]"></a>HardFault_IrqHandler</STRONG> (Thumb, 2 bytes, Stack size 0 bytes, hc32f4a0_interrupts.o(i.HardFault_IrqHandler))
<BR><BR>[Called By]<UL><LI><a href="#[2]">&gt;&gt;</a>&nbsp;&nbsp;&nbsp;HardFault_Handler
</UL>

<P><STRONG><a name="[119]"></a>I2C_1_Err_IrqHandler</STRONG> (Thumb, 2 bytes, Stack size 0 bytes, hc32f4a0_interrupts.o(i.I2C_1_Err_IrqHandler))
<BR><BR>[Called By]<UL><LI><a href="#[97]">&gt;&gt;</a>&nbsp;&nbsp;&nbsp;IRQ141_Handler
</UL>

<P><STRONG><a name="[11a]"></a>I2C_1_RxEnd_IrqHandler</STRONG> (Thumb, 2 bytes, Stack size 0 bytes, hc32f4a0_interrupts.o(i.I2C_1_RxEnd_IrqHandler))
<BR><BR>[Called By]<UL><LI><a href="#[97]">&gt;&gt;</a>&nbsp;&nbsp;&nbsp;IRQ141_Handler
</UL>

<P><STRONG><a name="[11b]"></a>I2C_1_TxEmpty_IrqHandler</STRONG> (Thumb, 2 bytes, Stack size 0 bytes, hc32f4a0_interrupts.o(i.I2C_1_TxEmpty_IrqHandler))
<BR><BR>[Called By]<UL><LI><a href="#[97]">&gt;&gt;</a>&nbsp;&nbsp;&nbsp;IRQ141_Handler
</UL>

<P><STRONG><a name="[11c]"></a>I2C_1_TxEnd_IrqHandler</STRONG> (Thumb, 2 bytes, Stack size 0 bytes, hc32f4a0_interrupts.o(i.I2C_1_TxEnd_IrqHandler))
<BR><BR>[Called By]<UL><LI><a href="#[97]">&gt;&gt;</a>&nbsp;&nbsp;&nbsp;IRQ141_Handler
</UL>

<P><STRONG><a name="[11d]"></a>I2C_2_Err_IrqHandler</STRONG> (Thumb, 2 bytes, Stack size 0 bytes, hc32f4a0_interrupts.o(i.I2C_2_Err_IrqHandler))
<BR><BR>[Called By]<UL><LI><a href="#[97]">&gt;&gt;</a>&nbsp;&nbsp;&nbsp;IRQ141_Handler
</UL>

<P><STRONG><a name="[11e]"></a>I2C_2_RxEnd_IrqHandler</STRONG> (Thumb, 2 bytes, Stack size 0 bytes, hc32f4a0_interrupts.o(i.I2C_2_RxEnd_IrqHandler))
<BR><BR>[Called By]<UL><LI><a href="#[97]">&gt;&gt;</a>&nbsp;&nbsp;&nbsp;IRQ141_Handler
</UL>

<P><STRONG><a name="[11f]"></a>I2C_2_TxEmpty_IrqHandler</STRONG> (Thumb, 2 bytes, Stack size 0 bytes, hc32f4a0_interrupts.o(i.I2C_2_TxEmpty_IrqHandler))
<BR><BR>[Called By]<UL><LI><a href="#[97]">&gt;&gt;</a>&nbsp;&nbsp;&nbsp;IRQ141_Handler
</UL>

<P><STRONG><a name="[120]"></a>I2C_2_TxEnd_IrqHandler</STRONG> (Thumb, 2 bytes, Stack size 0 bytes, hc32f4a0_interrupts.o(i.I2C_2_TxEnd_IrqHandler))
<BR><BR>[Called By]<UL><LI><a href="#[97]">&gt;&gt;</a>&nbsp;&nbsp;&nbsp;IRQ141_Handler
</UL>

<P><STRONG><a name="[121]"></a>I2C_3_Err_IrqHandler</STRONG> (Thumb, 2 bytes, Stack size 0 bytes, hc32f4a0_interrupts.o(i.I2C_3_Err_IrqHandler))
<BR><BR>[Called By]<UL><LI><a href="#[97]">&gt;&gt;</a>&nbsp;&nbsp;&nbsp;IRQ141_Handler
</UL>

<P><STRONG><a name="[122]"></a>I2C_3_RxEnd_IrqHandler</STRONG> (Thumb, 2 bytes, Stack size 0 bytes, hc32f4a0_interrupts.o(i.I2C_3_RxEnd_IrqHandler))
<BR><BR>[Called By]<UL><LI><a href="#[97]">&gt;&gt;</a>&nbsp;&nbsp;&nbsp;IRQ141_Handler
</UL>

<P><STRONG><a name="[123]"></a>I2C_3_TxEmpty_IrqHandler</STRONG> (Thumb, 2 bytes, Stack size 0 bytes, hc32f4a0_interrupts.o(i.I2C_3_TxEmpty_IrqHandler))
<BR><BR>[Called By]<UL><LI><a href="#[97]">&gt;&gt;</a>&nbsp;&nbsp;&nbsp;IRQ141_Handler
</UL>

<P><STRONG><a name="[124]"></a>I2C_3_TxEnd_IrqHandler</STRONG> (Thumb, 2 bytes, Stack size 0 bytes, hc32f4a0_interrupts.o(i.I2C_3_TxEnd_IrqHandler))
<BR><BR>[Called By]<UL><LI><a href="#[97]">&gt;&gt;</a>&nbsp;&nbsp;&nbsp;IRQ141_Handler
</UL>

<P><STRONG><a name="[125]"></a>I2C_4_Err_IrqHandler</STRONG> (Thumb, 2 bytes, Stack size 0 bytes, hc32f4a0_interrupts.o(i.I2C_4_Err_IrqHandler))
<BR><BR>[Called By]<UL><LI><a href="#[98]">&gt;&gt;</a>&nbsp;&nbsp;&nbsp;IRQ142_Handler
</UL>

<P><STRONG><a name="[126]"></a>I2C_4_RxEnd_IrqHandler</STRONG> (Thumb, 2 bytes, Stack size 0 bytes, hc32f4a0_interrupts.o(i.I2C_4_RxEnd_IrqHandler))
<BR><BR>[Called By]<UL><LI><a href="#[98]">&gt;&gt;</a>&nbsp;&nbsp;&nbsp;IRQ142_Handler
</UL>

<P><STRONG><a name="[127]"></a>I2C_4_TxEmpty_IrqHandler</STRONG> (Thumb, 2 bytes, Stack size 0 bytes, hc32f4a0_interrupts.o(i.I2C_4_TxEmpty_IrqHandler))
<BR><BR>[Called By]<UL><LI><a href="#[98]">&gt;&gt;</a>&nbsp;&nbsp;&nbsp;IRQ142_Handler
</UL>

<P><STRONG><a name="[128]"></a>I2C_4_TxEnd_IrqHandler</STRONG> (Thumb, 2 bytes, Stack size 0 bytes, hc32f4a0_interrupts.o(i.I2C_4_TxEnd_IrqHandler))
<BR><BR>[Called By]<UL><LI><a href="#[98]">&gt;&gt;</a>&nbsp;&nbsp;&nbsp;IRQ142_Handler
</UL>

<P><STRONG><a name="[129]"></a>I2C_5_Err_IrqHandler</STRONG> (Thumb, 2 bytes, Stack size 0 bytes, hc32f4a0_interrupts.o(i.I2C_5_Err_IrqHandler))
<BR><BR>[Called By]<UL><LI><a href="#[98]">&gt;&gt;</a>&nbsp;&nbsp;&nbsp;IRQ142_Handler
</UL>

<P><STRONG><a name="[12a]"></a>I2C_5_RxEnd_IrqHandler</STRONG> (Thumb, 2 bytes, Stack size 0 bytes, hc32f4a0_interrupts.o(i.I2C_5_RxEnd_IrqHandler))
<BR><BR>[Called By]<UL><LI><a href="#[98]">&gt;&gt;</a>&nbsp;&nbsp;&nbsp;IRQ142_Handler
</UL>

<P><STRONG><a name="[12b]"></a>I2C_5_TxEmpty_IrqHandler</STRONG> (Thumb, 2 bytes, Stack size 0 bytes, hc32f4a0_interrupts.o(i.I2C_5_TxEmpty_IrqHandler))
<BR><BR>[Called By]<UL><LI><a href="#[98]">&gt;&gt;</a>&nbsp;&nbsp;&nbsp;IRQ142_Handler
</UL>

<P><STRONG><a name="[12c]"></a>I2C_5_TxEnd_IrqHandler</STRONG> (Thumb, 2 bytes, Stack size 0 bytes, hc32f4a0_interrupts.o(i.I2C_5_TxEnd_IrqHandler))
<BR><BR>[Called By]<UL><LI><a href="#[98]">&gt;&gt;</a>&nbsp;&nbsp;&nbsp;IRQ142_Handler
</UL>

<P><STRONG><a name="[12d]"></a>I2C_6_Err_IrqHandler</STRONG> (Thumb, 2 bytes, Stack size 0 bytes, hc32f4a0_interrupts.o(i.I2C_6_Err_IrqHandler))
<BR><BR>[Called By]<UL><LI><a href="#[98]">&gt;&gt;</a>&nbsp;&nbsp;&nbsp;IRQ142_Handler
</UL>

<P><STRONG><a name="[12e]"></a>I2C_6_RxEnd_IrqHandler</STRONG> (Thumb, 2 bytes, Stack size 0 bytes, hc32f4a0_interrupts.o(i.I2C_6_RxEnd_IrqHandler))
<BR><BR>[Called By]<UL><LI><a href="#[98]">&gt;&gt;</a>&nbsp;&nbsp;&nbsp;IRQ142_Handler
</UL>

<P><STRONG><a name="[12f]"></a>I2C_6_TxEmpty_IrqHandler</STRONG> (Thumb, 2 bytes, Stack size 0 bytes, hc32f4a0_interrupts.o(i.I2C_6_TxEmpty_IrqHandler))
<BR><BR>[Called By]<UL><LI><a href="#[98]">&gt;&gt;</a>&nbsp;&nbsp;&nbsp;IRQ142_Handler
</UL>

<P><STRONG><a name="[130]"></a>I2C_6_TxEnd_IrqHandler</STRONG> (Thumb, 2 bytes, Stack size 0 bytes, hc32f4a0_interrupts.o(i.I2C_6_TxEnd_IrqHandler))
<BR><BR>[Called By]<UL><LI><a href="#[98]">&gt;&gt;</a>&nbsp;&nbsp;&nbsp;IRQ142_Handler
</UL>

<P><STRONG><a name="[131]"></a>I2S_1_Err_IrqHandler</STRONG> (Thumb, 2 bytes, Stack size 0 bytes, hc32f4a0_interrupts.o(i.I2S_1_Err_IrqHandler))
<BR><BR>[Called By]<UL><LI><a href="#[96]">&gt;&gt;</a>&nbsp;&nbsp;&nbsp;IRQ140_Handler
</UL>

<P><STRONG><a name="[132]"></a>I2S_1_Rx_IrqHandler</STRONG> (Thumb, 2 bytes, Stack size 0 bytes, hc32f4a0_interrupts.o(i.I2S_1_Rx_IrqHandler))
<BR><BR>[Called By]<UL><LI><a href="#[96]">&gt;&gt;</a>&nbsp;&nbsp;&nbsp;IRQ140_Handler
</UL>

<P><STRONG><a name="[133]"></a>I2S_1_Tx_IrqHandler</STRONG> (Thumb, 2 bytes, Stack size 0 bytes, hc32f4a0_interrupts.o(i.I2S_1_Tx_IrqHandler))
<BR><BR>[Called By]<UL><LI><a href="#[96]">&gt;&gt;</a>&nbsp;&nbsp;&nbsp;IRQ140_Handler
</UL>

[...]
</UL>

<P><STRONG><a name="[263]"></a>USART_4_TxEmpty_IrqHandler</STRONG> (Thumb, 2 bytes, Stack size 0 bytes, hc32f4a0_interrupts.o(i.USART_4_TxEmpty_IrqHandler))
<BR><BR>[Called By]<UL><LI><a href="#[94]">&gt;&gt;</a>&nbsp;&nbsp;&nbsp;IRQ138_Handler
</UL>

<P><STRONG><a name="[264]"></a>USART_4_TxEnd_IrqHandler</STRONG> (Thumb, 2 bytes, Stack size 0 bytes, hc32f4a0_interrupts.o(i.USART_4_TxEnd_IrqHandler))
<BR><BR>[Called By]<UL><LI><a href="#[94]">&gt;&gt;</a>&nbsp;&nbsp;&nbsp;IRQ138_Handler
</UL>

<P><STRONG><a name="[265]"></a>USART_5_LinBreakField_IrqHandler</STRONG> (Thumb, 2 bytes, Stack size 0 bytes, hc32f4a0_interrupts.o(i.USART_5_LinBreakField_IrqHandler))
<BR><BR>[Called By]<UL><LI><a href="#[95]">&gt;&gt;</a>&nbsp;&nbsp;&nbsp;IRQ139_Handler
</UL>

<P><STRONG><a name="[266]"></a>USART_5_LinWakeup_IrqHandler</STRONG> (Thumb, 2 bytes, Stack size 0 bytes, hc32f4a0_interrupts.o(i.USART_5_LinWakeup_IrqHandler))
<BR><BR>[Called By]<UL><LI><a href="#[95]">&gt;&gt;</a>&nbsp;&nbsp;&nbsp;IRQ139_Handler
</UL>

<P><STRONG><a name="[267]"></a>USART_5_RxEnd_IrqHandler</STRONG> (Thumb, 2 bytes, Stack size 0 bytes, hc32f4a0_interrupts.o(i.USART_5_RxEnd_IrqHandler))
<BR><BR>[Called By]<UL><LI><a href="#[95]">&gt;&gt;</a>&nbsp;&nbsp;&nbsp;IRQ139_Handler
</UL>

<P><STRONG><a name="[268]"></a>USART_5_RxErr_IrqHandler</STRONG> (Thumb, 2 bytes, Stack size 0 bytes, hc32f4a0_interrupts.o(i.USART_5_RxErr_IrqHandler))
<BR><BR>[Called By]<UL><LI><a href="#[95]">&gt;&gt;</a>&nbsp;&nbsp;&nbsp;IRQ139_Handler
</UL>

<P><STRONG><a name="[269]"></a>USART_5_TxEmpty_IrqHandler</STRONG> (Thumb, 2 bytes, Stack size 0 bytes, hc32f4a0_interrupts.o(i.USART_5_TxEmpty_IrqHandler))
<BR><BR>[Called By]<UL><LI><a href="#[95]">&gt;&gt;</a>&nbsp;&nbsp;&nbsp;IRQ139_Handler
</UL>

<P><STRONG><a name="[26a]"></a>USART_5_TxEnd_IrqHandler</STRONG> (Thumb, 2 bytes, Stack size 0 bytes, hc32f4a0_interrupts.o(i.USART_5_TxEnd_IrqHandler))
<BR><BR>[Called By]<UL><LI><a href="#[95]">&gt;&gt;</a>&nbsp;&nbsp;&nbsp;IRQ139_Handler
</UL>

<P><STRONG><a name="[26b]"></a>USART_6_RxEnd_IrqHandler</STRONG> (Thumb, 2 bytes, Stack size 0 bytes, hc32f4a0_interrupts.o(i.USART_6_RxEnd_IrqHandler))
<BR><BR>[Called By]<UL><LI><a href="#[95]">&gt;&gt;</a>&nbsp;&nbsp;&nbsp;IRQ139_Handler
</UL>

<P><STRONG><a name="[26c]"></a>USART_6_RxErr_IrqHandler</STRONG> (Thumb, 2 bytes, Stack size 0 bytes, hc32f4a0_interrupts.o(i.USART_6_RxErr_IrqHandler))
<BR><BR>[Called By]<UL><LI><a href="#[95]">&gt;&gt;</a>&nbsp;&nbsp;&nbsp;IRQ139_Handler
</UL>

<P><STRONG><a name="[26d]"></a>USART_6_RxTO_IrqHandler</STRONG> (Thumb, 2 bytes, Stack size 0 bytes, hc32f4a0_interrupts.o(i.USART_6_RxTO_IrqHandler))
<BR><BR>[Called By]<UL><LI><a href="#[95]">&gt;&gt;</a>&nbsp;&nbsp;&nbsp;IRQ139_Handler
</UL>

<P><STRONG><a name="[26e]"></a>USART_6_TxEmpty_IrqHandler</STRONG> (Thumb, 2 bytes, Stack size 0 bytes, hc32f4a0_interrupts.o(i.USART_6_TxEmpty_IrqHandler))
<BR><BR>[Called By]<UL><LI><a href="#[95]">&gt;&gt;</a>&nbsp;&nbsp;&nbsp;IRQ139_Handler
</UL>

<P><STRONG><a name="[26f]"></a>USART_6_TxEnd_IrqHandler</STRONG> (Thumb, 2 bytes, Stack size 0 bytes, hc32f4a0_interrupts.o(i.USART_6_TxEnd_IrqHandler))
<BR><BR>[Called By]<UL><LI><a href="#[95]">&gt;&gt;</a>&nbsp;&nbsp;&nbsp;IRQ139_Handler
</UL>

<P><STRONG><a name="[270]"></a>USART_7_RxEnd_IrqHandler</STRONG> (Thumb, 2 bytes, Stack size 0 bytes, hc32f4a0_interrupts.o(i.USART_7_RxEnd_IrqHandler))
<BR><BR>[Called By]<UL><LI><a href="#[96]">&gt;&gt;</a>&nbsp;&nbsp;&nbsp;IRQ140_Handler
</UL>

<P><STRONG><a name="[271]"></a>USART_7_RxErr_IrqHandler</STRONG> (Thumb, 2 bytes, Stack size 0 bytes, hc32f4a0_interrupts.o(i.USART_7_RxErr_IrqHandler))
<BR><BR>[Called By]<UL><LI><a href="#[96]">&gt;&gt;</a>&nbsp;&nbsp;&nbsp;IRQ140_Handler
</UL>

<P><STRONG><a name="[272]"></a>USART_7_RxTO_IrqHandler</STRONG> (Thumb, 2 bytes, Stack size 0 bytes, hc32f4a0_interrupts.o(i.USART_7_RxTO_IrqHandler))
<BR><BR>[Called By]<UL><LI><a href="#[96]">&gt;&gt;</a>&nbsp;&nbsp;&nbsp;IRQ140_Handler
</UL>

<P><STRONG><a name="[273]"></a>USART_7_TxEmpty_IrqHandler</STRONG> (Thumb, 2 bytes, Stack size 0 bytes, hc32f4a0_interrupts.o(i.USART_7_TxEmpty_IrqHandler))
<BR><BR>[Called By]<UL><LI><a href="#[96]">&gt;&gt;</a>&nbsp;&nbsp;&nbsp;IRQ140_Handler
</UL>

<P><STRONG><a name="[274]"></a>USART_7_TxEnd_IrqHandler</STRONG> (Thumb, 2 bytes, Stack size 0 bytes, hc32f4a0_interrupts.o(i.USART_7_TxEnd_IrqHandler))
<BR><BR>[Called By]<UL><LI><a href="#[96]">&gt;&gt;</a>&nbsp;&nbsp;&nbsp;IRQ140_Handler
</UL>

<P><STRONG><a name="[275]"></a>USART_8_RxEnd_IrqHandler</STRONG> (Thumb, 2 bytes, Stack size 0 bytes, hc32f4a0_interrupts.o(i.USART_8_RxEnd_IrqHandler))
<BR><BR>[Called By]<UL><LI><a href="#[96]">&gt;&gt;</a>&nbsp;&nbsp;&nbsp;IRQ140_Handler
</UL>

<P><STRONG><a name="[276]"></a>USART_8_RxErr_IrqHandler</STRONG> (Thumb, 2 bytes, Stack size 0 bytes, hc32f4a0_interrupts.o(i.USART_8_RxErr_IrqHandler))
<BR><BR>[Called By]<UL><LI><a href="#[96]">&gt;&gt;</a>&nbsp;&nbsp;&nbsp;IRQ140_Handler
</UL>

<P><STRONG><a name="[277]"></a>USART_8_TxEmpty_IrqHandler</STRONG> (Thumb, 2 bytes, Stack size 0 bytes, hc32f4a0_interrupts.o(i.USART_8_TxEmpty_IrqHandler))
<BR><BR>[Called By]<UL><LI><a href="#[96]">&gt;&gt;</a>&nbsp;&nbsp;&nbsp;IRQ140_Handler
</UL>

<P><STRONG><a name="[278]"></a>USART_8_TxEnd_IrqHandler</STRONG> (Thumb, 2 bytes, Stack size 0 bytes, hc32f4a0_interrupts.o(i.USART_8_TxEnd_IrqHandler))
<BR><BR>[Called By]<UL><LI><a href="#[96]">&gt;&gt;</a>&nbsp;&nbsp;&nbsp;IRQ140_Handler
</UL>

<P><STRONG><a name="[279]"></a>USART_9_RxEnd_IrqHandler</STRONG> (Thumb, 2 bytes, Stack size 0 bytes, hc32f4a0_interrupts.o(i.USART_9_RxEnd_IrqHandler))
<BR><BR>[Called By]<UL><LI><a href="#[97]">&gt;&gt;</a>&nbsp;&nbsp;&nbsp;IRQ141_Handler
</UL>

<P><STRONG><a name="[27a]"></a>USART_9_RxErr_IrqHandler</STRONG> (Thumb, 2 bytes, Stack size 0 bytes, hc32f4a0_interrupts.o(i.USART_9_RxErr_IrqHandler))
<BR><BR>[Called By]<UL><LI><a href="#[97]">&gt;&gt;</a>&nbsp;&nbsp;&nbsp;IRQ141_Handler
</UL>

<P><STRONG><a name="[27b]"></a>USART_9_TxEmpty_IrqHandler</STRONG> (Thumb, 2 bytes, Stack size 0 bytes, hc32f4a0_interrupts.o(i.USART_9_TxEmpty_IrqHandler))
<BR><BR>[Called By]<UL><LI><a href="#[97]">&gt;&gt;</a>&nbsp;&nbsp;&nbsp;IRQ141_Handler
</UL>

<P><STRONG><a name="[27c]"></a>USART_9_TxEnd_IrqHandler</STRONG> (Thumb, 2 bytes, Stack size 0 bytes, hc32f4a0_interrupts.o(i.USART_9_TxEnd_IrqHandler))
<BR><BR>[Called By]<UL><LI><a href="#[97]">&gt;&gt;</a>&nbsp;&nbsp;&nbsp;IRQ141_Handler
</UL>

<P><STRONG><a name="[27d]"></a>USBFS_Global_IrqHandler</STRONG> (Thumb, 2 bytes, Stack size 0 bytes, hc32f4a0_interrupts.o(i.USBFS_Global_IrqHandler))
<BR><BR>[Called By]<UL><LI><a href="#[96]">&gt;&gt;</a>&nbsp;&nbsp;&nbsp;IRQ140_Handler
</UL>

<P><STRONG><a name="[5]"></a>UsageFault_Handler</STRONG> (Thumb, 8 bytes, Stack size 8 bytes, hc32f4a0_interrupts.o(i.UsageFault_Handler))
<BR><BR>[Stack]<UL><LI>Max Depth = 8<LI>Call Chain = UsageFault_Handler
</UL>
<BR>[Calls]<UL><LI><a href="#[27e]">&gt;&gt;</a>&nbsp;&nbsp;&nbsp;UsageFault_IrqHandler
</UL>
<BR>[Address Reference Count : 1]<UL><LI> startup_hc32f4a0sitb.o(RESET)
</UL>
<P><STRONG><a name="[27e]"></a>UsageFault_IrqHandler</STRONG> (Thumb, 2 bytes, Stack size 0 bytes, hc32f4a0_interrupts.o(i.UsageFault_IrqHandler))
<BR><BR>[Called By]<UL><LI><a href="#[5]">&gt;&gt;</a>&nbsp;&nbsp;&nbsp;UsageFault_Handler
</UL>

<P><STRONG><a name="[2c8]"></a>W25Q_MB85R_SpiInit</STRONG> (Thumb, 224 bytes, Stack size 72 bytes, bsp_spi.o(i.W25Q_MB85R_SpiInit))
<BR><BR>[Stack]<UL><LI>Max Depth = 128<LI>Call Chain = W25Q_MB85R_SpiInit &rArr; GPIO_SetFunc &rArr; DDL_AssertHandler &rArr; __2printf
</UL>
<BR>[Calls]<UL><LI><a href="#[2c9]">&gt;&gt;</a>&nbsp;&nbsp;&nbsp;GPIO_StructInit
<LI><a href="#[2a2]">&gt;&gt;</a>&nbsp;&nbsp;&nbsp;GPIO_SetPins
<LI><a href="#[2a1]">&gt;&gt;</a>&nbsp;&nbsp;&nbsp;GPIO_SetFunc
<LI><a href="#[29f]">&gt;&gt;</a>&nbsp;&nbsp;&nbsp;GPIO_Init
<LI><a href="#[2ca]">&gt;&gt;</a>&nbsp;&nbsp;&nbsp;SPI_StructInit
<LI><a href="#[2b0]">&gt;&gt;</a>&nbsp;&nbsp;&nbsp;SPI_Init
<LI><a href="#[2af]">&gt;&gt;</a>&nbsp;&nbsp;&nbsp;SPI_FunctionCmd
<LI><a href="#[2ae]">&gt;&gt;</a>&nbsp;&nbsp;&nbsp;SPI_DeInit
<LI><a href="#[2aa]">&gt;&gt;</a>&nbsp;&nbsp;&nbsp;PWC_Fcg1PeriphClockCmd
</UL>
<BR>[Called By]<UL><LI><a href="#[2b8]">&gt;&gt;</a>&nbsp;&nbsp;&nbsp;bsp_Init
</UL>

<P><STRONG><a name="[27f]"></a>WDT_IrqHandler</STRONG> (Thumb, 2 bytes, Stack size 0 bytes, hc32f4a0_interrupts.o(i.WDT_IrqHandler))
<BR><BR>[Called By]<UL><LI><a href="#[98]">&gt;&gt;</a>&nbsp;&nbsp;&nbsp;IRQ142_Handler
</UL>

<P><STRONG><a name="[2cb]"></a>__0printf$3</STRONG> (Thumb, 22 bytes, Stack size 24 bytes, printf3.o(i.__0printf$3), UNUSED)
<BR><BR>[Calls]<UL><LI><a href="#[2cc]">&gt;&gt;</a>&nbsp;&nbsp;&nbsp;_printf_core
</UL>

<P><STRONG><a name="[2de]"></a>__1printf$3</STRONG> (Thumb, 0 bytes, Stack size 24 bytes, printf3.o(i.__0printf$3), UNUSED)

<P><STRONG><a name="[28f]"></a>__2printf</STRONG> (Thumb, 0 bytes, Stack size 24 bytes, printf3.o(i.__0printf$3))
<BR><BR>[Stack]<UL><LI>Max Depth = 24<LI>Call Chain = __2printf
</UL>
<BR>[Called By]<UL><LI><a href="#[9f]">&gt;&gt;</a>&nbsp;&nbsp;&nbsp;DDL_AssertHandler
<LI><a href="#[280]">&gt;&gt;</a>&nbsp;&nbsp;&nbsp;Error_Handler
</UL>

<P><STRONG><a name="[2df]"></a>__scatterload_copy</STRONG> (Thumb, 14 bytes, Stack size unknown bytes, handlers.o(i.__scatterload_copy), UNUSED)

<P><STRONG><a name="[2e0]"></a>__scatterload_null</STRONG> (Thumb, 2 bytes, Stack size unknown bytes, handlers.o(i.__scatterload_null), UNUSED)

<P><STRONG><a name="[2e1]"></a>__scatterload_zeroinit</STRONG> (Thumb, 14 bytes, Stack size unknown bytes, handlers.o(i.__scatterload_zeroinit), UNUSED)

<P><STRONG><a name="[2ce]"></a>bsp_DelayMS</STRONG> (Thumb, 18 bytes, Stack size 8 bytes, bsp_dwt.o(i.bsp_DelayMS))
<BR><BR>[Stack]<UL><LI>Max Depth = 20<LI>Call Chain = bsp_DelayMS &rArr; bsp_DelayUS
</UL>
<BR>[Calls]<UL><LI><a href="#[2a9]">&gt;&gt;</a>&nbsp;&nbsp;&nbsp;bsp_DelayUS
</UL>
<BR>[Called By]<UL><LI><a href="#[285]">&gt;&gt;</a>&nbsp;&nbsp;&nbsp;$Super$$main
</UL>

<P><STRONG><a name="[2a9]"></a>bsp_DelayUS</STRONG> (Thumb, 46 bytes, Stack size 12 bytes, bsp_dwt.o(i.bsp_DelayUS))
<BR><BR>[Stack]<UL><LI>Max Depth = 12<LI>Call Chain = bsp_DelayUS
</UL>
<BR>[Called By]<UL><LI><a href="#[2a5]">&gt;&gt;</a>&nbsp;&nbsp;&nbsp;MB85Ctrl_Write
<LI><a href="#[2a8]">&gt;&gt;</a>&nbsp;&nbsp;&nbsp;SPI_ReadWriteByte
<LI><a href="#[2ce]">&gt;&gt;</a>&nbsp;&nbsp;&nbsp;bsp_DelayMS
</UL>

<P><STRONG><a name="[2cf]"></a>bsp_FR_ADDR_InitGPIO</STRONG> (Thumb, 114 bytes, Stack size 24 bytes, bsp_gpio.o(i.bsp_FR_ADDR_InitGPIO))
<BR><BR>[Stack]<UL><LI>Max Depth = 80<LI>Call Chain = bsp_FR_ADDR_InitGPIO &rArr; GPIO_Init &rArr; DDL_AssertHandler &rArr; __2printf
</UL>
<BR>[Calls]<UL><LI><a href="#[2c9]">&gt;&gt;</a>&nbsp;&nbsp;&nbsp;GPIO_StructInit
<LI><a href="#[29f]">&gt;&gt;</a>&nbsp;&nbsp;&nbsp;GPIO_Init
</UL>
<BR>[Called By]<UL><LI><a href="#[2b8]">&gt;&gt;</a>&nbsp;&nbsp;&nbsp;bsp_Init
</UL>

<P><STRONG><a name="[2d0]"></a>bsp_HWDG_InitGPIO</STRONG> (Thumb, 48 bytes, Stack size 24 bytes, bsp_gpio.o(i.bsp_HWDG_InitGPIO))
<BR><BR>[Stack]<UL><LI>Max Depth = 80<LI>Call Chain = bsp_HWDG_InitGPIO &rArr; GPIO_Init &rArr; DDL_AssertHandler &rArr; __2printf
</UL>
<BR>[Calls]<UL><LI><a href="#[2c9]">&gt;&gt;</a>&nbsp;&nbsp;&nbsp;GPIO_StructInit
<LI><a href="#[29f]">&gt;&gt;</a>&nbsp;&nbsp;&nbsp;GPIO_Init
</UL>
<BR>[Called By]<UL><LI><a href="#[2b8]">&gt;&gt;</a>&nbsp;&nbsp;&nbsp;bsp_Init
</UL>

<P><STRONG><a name="[2d1]"></a>bsp_InitDWT</STRONG> (Thumb, 30 bytes, Stack size 0 bytes, bsp_dwt.o(i.bsp_InitDWT))
<BR><BR>[Called By]<UL><LI><a href="#[2b8]">&gt;&gt;</a>&nbsp;&nbsp;&nbsp;bsp_Init
</UL>

<P><STRONG><a name="[2d2]"></a>bsp_InitLed</STRONG> (Thumb, 202 bytes, Stack size 24 bytes, bsp_led.o(i.bsp_InitLed))
<BR><BR>[Stack]<UL><LI>Max Depth = 80<LI>Call Chain = bsp_InitLed &rArr; GPIO_Init &rArr; DDL_AssertHandler &rArr; __2printf
</UL>
<BR>[Calls]<UL><LI><a href="#[2c9]">&gt;&gt;</a>&nbsp;&nbsp;&nbsp;GPIO_StructInit
<LI><a href="#[29f]">&gt;&gt;</a>&nbsp;&nbsp;&nbsp;GPIO_Init
</UL>
<BR>[Called By]<UL><LI><a href="#[2b8]">&gt;&gt;</a>&nbsp;&nbsp;&nbsp;bsp_Init
</UL>

<P><STRONG><a name="[2d3]"></a>bsp_InitSWDT</STRONG> (Thumb, 40 bytes, Stack size 24 bytes, bsp_swdt.o(i.bsp_InitSWDT))
<BR><BR>[Stack]<UL><LI>Max Depth = 64<LI>Call Chain = bsp_InitSWDT &rArr; SWDT_Init &rArr; DDL_AssertHandler &rArr; __2printf
</UL>
<BR>[Calls]<UL><LI><a href="#[2b3]">&gt;&gt;</a>&nbsp;&nbsp;&nbsp;SWDT_Init
<LI><a href="#[29d]">&gt;&gt;</a>&nbsp;&nbsp;&nbsp;SWDT_Feed
</UL>
<BR>[Called By]<UL><LI><a href="#[2b8]">&gt;&gt;</a>&nbsp;&nbsp;&nbsp;bsp_Init
</UL>

<P><STRONG><a name="[9e]"></a>fputc</STRONG> (Thumb, 18 bytes, Stack size 16 bytes, fputc.o(i.fputc))
<BR><BR>[Stack]<UL><LI>Max Depth = 16<LI>Call Chain = fputc
</UL>
<BR>[Address Reference Count : 1]<UL><LI> printf3.o(i.__0printf$3)
</UL>
<P><STRONG><a name="[285]"></a>$Super$$main</STRONG> (Thumb, 310 bytes, Stack size 8 bytes, main.o(i.main))
<BR><BR>[Stack]<UL><LI>Max Depth = 152<LI>Call Chain = $Super$$main &rArr; System_Init &rArr; bsp_Init &rArr; W25Q_MB85R_SpiInit &rArr; GPIO_SetFunc &rArr; DDL_AssertHandler &rArr; __2printf
</UL>
<BR>[Calls]<UL><LI><a href="#[29e]">&gt;&gt;</a>&nbsp;&nbsp;&nbsp;GPIO_TogglePins
<LI><a href="#[2a2]">&gt;&gt;</a>&nbsp;&nbsp;&nbsp;GPIO_SetPins
<LI><a href="#[2a0]">&gt;&gt;</a>&nbsp;&nbsp;&nbsp;GPIO_ResetPins
<LI><a href="#[29a]">&gt;&gt;</a>&nbsp;&nbsp;&nbsp;EFM_SingleProgram
<LI><a href="#[297]">&gt;&gt;</a>&nbsp;&nbsp;&nbsp;EFM_SectorCmd_Sequential
<LI><a href="#[2ce]">&gt;&gt;</a>&nbsp;&nbsp;&nbsp;bsp_DelayMS
<LI><a href="#[2c7]">&gt;&gt;</a>&nbsp;&nbsp;&nbsp;TimerAUintStop
<LI><a href="#[2b7]">&gt;&gt;</a>&nbsp;&nbsp;&nbsp;System_Init
<LI><a href="#[2ad]">&gt;&gt;</a>&nbsp;&nbsp;&nbsp;Peripheral_WP
<LI><a href="#[2ac]">&gt;&gt;</a>&nbsp;&nbsp;&nbsp;Peripheral_WE
<LI><a href="#[2a6]">&gt;&gt;</a>&nbsp;&nbsp;&nbsp;MB85Ctrl_Read
<LI><a href="#[2a3]">&gt;&gt;</a>&nbsp;&nbsp;&nbsp;MB85Ctrl_CheckWrite
<LI><a href="#[29b]">&gt;&gt;</a>&nbsp;&nbsp;&nbsp;Erase_APP_Zone
<LI><a href="#[291]">&gt;&gt;</a>&nbsp;&nbsp;&nbsp;EFM_FCT_Init
<LI><a href="#[286]">&gt;&gt;</a>&nbsp;&nbsp;&nbsp;Boot_JMP_APP
<LI><a href="#[287]">&gt;&gt;</a>&nbsp;&nbsp;&nbsp;__set_PRIMASK
</UL>
<BR>[Called By]<UL><LI><a href="#[9a]">&gt;&gt;</a>&nbsp;&nbsp;&nbsp;main
</UL>
<P>
<H3>
Local Symbols
</H3>
<P><STRONG><a name="[2b2]"></a>SPI_TxRx</STRONG> (Thumb, 192 bytes, Stack size 32 bytes, hc32f4a0_spi.o(i.SPI_TxRx))
<BR><BR>[Stack]<UL><LI>Max Depth = 32<LI>Call Chain = SPI_TxRx
</UL>
<BR>[Called By]<UL><LI><a href="#[2b1]">&gt;&gt;</a>&nbsp;&nbsp;&nbsp;SPI_TransmitReceive
</UL>

<P><STRONG><a name="[287]"></a>__set_PRIMASK</STRONG> (Thumb, 6 bytes, Stack size 0 bytes, main.o(i.__set_PRIMASK))
<BR><BR>[Called By]<UL><LI><a href="#[285]">&gt;&gt;</a>&nbsp;&nbsp;&nbsp;$Super$$main
<LI><a href="#[29b]">&gt;&gt;</a>&nbsp;&nbsp;&nbsp;Erase_APP_Zone
<LI><a href="#[286]">&gt;&gt;</a>&nbsp;&nbsp;&nbsp;Boot_JMP_APP
</UL>

<P><STRONG><a name="[2b4]"></a>SystemClock_Config</STRONG> (Thumb, 142 bytes, Stack size 16 bytes, bsp.o(i.SystemClock_Config))
<BR><BR>[Stack]<UL><LI>Max Depth = 88<LI>Call Chain = SystemClock_Config &rArr; CLK_PLLHInit &rArr; CLK_PLLHCmd &rArr; CLK_GetStableStatus &rArr; DDL_AssertHandler &rArr; __2printf
</UL>
<BR>[Calls]<UL><LI><a href="#[2b5]">&gt;&gt;</a>&nbsp;&nbsp;&nbsp;CLK_XtalStrucInit
<LI><a href="#[28e]">&gt;&gt;</a>&nbsp;&nbsp;&nbsp;CLK_XtalInit
<LI><a href="#[28c]">&gt;&gt;</a>&nbsp;&nbsp;&nbsp;CLK_SetSysClkSrc
<LI><a href="#[2b6]">&gt;&gt;</a>&nbsp;&nbsp;&nbsp;CLK_PLLHStrucInit
<LI><a href="#[28b]">&gt;&gt;</a>&nbsp;&nbsp;&nbsp;CLK_PLLHInit
<LI><a href="#[28a]">&gt;&gt;</a>&nbsp;&nbsp;&nbsp;CLK_PLLHCmd
<LI><a href="#[289]">&gt;&gt;</a>&nbsp;&nbsp;&nbsp;CLK_ClkDiv
<LI><a href="#[299]">&gt;&gt;</a>&nbsp;&nbsp;&nbsp;EFM_SetWaitCycle
</UL>
<BR>[Called By]<UL><LI><a href="#[2b7]">&gt;&gt;</a>&nbsp;&nbsp;&nbsp;System_Init
</UL>

<P><STRONG><a name="[2b8]"></a>bsp_Init</STRONG> (Thumb, 44 bytes, Stack size 8 bytes, bsp.o(i.bsp_Init))
<BR><BR>[Stack]<UL><LI>Max Depth = 136<LI>Call Chain = bsp_Init &rArr; W25Q_MB85R_SpiInit &rArr; GPIO_SetFunc &rArr; DDL_AssertHandler &rArr; __2printf
</UL>
<BR>[Calls]<UL><LI><a href="#[2d3]">&gt;&gt;</a>&nbsp;&nbsp;&nbsp;bsp_InitSWDT
<LI><a href="#[2d2]">&gt;&gt;</a>&nbsp;&nbsp;&nbsp;bsp_InitLed
<LI><a href="#[2d1]">&gt;&gt;</a>&nbsp;&nbsp;&nbsp;bsp_InitDWT
<LI><a href="#[2d0]">&gt;&gt;</a>&nbsp;&nbsp;&nbsp;bsp_HWDG_InitGPIO
<LI><a href="#[2cf]">&gt;&gt;</a>&nbsp;&nbsp;&nbsp;bsp_FR_ADDR_InitGPIO
<LI><a href="#[2c8]">&gt;&gt;</a>&nbsp;&nbsp;&nbsp;W25Q_MB85R_SpiInit
<LI><a href="#[2c6]">&gt;&gt;</a>&nbsp;&nbsp;&nbsp;TimerAUintStart
<LI><a href="#[2bf]">&gt;&gt;</a>&nbsp;&nbsp;&nbsp;TimerAUint1_Config
</UL>
<BR>[Called By]<UL><LI><a href="#[2b7]">&gt;&gt;</a>&nbsp;&nbsp;&nbsp;System_Init
</UL>

<P><STRONG><a name="[2a8]"></a>SPI_ReadWriteByte</STRONG> (Thumb, 32 bytes, Stack size 16 bytes, bsp_mb85rs2.o(i.SPI_ReadWriteByte))
<BR><BR>[Stack]<UL><LI>Max Depth = 72<LI>Call Chain = SPI_ReadWriteByte &rArr; SPI_TransmitReceive &rArr; SPI_TxRx
</UL>
<BR>[Calls]<UL><LI><a href="#[2b1]">&gt;&gt;</a>&nbsp;&nbsp;&nbsp;SPI_TransmitReceive
<LI><a href="#[2a9]">&gt;&gt;</a>&nbsp;&nbsp;&nbsp;bsp_DelayUS
</UL>
<BR>[Called By]<UL><LI><a href="#[2a5]">&gt;&gt;</a>&nbsp;&nbsp;&nbsp;MB85Ctrl_Write
<LI><a href="#[2a6]">&gt;&gt;</a>&nbsp;&nbsp;&nbsp;MB85Ctrl_Read
</UL>

<P><STRONG><a name="[2c1]"></a>TimerAUint1_IrqConfig</STRONG> (Thumb, 62 bytes, Stack size 16 bytes, bsp_timer.o(i.TimerAUint1_IrqConfig))
<BR><BR>[Stack]<UL><LI>Max Depth = 64<LI>Call Chain = TimerAUint1_IrqConfig &rArr; TMRA_IntCmd &rArr; DDL_AssertHandler &rArr; __2printf
</UL>
<BR>[Calls]<UL><LI><a href="#[2c4]">&gt;&gt;</a>&nbsp;&nbsp;&nbsp;__NVIC_SetPriority
<LI><a href="#[2c5]">&gt;&gt;</a>&nbsp;&nbsp;&nbsp;__NVIC_EnableIRQ
<LI><a href="#[2c3]">&gt;&gt;</a>&nbsp;&nbsp;&nbsp;__NVIC_ClearPendingIRQ
<LI><a href="#[2bc]">&gt;&gt;</a>&nbsp;&nbsp;&nbsp;TMRA_IntCmd
<LI><a href="#[2c2]">&gt;&gt;</a>&nbsp;&nbsp;&nbsp;INTC_IrqSignIn
</UL>
<BR>[Called By]<UL><LI><a href="#[2bf]">&gt;&gt;</a>&nbsp;&nbsp;&nbsp;TimerAUint1_Config
</UL>

<P><STRONG><a name="[9d]"></a>TimerAUnit1_OvfIrqCallback</STRONG> (Thumb, 30 bytes, Stack size 8 bytes, bsp_timer.o(i.TimerAUnit1_OvfIrqCallback))
<BR><BR>[Stack]<UL><LI>Max Depth = 56<LI>Call Chain = TimerAUnit1_OvfIrqCallback &rArr; TMRA_GetStatus &rArr; DDL_AssertHandler &rArr; __2printf
</UL>
<BR>[Calls]<UL><LI><a href="#[2ba]">&gt;&gt;</a>&nbsp;&nbsp;&nbsp;TMRA_GetStatus
<LI><a href="#[2b9]">&gt;&gt;</a>&nbsp;&nbsp;&nbsp;TMRA_ClrStatus
<LI><a href="#[29c]">&gt;&gt;</a>&nbsp;&nbsp;&nbsp;Feed_WDG
</UL>
<BR>[Address Reference Count : 1]<UL><LI> bsp_timer.o(i.TimerAUint1_IrqConfig)
</UL>
<P><STRONG><a name="[2c3]"></a>__NVIC_ClearPendingIRQ</STRONG> (Thumb, 22 bytes, Stack size 0 bytes, bsp_timer.o(i.__NVIC_ClearPendingIRQ))
<BR><BR>[Called By]<UL><LI><a href="#[2c1]">&gt;&gt;</a>&nbsp;&nbsp;&nbsp;TimerAUint1_IrqConfig
</UL>

<P><STRONG><a name="[2c5]"></a>__NVIC_EnableIRQ</STRONG> (Thumb, 34 bytes, Stack size 0 bytes, bsp_timer.o(i.__NVIC_EnableIRQ))
<BR><BR>[Called By]<UL><LI><a href="#[2c1]">&gt;&gt;</a>&nbsp;&nbsp;&nbsp;TimerAUint1_IrqConfig
</UL>

<P><STRONG><a name="[2c4]"></a>__NVIC_SetPriority</STRONG> (Thumb, 32 bytes, Stack size 8 bytes, bsp_timer.o(i.__NVIC_SetPriority))
<BR><BR>[Stack]<UL><LI>Max Depth = 8<LI>Call Chain = __NVIC_SetPriority
</UL>
<BR>[Called By]<UL><LI><a href="#[2c1]">&gt;&gt;</a>&nbsp;&nbsp;&nbsp;TimerAUint1_IrqConfig
</UL>

<P><STRONG><a name="[2cc]"></a>_printf_core</STRONG> (Thumb, 436 bytes, Stack size 96 bytes, printf3.o(i._printf_core), UNUSED)
<BR><BR>[Calls]<UL><LI><a href="#[2cd]">&gt;&gt;</a>&nbsp;&nbsp;&nbsp;__aeabi_uidivmod
</UL>
<BR>[Called By]<UL><LI><a href="#[2cb]">&gt;&gt;</a>&nbsp;&nbsp;&nbsp;__0printf$3
</UL>
<P>
<H3>
Undefined Global Symbols
</H3><HR></body></html>
