<html>
<body>
<pre>
<h1>µVision Build Log</h1>
<h2>Tool Versions:</h2>
IDE-Version: ¦ÌVision V5.31.0.0
Copyright (C) 2020 ARM Ltd and ARM Germany GmbH. All rights reserved.
License Information: 1 2, 1, LIC=KRMW3-A1TVR-IIK5V-PXPW4-VUYXW-YQ42G
 
Tool Versions:
Toolchain:       MDK-ARM Plus  Version: 5.31.0.0
Toolchain Path:  C:\Keil_v5\ARM\ARMCC\Bin
C Compiler:      Armcc.exe V5.06 update 6 (build 750)
Assembler:       Armasm.exe V5.06 update 6 (build 750)
Linker/Locator:  ArmLink.exe V5.06 update 6 (build 750)
Library Manager: ArmAr.exe V5.06 update 6 (build 750)
Hex Converter:   FromElf.exe V5.06 update 6 (build 750)
CPU DLL:         SARMCM3.DLL V5.31.0.0
Dialog DLL:      DARMCM1.DLL V1.19.3.0
Target DLL:      Segger\JL2CM3.dll V2.99.38.0
Dialog DLL:      TARMCM1.DLL V1.14.2.0
 
<h2>Project:</h2>
E:\Version_Public\WorkSpace\new\JN9B_Boot_HD\JN9B_FCT\Project\MDK\HC32F4A0SITB.uvprojx
Project File Date:  02/28/2022

<h2>Output:</h2>
*** Using Compiler 'V5.06 update 6 (build 750)', folder: 'C:\Keil_v5\ARM\ARMCC\Bin'
Build target 'HC32F4A0SITB_Template'
Clean started - Project: 'HC32F4A0SITB'
   deleting intermediate output files for target 'HC32F4A0SITB_Template'
compiling hc32f4a0_adc.c...
compiling hc32f4a0_aes.c...
compiling hc32f4a0_can.c...
compiling hc32f4a0_clk.c...
compiling hc32f4a0_cmp.c...
compiling hc32f4a0_crc.c...
compiling hc32f4a0_ctc.c...
compiling hc32f4a0_dac.c...
compiling hc32f4a0_dcu.c...
compiling hc32f4a0_dma.c...
compiling hc32f4a0_dmc.c...
compiling hc32f4a0_dvp.c...
compiling hc32f4a0_efm.c...
compiling hc32f4a0_emb.c...
compiling hc32f4a0_eth.c...
compiling hc32f4a0_event_port.c...
compiling hc32f4a0_fcm.c...
compiling hc32f4a0_fmac.c...
compiling hc32f4a0_gpio.c...
compiling hc32f4a0_hash.c...
compiling hc32f4a0_hrpwm.c...
compiling hc32f4a0_i2c.c...
compiling hc32f4a0_i2s.c...
compiling hc32f4a0_icg.c...
compiling hc32f4a0_keyscan.c...
compiling hc32f4a0_mau.c...
compiling hc32f4a0_mpu.c...
compiling hc32f4a0_nfc.c...
compiling hc32f4a0_ots.c...
compiling hc32f4a0_pwc.c...
compiling hc32f4a0_qspi.c...
compiling hc32f4a0_rmu.c...
compiling hc32f4a0_rtc.c...
compiling hc32f4a0_sdioc.c...
compiling hc32f4a0_smc.c...
compiling hc32f4a0_spi.c...
compiling hc32f4a0_sram.c...
compiling hc32f4a0_swdt.c...
compiling hc32f4a0_tmr0.c...
compiling hc32f4a0_tmr2.c...
compiling hc32f4a0_tmr4.c...
compiling hc32f4a0_tmr6.c...
compiling hc32f4a0_tmra.c...
compiling hc32f4a0_trng.c...
compiling hc32f4a0_usart.c...
compiling hc32f4a0_utility.c...
compiling hc32f4a0_wdt.c...
compiling hc32f4a0_interrupts.c...
compiling main.c...
compiling system_hc32f4a0sitb.c...
assembling startup_hc32f4a0sitb.s...
compiling bsp.c...
compiling bsp_dwt.c...
compiling bsp_gpio.c...
compiling bsp_led.c...
compiling bsp_MB85RS2.c...
compiling bsp_spi.c...
compiling bsp_swdt.c...
compiling bsp_timer.c...
linking...
Program Size: Code=31304 RO-data=768 RW-data=56 ZI-data=16896  
".\output\debug\HC32F4A0SITB.axf" - 0 Error(s), 0 Warning(s).

*** Performing Cross-Module-Optimization:
compiling hc32f4a0_adc.c...
compiling hc32f4a0_aes.c...
compiling hc32f4a0_can.c...
compiling hc32f4a0_clk.c...
compiling hc32f4a0_cmp.c...
compiling hc32f4a0_crc.c...
compiling hc32f4a0_ctc.c...
compiling hc32f4a0_dac.c...
compiling hc32f4a0_dcu.c...
compiling hc32f4a0_dma.c...
compiling hc32f4a0_dmc.c...
compiling hc32f4a0_dvp.c...
compiling hc32f4a0_efm.c...
compiling hc32f4a0_emb.c...
compiling hc32f4a0_eth.c...
compiling hc32f4a0_event_port.c...
compiling hc32f4a0_fcm.c...
compiling hc32f4a0_fmac.c...
compiling hc32f4a0_gpio.c...
compiling hc32f4a0_hash.c...
compiling hc32f4a0_hrpwm.c...
compiling hc32f4a0_i2c.c...
compiling hc32f4a0_i2s.c...
compiling hc32f4a0_icg.c...
compiling hc32f4a0_keyscan.c...
compiling hc32f4a0_mau.c...
compiling hc32f4a0_mpu.c...
compiling hc32f4a0_nfc.c...
compiling hc32f4a0_ots.c...
compiling hc32f4a0_pwc.c...
compiling hc32f4a0_qspi.c...
compiling hc32f4a0_rmu.c...
compiling hc32f4a0_rtc.c...
compiling hc32f4a0_sdioc.c...
compiling hc32f4a0_smc.c...
compiling hc32f4a0_spi.c...
compiling hc32f4a0_sram.c...
compiling hc32f4a0_swdt.c...
compiling hc32f4a0_tmr0.c...
compiling hc32f4a0_tmr2.c...
compiling hc32f4a0_tmr4.c...
compiling hc32f4a0_tmr6.c...
compiling hc32f4a0_tmra.c...
compiling hc32f4a0_trng.c...
compiling hc32f4a0_usart.c...
compiling hc32f4a0_utility.c...
compiling hc32f4a0_wdt.c...
compiling hc32f4a0_interrupts.c...
compiling main.c...
compiling system_hc32f4a0sitb.c...
compiling bsp.c...
compiling bsp_dwt.c...
compiling bsp_gpio.c...
compiling bsp_led.c...
compiling bsp_MB85RS2.c...
compiling bsp_spi.c...
compiling bsp_swdt.c...
compiling bsp_timer.c...
linking...
Program Size: Code=31304 RO-data=768 RW-data=56 ZI-data=16896  
FromELF: creating hex file...
".\output\debug\HC32F4A0SITB.axf" - 0 Error(s), 0 Warning(s).
*** Completed Cross-Module-Optimization after 2 iteration(s).

<h2>Software Packages used:</h2>

Package Vendor: ARM
                http://www.keil.com/pack/ARM.CMSIS.5.7.0.pack
                ARM.CMSIS.5.7.0
                CMSIS (Cortex Microcontroller Software Interface Standard)
   * Component: CORE Version: 5.4.0

Package Vendor: HDSC
                https://raw.githubusercontent.com/hdscmcu/pack/master/HDSC.HC32F4A0.1.0.4.pack
                HDSC.HC32F4A0.1.0.4
                HC32F4A0 ARM Cortex-M4 Device Family Pack

<h2>Collection of Component include folders:</h2>
  .\RTE\_HC32F4A0SITB_Template
  C:\Users\JC\AppData\Local\Arm\Packs\ARM\CMSIS\5.7.0\CMSIS\Core\Include
  C:\Users\JC\AppData\Local\Arm\Packs\HDSC\HC32F4A0\1.0.4\Device\Include

<h2>Collection of Component Files used:</h2>

   * Component: ARM::CMSIS:CORE:5.4.0
Build Time Elapsed:  00:01:27
</pre>
</body>
</html>
