<?xml version="1.0" encoding="ISO-8859-1" ?>
<link_info>
   <banner>TMS320C2000 Linker PC v20.2.1.LTS</banner>
   <copyright>Copyright (c) 1996-2018 Texas Instruments Incorporated</copyright>
   <link_time>0x60dd86a3</link_time>
   <link_errors>0x0</link_errors>
   <output_file>BatCharger_5V60A_V583F.out</output_file>
   <entry_point>
      <name>_c_int00</name>
      <address>0x3f1644</address>
   </entry_point>
   <input_file_list>
      <input_file id="fl-2">
         <path>.\APP\source\</path>
         <kind>object</kind>
         <file>Auto_Aging.obj</file>
         <name>Auto_Aging.obj</name>
      </input_file>
      <input_file id="fl-3">
         <path>.\APP\source\</path>
         <kind>object</kind>
         <file>COM.obj</file>
         <name>COM.obj</name>
      </input_file>
      <input_file id="fl-4">
         <path>.\APP\source\</path>
         <kind>object</kind>
         <file>Compen_Cur.obj</file>
         <name>Compen_Cur.obj</name>
      </input_file>
      <input_file id="fl-5">
         <path>.\APP\source\</path>
         <kind>object</kind>
         <file>Ctr_Fan.obj</file>
         <name>Ctr_Fan.obj</name>
      </input_file>
      <input_file id="fl-6">
         <path>.\APP\source\</path>
         <kind>object</kind>
         <file>Ctr_LED.obj</file>
         <name>Ctr_LED.obj</name>
      </input_file>
      <input_file id="fl-7">
         <path>.\APP\source\</path>
         <kind>object</kind>
         <file>Net_Cali.obj</file>
         <name>Net_Cali.obj</name>
      </input_file>
      <input_file id="fl-8">
         <path>.\APP\source\</path>
         <kind>object</kind>
         <file>Net_Debug.obj</file>
         <name>Net_Debug.obj</name>
      </input_file>
      <input_file id="fl-9">
         <path>.\APP\source\</path>
         <kind>object</kind>
         <file>Net_Fluct.obj</file>
         <name>Net_Fluct.obj</name>
      </input_file>
      <input_file id="fl-a">
         <path>.\APP\source\</path>
         <kind>object</kind>
         <file>Net_Global.obj</file>
         <name>Net_Global.obj</name>
      </input_file>
      <input_file id="fl-b">
         <path>.\APP\source\</path>
         <kind>object</kind>
         <file>Net_Others.obj</file>
         <name>Net_Others.obj</name>
      </input_file>
      <input_file id="fl-c">
         <path>.\APP\source\</path>
         <kind>object</kind>
         <file>Net_Record.obj</file>
         <name>Net_Record.obj</name>
      </input_file>
      <input_file id="fl-d">
         <path>.\APP\source\</path>
         <kind>object</kind>
         <file>Net_WorkStep.obj</file>
         <name>Net_WorkStep.obj</name>
      </input_file>
      <input_file id="fl-e">
         <path>.\APP\source\</path>
         <kind>object</kind>
         <file>Protect_Global_Step.obj</file>
         <name>Protect_Global_Step.obj</name>
      </input_file>
      <input_file id="fl-f">
         <path>.\APP\source\</path>
         <kind>object</kind>
         <file>WorkStep_Flow.obj</file>
         <name>WorkStep_Flow.obj</name>
      </input_file>
      <input_file id="fl-10">
         <path>.\APP\source\</path>
         <kind>object</kind>
         <file>WorkStep_Record.obj</file>
         <name>WorkStep_Record.obj</name>
      </input_file>
      <input_file id="fl-11">
         <path>.\APP\source\</path>
         <kind>object</kind>
         <file>main.obj</file>
         <name>main.obj</name>
      </input_file>
      <input_file id="fl-12">
         <path>.\DSP280x_BSP\source\</path>
         <kind>object</kind>
         <file>ADC_BSP.obj</file>
         <name>ADC_BSP.obj</name>
      </input_file>
      <input_file id="fl-13">
         <path>.\DSP280x_BSP\source\</path>
         <kind>object</kind>
         <file>DCDC_BSP.obj</file>
         <name>DCDC_BSP.obj</name>
      </input_file>
      <input_file id="fl-14">
         <path>.\DSP280x_BSP\source\</path>
         <kind>object</kind>
         <file>EEPROM_BSP.obj</file>
         <name>EEPROM_BSP.obj</name>
      </input_file>
      <input_file id="fl-15">
         <path>.\DSP280x_BSP\source\</path>
         <kind>object</kind>
         <file>FLASH_BSP.obj</file>
         <name>FLASH_BSP.obj</name>
      </input_file>
      <input_file id="fl-16">
         <path>.\DSP280x_BSP\source\</path>
         <kind>object</kind>
         <file>GPIO_BSP.obj</file>
         <name>GPIO_BSP.obj</name>
      </input_file>
      <input_file id="fl-17">
         <path>.\DSP280x_BSP\source\</path>
         <kind>object</kind>
         <file>Parall_BSP.obj</file>
         <name>Parall_BSP.obj</name>
      </input_file>
      <input_file id="fl-18">
         <path>.\DSP280x_BSP\source\</path>
         <kind>object</kind>
         <file>SCI_BSP.obj</file>
         <name>SCI_BSP.obj</name>
      </input_file>
      <input_file id="fl-19">
         <path>.\DSP280x_BSP\source\</path>
         <kind>object</kind>
         <file>W5500_BSP.obj</file>
         <name>W5500_BSP.obj</name>
      </input_file>
      <input_file id="fl-1a">
         <path>.\DSP280x_BSP\source\</path>
         <kind>object</kind>
         <file>Watchdog_BSP.obj</file>
         <name>Watchdog_BSP.obj</name>
      </input_file>
      <input_file id="fl-1b">
         <path>.\DSP280x_common\source\</path>
         <kind>object</kind>
         <file>DSP280x_Adc.obj</file>
         <name>DSP280x_Adc.obj</name>
      </input_file>
      <input_file id="fl-1c">
         <path>.\DSP280x_common\source\</path>
         <kind>object</kind>
         <file>DSP280x_CodeStartBranch.obj</file>
         <name>DSP280x_CodeStartBranch.obj</name>
      </input_file>
      <input_file id="fl-1d">
         <path>.\DSP280x_common\source\</path>
         <kind>object</kind>
         <file>DSP280x_CpuTimers.obj</file>
         <name>DSP280x_CpuTimers.obj</name>
      </input_file>
      <input_file id="fl-1e">
         <path>.\DSP280x_common\source\</path>
         <kind>object</kind>
         <file>DSP280x_DBGIER.obj</file>
         <name>DSP280x_DBGIER.obj</name>
      </input_file>
      <input_file id="fl-1f">
         <path>.\DSP280x_common\source\</path>
         <kind>object</kind>
         <file>DSP280x_DefaultIsr.obj</file>
         <name>DSP280x_DefaultIsr.obj</name>
      </input_file>
      <input_file id="fl-20">
         <path>.\DSP280x_common\source\</path>
         <kind>object</kind>
         <file>DSP280x_DisInt.obj</file>
         <name>DSP280x_DisInt.obj</name>
      </input_file>
      <input_file id="fl-21">
         <path>.\DSP280x_common\source\</path>
         <kind>object</kind>
         <file>DSP280x_ECan.obj</file>
         <name>DSP280x_ECan.obj</name>
      </input_file>
      <input_file id="fl-22">
         <path>.\DSP280x_common\source\</path>
         <kind>object</kind>
         <file>DSP280x_ECap.obj</file>
         <name>DSP280x_ECap.obj</name>
      </input_file>
      <input_file id="fl-23">
         <path>.\DSP280x_common\source\</path>
         <kind>object</kind>
         <file>DSP280x_EPwm.obj</file>
         <name>DSP280x_EPwm.obj</name>
      </input_file>
      <input_file id="fl-24">
         <path>.\DSP280x_common\source\</path>
         <kind>object</kind>
         <file>DSP280x_EQep.obj</file>
         <name>DSP280x_EQep.obj</name>
      </input_file>
      <input_file id="fl-25">
         <path>.\DSP280x_common\source\</path>
         <kind>object</kind>
         <file>DSP280x_Gpio.obj</file>
         <name>DSP280x_Gpio.obj</name>
      </input_file>
      <input_file id="fl-26">
         <path>.\DSP280x_common\source\</path>
         <kind>object</kind>
         <file>DSP280x_I2C.obj</file>
         <name>DSP280x_I2C.obj</name>
      </input_file>
      <input_file id="fl-27">
         <path>.\DSP280x_common\source\</path>
         <kind>object</kind>
         <file>DSP280x_MemCopy.obj</file>
         <name>DSP280x_MemCopy.obj</name>
      </input_file>
      <input_file id="fl-28">
         <path>.\DSP280x_common\source\</path>
         <kind>object</kind>
         <file>DSP280x_PieCtrl.obj</file>
         <name>DSP280x_PieCtrl.obj</name>
      </input_file>
      <input_file id="fl-29">
         <path>.\DSP280x_common\source\</path>
         <kind>object</kind>
         <file>DSP280x_PieVect.obj</file>
         <name>DSP280x_PieVect.obj</name>
      </input_file>
      <input_file id="fl-2a">
         <path>.\DSP280x_common\source\</path>
         <kind>object</kind>
         <file>DSP280x_Sci.obj</file>
         <name>DSP280x_Sci.obj</name>
      </input_file>
      <input_file id="fl-2b">
         <path>.\DSP280x_common\source\</path>
         <kind>object</kind>
         <file>DSP280x_Spi.obj</file>
         <name>DSP280x_Spi.obj</name>
      </input_file>
      <input_file id="fl-2c">
         <path>.\DSP280x_common\source\</path>
         <kind>object</kind>
         <file>DSP280x_SysCtrl.obj</file>
         <name>DSP280x_SysCtrl.obj</name>
      </input_file>
      <input_file id="fl-2d">
         <path>.\DSP280x_common\source\</path>
         <kind>object</kind>
         <file>DSP280x_usDelay.obj</file>
         <name>DSP280x_usDelay.obj</name>
      </input_file>
      <input_file id="fl-2e">
         <path>.\DSP280x_headers\source\</path>
         <kind>object</kind>
         <file>DSP280x_GlobalVariableDefs.obj</file>
         <name>DSP280x_GlobalVariableDefs.obj</name>
      </input_file>
      <input_file id="fl-35">
         <kind>object</kind>
         <file>&lt;internal&gt;</file>
         <name>&lt;internal&gt;</name>
      </input_file>
      <input_file id="fl-41">
         <path>E:\ti\ccs1010\ccs\tools\compiler\ti-cgt-c2000_20.2.1.LTS\lib\</path>
         <kind>archive</kind>
         <file>rts2800_ml.lib</file>
         <name>boot28.asm.obj</name>
      </input_file>
      <input_file id="fl-42">
         <path>E:\ti\ccs1010\ccs\tools\compiler\ti-cgt-c2000_20.2.1.LTS\lib\</path>
         <kind>archive</kind>
         <file>rts2800_ml.lib</file>
         <name>fs_mpy28.asm.obj</name>
      </input_file>
      <input_file id="fl-43">
         <path>E:\ti\ccs1010\ccs\tools\compiler\ti-cgt-c2000_20.2.1.LTS\lib\</path>
         <kind>archive</kind>
         <file>rts2800_ml.lib</file>
         <name>fs_tol28.asm.obj</name>
      </input_file>
      <input_file id="fl-44">
         <path>E:\ti\ccs1010\ccs\tools\compiler\ti-cgt-c2000_20.2.1.LTS\lib\</path>
         <kind>archive</kind>
         <file>rts2800_ml.lib</file>
         <name>ll_div28.asm.obj</name>
      </input_file>
      <input_file id="fl-45">
         <path>E:\ti\ccs1010\ccs\tools\compiler\ti-cgt-c2000_20.2.1.LTS\lib\</path>
         <kind>archive</kind>
         <file>rts2800_ml.lib</file>
         <name>l_div28.asm.obj</name>
      </input_file>
      <input_file id="fl-46">
         <path>E:\ti\ccs1010\ccs\tools\compiler\ti-cgt-c2000_20.2.1.LTS\lib\</path>
         <kind>archive</kind>
         <file>rts2800_ml.lib</file>
         <name>cpy_tbl.c.obj</name>
      </input_file>
      <input_file id="fl-47">
         <path>E:\ti\ccs1010\ccs\tools\compiler\ti-cgt-c2000_20.2.1.LTS\lib\</path>
         <kind>archive</kind>
         <file>rts2800_ml.lib</file>
         <name>memcpy.c.obj</name>
      </input_file>
      <input_file id="fl-48">
         <path>E:\ti\ccs1010\ccs\tools\compiler\ti-cgt-c2000_20.2.1.LTS\lib\</path>
         <kind>archive</kind>
         <file>rts2800_ml.lib</file>
         <name>pre_init.c.obj</name>
      </input_file>
      <input_file id="fl-49">
         <path>E:\ti\ccs1010\ccs\tools\compiler\ti-cgt-c2000_20.2.1.LTS\lib\</path>
         <kind>archive</kind>
         <file>rts2800_ml.lib</file>
         <name>startup.c.obj</name>
      </input_file>
      <input_file id="fl-4a">
         <path>E:\ti\ccs1010\ccs\tools\compiler\ti-cgt-c2000_20.2.1.LTS\lib\</path>
         <kind>archive</kind>
         <file>rts2800_ml.lib</file>
         <name>exit.c.obj</name>
      </input_file>
      <input_file id="fl-4b">
         <path>E:\ti\ccs1010\ccs\tools\compiler\ti-cgt-c2000_20.2.1.LTS\lib\</path>
         <kind>archive</kind>
         <file>rts2800_ml.lib</file>
         <name>_lock.c.obj</name>
      </input_file>
      <input_file id="fl-4c">
         <path>E:\ti\ccs1010\ccs\tools\compiler\ti-cgt-c2000_20.2.1.LTS\lib\</path>
         <kind>archive</kind>
         <file>rts2800_ml.lib</file>
         <name>args_main.c.obj</name>
      </input_file>
   </input_file_list>
   <object_component_list>
      <object_component id="oc-65">
         <name>.cinit</name>
         <load_address>0x3f321e</load_address>
         <run_address>0x3f321e</run_address>
         <size>0x38</size>
         <input_file_ref idref="fl-8"/>
      </object_component>
      <object_component id="oc-7d">
         <name>.cinit</name>
         <load_address>0x3f3256</load_address>
         <run_address>0x3f3256</run_address>
         <size>0x11</size>
         <input_file_ref idref="fl-c"/>
      </object_component>
      <object_component id="oc-19c">
         <name>.cinit</name>
         <load_address>0x3f3267</load_address>
         <run_address>0x3f3267</run_address>
         <size>0xe</size>
         <input_file_ref idref="fl-4a"/>
      </object_component>
      <object_component id="oc-52">
         <name>.cinit</name>
         <load_address>0x3f3275</load_address>
         <run_address>0x3f3275</run_address>
         <size>0xc</size>
         <input_file_ref idref="fl-5"/>
      </object_component>
      <object_component id="oc-59">
         <name>.cinit</name>
         <load_address>0x3f3281</load_address>
         <run_address>0x3f3281</run_address>
         <size>0xc</size>
         <input_file_ref idref="fl-6"/>
      </object_component>
      <object_component id="oc-90">
         <name>.cinit</name>
         <load_address>0x3f328d</load_address>
         <run_address>0x3f328d</run_address>
         <size>0xb</size>
         <input_file_ref idref="fl-f"/>
      </object_component>
      <object_component id="oc-76">
         <name>.cinit</name>
         <load_address>0x3f3298</load_address>
         <run_address>0x3f3298</run_address>
         <size>0x8</size>
         <input_file_ref idref="fl-b"/>
      </object_component>
      <object_component id="oc-89">
         <name>.cinit</name>
         <load_address>0x3f32a0</load_address>
         <run_address>0x3f32a0</run_address>
         <size>0x8</size>
         <input_file_ref idref="fl-e"/>
      </object_component>
      <object_component id="oc-200">
         <name>.cinit:_ubVerbNum</name>
         <load_address>0x3f32a8</load_address>
         <run_address>0x3f32a8</run_address>
         <size>0x8</size>
         <input_file_ref idref="fl-18"/>
      </object_component>
      <object_component id="oc-9d">
         <name>.cinit</name>
         <load_address>0x3f32b0</load_address>
         <run_address>0x3f32b0</run_address>
         <size>0x8</size>
         <input_file_ref idref="fl-11"/>
      </object_component>
      <object_component id="oc-1b9">
         <name>.cinit:__lock</name>
         <load_address>0x3f32b8</load_address>
         <run_address>0x3f32b8</run_address>
         <size>0x5</size>
         <input_file_ref idref="fl-4b"/>
      </object_component>
      <object_component id="oc-1d9">
         <name>.cinit:__unlock</name>
         <load_address>0x3f32bd</load_address>
         <run_address>0x3f32bd</run_address>
         <size>0x5</size>
         <input_file_ref idref="fl-4b"/>
      </object_component>
      <object_component id="oc-aa">
         <name>.cinit</name>
         <load_address>0x3f32c2</load_address>
         <run_address>0x3f32c2</run_address>
         <size>0x4</size>
         <input_file_ref idref="fl-13"/>
      </object_component>
      <object_component id="oc-c4">
         <name>.cinit</name>
         <load_address>0x3f32c6</load_address>
         <run_address>0x3f32c6</run_address>
         <size>0x4</size>
         <input_file_ref idref="fl-17"/>
      </object_component>
      <object_component id="oc-1cd">
         <name>.text</name>
         <load_address>0x3e8000</load_address>
         <run_address>0x3e8000</run_address>
         <size>0x1752</size>
         <input_file_ref idref="fl-f"/>
      </object_component>
      <object_component id="oc-1b2">
         <name>.text</name>
         <load_address>0x3e9752</load_address>
         <run_address>0x3e9752</run_address>
         <size>0x1487</size>
         <input_file_ref idref="fl-13"/>
      </object_component>
      <object_component id="oc-1cf">
         <name>.text</name>
         <load_address>0x3eabd9</load_address>
         <run_address>0x3eabd9</run_address>
         <size>0xfcd</size>
         <input_file_ref idref="fl-e"/>
      </object_component>
      <object_component id="oc-1d4">
         <name>.text</name>
         <load_address>0x3ebba6</load_address>
         <run_address>0x3ebba6</run_address>
         <size>0xc27</size>
         <input_file_ref idref="fl-8"/>
      </object_component>
      <object_component id="oc-202">
         <name>.text</name>
         <load_address>0x3ec7cd</load_address>
         <run_address>0x3ec7cd</run_address>
         <size>0xa7e</size>
         <input_file_ref idref="fl-a"/>
      </object_component>
      <object_component id="oc-1b5">
         <name>.text</name>
         <load_address>0x3ed24b</load_address>
         <run_address>0x3ed24b</run_address>
         <size>0xa7e</size>
         <input_file_ref idref="fl-19"/>
      </object_component>
      <object_component id="oc-1da">
         <name>.text</name>
         <load_address>0x3edcc9</load_address>
         <run_address>0x3edcc9</run_address>
         <size>0x7ff</size>
         <input_file_ref idref="fl-7"/>
      </object_component>
      <object_component id="oc-1d3">
         <name>.text</name>
         <load_address>0x3ee4c8</load_address>
         <run_address>0x3ee4c8</run_address>
         <size>0x63b</size>
         <input_file_ref idref="fl-b"/>
      </object_component>
      <object_component id="oc-1b3">
         <name>.text</name>
         <load_address>0x3eeb03</load_address>
         <run_address>0x3eeb03</run_address>
         <size>0x63a</size>
         <input_file_ref idref="fl-17"/>
      </object_component>
      <object_component id="oc-1bc">
         <name>.text</name>
         <load_address>0x3ef13d</load_address>
         <run_address>0x3ef13d</run_address>
         <size>0x52a</size>
         <input_file_ref idref="fl-14"/>
      </object_component>
      <object_component id="oc-1e8">
         <name>.text</name>
         <load_address>0x3ef667</load_address>
         <run_address>0x3ef667</run_address>
         <size>0x50e</size>
         <input_file_ref idref="fl-c"/>
      </object_component>
      <object_component id="oc-1d1">
         <name>.text</name>
         <load_address>0x3efb75</load_address>
         <run_address>0x3efb75</run_address>
         <size>0x4b4</size>
         <input_file_ref idref="fl-2"/>
      </object_component>
      <object_component id="oc-207">
         <name>.text</name>
         <load_address>0x3f0029</load_address>
         <run_address>0x3f0029</run_address>
         <size>0x352</size>
         <input_file_ref idref="fl-9"/>
      </object_component>
      <object_component id="oc-1b7">
         <name>.text</name>
         <load_address>0x3f037b</load_address>
         <run_address>0x3f037b</run_address>
         <size>0x345</size>
         <input_file_ref idref="fl-11"/>
      </object_component>
      <object_component id="oc-1d6">
         <name>.text</name>
         <load_address>0x3f06c0</load_address>
         <run_address>0x3f06c0</run_address>
         <size>0x27c</size>
         <input_file_ref idref="fl-6"/>
      </object_component>
      <object_component id="oc-1d5">
         <name>.text</name>
         <load_address>0x3f093c</load_address>
         <run_address>0x3f093c</run_address>
         <size>0x24b</size>
         <input_file_ref idref="fl-3"/>
      </object_component>
      <object_component id="oc-1ce">
         <name>.text</name>
         <load_address>0x3f0b87</load_address>
         <run_address>0x3f0b87</run_address>
         <size>0x17e</size>
         <input_file_ref idref="fl-10"/>
      </object_component>
      <object_component id="oc-f3">
         <name>.text:retain</name>
         <load_address>0x3f0d05</load_address>
         <run_address>0x3f0d05</run_address>
         <size>0x145</size>
         <input_file_ref idref="fl-1f"/>
      </object_component>
      <object_component id="oc-1cb">
         <name>.text</name>
         <load_address>0x3f0e4a</load_address>
         <run_address>0x3f0e4a</run_address>
         <size>0x130</size>
         <input_file_ref idref="fl-15"/>
      </object_component>
      <object_component id="oc-1bd">
         <name>.text</name>
         <load_address>0x3f0f7a</load_address>
         <run_address>0x3f0f7a</run_address>
         <size>0x122</size>
         <input_file_ref idref="fl-21"/>
      </object_component>
      <object_component id="oc-206">
         <name>.text</name>
         <load_address>0x3f109c</load_address>
         <run_address>0x3f109c</run_address>
         <size>0x118</size>
         <input_file_ref idref="fl-d"/>
      </object_component>
      <object_component id="oc-17d">
         <name>.text</name>
         <load_address>0x3f11b4</load_address>
         <run_address>0x3f11b4</run_address>
         <size>0x107</size>
         <input_file_ref idref="fl-44"/>
      </object_component>
      <object_component id="oc-1d0">
         <name>.text</name>
         <load_address>0x3f12bb</load_address>
         <run_address>0x3f12bb</run_address>
         <size>0xc6</size>
         <input_file_ref idref="fl-4"/>
      </object_component>
      <object_component id="oc-1c6">
         <name>.text</name>
         <load_address>0x3f1381</load_address>
         <run_address>0x3f1381</run_address>
         <size>0xbb</size>
         <input_file_ref idref="fl-23"/>
      </object_component>
      <object_component id="oc-1ba">
         <name>.text</name>
         <load_address>0x3f143c</load_address>
         <run_address>0x3f143c</run_address>
         <size>0xa0</size>
         <input_file_ref idref="fl-2b"/>
      </object_component>
      <object_component id="oc-1c1">
         <name>.text</name>
         <load_address>0x3f14dc</load_address>
         <run_address>0x3f14dc</run_address>
         <size>0x96</size>
         <input_file_ref idref="fl-2c"/>
      </object_component>
      <object_component id="oc-1c5">
         <name>.text</name>
         <load_address>0x3f1572</load_address>
         <run_address>0x3f1572</run_address>
         <size>0x78</size>
         <input_file_ref idref="fl-16"/>
      </object_component>
      <object_component id="oc-173">
         <name>.text</name>
         <load_address>0x3f15ea</load_address>
         <run_address>0x3f15ea</run_address>
         <size>0x5a</size>
         <input_file_ref idref="fl-42"/>
      </object_component>
      <object_component id="oc-3f">
         <name>.text</name>
         <load_address>0x3f1644</load_address>
         <run_address>0x3f1644</run_address>
         <size>0x54</size>
         <input_file_ref idref="fl-41"/>
      </object_component>
      <object_component id="oc-cc">
         <name>.text:retain</name>
         <load_address>0x3f1698</load_address>
         <run_address>0x3f1698</run_address>
         <size>0x53</size>
         <input_file_ref idref="fl-18"/>
      </object_component>
      <object_component id="oc-1d7">
         <name>.text</name>
         <load_address>0x3f16eb</load_address>
         <run_address>0x3f16eb</run_address>
         <size>0x4f</size>
         <input_file_ref idref="fl-5"/>
      </object_component>
      <object_component id="oc-1c9">
         <name>.text</name>
         <load_address>0x3f173a</load_address>
         <run_address>0x3f173a</run_address>
         <size>0x3a</size>
         <input_file_ref idref="fl-1d"/>
      </object_component>
      <object_component id="oc-1ca">
         <name>.text</name>
         <load_address>0x3f1774</load_address>
         <run_address>0x3f1774</run_address>
         <size>0x35</size>
         <input_file_ref idref="fl-12"/>
      </object_component>
      <object_component id="oc-1cc">
         <name>.text</name>
         <load_address>0x3f17a9</load_address>
         <run_address>0x3f17a9</run_address>
         <size>0x32</size>
         <input_file_ref idref="fl-18"/>
      </object_component>
      <object_component id="oc-1df">
         <name>.text</name>
         <load_address>0x3f17db</load_address>
         <run_address>0x3f17db</run_address>
         <size>0x30</size>
         <input_file_ref idref="fl-2a"/>
      </object_component>
      <object_component id="oc-1c7">
         <name>.text</name>
         <load_address>0x3f180b</load_address>
         <run_address>0x3f180b</run_address>
         <size>0x2f</size>
         <input_file_ref idref="fl-28"/>
      </object_component>
      <object_component id="oc-182">
         <name>.text</name>
         <load_address>0x3f183a</load_address>
         <run_address>0x3f183a</run_address>
         <size>0x2a</size>
         <input_file_ref idref="fl-45"/>
      </object_component>
      <object_component id="oc-1b0">
         <name>.text</name>
         <load_address>0x3f1864</load_address>
         <run_address>0x3f1864</run_address>
         <size>0x29</size>
         <input_file_ref idref="fl-4a"/>
      </object_component>
      <object_component id="oc-178">
         <name>.text</name>
         <load_address>0x3f188d</load_address>
         <run_address>0x3f188d</run_address>
         <size>0x29</size>
         <input_file_ref idref="fl-43"/>
      </object_component>
      <object_component id="oc-1ad">
         <name>.text</name>
         <load_address>0x3f18b6</load_address>
         <run_address>0x3f18b6</run_address>
         <size>0x24</size>
         <input_file_ref idref="fl-46"/>
      </object_component>
      <object_component id="oc-1b6">
         <name>.text</name>
         <load_address>0x3f18da</load_address>
         <run_address>0x3f18da</run_address>
         <size>0x1d</size>
         <input_file_ref idref="fl-47"/>
      </object_component>
      <object_component id="oc-1db">
         <name>.text</name>
         <load_address>0x3f18f7</load_address>
         <run_address>0x3f18f7</run_address>
         <size>0x17</size>
         <input_file_ref idref="fl-26"/>
      </object_component>
      <object_component id="oc-1c8">
         <name>.text</name>
         <load_address>0x3f190e</load_address>
         <run_address>0x3f190e</run_address>
         <size>0x14</size>
         <input_file_ref idref="fl-29"/>
      </object_component>
      <object_component id="oc-1c4">
         <name>.text</name>
         <load_address>0x3f1922</load_address>
         <run_address>0x3f1922</run_address>
         <size>0x11</size>
         <input_file_ref idref="fl-25"/>
      </object_component>
      <object_component id="oc-1af">
         <name>.text</name>
         <load_address>0x3f1933</load_address>
         <run_address>0x3f1933</run_address>
         <size>0x11</size>
         <input_file_ref idref="fl-4c"/>
      </object_component>
      <object_component id="oc-1c2">
         <name>.text</name>
         <load_address>0x3f1944</load_address>
         <run_address>0x3f1944</run_address>
         <size>0xa</size>
         <input_file_ref idref="fl-27"/>
      </object_component>
      <object_component id="oc-1d2">
         <name>.text</name>
         <load_address>0x3f194e</load_address>
         <run_address>0x3f194e</run_address>
         <size>0xa</size>
         <input_file_ref idref="fl-1a"/>
      </object_component>
      <object_component id="oc-1d8">
         <name>.text</name>
         <load_address>0x3f1958</load_address>
         <run_address>0x3f1958</run_address>
         <size>0x9</size>
         <input_file_ref idref="fl-4b"/>
      </object_component>
      <object_component id="oc-e1">
         <name>.text</name>
         <load_address>0x3f1961</load_address>
         <run_address>0x3f1961</run_address>
         <size>0x8</size>
         <input_file_ref idref="fl-1c"/>
      </object_component>
      <object_component id="oc-f8">
         <name>.text</name>
         <load_address>0x3f1969</load_address>
         <run_address>0x3f1969</run_address>
         <size>0x7</size>
         <input_file_ref idref="fl-20"/>
      </object_component>
      <object_component id="oc-ed">
         <name>.text</name>
         <load_address>0x3f1970</load_address>
         <run_address>0x3f1970</run_address>
         <size>0x3</size>
         <input_file_ref idref="fl-1e"/>
      </object_component>
      <object_component id="oc-1ac">
         <name>.text</name>
         <load_address>0x3f1973</load_address>
         <run_address>0x3f1973</run_address>
         <size>0x2</size>
         <input_file_ref idref="fl-48"/>
      </object_component>
      <object_component id="oc-1ae">
         <name>.text</name>
         <load_address>0x3f1975</load_address>
         <run_address>0x3f1975</run_address>
         <size>0x1</size>
         <input_file_ref idref="fl-49"/>
      </object_component>
      <object_component id="oc-e2">
         <name>codestart</name>
         <load_address>0x3f3ff6</load_address>
         <run_address>0x3f3ff6</run_address>
         <size>0x2</size>
         <input_file_ref idref="fl-1c"/>
      </object_component>
      <object_component id="oc-1b1">
         <name>ramfuncs</name>
         <load_address>0x3f1976</load_address>
         <run_address>0x8000</run_address>
         <size>0x57b</size>
         <input_file_ref idref="fl-13"/>
      </object_component>
      <object_component id="oc-1b4">
         <name>ramfuncs</name>
         <load_address>0x3f1ef1</load_address>
         <run_address>0x857b</run_address>
         <size>0x49f</size>
         <input_file_ref idref="fl-15"/>
      </object_component>
      <object_component id="oc-ac">
         <name>ramfuncs:retain</name>
         <load_address>0x3f2390</load_address>
         <run_address>0x8a1a</run_address>
         <size>0x2d3</size>
         <input_file_ref idref="fl-13"/>
      </object_component>
      <object_component id="oc-9f">
         <name>ramfuncs:retain</name>
         <load_address>0x3f2663</load_address>
         <run_address>0x8ced</run_address>
         <size>0x85</size>
         <input_file_ref idref="fl-11"/>
      </object_component>
      <object_component id="oc-1c3">
         <name>ramfuncs</name>
         <load_address>0x3f26e8</load_address>
         <run_address>0x8d72</run_address>
         <size>0x1b</size>
         <input_file_ref idref="fl-2c"/>
      </object_component>
      <object_component id="oc-139">
         <name>ramfuncs</name>
         <load_address>0x3f2703</load_address>
         <run_address>0x8d8d</run_address>
         <size>0x4</size>
         <input_file_ref idref="fl-2d"/>
      </object_component>
      <object_component id="oc-16d">
         <name>.stack</name>
         <uninitialized>true</uninitialized>
         <run_address>0x0</run_address>
         <size>0x0</size>
         <input_file_ref idref="fl-41"/>
      </object_component>
      <object_component id="oc-250">
         <name>.stack</name>
         <uninitialized>true</uninitialized>
         <run_address>0x0</run_address>
         <size>0x0</size>
      </object_component>
      <object_component id="oc-41">
         <name>.ebss</name>
         <uninitialized>true</uninitialized>
         <run_address>0x3fadce</run_address>
         <size>0x30</size>
         <input_file_ref idref="fl-2"/>
      </object_component>
      <object_component id="oc-1fe">
         <name>.ebss:_Bit_To_Fault_Code_Global</name>
         <uninitialized>true</uninitialized>
         <run_address>0x3fbace</run_address>
         <size>0x20</size>
         <input_file_ref idref="fl-2"/>
      </object_component>
      <object_component id="oc-1fd">
         <name>.ebss:_Bit_To_Fault_Code_Step</name>
         <uninitialized>true</uninitialized>
         <run_address>0x3fbd00</run_address>
         <size>0x20</size>
         <input_file_ref idref="fl-2"/>
      </object_component>
      <object_component id="oc-1fc">
         <name>.ebss:_Bit_To_Fault_Code_Alarm</name>
         <uninitialized>true</uninitialized>
         <run_address>0x3faa20</run_address>
         <size>0x20</size>
         <input_file_ref idref="fl-2"/>
      </object_component>
      <object_component id="oc-1e9">
         <name>.ebss:_Buff_To_Byte</name>
         <uninitialized>true</uninitialized>
         <run_address>0x3fbc00</run_address>
         <size>0x80</size>
         <input_file_ref idref="fl-2"/>
      </object_component>
      <object_component id="oc-4c">
         <name>.ebss</name>
         <uninitialized>true</uninitialized>
         <run_address>0x3fb27a</run_address>
         <size>0x6</size>
         <input_file_ref idref="fl-4"/>
      </object_component>
      <object_component id="oc-53">
         <name>.ebss</name>
         <uninitialized>true</uninitialized>
         <run_address>0x3fbbfc</run_address>
         <size>0x3</size>
         <input_file_ref idref="fl-5"/>
      </object_component>
      <object_component id="oc-5a">
         <name>.ebss</name>
         <uninitialized>true</uninitialized>
         <run_address>0x3fbcf4</run_address>
         <size>0x3</size>
         <input_file_ref idref="fl-6"/>
      </object_component>
      <object_component id="oc-66">
         <name>.ebss</name>
         <uninitialized>true</uninitialized>
         <run_address>0x3fbc80</run_address>
         <size>0x74</size>
         <input_file_ref idref="fl-8"/>
      </object_component>
      <object_component id="oc-77">
         <name>.ebss</name>
         <uninitialized>true</uninitialized>
         <run_address>0x3fadfe</run_address>
         <size>0x2</size>
         <input_file_ref idref="fl-b"/>
      </object_component>
      <object_component id="oc-7e">
         <name>.ebss</name>
         <uninitialized>true</uninitialized>
         <run_address>0x3fbaee</run_address>
         <size>0x6</size>
         <input_file_ref idref="fl-c"/>
      </object_component>
      <object_component id="oc-8a">
         <name>.ebss</name>
         <uninitialized>true</uninitialized>
         <run_address>0x3fb680</run_address>
         <size>0x1c0</size>
         <input_file_ref idref="fl-e"/>
      </object_component>
      <object_component id="oc-91">
         <name>.ebss</name>
         <uninitialized>true</uninitialized>
         <run_address>0x3faa40</run_address>
         <size>0x38e</size>
         <input_file_ref idref="fl-f"/>
      </object_component>
      <object_component id="oc-1e5">
         <name>.ebss:_Volt_1S_Array</name>
         <uninitialized>true</uninitialized>
         <run_address>0x3fb480</run_address>
         <size>0x1f4</size>
         <input_file_ref idref="fl-f"/>
      </object_component>
      <object_component id="oc-1e6">
         <name>.ebss:_Cur_1S_Array</name>
         <uninitialized>true</uninitialized>
         <run_address>0x3fb280</run_address>
         <size>0x1f4</size>
         <input_file_ref idref="fl-f"/>
      </object_component>
      <object_component id="oc-97">
         <name>.ebss</name>
         <uninitialized>true</uninitialized>
         <run_address>0x3fb674</run_address>
         <size>0xa</size>
         <input_file_ref idref="fl-10"/>
      </object_component>
      <object_component id="oc-1e7">
         <name>.ebss:_Past_Data</name>
         <uninitialized>true</uninitialized>
         <run_address>0x3fb840</run_address>
         <size>0x1b8</size>
         <input_file_ref idref="fl-10"/>
      </object_component>
      <object_component id="oc-9e">
         <name>.ebss</name>
         <uninitialized>true</uninitialized>
         <run_address>0x3fbcfa</run_address>
         <size>0x2</size>
         <input_file_ref idref="fl-11"/>
      </object_component>
      <object_component id="oc-ab">
         <name>.ebss</name>
         <uninitialized>true</uninitialized>
         <run_address>0x3fa600</run_address>
         <size>0x420</size>
         <input_file_ref idref="fl-13"/>
      </object_component>
      <object_component id="oc-b2">
         <name>.ebss</name>
         <uninitialized>true</uninitialized>
         <run_address>0x3fb9f8</run_address>
         <size>0x8</size>
         <input_file_ref idref="fl-14"/>
      </object_component>
      <object_component id="oc-1dc">
         <name>.ebss:_Interface_I2C</name>
         <uninitialized>true</uninitialized>
         <run_address>0x3fae00</run_address>
         <size>0x240</size>
         <input_file_ref idref="fl-14"/>
      </object_component>
      <object_component id="oc-b8">
         <name>.ebss</name>
         <uninitialized>true</uninitialized>
         <run_address>0x3fb474</run_address>
         <size>0xc</size>
         <input_file_ref idref="fl-15"/>
      </object_component>
      <object_component id="oc-1de">
         <name>.ebss:_Interface_SPI_Flash</name>
         <uninitialized>true</uninitialized>
         <run_address>0x3fb040</run_address>
         <size>0x23a</size>
         <input_file_ref idref="fl-15"/>
      </object_component>
      <object_component id="oc-c5">
         <name>.ebss</name>
         <uninitialized>true</uninitialized>
         <run_address>0x3fba00</run_address>
         <size>0xce</size>
         <input_file_ref idref="fl-17"/>
      </object_component>
      <object_component id="oc-1ff">
         <name>.ebss:_ubVerbNum</name>
         <uninitialized>true</uninitialized>
         <run_address>0x3fbafa</run_address>
         <size>0x5</size>
         <input_file_ref idref="fl-18"/>
      </object_component>
      <object_component id="oc-cb">
         <name>.ebss</name>
         <uninitialized>true</uninitialized>
         <run_address>0x3fbb00</run_address>
         <size>0xc4</size>
         <input_file_ref idref="fl-18"/>
      </object_component>
      <object_component id="oc-d2">
         <name>.ebss</name>
         <uninitialized>true</uninitialized>
         <run_address>0x3fbbc4</run_address>
         <size>0x38</size>
         <input_file_ref idref="fl-19"/>
      </object_component>
      <object_component id="oc-1c0">
         <name>.ebss:_TCP_Socket</name>
         <uninitialized>true</uninitialized>
         <run_address>0x3fa000</run_address>
         <size>0x5f0</size>
         <input_file_ref idref="fl-19"/>
      </object_component>
      <object_component id="oc-e8">
         <name>.ebss</name>
         <uninitialized>true</uninitialized>
         <run_address>0x3fa5f0</run_address>
         <size>0x10</size>
         <input_file_ref idref="fl-1d"/>
      </object_component>
      <object_component id="oc-19d">
         <name>.ebss</name>
         <uninitialized>true</uninitialized>
         <run_address>0x3fbaf4</run_address>
         <size>0x6</size>
         <input_file_ref idref="fl-4a"/>
      </object_component>
      <object_component id="oc-1b8">
         <name>.ebss:__lock</name>
         <uninitialized>true</uninitialized>
         <run_address>0x3fb67e</run_address>
         <size>0x2</size>
         <input_file_ref idref="fl-4b"/>
      </object_component>
      <object_component id="oc-205">
         <name>.ebss:__unlock</name>
         <uninitialized>true</uninitialized>
         <run_address>0x3fbcf8</run_address>
         <size>0x2</size>
         <input_file_ref idref="fl-4b"/>
      </object_component>
      <object_component id="oc-b9">
         <name>.mySectorImage</name>
         <uninitialized>true</uninitialized>
         <run_address>0x9000</run_address>
         <size>0x1000</size>
         <input_file_ref idref="fl-15"/>
      </object_component>
      <object_component id="oc-1dd">
         <name>.econst:_PieVectTableInit</name>
         <load_address>0x3f2708</load_address>
         <run_address>0x3f2708</run_address>
         <size>0x100</size>
         <input_file_ref idref="fl-29"/>
      </object_component>
      <object_component id="oc-1fb">
         <name>.econst:.string:_ubStep250A_Buffer</name>
         <load_address>0x3f2808</load_address>
         <run_address>0x3f2808</run_address>
         <size>0x70</size>
         <input_file_ref idref="fl-2"/>
      </object_component>
      <object_component id="oc-1f2">
         <name>.econst:.string:_ubStep250B_Buffer</name>
         <load_address>0x3f2878</load_address>
         <run_address>0x3f2878</run_address>
         <size>0x70</size>
         <input_file_ref idref="fl-2"/>
      </object_component>
      <object_component id="oc-1f9">
         <name>.econst:.string:_ubStep251A_Buffer</name>
         <load_address>0x3f28e8</load_address>
         <run_address>0x3f28e8</run_address>
         <size>0x70</size>
         <input_file_ref idref="fl-2"/>
      </object_component>
      <object_component id="oc-1fa">
         <name>.econst:.string:_ubStep251A_Buffer_Test</name>
         <load_address>0x3f2958</load_address>
         <run_address>0x3f2958</run_address>
         <size>0x70</size>
         <input_file_ref idref="fl-2"/>
      </object_component>
      <object_component id="oc-1f1">
         <name>.econst:.string:_ubStep251B_Buffer_20A</name>
         <load_address>0x3f29c8</load_address>
         <run_address>0x3f29c8</run_address>
         <size>0x70</size>
         <input_file_ref idref="fl-2"/>
      </object_component>
      <object_component id="oc-1f0">
         <name>.econst:.string:_ubStep251B_Buffer_40A</name>
         <load_address>0x3f2a38</load_address>
         <run_address>0x3f2a38</run_address>
         <size>0x70</size>
         <input_file_ref idref="fl-2"/>
      </object_component>
      <object_component id="oc-1ef">
         <name>.econst:.string:_ubStep251B_Buffer_60A</name>
         <load_address>0x3f2aa8</load_address>
         <run_address>0x3f2aa8</run_address>
         <size>0x70</size>
         <input_file_ref idref="fl-2"/>
      </object_component>
      <object_component id="oc-1ee">
         <name>.econst:.string:_ubStep251B_Buffer_80A</name>
         <load_address>0x3f2b18</load_address>
         <run_address>0x3f2b18</run_address>
         <size>0x70</size>
         <input_file_ref idref="fl-2"/>
      </object_component>
      <object_component id="oc-1ed">
         <name>.econst:.string:_ubStep251B_Buffer_Test</name>
         <load_address>0x3f2b88</load_address>
         <run_address>0x3f2b88</run_address>
         <size>0x70</size>
         <input_file_ref idref="fl-2"/>
      </object_component>
      <object_component id="oc-1f8">
         <name>.econst:.string:_ubStep252A_Buffer</name>
         <load_address>0x3f2bf8</load_address>
         <run_address>0x3f2bf8</run_address>
         <size>0x70</size>
         <input_file_ref idref="fl-2"/>
      </object_component>
      <object_component id="oc-1ec">
         <name>.econst:.string:_ubStep252B_Buffer</name>
         <load_address>0x3f2c68</load_address>
         <run_address>0x3f2c68</run_address>
         <size>0x70</size>
         <input_file_ref idref="fl-2"/>
      </object_component>
      <object_component id="oc-1f7">
         <name>.econst:.string:_ubStep253A_Buffer_20A</name>
         <load_address>0x3f2cd8</load_address>
         <run_address>0x3f2cd8</run_address>
         <size>0x70</size>
         <input_file_ref idref="fl-2"/>
      </object_component>
      <object_component id="oc-1f6">
         <name>.econst:.string:_ubStep253A_Buffer_40A</name>
         <load_address>0x3f2d48</load_address>
         <run_address>0x3f2d48</run_address>
         <size>0x70</size>
         <input_file_ref idref="fl-2"/>
      </object_component>
      <object_component id="oc-1f5">
         <name>.econst:.string:_ubStep253A_Buffer_60A</name>
         <load_address>0x3f2db8</load_address>
         <run_address>0x3f2db8</run_address>
         <size>0x70</size>
         <input_file_ref idref="fl-2"/>
      </object_component>
      <object_component id="oc-1f4">
         <name>.econst:.string:_ubStep253A_Buffer_80A</name>
         <load_address>0x3f2e28</load_address>
         <run_address>0x3f2e28</run_address>
         <size>0x70</size>
         <input_file_ref idref="fl-2"/>
      </object_component>
      <object_component id="oc-1f3">
         <name>.econst:.string:_ubStep253A_Buffer_Test</name>
         <load_address>0x3f2e98</load_address>
         <run_address>0x3f2e98</run_address>
         <size>0x70</size>
         <input_file_ref idref="fl-2"/>
      </object_component>
      <object_component id="oc-1ea">
         <name>.econst:.string:_ubStep253B_Buffer</name>
         <load_address>0x3f2f08</load_address>
         <run_address>0x3f2f08</run_address>
         <size>0x70</size>
         <input_file_ref idref="fl-2"/>
      </object_component>
      <object_component id="oc-1eb">
         <name>.econst:.string:_ubStep253B_Buffer_Test</name>
         <load_address>0x3f2f78</load_address>
         <run_address>0x3f2f78</run_address>
         <size>0x70</size>
         <input_file_ref idref="fl-2"/>
      </object_component>
      <object_component id="oc-201">
         <name>.econst:_sTcpipFunJump</name>
         <load_address>0x3f2fe8</load_address>
         <run_address>0x3f2fe8</run_address>
         <size>0x56</size>
         <input_file_ref idref="fl-b"/>
      </object_component>
      <object_component id="oc-1e1">
         <name>.econst:_uwNTCADCTable</name>
         <load_address>0x3f303e</load_address>
         <run_address>0x3f303e</run_address>
         <size>0x4f</size>
         <input_file_ref idref="fl-f"/>
      </object_component>
      <object_component id="oc-1e0">
         <name>.econst:_uwNTCADCTable_B3380</name>
         <load_address>0x3f308d</load_address>
         <run_address>0x3f308d</run_address>
         <size>0x4f</size>
         <input_file_ref idref="fl-f"/>
      </object_component>
      <object_component id="oc-204">
         <name>.econst:_sSciFunJump</name>
         <load_address>0x3f30dc</load_address>
         <run_address>0x3f30dc</run_address>
         <size>0x34</size>
         <input_file_ref idref="fl-3"/>
      </object_component>
      <object_component id="oc-1e3">
         <name>.econst:_uwBatNTCResDelTable</name>
         <load_address>0x3f3110</load_address>
         <run_address>0x3f3110</run_address>
         <size>0x10</size>
         <input_file_ref idref="fl-f"/>
      </object_component>
      <object_component id="oc-1e2">
         <name>.econst:_uwBatNTCResTable</name>
         <load_address>0x3f3120</load_address>
         <run_address>0x3f3120</run_address>
         <size>0x10</size>
         <input_file_ref idref="fl-f"/>
      </object_component>
      <object_component id="oc-203">
         <name>.switch:_Socket_Debug</name>
         <load_address>0x3f3130</load_address>
         <run_address>0x3f3130</run_address>
         <size>0x3c</size>
         <input_file_ref idref="fl-8"/>
      </object_component>
      <object_component id="oc-1bf">
         <name>.switch:_W5500_Service_BSP</name>
         <load_address>0x3f316c</load_address>
         <run_address>0x3f316c</run_address>
         <size>0x38</size>
         <input_file_ref idref="fl-19"/>
      </object_component>
      <object_component id="oc-1be">
         <name>.switch:_SPI_Flash_Service</name>
         <load_address>0x3f31a4</load_address>
         <run_address>0x3f31a4</run_address>
         <size>0x34</size>
         <input_file_ref idref="fl-15"/>
      </object_component>
      <object_component id="oc-1bb">
         <name>.switch:_DCDC_Service_BSP</name>
         <load_address>0x3f31d8</load_address>
         <run_address>0x3f31d8</run_address>
         <size>0x28</size>
         <input_file_ref idref="fl-13"/>
      </object_component>
      <object_component id="oc-1e4">
         <name>.switch:_WorkStep_Flow</name>
         <load_address>0x3f3200</load_address>
         <run_address>0x3f3200</run_address>
         <size>0x1e</size>
         <input_file_ref idref="fl-f"/>
      </object_component>
      <object_component id="oc-16e">
         <name>.reset</name>
         <load_address>0x3fffc0</load_address>
         <run_address>0x3fffc0</run_address>
         <size>0x2</size>
         <input_file_ref idref="fl-41"/>
      </object_component>
      <object_component id="oc-16b">
         <name>PieVectTableFile</name>
         <uninitialized>true</uninitialized>
         <run_address>0xd00</run_address>
         <size>0x100</size>
         <input_file_ref idref="fl-2e"/>
      </object_component>
      <object_component id="oc-168">
         <name>DevEmuRegsFile</name>
         <uninitialized>true</uninitialized>
         <run_address>0x880</run_address>
         <size>0xd0</size>
         <input_file_ref idref="fl-2e"/>
      </object_component>
      <object_component id="oc-143">
         <name>FlashRegsFile</name>
         <uninitialized>true</uninitialized>
         <run_address>0xa80</run_address>
         <size>0x8</size>
         <input_file_ref idref="fl-2e"/>
      </object_component>
      <object_component id="oc-146">
         <name>CsmRegsFile</name>
         <uninitialized>true</uninitialized>
         <run_address>0xae0</run_address>
         <size>0x10</size>
         <input_file_ref idref="fl-2e"/>
      </object_component>
      <object_component id="oc-145">
         <name>AdcMirrorFile</name>
         <uninitialized>true</uninitialized>
         <run_address>0xb00</run_address>
         <size>0x10</size>
         <input_file_ref idref="fl-2e"/>
      </object_component>
      <object_component id="oc-13f">
         <name>CpuTimer0RegsFile</name>
         <uninitialized>true</uninitialized>
         <run_address>0xc00</run_address>
         <size>0x8</size>
         <input_file_ref idref="fl-2e"/>
      </object_component>
      <object_component id="oc-140">
         <name>CpuTimer1RegsFile</name>
         <uninitialized>true</uninitialized>
         <run_address>0xc08</run_address>
         <size>0x8</size>
         <input_file_ref idref="fl-2e"/>
      </object_component>
      <object_component id="oc-141">
         <name>CpuTimer2RegsFile</name>
         <uninitialized>true</uninitialized>
         <run_address>0xc10</run_address>
         <size>0x8</size>
         <input_file_ref idref="fl-2e"/>
      </object_component>
      <object_component id="oc-14e">
         <name>PieCtrlRegsFile</name>
         <uninitialized>true</uninitialized>
         <run_address>0xce0</run_address>
         <size>0x1a</size>
         <input_file_ref idref="fl-2e"/>
      </object_component>
      <object_component id="oc-155">
         <name>SysCtrlRegsFile</name>
         <uninitialized>true</uninitialized>
         <run_address>0x7010</run_address>
         <size>0x20</size>
         <input_file_ref idref="fl-2e"/>
      </object_component>
      <object_component id="oc-149">
         <name>SpiaRegsFile</name>
         <uninitialized>true</uninitialized>
         <run_address>0x7040</run_address>
         <size>0x10</size>
         <input_file_ref idref="fl-2e"/>
      </object_component>
      <object_component id="oc-147">
         <name>SciaRegsFile</name>
         <uninitialized>true</uninitialized>
         <run_address>0x7050</run_address>
         <size>0x10</size>
         <input_file_ref idref="fl-2e"/>
      </object_component>
      <object_component id="oc-14d">
         <name>XIntruptRegsFile</name>
         <uninitialized>true</uninitialized>
         <run_address>0x7070</run_address>
         <size>0x10</size>
         <input_file_ref idref="fl-2e"/>
      </object_component>
      <object_component id="oc-14f">
         <name>AdcRegsFile</name>
         <uninitialized>true</uninitialized>
         <run_address>0x7100</run_address>
         <size>0x1e</size>
         <input_file_ref idref="fl-2e"/>
      </object_component>
      <object_component id="oc-14a">
         <name>SpibRegsFile</name>
         <uninitialized>true</uninitialized>
         <run_address>0x7740</run_address>
         <size>0x10</size>
         <input_file_ref idref="fl-2e"/>
      </object_component>
      <object_component id="oc-148">
         <name>ScibRegsFile</name>
         <uninitialized>true</uninitialized>
         <run_address>0x7750</run_address>
         <size>0x10</size>
         <input_file_ref idref="fl-2e"/>
      </object_component>
      <object_component id="oc-14b">
         <name>SpicRegsFile</name>
         <uninitialized>true</uninitialized>
         <run_address>0x7760</run_address>
         <size>0x10</size>
         <input_file_ref idref="fl-2e"/>
      </object_component>
      <object_component id="oc-14c">
         <name>SpidRegsFile</name>
         <uninitialized>true</uninitialized>
         <run_address>0x7780</run_address>
         <size>0x10</size>
         <input_file_ref idref="fl-2e"/>
      </object_component>
      <object_component id="oc-15c">
         <name>I2caRegsFile</name>
         <uninitialized>true</uninitialized>
         <run_address>0x7900</run_address>
         <size>0x22</size>
         <input_file_ref idref="fl-2e"/>
      </object_component>
      <object_component id="oc-15d">
         <name>ECanaRegsFile</name>
         <uninitialized>true</uninitialized>
         <run_address>0x6000</run_address>
         <size>0x34</size>
         <input_file_ref idref="fl-2e"/>
      </object_component>
      <object_component id="oc-15f">
         <name>ECanaLAMRegsFile</name>
         <uninitialized>true</uninitialized>
         <run_address>0x6040</run_address>
         <size>0x40</size>
         <input_file_ref idref="fl-2e"/>
      </object_component>
      <object_component id="oc-169">
         <name>ECanaMboxesFile</name>
         <uninitialized>true</uninitialized>
         <run_address>0x6100</run_address>
         <size>0x100</size>
         <input_file_ref idref="fl-2e"/>
      </object_component>
      <object_component id="oc-160">
         <name>ECanaMOTSRegsFile</name>
         <uninitialized>true</uninitialized>
         <run_address>0x6080</run_address>
         <size>0x40</size>
         <input_file_ref idref="fl-2e"/>
      </object_component>
      <object_component id="oc-161">
         <name>ECanaMOTORegsFile</name>
         <uninitialized>true</uninitialized>
         <run_address>0x60c0</run_address>
         <size>0x40</size>
         <input_file_ref idref="fl-2e"/>
      </object_component>
      <object_component id="oc-15e">
         <name>ECanbRegsFile</name>
         <uninitialized>true</uninitialized>
         <run_address>0x6200</run_address>
         <size>0x34</size>
         <input_file_ref idref="fl-2e"/>
      </object_component>
      <object_component id="oc-162">
         <name>ECanbLAMRegsFile</name>
         <uninitialized>true</uninitialized>
         <run_address>0x6240</run_address>
         <size>0x40</size>
         <input_file_ref idref="fl-2e"/>
      </object_component>
      <object_component id="oc-16a">
         <name>ECanbMboxesFile</name>
         <uninitialized>true</uninitialized>
         <run_address>0x6300</run_address>
         <size>0x100</size>
         <input_file_ref idref="fl-2e"/>
      </object_component>
      <object_component id="oc-163">
         <name>ECanbMOTSRegsFile</name>
         <uninitialized>true</uninitialized>
         <run_address>0x6280</run_address>
         <size>0x40</size>
         <input_file_ref idref="fl-2e"/>
      </object_component>
      <object_component id="oc-164">
         <name>ECanbMOTORegsFile</name>
         <uninitialized>true</uninitialized>
         <run_address>0x62c0</run_address>
         <size>0x40</size>
         <input_file_ref idref="fl-2e"/>
      </object_component>
      <object_component id="oc-156">
         <name>EPwm1RegsFile</name>
         <uninitialized>true</uninitialized>
         <run_address>0x6800</run_address>
         <size>0x22</size>
         <input_file_ref idref="fl-2e"/>
      </object_component>
      <object_component id="oc-157">
         <name>EPwm2RegsFile</name>
         <uninitialized>true</uninitialized>
         <run_address>0x6840</run_address>
         <size>0x22</size>
         <input_file_ref idref="fl-2e"/>
      </object_component>
      <object_component id="oc-158">
         <name>EPwm3RegsFile</name>
         <uninitialized>true</uninitialized>
         <run_address>0x6880</run_address>
         <size>0x22</size>
         <input_file_ref idref="fl-2e"/>
      </object_component>
      <object_component id="oc-159">
         <name>EPwm4RegsFile</name>
         <uninitialized>true</uninitialized>
         <run_address>0x68c0</run_address>
         <size>0x22</size>
         <input_file_ref idref="fl-2e"/>
      </object_component>
      <object_component id="oc-15a">
         <name>EPwm5RegsFile</name>
         <uninitialized>true</uninitialized>
         <run_address>0x6900</run_address>
         <size>0x22</size>
         <input_file_ref idref="fl-2e"/>
      </object_component>
      <object_component id="oc-15b">
         <name>EPwm6RegsFile</name>
         <uninitialized>true</uninitialized>
         <run_address>0x6940</run_address>
         <size>0x22</size>
         <input_file_ref idref="fl-2e"/>
      </object_component>
      <object_component id="oc-150">
         <name>ECap1RegsFile</name>
         <uninitialized>true</uninitialized>
         <run_address>0x6a00</run_address>
         <size>0x20</size>
         <input_file_ref idref="fl-2e"/>
      </object_component>
      <object_component id="oc-151">
         <name>ECap2RegsFile</name>
         <uninitialized>true</uninitialized>
         <run_address>0x6a20</run_address>
         <size>0x20</size>
         <input_file_ref idref="fl-2e"/>
      </object_component>
      <object_component id="oc-152">
         <name>ECap3RegsFile</name>
         <uninitialized>true</uninitialized>
         <run_address>0x6a40</run_address>
         <size>0x20</size>
         <input_file_ref idref="fl-2e"/>
      </object_component>
      <object_component id="oc-153">
         <name>ECap4RegsFile</name>
         <uninitialized>true</uninitialized>
         <run_address>0x6a60</run_address>
         <size>0x20</size>
         <input_file_ref idref="fl-2e"/>
      </object_component>
      <object_component id="oc-165">
         <name>EQep1RegsFile</name>
         <uninitialized>true</uninitialized>
         <run_address>0x6b00</run_address>
         <size>0x40</size>
         <input_file_ref idref="fl-2e"/>
      </object_component>
      <object_component id="oc-166">
         <name>EQep2RegsFile</name>
         <uninitialized>true</uninitialized>
         <run_address>0x6b40</run_address>
         <size>0x40</size>
         <input_file_ref idref="fl-2e"/>
      </object_component>
      <object_component id="oc-167">
         <name>GpioCtrlRegsFile</name>
         <uninitialized>true</uninitialized>
         <run_address>0x6f80</run_address>
         <size>0x40</size>
         <input_file_ref idref="fl-2e"/>
      </object_component>
      <object_component id="oc-154">
         <name>GpioDataRegsFile</name>
         <uninitialized>true</uninitialized>
         <run_address>0x6fc0</run_address>
         <size>0x20</size>
         <input_file_ref idref="fl-2e"/>
      </object_component>
      <object_component id="oc-144">
         <name>GpioIntRegsFile</name>
         <uninitialized>true</uninitialized>
         <run_address>0x6fe0</run_address>
         <size>0xa</size>
         <input_file_ref idref="fl-2e"/>
      </object_component>
      <object_component id="oc-142">
         <name>CsmPwlFile</name>
         <uninitialized>true</uninitialized>
         <run_address>0x3f7ff8</run_address>
         <size>0x8</size>
         <input_file_ref idref="fl-2e"/>
      </object_component>
      <object_component id="oc-40">
         <name>.debug_info</name>
         <load_address>0x0</load_address>
         <run_address>0x0</run_address>
         <size>0x4f16</size>
         <input_file_ref idref="fl-2"/>
      </object_component>
      <object_component id="oc-46">
         <name>.debug_info</name>
         <load_address>0x4f16</load_address>
         <run_address>0x4f16</run_address>
         <size>0x1610</size>
         <input_file_ref idref="fl-3"/>
      </object_component>
      <object_component id="oc-4b">
         <name>.debug_info</name>
         <load_address>0x6526</load_address>
         <run_address>0x6526</run_address>
         <size>0x172a</size>
         <input_file_ref idref="fl-4"/>
      </object_component>
      <object_component id="oc-51">
         <name>.debug_info</name>
         <load_address>0x7c50</load_address>
         <run_address>0x7c50</run_address>
         <size>0x2f1e</size>
         <input_file_ref idref="fl-5"/>
      </object_component>
      <object_component id="oc-58">
         <name>.debug_info</name>
         <load_address>0xab6e</load_address>
         <run_address>0xab6e</run_address>
         <size>0x2102</size>
         <input_file_ref idref="fl-6"/>
      </object_component>
      <object_component id="oc-5f">
         <name>.debug_info</name>
         <load_address>0xcc70</load_address>
         <run_address>0xcc70</run_address>
         <size>0x4c62</size>
         <input_file_ref idref="fl-7"/>
      </object_component>
      <object_component id="oc-64">
         <name>.debug_info</name>
         <load_address>0x118d2</load_address>
         <run_address>0x118d2</run_address>
         <size>0x9ba8</size>
         <input_file_ref idref="fl-8"/>
      </object_component>
      <object_component id="oc-6b">
         <name>.debug_info</name>
         <load_address>0x1b47a</load_address>
         <run_address>0x1b47a</run_address>
         <size>0x36d9</size>
         <input_file_ref idref="fl-9"/>
      </object_component>
      <object_component id="oc-70">
         <name>.debug_info</name>
         <load_address>0x1eb53</load_address>
         <run_address>0x1eb53</run_address>
         <size>0x5de1</size>
         <input_file_ref idref="fl-a"/>
      </object_component>
      <object_component id="oc-75">
         <name>.debug_info</name>
         <load_address>0x24934</load_address>
         <run_address>0x24934</run_address>
         <size>0x91cb</size>
         <input_file_ref idref="fl-b"/>
      </object_component>
      <object_component id="oc-7c">
         <name>.debug_info</name>
         <load_address>0x2daff</load_address>
         <run_address>0x2daff</run_address>
         <size>0x4802</size>
         <input_file_ref idref="fl-c"/>
      </object_component>
      <object_component id="oc-83">
         <name>.debug_info</name>
         <load_address>0x32301</load_address>
         <run_address>0x32301</run_address>
         <size>0x184c</size>
         <input_file_ref idref="fl-d"/>
      </object_component>
      <object_component id="oc-88">
         <name>.debug_info</name>
         <load_address>0x33b4d</load_address>
         <run_address>0x33b4d</run_address>
         <size>0x60d1</size>
         <input_file_ref idref="fl-e"/>
      </object_component>
      <object_component id="oc-8f">
         <name>.debug_info</name>
         <load_address>0x39c1e</load_address>
         <run_address>0x39c1e</run_address>
         <size>0x85cf</size>
         <input_file_ref idref="fl-f"/>
      </object_component>
      <object_component id="oc-96">
         <name>.debug_info</name>
         <load_address>0x421ed</load_address>
         <run_address>0x421ed</run_address>
         <size>0x42ca</size>
         <input_file_ref idref="fl-10"/>
      </object_component>
      <object_component id="oc-9c">
         <name>.debug_info</name>
         <load_address>0x464b7</load_address>
         <run_address>0x464b7</run_address>
         <size>0xa08d</size>
         <input_file_ref idref="fl-11"/>
      </object_component>
      <object_component id="oc-a4">
         <name>.debug_info</name>
         <load_address>0x50544</load_address>
         <run_address>0x50544</run_address>
         <size>0x1305</size>
         <input_file_ref idref="fl-12"/>
      </object_component>
      <object_component id="oc-a9">
         <name>.debug_info</name>
         <load_address>0x51849</load_address>
         <run_address>0x51849</run_address>
         <size>0x8b1c</size>
         <input_file_ref idref="fl-13"/>
      </object_component>
      <object_component id="oc-b1">
         <name>.debug_info</name>
         <load_address>0x5a365</load_address>
         <run_address>0x5a365</run_address>
         <size>0x4867</size>
         <input_file_ref idref="fl-14"/>
      </object_component>
      <object_component id="oc-b7">
         <name>.debug_info</name>
         <load_address>0x5ebcc</load_address>
         <run_address>0x5ebcc</run_address>
         <size>0x1b69</size>
         <input_file_ref idref="fl-15"/>
      </object_component>
      <object_component id="oc-be">
         <name>.debug_info</name>
         <load_address>0x60735</load_address>
         <run_address>0x60735</run_address>
         <size>0x1132</size>
         <input_file_ref idref="fl-16"/>
      </object_component>
      <object_component id="oc-c3">
         <name>.debug_info</name>
         <load_address>0x61867</load_address>
         <run_address>0x61867</run_address>
         <size>0x7d72</size>
         <input_file_ref idref="fl-17"/>
      </object_component>
      <object_component id="oc-ca">
         <name>.debug_info</name>
         <load_address>0x695d9</load_address>
         <run_address>0x695d9</run_address>
         <size>0x18b9</size>
         <input_file_ref idref="fl-18"/>
      </object_component>
      <object_component id="oc-d1">
         <name>.debug_info</name>
         <load_address>0x6ae92</load_address>
         <run_address>0x6ae92</run_address>
         <size>0x3cb1</size>
         <input_file_ref idref="fl-19"/>
      </object_component>
      <object_component id="oc-d7">
         <name>.debug_info</name>
         <load_address>0x6eb43</load_address>
         <run_address>0x6eb43</run_address>
         <size>0xda4</size>
         <input_file_ref idref="fl-1a"/>
      </object_component>
      <object_component id="oc-dc">
         <name>.debug_info</name>
         <load_address>0x6f8e7</load_address>
         <run_address>0x6f8e7</run_address>
         <size>0x1257</size>
         <input_file_ref idref="fl-1b"/>
      </object_component>
      <object_component id="oc-e4">
         <name>.debug_info</name>
         <load_address>0x70b3e</load_address>
         <run_address>0x70b3e</run_address>
         <size>0x167</size>
         <input_file_ref idref="fl-1c"/>
      </object_component>
      <object_component id="oc-e7">
         <name>.debug_info</name>
         <load_address>0x70ca5</load_address>
         <run_address>0x70ca5</run_address>
         <size>0x919</size>
         <input_file_ref idref="fl-1d"/>
      </object_component>
      <object_component id="oc-ef">
         <name>.debug_info</name>
         <load_address>0x715be</load_address>
         <run_address>0x715be</run_address>
         <size>0x119</size>
         <input_file_ref idref="fl-1e"/>
      </object_component>
      <object_component id="oc-f2">
         <name>.debug_info</name>
         <load_address>0x716d7</load_address>
         <run_address>0x716d7</run_address>
         <size>0x2551</size>
         <input_file_ref idref="fl-1f"/>
      </object_component>
      <object_component id="oc-fa">
         <name>.debug_info</name>
         <load_address>0x73c28</load_address>
         <run_address>0x73c28</run_address>
         <size>0x11f</size>
         <input_file_ref idref="fl-20"/>
      </object_component>
      <object_component id="oc-fd">
         <name>.debug_info</name>
         <load_address>0x73d47</load_address>
         <run_address>0x73d47</run_address>
         <size>0x551c</size>
         <input_file_ref idref="fl-21"/>
      </object_component>
      <object_component id="oc-102">
         <name>.debug_info</name>
         <load_address>0x79263</load_address>
         <run_address>0x79263</run_address>
         <size>0xf88</size>
         <input_file_ref idref="fl-22"/>
      </object_component>
      <object_component id="oc-107">
         <name>.debug_info</name>
         <load_address>0x7a1eb</load_address>
         <run_address>0x7a1eb</run_address>
         <size>0x1502</size>
         <input_file_ref idref="fl-23"/>
      </object_component>
      <object_component id="oc-10c">
         <name>.debug_info</name>
         <load_address>0x7b6ed</load_address>
         <run_address>0x7b6ed</run_address>
         <size>0xf88</size>
         <input_file_ref idref="fl-24"/>
      </object_component>
      <object_component id="oc-111">
         <name>.debug_info</name>
         <load_address>0x7c675</load_address>
         <run_address>0x7c675</run_address>
         <size>0x1005</size>
         <input_file_ref idref="fl-25"/>
      </object_component>
      <object_component id="oc-116">
         <name>.debug_info</name>
         <load_address>0x7d67a</load_address>
         <run_address>0x7d67a</run_address>
         <size>0x1081</size>
         <input_file_ref idref="fl-26"/>
      </object_component>
      <object_component id="oc-11b">
         <name>.debug_info</name>
         <load_address>0x7e6fb</load_address>
         <run_address>0x7e6fb</run_address>
         <size>0x420</size>
         <input_file_ref idref="fl-27"/>
      </object_component>
      <object_component id="oc-120">
         <name>.debug_info</name>
         <load_address>0x7eb1b</load_address>
         <run_address>0x7eb1b</run_address>
         <size>0xb13</size>
         <input_file_ref idref="fl-28"/>
      </object_component>
      <object_component id="oc-125">
         <name>.debug_info</name>
         <load_address>0x7f62e</load_address>
         <run_address>0x7f62e</run_address>
         <size>0x212a</size>
         <input_file_ref idref="fl-29"/>
      </object_component>
      <object_component id="oc-12a">
         <name>.debug_info</name>
         <load_address>0x81758</load_address>
         <run_address>0x81758</run_address>
         <size>0x11af</size>
         <input_file_ref idref="fl-2a"/>
      </object_component>
      <object_component id="oc-12f">
         <name>.debug_info</name>
         <load_address>0x82907</load_address>
         <run_address>0x82907</run_address>
         <size>0x12dd</size>
         <input_file_ref idref="fl-2b"/>
      </object_component>
      <object_component id="oc-134">
         <name>.debug_info</name>
         <load_address>0x83be4</load_address>
         <run_address>0x83be4</run_address>
         <size>0x191e</size>
         <input_file_ref idref="fl-2c"/>
      </object_component>
      <object_component id="oc-13b">
         <name>.debug_info</name>
         <load_address>0x85502</load_address>
         <run_address>0x85502</run_address>
         <size>0x11b</size>
         <input_file_ref idref="fl-2d"/>
      </object_component>
      <object_component id="oc-13e">
         <name>.debug_info</name>
         <load_address>0x8561d</load_address>
         <run_address>0x8561d</run_address>
         <size>0xe4ae</size>
         <input_file_ref idref="fl-2e"/>
      </object_component>
      <object_component id="oc-16f">
         <name>.debug_info</name>
         <load_address>0x93acb</load_address>
         <run_address>0x93acb</run_address>
         <size>0x173</size>
         <input_file_ref idref="fl-41"/>
      </object_component>
      <object_component id="oc-174">
         <name>.debug_info</name>
         <load_address>0x93c3e</load_address>
         <run_address>0x93c3e</run_address>
         <size>0x114</size>
         <input_file_ref idref="fl-42"/>
      </object_component>
      <object_component id="oc-179">
         <name>.debug_info</name>
         <load_address>0x93d52</load_address>
         <run_address>0x93d52</run_address>
         <size>0x120</size>
         <input_file_ref idref="fl-43"/>
      </object_component>
      <object_component id="oc-17e">
         <name>.debug_info</name>
         <load_address>0x93e72</load_address>
         <run_address>0x93e72</run_address>
         <size>0x231</size>
         <input_file_ref idref="fl-44"/>
      </object_component>
      <object_component id="oc-183">
         <name>.debug_info</name>
         <load_address>0x940a3</load_address>
         <run_address>0x940a3</run_address>
         <size>0x1a5</size>
         <input_file_ref idref="fl-45"/>
      </object_component>
      <object_component id="oc-187">
         <name>.debug_info</name>
         <load_address>0x94248</load_address>
         <run_address>0x94248</run_address>
         <size>0x4fa</size>
         <input_file_ref idref="fl-46"/>
      </object_component>
      <object_component id="oc-18c">
         <name>.debug_info</name>
         <load_address>0x94742</load_address>
         <run_address>0x94742</run_address>
         <size>0x3d3</size>
         <input_file_ref idref="fl-47"/>
      </object_component>
      <object_component id="oc-191">
         <name>.debug_info</name>
         <load_address>0x94b15</load_address>
         <run_address>0x94b15</run_address>
         <size>0x346</size>
         <input_file_ref idref="fl-48"/>
      </object_component>
      <object_component id="oc-196">
         <name>.debug_info</name>
         <load_address>0x94e5b</load_address>
         <run_address>0x94e5b</run_address>
         <size>0x343</size>
         <input_file_ref idref="fl-49"/>
      </object_component>
      <object_component id="oc-19b">
         <name>.debug_info</name>
         <load_address>0x9519e</load_address>
         <run_address>0x9519e</run_address>
         <size>0x4dd</size>
         <input_file_ref idref="fl-4a"/>
      </object_component>
      <object_component id="oc-1a2">
         <name>.debug_info</name>
         <load_address>0x9567b</load_address>
         <run_address>0x9567b</run_address>
         <size>0x465</size>
         <input_file_ref idref="fl-4b"/>
      </object_component>
      <object_component id="oc-1a7">
         <name>.debug_info</name>
         <load_address>0x95ae0</load_address>
         <run_address>0x95ae0</run_address>
         <size>0x3ee</size>
         <input_file_ref idref="fl-4c"/>
      </object_component>
      <object_component id="oc-251">
         <name>.debug_info</name>
         <load_address>0x95ece</load_address>
         <run_address>0x95ece</run_address>
         <size>0xaa</size>
      </object_component>
      <object_component id="oc-42">
         <name>.debug_frame</name>
         <load_address>0x0</load_address>
         <run_address>0x0</run_address>
         <size>0x90</size>
         <input_file_ref idref="fl-2"/>
      </object_component>
      <object_component id="oc-47">
         <name>.debug_frame</name>
         <load_address>0x90</load_address>
         <run_address>0x90</run_address>
         <size>0xb0</size>
         <input_file_ref idref="fl-3"/>
      </object_component>
      <object_component id="oc-4d">
         <name>.debug_frame</name>
         <load_address>0x140</load_address>
         <run_address>0x140</run_address>
         <size>0x50</size>
         <input_file_ref idref="fl-4"/>
      </object_component>
      <object_component id="oc-54">
         <name>.debug_frame</name>
         <load_address>0x190</load_address>
         <run_address>0x190</run_address>
         <size>0x68</size>
         <input_file_ref idref="fl-5"/>
      </object_component>
      <object_component id="oc-5b">
         <name>.debug_frame</name>
         <load_address>0x1f8</load_address>
         <run_address>0x1f8</run_address>
         <size>0x68</size>
         <input_file_ref idref="fl-6"/>
      </object_component>
      <object_component id="oc-60">
         <name>.debug_frame</name>
         <load_address>0x260</load_address>
         <run_address>0x260</run_address>
         <size>0x1c4</size>
         <input_file_ref idref="fl-7"/>
      </object_component>
      <object_component id="oc-67">
         <name>.debug_frame</name>
         <load_address>0x424</load_address>
         <run_address>0x424</run_address>
         <size>0x70</size>
         <input_file_ref idref="fl-8"/>
      </object_component>
      <object_component id="oc-6c">
         <name>.debug_frame</name>
         <load_address>0x494</load_address>
         <run_address>0x494</run_address>
         <size>0x1b0</size>
         <input_file_ref idref="fl-9"/>
      </object_component>
      <object_component id="oc-71">
         <name>.debug_frame</name>
         <load_address>0x644</load_address>
         <run_address>0x644</run_address>
         <size>0x434</size>
         <input_file_ref idref="fl-a"/>
      </object_component>
      <object_component id="oc-78">
         <name>.debug_frame</name>
         <load_address>0xa78</load_address>
         <run_address>0xa78</run_address>
         <size>0x240</size>
         <input_file_ref idref="fl-b"/>
      </object_component>
      <object_component id="oc-7f">
         <name>.debug_frame</name>
         <load_address>0xcb8</load_address>
         <run_address>0xcb8</run_address>
         <size>0xd8</size>
         <input_file_ref idref="fl-c"/>
      </object_component>
      <object_component id="oc-84">
         <name>.debug_frame</name>
         <load_address>0xd90</load_address>
         <run_address>0xd90</run_address>
         <size>0xc8</size>
         <input_file_ref idref="fl-d"/>
      </object_component>
      <object_component id="oc-8b">
         <name>.debug_frame</name>
         <load_address>0xe58</load_address>
         <run_address>0xe58</run_address>
         <size>0x318</size>
         <input_file_ref idref="fl-e"/>
      </object_component>
      <object_component id="oc-92">
         <name>.debug_frame</name>
         <load_address>0x1170</load_address>
         <run_address>0x1170</run_address>
         <size>0x320</size>
         <input_file_ref idref="fl-f"/>
      </object_component>
      <object_component id="oc-98">
         <name>.debug_frame</name>
         <load_address>0x1490</load_address>
         <run_address>0x1490</run_address>
         <size>0x70</size>
         <input_file_ref idref="fl-10"/>
      </object_component>
      <object_component id="oc-a0">
         <name>.debug_frame</name>
         <load_address>0x1500</load_address>
         <run_address>0x1500</run_address>
         <size>0xc4</size>
         <input_file_ref idref="fl-11"/>
      </object_component>
      <object_component id="oc-a5">
         <name>.debug_frame</name>
         <load_address>0x15c4</load_address>
         <run_address>0x15c4</run_address>
         <size>0x38</size>
         <input_file_ref idref="fl-12"/>
      </object_component>
      <object_component id="oc-ad">
         <name>.debug_frame</name>
         <load_address>0x15fc</load_address>
         <run_address>0x15fc</run_address>
         <size>0x21c</size>
         <input_file_ref idref="fl-13"/>
      </object_component>
      <object_component id="oc-b3">
         <name>.debug_frame</name>
         <load_address>0x1818</load_address>
         <run_address>0x1818</run_address>
         <size>0x1d0</size>
         <input_file_ref idref="fl-14"/>
      </object_component>
      <object_component id="oc-ba">
         <name>.debug_frame</name>
         <load_address>0x19e8</load_address>
         <run_address>0x19e8</run_address>
         <size>0xe0</size>
         <input_file_ref idref="fl-15"/>
      </object_component>
      <object_component id="oc-bf">
         <name>.debug_frame</name>
         <load_address>0x1ac8</load_address>
         <run_address>0x1ac8</run_address>
         <size>0x38</size>
         <input_file_ref idref="fl-16"/>
[...]
         <object_component_ref idref="oc-f3"/>
      </symbol>
      <symbol id="sm-c13">
         <name>_EQEP1_INT_ISR</name>
         <value>0x3f0dcd</value>
         <object_component_ref idref="oc-f3"/>
      </symbol>
      <symbol id="sm-c14">
         <name>_SPITXINTC_ISR</name>
         <value>0x3f0d5f</value>
         <object_component_ref idref="oc-f3"/>
      </symbol>
      <symbol id="sm-c15">
         <name>_SPIRXINTC_ISR</name>
         <value>0x3f0d73</value>
         <object_component_ref idref="oc-f3"/>
      </symbol>
      <symbol id="sm-c16">
         <name>_USER8_ISR</name>
         <value>0x3f0d1e</value>
         <object_component_ref idref="oc-f3"/>
      </symbol>
      <symbol id="sm-c17">
         <name>_EPWM1_INT_ISR</name>
         <value>0x3f0e09</value>
         <object_component_ref idref="oc-f3"/>
      </symbol>
      <symbol id="sm-c18">
         <name>_SEQ2INT_ISR</name>
         <value>0x3f0d82</value>
         <object_component_ref idref="oc-f3"/>
      </symbol>
      <symbol id="sm-c19">
         <name>_USER2_ISR</name>
         <value>0x3f0d3c</value>
         <object_component_ref idref="oc-f3"/>
      </symbol>
      <symbol id="sm-c1a">
         <name>_SCITXINTA_ISR</name>
         <value>0x3f0d91</value>
         <object_component_ref idref="oc-f3"/>
      </symbol>
      <symbol id="sm-c1b">
         <name>_SCIRXINTA_ISR</name>
         <value>0x3f0d9b</value>
         <object_component_ref idref="oc-f3"/>
      </symbol>
      <symbol id="sm-c1c">
         <name>_rsvd_ISR</name>
         <value>0x3f0d05</value>
         <object_component_ref idref="oc-f3"/>
      </symbol>
      <symbol id="sm-c28">
         <name>_DSP28x_DisableInt</name>
         <value>0x3f1969</value>
         <object_component_ref idref="oc-f8"/>
      </symbol>
      <symbol id="sm-c29">
         <name>_DSP28x_RestoreInt</name>
         <value>0x3f196d</value>
         <object_component_ref idref="oc-f8"/>
      </symbol>
      <symbol id="sm-c3d">
         <name>_InitECan</name>
         <value>0x3f1097</value>
         <object_component_ref idref="oc-1bd"/>
      </symbol>
      <symbol id="sm-c3e">
         <name>_InitECanGpio</name>
         <value>0x3f1092</value>
         <object_component_ref idref="oc-1bd"/>
      </symbol>
      <symbol id="sm-c3f">
         <name>_InitECanbGpio</name>
         <value>0x3f0f7a</value>
         <object_component_ref idref="oc-1bd"/>
      </symbol>
      <symbol id="sm-c40">
         <name>_InitECanaGpio</name>
         <value>0x3f1004</value>
         <object_component_ref idref="oc-1bd"/>
      </symbol>
      <symbol id="sm-c41">
         <name>_InitECana</name>
         <value>0x3f101a</value>
         <object_component_ref idref="oc-1bd"/>
      </symbol>
      <symbol id="sm-c42">
         <name>_InitECanb</name>
         <value>0x3f0f8e</value>
         <object_component_ref idref="oc-1bd"/>
      </symbol>
      <symbol id="sm-c57">
         <name>_InitEPwm3Gpio</name>
         <value>0x3f13ef</value>
         <object_component_ref idref="oc-1c6"/>
      </symbol>
      <symbol id="sm-c58">
         <name>_InitTzGpio</name>
         <value>0x3f1381</value>
         <object_component_ref idref="oc-1c6"/>
      </symbol>
      <symbol id="sm-c59">
         <name>_InitEPwm2Gpio</name>
         <value>0x3f13dd</value>
         <object_component_ref idref="oc-1c6"/>
      </symbol>
      <symbol id="sm-c5a">
         <name>_InitEPwm1Gpio</name>
         <value>0x3f13cb</value>
         <object_component_ref idref="oc-1c6"/>
      </symbol>
      <symbol id="sm-c5b">
         <name>_InitEPwm6Gpio</name>
         <value>0x3f1403</value>
         <object_component_ref idref="oc-1c6"/>
      </symbol>
      <symbol id="sm-c5c">
         <name>_InitEPwmGpio</name>
         <value>0x3f13fc</value>
         <object_component_ref idref="oc-1c6"/>
      </symbol>
      <symbol id="sm-c5d">
         <name>_InitEPwm5Gpio</name>
         <value>0x3f1415</value>
         <object_component_ref idref="oc-1c6"/>
      </symbol>
      <symbol id="sm-c5e">
         <name>_InitEPwm4Gpio</name>
         <value>0x3f1427</value>
         <object_component_ref idref="oc-1c6"/>
      </symbol>
      <symbol id="sm-c5f">
         <name>_InitEPwmSyncGpio</name>
         <value>0x3f13b7</value>
         <object_component_ref idref="oc-1c6"/>
      </symbol>
      <symbol id="sm-c60">
         <name>_InitEPwm</name>
         <value>0x3f143b</value>
         <object_component_ref idref="oc-1c6"/>
      </symbol>
      <symbol id="sm-c75">
         <name>_InitGpio</name>
         <value>0x3f1922</value>
         <object_component_ref idref="oc-1c4"/>
      </symbol>
      <symbol id="sm-c81">
         <name>_InitI2C</name>
         <value>0x3f190d</value>
         <object_component_ref idref="oc-1db"/>
      </symbol>
      <symbol id="sm-c82">
         <name>_InitI2CGpio</name>
         <value>0x3f18f7</value>
         <object_component_ref idref="oc-1db"/>
      </symbol>
      <symbol id="sm-c90">
         <name>_MemCopy</name>
         <value>0x3f1944</value>
         <object_component_ref idref="oc-1c2"/>
      </symbol>
      <symbol id="sm-c9c">
         <name>_InitPieCtrl</name>
         <value>0x3f180b</value>
         <object_component_ref idref="oc-1c7"/>
      </symbol>
      <symbol id="sm-c9d">
         <name>_EnableInterrupts</name>
         <value>0x3f182a</value>
         <object_component_ref idref="oc-1c7"/>
      </symbol>
      <symbol id="sm-cad">
         <name>_PieVectTableInit</name>
         <value>0x3f2708</value>
         <object_component_ref idref="oc-1dd"/>
      </symbol>
      <symbol id="sm-cae">
         <name>_InitPieVectTable</name>
         <value>0x3f190e</value>
         <object_component_ref idref="oc-1c8"/>
      </symbol>
      <symbol id="sm-cba">
         <name>_InitScibGpio</name>
         <value>0x3f17db</value>
         <object_component_ref idref="oc-1df"/>
      </symbol>
      <symbol id="sm-cbb">
         <name>_InitSciaGpio</name>
         <value>0x3f17ef</value>
         <object_component_ref idref="oc-1df"/>
      </symbol>
      <symbol id="sm-cbc">
         <name>_InitSciGpio</name>
         <value>0x3f1805</value>
         <object_component_ref idref="oc-1df"/>
      </symbol>
      <symbol id="sm-cbd">
         <name>_InitSci</name>
         <value>0x3f180a</value>
         <object_component_ref idref="oc-1df"/>
      </symbol>
      <symbol id="sm-cc9">
         <name>_InitSpidGpio</name>
         <value>0x3f143c</value>
         <object_component_ref idref="oc-1ba"/>
      </symbol>
      <symbol id="sm-cca">
         <name>_InitSpicGpio</name>
         <value>0x3f1464</value>
         <object_component_ref idref="oc-1ba"/>
      </symbol>
      <symbol id="sm-ccb">
         <name>_InitSpibGpio</name>
         <value>0x3f148e</value>
         <object_component_ref idref="oc-1ba"/>
      </symbol>
      <symbol id="sm-ccc">
         <name>_InitSpiaGpio</name>
         <value>0x3f14ac</value>
         <object_component_ref idref="oc-1ba"/>
      </symbol>
      <symbol id="sm-ccd">
         <name>_InitSpiGpio</name>
         <value>0x3f14d2</value>
         <object_component_ref idref="oc-1ba"/>
      </symbol>
      <symbol id="sm-cce">
         <name>_InitSpi</name>
         <value>0x3f14db</value>
         <object_component_ref idref="oc-1ba"/>
      </symbol>
      <symbol id="sm-ce4">
         <name>_InitPll</name>
         <value>0x3f14f2</value>
         <object_component_ref idref="oc-1c1"/>
      </symbol>
      <symbol id="sm-ce5">
         <name>_DisableDog</name>
         <value>0x3f14ea</value>
         <object_component_ref idref="oc-1c1"/>
      </symbol>
      <symbol id="sm-ce6">
         <name>_InitPeripheralClocks</name>
         <value>0x3f151a</value>
         <object_component_ref idref="oc-1c1"/>
      </symbol>
      <symbol id="sm-ce7">
         <name>_InitFlash</name>
         <value>0x8d72</value>
         <object_component_ref idref="oc-1c3"/>
      </symbol>
      <symbol id="sm-ce8">
         <name>_ServiceDog</name>
         <value>0x3f14dc</value>
         <object_component_ref idref="oc-1c1"/>
      </symbol>
      <symbol id="sm-ce9">
         <name>_InitSysCtrl</name>
         <value>0x3f156a</value>
         <object_component_ref idref="oc-1c1"/>
      </symbol>
      <symbol id="sm-cf5">
         <name>_DSP28x_usDelay</name>
         <value>0x8d8d</value>
         <object_component_ref idref="oc-139"/>
      </symbol>
      <symbol id="sm-d55">
         <name>_SpidRegs</name>
         <value>0x7780</value>
         <object_component_ref idref="oc-14c"/>
      </symbol>
      <symbol id="sm-d56">
         <name>_GpioCtrlRegs</name>
         <value>0x6f80</value>
         <object_component_ref idref="oc-167"/>
      </symbol>
      <symbol id="sm-d57">
         <name>_PieVectTable</name>
         <value>0xd00</value>
         <object_component_ref idref="oc-16b"/>
      </symbol>
      <symbol id="sm-d58">
         <name>_ECap4Regs</name>
         <value>0x6a60</value>
         <object_component_ref idref="oc-153"/>
      </symbol>
      <symbol id="sm-d59">
         <name>_CsmRegs</name>
         <value>0xae0</value>
         <object_component_ref idref="oc-146"/>
      </symbol>
      <symbol id="sm-d5a">
         <name>_ECanaLAMRegs</name>
         <value>0x6040</value>
         <object_component_ref idref="oc-15f"/>
      </symbol>
      <symbol id="sm-d5b">
         <name>_ECanbMOTORegs</name>
         <value>0x62c0</value>
         <object_component_ref idref="oc-164"/>
      </symbol>
      <symbol id="sm-d5c">
         <name>_EPwm4Regs</name>
         <value>0x68c0</value>
         <object_component_ref idref="oc-159"/>
      </symbol>
      <symbol id="sm-d5d">
         <name>_CpuTimer1Regs</name>
         <value>0xc08</value>
         <object_component_ref idref="oc-140"/>
      </symbol>
      <symbol id="sm-d5e">
         <name>_SysCtrlRegs</name>
         <value>0x7010</value>
         <object_component_ref idref="oc-155"/>
      </symbol>
      <symbol id="sm-d5f">
         <name>_EPwm5Regs</name>
         <value>0x6900</value>
         <object_component_ref idref="oc-15a"/>
      </symbol>
      <symbol id="sm-d60">
         <name>_SpiaRegs</name>
         <value>0x7040</value>
         <object_component_ref idref="oc-149"/>
      </symbol>
      <symbol id="sm-d61">
         <name>_ECanaMOTSRegs</name>
         <value>0x6080</value>
         <object_component_ref idref="oc-160"/>
      </symbol>
      <symbol id="sm-d62">
         <name>_FlashRegs</name>
         <value>0xa80</value>
         <object_component_ref idref="oc-143"/>
      </symbol>
      <symbol id="sm-d63">
         <name>_CpuTimer0Regs</name>
         <value>0xc00</value>
         <object_component_ref idref="oc-13f"/>
      </symbol>
      <symbol id="sm-d64">
         <name>_DevEmuRegs</name>
         <value>0x880</value>
         <object_component_ref idref="oc-168"/>
      </symbol>
      <symbol id="sm-d65">
         <name>_EPwm6Regs</name>
         <value>0x6940</value>
         <object_component_ref idref="oc-15b"/>
      </symbol>
      <symbol id="sm-d66">
         <name>_SciaRegs</name>
         <value>0x7050</value>
         <object_component_ref idref="oc-147"/>
      </symbol>
      <symbol id="sm-d67">
         <name>_GpioDataRegs</name>
         <value>0x6fc0</value>
         <object_component_ref idref="oc-154"/>
      </symbol>
      <symbol id="sm-d68">
         <name>_CsmPwl</name>
         <value>0x3f7ff8</value>
         <object_component_ref idref="oc-142"/>
      </symbol>
      <symbol id="sm-d69">
         <name>_AdcRegs</name>
         <value>0x7100</value>
         <object_component_ref idref="oc-14f"/>
      </symbol>
      <symbol id="sm-d6a">
         <name>_SpicRegs</name>
         <value>0x7760</value>
         <object_component_ref idref="oc-14b"/>
      </symbol>
      <symbol id="sm-d6b">
         <name>_XIntruptRegs</name>
         <value>0x7070</value>
         <object_component_ref idref="oc-14d"/>
      </symbol>
      <symbol id="sm-d6c">
         <name>_CpuTimer2Regs</name>
         <value>0xc10</value>
         <object_component_ref idref="oc-141"/>
      </symbol>
      <symbol id="sm-d6d">
         <name>_PieCtrlRegs</name>
         <value>0xce0</value>
         <object_component_ref idref="oc-14e"/>
      </symbol>
      <symbol id="sm-d6e">
         <name>_ECanbMOTSRegs</name>
         <value>0x6280</value>
         <object_component_ref idref="oc-163"/>
      </symbol>
      <symbol id="sm-d6f">
         <name>_SpibRegs</name>
         <value>0x7740</value>
         <object_component_ref idref="oc-14a"/>
      </symbol>
      <symbol id="sm-d70">
         <name>_ECanaRegs</name>
         <value>0x6000</value>
         <object_component_ref idref="oc-15d"/>
      </symbol>
      <symbol id="sm-d71">
         <name>_AdcMirror</name>
         <value>0xb00</value>
         <object_component_ref idref="oc-145"/>
      </symbol>
      <symbol id="sm-d72">
         <name>_ECanbMboxes</name>
         <value>0x6300</value>
         <object_component_ref idref="oc-16a"/>
      </symbol>
      <symbol id="sm-d73">
         <name>_ECap1Regs</name>
         <value>0x6a00</value>
         <object_component_ref idref="oc-150"/>
      </symbol>
      <symbol id="sm-d74">
         <name>_EQep1Regs</name>
         <value>0x6b00</value>
         <object_component_ref idref="oc-165"/>
      </symbol>
      <symbol id="sm-d75">
         <name>_EPwm1Regs</name>
         <value>0x6800</value>
         <object_component_ref idref="oc-156"/>
      </symbol>
      <symbol id="sm-d76">
         <name>_ECanbRegs</name>
         <value>0x6200</value>
         <object_component_ref idref="oc-15e"/>
      </symbol>
      <symbol id="sm-d77">
         <name>_ScibRegs</name>
         <value>0x7750</value>
         <object_component_ref idref="oc-148"/>
      </symbol>
      <symbol id="sm-d78">
         <name>_ECap2Regs</name>
         <value>0x6a20</value>
         <object_component_ref idref="oc-151"/>
      </symbol>
      <symbol id="sm-d79">
         <name>_GpioIntRegs</name>
         <value>0x6fe0</value>
         <object_component_ref idref="oc-144"/>
      </symbol>
      <symbol id="sm-d7a">
         <name>_EQep2Regs</name>
         <value>0x6b40</value>
         <object_component_ref idref="oc-166"/>
      </symbol>
      <symbol id="sm-d7b">
         <name>_EPwm2Regs</name>
         <value>0x6840</value>
         <object_component_ref idref="oc-157"/>
      </symbol>
      <symbol id="sm-d7c">
         <name>_ECanaMboxes</name>
         <value>0x6100</value>
         <object_component_ref idref="oc-169"/>
      </symbol>
      <symbol id="sm-d7d">
         <name>_ECap3Regs</name>
         <value>0x6a40</value>
         <object_component_ref idref="oc-152"/>
      </symbol>
      <symbol id="sm-d7e">
         <name>_ECanaMOTORegs</name>
         <value>0x60c0</value>
         <object_component_ref idref="oc-161"/>
      </symbol>
      <symbol id="sm-d7f">
         <name>_EPwm3Regs</name>
         <value>0x6880</value>
         <object_component_ref idref="oc-158"/>
      </symbol>
      <symbol id="sm-d80">
         <name>_ECanbLAMRegs</name>
         <value>0x6240</value>
         <object_component_ref idref="oc-162"/>
      </symbol>
      <symbol id="sm-d81">
         <name>_I2caRegs</name>
         <value>0x7900</value>
         <object_component_ref idref="oc-15c"/>
      </symbol>
      <symbol id="sm-d9c">
         <name>_c_int00</name>
         <value>0x3f1644</value>
         <object_component_ref idref="oc-3f"/>
      </symbol>
      <symbol id="sm-d9d">
         <name>__stack</name>
         <value>0x0</value>
         <object_component_ref idref="oc-16d"/>
      </symbol>
      <symbol id="sm-dae">
         <name>FS$$MPY</name>
         <value>0x3f15ea</value>
         <object_component_ref idref="oc-173"/>
      </symbol>
      <symbol id="sm-dc1">
         <name>FS$$TOL</name>
         <value>0x3f188d</value>
         <object_component_ref idref="oc-178"/>
      </symbol>
      <symbol id="sm-ded">
         <name>ULL$$MOD</name>
         <value>0x3f1259</value>
         <object_component_ref idref="oc-17d"/>
      </symbol>
      <symbol id="sm-dee">
         <name>ULL$$DIV</name>
         <value>0x3f122a</value>
         <object_component_ref idref="oc-17d"/>
      </symbol>
      <symbol id="sm-def">
         <name>LL$$MOD</name>
         <value>0x3f11f0</value>
         <object_component_ref idref="oc-17d"/>
      </symbol>
      <symbol id="sm-df0">
         <name>LL$$DIV</name>
         <value>0x3f11b4</value>
         <object_component_ref idref="oc-17d"/>
      </symbol>
      <symbol id="sm-dfc">
         <name>UL$$MOD</name>
         <value>0x3f185e</value>
         <object_component_ref idref="oc-182"/>
      </symbol>
      <symbol id="sm-dfd">
         <name>L$$MOD</name>
         <value>0x3f1849</value>
         <object_component_ref idref="oc-182"/>
      </symbol>
      <symbol id="sm-dfe">
         <name>L$$DIV</name>
         <value>0x3f183a</value>
         <object_component_ref idref="oc-182"/>
      </symbol>
      <symbol id="sm-dff">
         <name>UL$$DIV</name>
         <value>0x3f1857</value>
         <object_component_ref idref="oc-182"/>
      </symbol>
      <symbol id="sm-e0e">
         <name>_copy_in</name>
         <value>0x3f18b6</value>
         <object_component_ref idref="oc-1ad"/>
      </symbol>
      <symbol id="sm-e1f">
         <name>_memcpy</name>
         <value>0x3f18da</value>
         <object_component_ref idref="oc-1b6"/>
      </symbol>
      <symbol id="sm-e2b">
         <name>__system_pre_init</name>
         <value>0x3f1973</value>
         <object_component_ref idref="oc-1ac"/>
      </symbol>
      <symbol id="sm-e38">
         <name>__system_post_cinit</name>
         <value>0x3f1975</value>
         <object_component_ref idref="oc-1ae"/>
      </symbol>
      <symbol id="sm-e4c">
         <name>C$$EXIT</name>
         <value>0x3f1864</value>
         <object_component_ref idref="oc-1b0"/>
      </symbol>
      <symbol id="sm-e4d">
         <name>_exit</name>
         <value>0x3f1866</value>
         <object_component_ref idref="oc-1b0"/>
      </symbol>
      <symbol id="sm-e4e">
         <name>___TI_cleanup_ptr</name>
         <value>0x3fbaf6</value>
         <object_component_ref idref="oc-19d"/>
      </symbol>
      <symbol id="sm-e4f">
         <name>___TI_enable_exit_profile_output</name>
         <value>0x3fbaf4</value>
         <object_component_ref idref="oc-19d"/>
      </symbol>
      <symbol id="sm-e50">
         <name>_abort</name>
         <value>0x3f1864</value>
         <object_component_ref idref="oc-1b0"/>
      </symbol>
      <symbol id="sm-e51">
         <name>___TI_dtors_ptr</name>
         <value>0x3fbaf8</value>
         <object_component_ref idref="oc-19d"/>
      </symbol>
      <symbol id="sm-e65">
         <name>__unlock</name>
         <value>0x3fbcf8</value>
         <object_component_ref idref="oc-205"/>
      </symbol>
      <symbol id="sm-e66">
         <name>__lock</name>
         <value>0x3fb67e</value>
         <object_component_ref idref="oc-1b8"/>
      </symbol>
      <symbol id="sm-e67">
         <name>__register_lock</name>
         <value>0x3f195c</value>
         <object_component_ref idref="oc-1d8"/>
      </symbol>
      <symbol id="sm-e68">
         <name>__nop</name>
         <value>0x3f1960</value>
         <object_component_ref idref="oc-1d8"/>
      </symbol>
      <symbol id="sm-e69">
         <name>__register_unlock</name>
         <value>0x3f1958</value>
         <object_component_ref idref="oc-1d8"/>
      </symbol>
      <symbol id="sm-e78">
         <name>__args_main</name>
         <value>0x3f1933</value>
         <object_component_ref idref="oc-1af"/>
      </symbol>
   </symbol_table>
   <title>Link successful</title>
</link_info>
