Component: ARM Compiler 5.06 update 6 (build 750) Tool: armlink [4d35ed]

==============================================================================

Section Cross References

    system_stm32f4xx.o(i.SystemCoreClockUpdate) refers to system_stm32f4xx.o(.data) for SystemCoreClock
    system_stm32f4xx.o(i.SystemCoreClockUpdate) refers to system_stm32f4xx.o(.constdata) for AHBPrescTable
    startup_stm32f429xx.o(RESET) refers to startup_stm32f429xx.o(STACK) for __initial_sp
    startup_stm32f429xx.o(RESET) refers to startup_stm32f429xx.o(.text) for Reset_Handler
    startup_stm32f429xx.o(RESET) refers to stm32f4xx_it.o(i.NMI_Handler) for NMI_Handler
    startup_stm32f429xx.o(RESET) refers to hardfaulthandler.o(OSKERNEL) for HardFault_Handler
    startup_stm32f429xx.o(RESET) refers to stm32f4xx_it.o(i.MemManage_Handler) for MemManage_Handler
    startup_stm32f429xx.o(RESET) refers to stm32f4xx_it.o(i.BusFault_Handler) for BusFault_Handler
    startup_stm32f429xx.o(RESET) refers to stm32f4xx_it.o(i.UsageFault_Handler) for UsageFault_Handler
    startup_stm32f429xx.o(RESET) refers to irq_cm4f.o(.text) for SVC_Handler
    startup_stm32f429xx.o(RESET) refers to stm32f4xx_it.o(i.DebugMon_Handler) for DebugMon_Handler
    startup_stm32f429xx.o(RESET) refers to bsp_ad7175.o(i.EXTI0_IRQHandler) for EXTI0_IRQHandler
    startup_stm32f429xx.o(RESET) refers to bsp_ad7124.o(i.EXTI1_IRQHandler) for EXTI1_IRQHandler
    startup_stm32f429xx.o(RESET) refers to stm32f4xx_it.o(i.CAN1_RX0_IRQHandler) for CAN1_RX0_IRQHandler
    startup_stm32f429xx.o(RESET) refers to stm32f4xx_it.o(i.CAN1_RX1_IRQHandler) for CAN1_RX1_IRQHandler
    startup_stm32f429xx.o(RESET) refers to bsp_timer.o(i.TIM2_IRQHandler) for TIM2_IRQHandler
    startup_stm32f429xx.o(RESET) refers to stm32f4xx_it.o(i.TIM3_IRQHandler) for TIM3_IRQHandler
    startup_stm32f429xx.o(RESET) refers to stm32f4xx_it.o(i.TIM4_IRQHandler) for TIM4_IRQHandler
    startup_stm32f429xx.o(RESET) refers to stm32f4xx_it.o(i.SPI1_IRQHandler) for SPI1_IRQHandler
    startup_stm32f429xx.o(RESET) refers to stm32f4xx_it.o(i.USART3_IRQHandler) for USART3_IRQHandler
    startup_stm32f429xx.o(RESET) refers to stm32f4xx_it.o(i.TIM5_IRQHandler) for TIM5_IRQHandler
    startup_stm32f429xx.o(RESET) refers to stm32f4xx_hal_timebase.o(i.TIM7_IRQHandler) for TIM7_IRQHandler
    startup_stm32f429xx.o(RESET) refers to stm32f4xx_it.o(i.DMA2_Stream0_IRQHandler) for DMA2_Stream0_IRQHandler
    startup_stm32f429xx.o(RESET) refers to stm32f4xx_it.o(i.DMA2_Stream2_IRQHandler) for DMA2_Stream2_IRQHandler
    startup_stm32f429xx.o(RESET) refers to stm32f4xx_it.o(i.DMA2_Stream3_IRQHandler) for DMA2_Stream3_IRQHandler
    startup_stm32f429xx.o(RESET) refers to emac_stm32f4xx.o(i.ETH_IRQHandler) for ETH_IRQHandler
    startup_stm32f429xx.o(RESET) refers to stm32f4xx_it.o(i.DMA2_Stream5_IRQHandler) for DMA2_Stream5_IRQHandler
    startup_stm32f429xx.o(RESET) refers to stm32f4xx_it.o(i.DMA2_Stream6_IRQHandler) for DMA2_Stream6_IRQHandler
    startup_stm32f429xx.o(RESET) refers to stm32f4xx_it.o(i.SPI6_IRQHandler) for SPI6_IRQHandler
    startup_stm32f429xx.o(.text) refers to system_stm32f4xx.o(i.SystemInit) for SystemInit
    startup_stm32f429xx.o(.text) refers to entry.o(.ARM.Collect$$$$00000000) for __main
    stm32f4xx_hal.o(i.HAL_DeInit) refers to stm32f4xx_hal.o(i.HAL_MspDeInit) for HAL_MspDeInit
    stm32f4xx_hal.o(i.HAL_Delay) refers to stm32f4xx_hal.o(i.HAL_GetTick) for HAL_GetTick
    stm32f4xx_hal.o(i.HAL_Delay) refers to stm32f4xx_hal.o(.data) for uwTickFreq
    stm32f4xx_hal.o(i.HAL_GetTick) refers to stm32f4xx_hal.o(.data) for uwTick
    stm32f4xx_hal.o(i.HAL_GetTickFreq) refers to stm32f4xx_hal.o(.data) for uwTickFreq
    stm32f4xx_hal.o(i.HAL_GetTickPrio) refers to stm32f4xx_hal.o(.data) for uwTickPrio
    stm32f4xx_hal.o(i.HAL_IncTick) refers to stm32f4xx_hal.o(.data) for uwTick
    stm32f4xx_hal.o(i.HAL_Init) refers to stm32f4xx_hal_cortex.o(i.HAL_NVIC_SetPriorityGrouping) for HAL_NVIC_SetPriorityGrouping
    stm32f4xx_hal.o(i.HAL_Init) refers to stm32f4xx_hal_timebase.o(i.HAL_InitTick) for HAL_InitTick
    stm32f4xx_hal.o(i.HAL_Init) refers to stm32f4xx_hal.o(i.HAL_MspInit) for HAL_MspInit
    stm32f4xx_hal.o(i.HAL_InitTick) refers to stm32f4xx_hal_cortex.o(i.HAL_SYSTICK_Config) for HAL_SYSTICK_Config
    stm32f4xx_hal.o(i.HAL_InitTick) refers to stm32f4xx_hal_cortex.o(i.HAL_NVIC_SetPriority) for HAL_NVIC_SetPriority
    stm32f4xx_hal.o(i.HAL_InitTick) refers to stm32f4xx_hal.o(.data) for uwTickFreq
    stm32f4xx_hal.o(i.HAL_InitTick) refers to system_stm32f4xx.o(.data) for SystemCoreClock
    stm32f4xx_hal.o(i.HAL_SetTickFreq) refers to stm32f4xx_hal_timebase.o(i.HAL_InitTick) for HAL_InitTick
    stm32f4xx_hal.o(i.HAL_SetTickFreq) refers to stm32f4xx_hal.o(.data) for uwTickFreq
    stm32f4xx_hal_adc.o(i.ADC_DMAConvCplt) refers to stm32f4xx_hal_adc.o(i.HAL_ADC_ConvCpltCallback) for HAL_ADC_ConvCpltCallback
[...]
    ucProtCntPre                             0x20014280   Data          64  app_task_protection.o(.bss)
    ucProtCntCur                             0x200142c0   Data          64  app_task_protection.o(.bss)
    acdc_AlarmBuf                            0x20014300   Data          13  app_task_acdc_alarm.o(.bss)
    ucNetSendBuf                             0x20014310   Data        1024  app_task_protocol.o(.bss)
    ucNetRecvBuf                             0x20014710   Data        1024  app_task_protocol.o(.bss)
    workstep_flag_ErrWord                    0x20014b10   Data          16  app_task_protocol.o(.bss)
    Tier1                                    0x20014b20   Data        3432  app_task_protocol.o(.bss)
    Tier2                                    0x20015888   Data        8468  app_task_protocol.o(.bss)
    unpack                                   0x2001799c   Data          12  app_task_protocol.o(.bss)
    pack                                     0x200179a8   Data          12  app_task_protocol.o(.bss)
    aux_record                               0x200179b4   Data         320  app_task_protocol.o(.bss)
    Record                                   0x20017af4   Data        3284  app_task_protocol.o(.bss)
    TstampPre                                0x200187c8   Data          64  app_task_protocol.o(.bss)
    ProtectMaskCnt                           0x20018808   Data          32  app_task_workstep.o(.bss)
    VcontactPre                              0x20018828   Data          32  app_task_workstep.o(.bss)
    VcontactCur                              0x20018848   Data          32  app_task_workstep.o(.bss)
    run_time_cnt                             0x20018868   Data          64  app_task_workstep.o(.bss)
    i_read                                   0x200188a8   Data          16  app_task_workstep.o(.bss)
    i_write                                  0x200188b8   Data          16  app_task_workstep.o(.bss)
    __initial_sp                             0x2001ade8   Data           0  startup_stm32f429xx.o(STACK)



==============================================================================

Memory Map of the image

  Image Entry point : 0x080201ad

  Load Region LR_IROM1 (Base: 0x08020000, Size: 0x0002ba38, Max: 0x00100000, ABSOLUTE, COMPRESSED[0x0001e988])

    Execution Region ER_IROM1 (Exec base: 0x08020000, Load base: 0x08020000, Size: 0x0001e66c, Max: 0x00100000, ABSOLUTE)

    Exec Addr    Load Addr    Size         Type   Attr      Idx    E Section Name        Object

    0x08020000   0x08020000   0x000001ac   Data   RO          251    RESET               startup_stm32f429xx.o
    0x080201ac   0x080201ac   0x00000000   Code   RO        12482  * .ARM.Collect$$$$00000000  mc_w.l(entry.o)
    0x080201ac   0x080201ac   0x00000004   Code   RO        12782    .ARM.Collect$$$$00000001  mc_w.l(entry2.o)
    0x080201b0   0x080201b0   0x00000004   Code   RO        12785    .ARM.Collect$$$$00000004  mc_w.l(entry5.o)
    0x080201b4   0x080201b4   0x00000000   Code   RO        12787    .ARM.Collect$$$$00000008  mc_w.l(entry7b.o)
    0x080201b4   0x080201b4   0x00000000   Code   RO        12789    .ARM.Collect$$$$0000000A  mc_w.l(entry8b.o)
    0x080201b4   0x080201b4   0x00000008   Code   RO        12790    .ARM.Collect$$$$0000000B  mc_w.l(entry9a.o)
    0x080201bc   0x080201bc   0x00000000   Code   RO        12792    .ARM.Collect$$$$0000000D  mc_w.l(entry10a.o)
    0x080201bc   0x080201bc   0x00000000   Code   RO        12794    .ARM.Collect$$$$0000000F  mc_w.l(entry11a.o)
    0x080201bc   0x080201bc   0x00000004   Code   RO        12783    .ARM.Collect$$$$00002712  mc_w.l(entry2.o)
    0x080201c0   0x080201c0   0x00000148   Code   RO        10208    .emb_text           rtx_mempool.o
    0x08020308   0x08020308   0x00000148   Code   RO        10370    .emb_text           rtx_msgqueue.o
    0x08020450   0x08020450   0x00000148   Code   RO        10661    .emb_text           rtx_semaphore.o
    0x08020598   0x08020598   0x00000148   Code   RO        10782    .emb_text           rtx_system.o
    0x080206e0   0x080206e0   0x00000148   Code   RO        10838    .emb_text           rtx_thread.o
    0x08020828   0x08020828   0x00000074   Code   RO        11486    .emb_text           eventrecorder.o
    0x0802089c   0x0802089c   0x00000024   Code   RO          252    .text               startup_stm32f429xx.o
    0x080208c0   0x080208c0   0x000000c4   Code   RO         8624    .text               irq_cm4f.o
    0x08020984   0x08020984   0x00000062   Code   RO        12485    .text               mc_w.l(uldiv.o)
    0x080209e6   0x080209e6   0x00000062   Code   RO        12487    .text               mc_w.l(ldiv.o)
    0x08020a48   0x08020a48   0x00000024   Code   RO        12489    .text               mc_w.l(memcpya.o)
    0x08020a6c   0x08020a6c   0x00000024   Code   RO        12491    .text               mc_w.l(memseta.o)
    0x08020a90   0x08020a90   0x000000de   Code   RO        12766    .text               mf_w.l(ddiv.o)
    0x08020b6e   0x08020b6e   0x00000022   Code   RO        12768    .text               mf_w.l(dflti.o)
    0x08020b90   0x08020b90   0x0000001a   Code   RO        12770    .text               mf_w.l(dfltui.o)
    0x08020baa   0x08020baa   0x0000002c   Code   RO        12772    .text               mf_w.l(ffixul.o)
    0x08020bd6   0x08020bd6   0x00000026   Code   RO        12774    .text               mf_w.l(f2d.o)
    0x08020bfc   0x08020bfc   0x00000030   Code   RO        12776    .text               mf_w.l(cdcmple.o)
    0x08020c2c   0x08020c2c   0x00000030   Code   RO        12778    .text               mf_w.l(cdrcmple.o)
    0x08020c5c   0x08020c5c   0x00000038   Code   RO        12780    .text               mf_w.l(d2f.o)
    0x08020c94   0x08020c94   0x0000002c   Code   RO        12797    .text               mc_w.l(uidiv.o)
    0x08020cc0   0x08020cc0   0x0000001e   Code   RO        12799    .text               mc_w.l(llshl.o)
    0x08020cde   0x08020cde   0x00000020   Code   RO        12801    .text               mc_w.l(llushr.o)
    0x08020cfe   0x08020cfe   0x00000000   Code   RO        12803    .text               mc_w.l(iusefp.o)
    0x08020cfe   0x08020cfe   0x0000006e   Code   RO        12804    .text               mf_w.l(fepilogue.o)
    0x08020d6c   0x08020d6c   0x000000ba   Code   RO        12806    .text               mf_w.l(depilogue.o)
    0x08020e26   0x08020e26   0x0000014e   Code   RO        12808    .text               mf_w.l(dadd.o)
    0x08020f74   0x08020f74   0x000000e4   Code   RO        12810    .text               mf_w.l(dmul.o)
    0x08021058   0x08021058   0x00000030   Code   RO        12812    .text               mf_w.l(dfixul.o)
    0x08021088   0x08021088   0x00000024   Code   RO        12814    .text               mc_w.l(init.o)
    0x080210ac   0x080210ac   0x00000024   Code   RO        12816    .text               mc_w.l(llsshr.o)
    0x080210d0   0x080210d0   0x00000056   Code   RO        12825    .text               mc_w.l(__dczerorl2.o)
    0x08021126   0x08021126   0x00000002   PAD
    0x08021128   0x08021128   0x00000012   Code   RO         8165    OSKERNEL            hardfaulthandler.o
    0x0802113a   0x0802113a   0x00000002   PAD
    0x0802113c   0x0802113c   0x000005ac   Code   RO         7794    i.ACDCUpdateAnalysis  app_task_protocol.o
    0x080216e8   0x080216e8   0x00000074   Code   RO         6489    i.ACDC_ACV_Query_CMD  bsp_acdc.o
    0x0802175c   0x0802175c   0x00000048   Code   RO         6492    i.ACDC_FW_VERSION_CMD  bsp_acdc.o
    0x080217a4   0x080217a4   0x000000c0   Code   RO         6493    i.ACDC_Fan_Speed51_ModeTest  bsp_acdc.o
    0x08021864   0x08021864   0x00000088   Code   RO         6494    i.ACDC_Fan_Speed_CMD  bsp_acdc.o
    0x080218ec   0x080218ec   0x0000005c   Code   RO         6944    i.AD5245_Init       bsp_ad5245.o
    0x08021948   0x08021948   0x00000024   Code   RO         6946    i.AD5245_Value_Read  bsp_ad5245.o
    0x0802196c   0x0802196c   0x00000068   Code   RO         6947    i.AD5245_Value_Set  bsp_ad5245.o
    0x080219d4   0x080219d4   0x0000005c   Code   RO         6948    i.AD5245_Vpro_Set   bsp_ad5245.o
    0x08021a30   0x08021a30   0x00000254   Code   RO         6609    i.AD7124_CfgADC     bsp_ad7124.o
    0x08021c84   0x08021c84   0x0000004c   Code   RO         6610    i.AD7124_CfgINT     bsp_ad7124.o
    0x08021cd0   0x08021cd0   0x00000050   Code   RO         6611    i.AD7124_Process    bsp_ad7124.o
    0x08021d20   0x08021d20   0x00000014   Code   RO         6612    i.AD7124_ReadData   bsp_ad7124.o
    0x08021d34   0x08021d34   0x000000c0   Code   RO         6613    i.AD7124_ReadReg    bsp_ad7124.o
    0x08021df4   0x08021df4   0x00000074   Code   RO         6614    i.AD7124_Reset      bsp_ad7124.o
    0x08021e68   0x08021e68   0x000000ac   Code   RO         6617    i.AD7124_WriteReg   bsp_ad7124.o
    0x08021f14   0x08021f14   0x00000244   Code   RO         6725    i.AD7175_CfgADC     bsp_ad7175.o
    0x08022158   0x08022158   0x00000048   Code   RO         6726    i.AD7175_CfgERR     bsp_ad7175.o
    0x080221a0   0x080221a0   0x0000004c   Code   RO         6727    i.AD7175_CfgINT     bsp_ad7175.o
    0x080221ec   0x080221ec   0x00000042   Code   RO         6728    i.AD7175_ComputeCRC8  bsp_ad7175.o
    0x0802222e   0x0802222e   0x00000002   PAD
    0x08022230   0x08022230   0x00000050   Code   RO         6730    i.AD7175_Process    bsp_ad7175.o
    0x08022280   0x08022280   0x00000014   Code   RO         6731    i.AD7175_ReadData   bsp_ad7175.o
    0x08022294   0x08022294   0x000000b4   Code   RO         6732    i.AD7175_ReadReg    bsp_ad7175.o
    0x08022348   0x08022348   0x00000054   Code   RO         6733    i.AD7175_Reset      bsp_ad7175.o
    0x0802239c   0x0802239c   0x000000ac   Code   RO         6735    i.AD7175_WriteReg   bsp_ad7175.o
    0x08022448   0x08022448   0x0000007e   Code   RO          458    i.ADC_DMAConvCplt   stm32f4xx_hal_adc.o
    0x080224c6   0x080224c6   0x0000001a   Code   RO          459    i.ADC_DMAError      stm32f4xx_hal_adc.o
    0x080224e0   0x080224e0   0x0000000e   Code   RO          460    i.ADC_DMAHalfConvCplt  stm32f4xx_hal_adc.o
    0x080224ee   0x080224ee   0x00000002   PAD
    0x080224f0   0x080224f0   0x00000160   Code   RO          461    i.ADC_Init          stm32f4xx_hal_adc.o
    0x08022650   0x08022650   0x00000028   Code   RO         6410    i.ADC_Start_Stop_DMA  bsp_adc3.o
    0x08022678   0x08022678   0x00000958   Code   RO         6411    i.ADC_Switch_Channel  bsp_adc3.o
    0x08022fd0   0x08022fd0   0x000000b4   Code   RO         6412    i.ADC_Switch_ConfigGPIO  bsp_adc3.o
    0x08023084   0x08023084   0x00000114   Code   RO         7795    i.AdDataInqAnalysis  app_task_protocol.o
    0x08023198   0x08023198   0x00000adc   Code   RO         7422    i.Ageing            app_task_ageing.o
    0x08023c74   0x08023c74   0x0000008c   Code   RO         7587    i.AlarmClear        app_task_protection.o
    0x08023d00   0x08023d00   0x0000039c   Code   RO         7588    i.AlarmQuarry       app_task_protection.o
    0x0802409c   0x0802409c   0x00000270   Code   RO         7765    i.AppACDC_alarm     app_task_acdc_alarm.o
    0x0802430c   0x0802430c   0x00000070   Code   RO         7423    i.AppTaskAgeing     app_task_ageing.o
    0x0802437c   0x0802437c   0x000002dc   Code   RO         7655    i.AppTaskDebug      app_task_debug.o
    0x08024658   0x08024658   0x000000e0   Code   RO         7492    i.AppTaskEth        app_task_eth.o
    0x08024738   0x08024738   0x0000005c   Code   RO         7538    i.AppTaskLed        app_task_led.o
    0x08024794   0x08024794   0x000002b0   Code   RO         7589    i.AppTaskProtection  app_task_protection.o
    0x08024a44   0x08024a44   0x00000174   Code   RO         7796    i.AppTaskProtocol   app_task_protocol.o
    0x08024bb8   0x08024bb8   0x00000530   Code   RO         4669    i.AppTaskStart      main.o
    0x080250e8   0x080250e8   0x00000100   Code   RO         8039    i.AppTaskWorkstep   app_task_workstep.o
    0x080251e8   0x080251e8   0x000000e4   Code   RO         7797    i.AuxRecordDatSync  app_task_protocol.o
    0x080252cc   0x080252cc   0x000000ac   Code   RO         7798    i.AuxRecordDatUpcast  app_task_protocol.o
    0x08025378   0x08025378   0x00000194   Code   RO         4670    i.BarCode_Mac_CheckSet  main.o
    0x0802550c   0x0802550c   0x0000030c   Code   RO         8040    i.BatteryFormattingProcess  app_task_workstep.o
    0x08025818   0x08025818   0x00000124   Code   RO         8041    i.BatteryFormattingStop  app_task_workstep.o
    0x0802593c   0x0802593c   0x00000088   Code   RO         7799    i.BootUpdateAnalysis  app_task_protocol.o
    0x080259c4   0x080259c4   0x00000064   Code   RO         7800    i.Buffer_Data_To_Record  app_task_protocol.o
    0x08025a28   0x08025a28   0x00000004   Code   RO         4769    i.BusFault_Handler  stm32f4xx_it.o
    0x08025a2c   0x08025a2c   0x00000278   Code   RO         4770    i.CAN1_RX0_IRQHandler  stm32f4xx_it.o
    0x08025ca4   0x08025ca4   0x00000310   Code   RO         4771    i.CAN1_RX1_IRQHandler  stm32f4xx_it.o
    0x08025fb4   0x08025fb4   0x00000150   Code   RO         6496    i.CAN_User_Init     bsp_acdc.o
    0x08026104   0x08026104   0x000000c8   Code   RO         6497    i.CANx_SendData     bsp_acdc.o
    0x080261cc   0x080261cc   0x000004b8   Code   RO         8042    i.CCtoCVConvertFunc  app_task_workstep.o
    0x08026684   0x08026684   0x00000028   Code   RO         7801    i.CRC16N            app_task_protocol.o
    0x080266ac   0x080266ac   0x0000002c   Code   RO         7802    i.CRC16_2           app_task_protocol.o
    0x080266d8   0x080266d8   0x000002c8   Code   RO         7353    i.CalibrateDatInit  app_func_eeprom.o
    0x080269a0   0x080269a0   0x0000011c   Code   RO         7803    i.CalibrateInqAnalysis  app_task_protocol.o
    0x08026abc   0x08026abc   0x0000019c   Code   RO         7804    i.CalibrateSetAnalysis  app_task_protocol.o
    0x08026c58   0x08026c58   0x000000f4   Code   RO         7424    i.Chg_Dis_Off_Cfg   app_task_ageing.o
    0x08026d4c   0x08026d4c   0x000002c8   Code   RO         7425    i.Chg_Dis_On_Cfg    app_task_ageing.o
    0x08027014   0x08027014   0x00000488   Code   RO         6284    i.Chg_Dis_Port_Cfg  bsp_charge.o
    0x0802749c   0x0802749c   0x000002f0   Code   RO         6285    i.Chg_Dis_Port_Check  bsp_charge.o
    0x0802778c   0x0802778c   0x00000044   Code   RO         6618    i.ComputeCRC8       bsp_ad7124.o
    0x080277d0   0x080277d0   0x000000c8   Code   RO         4671    i.CreateTask        main.o
    0x08027898   0x08027898   0x000000a4   Code   RO         8043    i.CurAnalogToDigital  app_task_workstep.o
    0x0802793c   0x0802793c   0x000001e8   Code   RO         8044    i.CurLinearOutputSetting  app_task_workstep.o
    0x08027b24   0x08027b24   0x00000012   Code   RO         6841    i.DAC80508_BRDCAST  bsp_dac80508.o
    0x08027b36   0x08027b36   0x00000002   PAD
    0x08027b38   0x08027b38   0x000000b0   Code   RO         6842    i.DAC80508_ReadCmd  bsp_dac80508.o
    0x08027be8   0x08027be8   0x00000018   Code   RO         6843    i.DAC80508_ReadDacData  bsp_dac80508.o
    0x08027c00   0x08027c00   0x00000018   Code   RO         6845    i.DAC80508_SetDacData  bsp_dac80508.o
    0x08027c18   0x08027c18   0x000000dc   Code   RO         6846    i.DAC80508_WriteCmd  bsp_dac80508.o
    0x08027cf4   0x08027cf4   0x000000a4   Code   RO         6847    i.DAC_SetLinearData  bsp_dac80508.o
    0x08027d98   0x08027d98   0x00000080   Code   RO         6326    i.DBGRS232_RxHandler  bsp_debug.o
    0x08027e18   0x08027e18   0x00000002   Code   RO         6327    i.DBGRS232_TxHandler  bsp_debug.o
    0x08027e1a   0x08027e1a   0x00000002   PAD
    0x08027e1c   0x08027e1c   0x00000010   Code   RO         4772    i.DMA2_Stream0_IRQHandler  stm32f4xx_it.o
    0x08027e2c   0x08027e2c   0x00000010   Code   RO         4773    i.DMA2_Stream2_IRQHandler  stm32f4xx_it.o
    0x08027e3c   0x08027e3c   0x00000010   Code   RO         4774    i.DMA2_Stream3_IRQHandler  stm32f4xx_it.o
    0x08027e4c   0x08027e4c   0x00000010   Code   RO         4775    i.DMA2_Stream5_IRQHandler  stm32f4xx_it.o
    0x08027e5c   0x08027e5c   0x00000010   Code   RO         4776    i.DMA2_Stream6_IRQHandler  stm32f4xx_it.o
    0x08027e6c   0x08027e6c   0x00000034   Code   RO         1107    i.DMA_CalcBaseAndBitshift  stm32f4xx_hal_dma.o
    0x08027ea0   0x08027ea0   0x000000aa   Code   RO         1108    i.DMA_CheckFifoParam  stm32f4xx_hal_dma.o
    0x08027f4a   0x08027f4a   0x0000002c   Code   RO         1109    i.DMA_SetConfig     stm32f4xx_hal_dma.o
    0x08027f76   0x08027f76   0x00000014   Code   RO         6413    i.DMA_adc3_init     bsp_adc3.o
    0x08027f8a   0x08027f8a   0x00000002   PAD
    0x08027f8c   0x08027f8c   0x000000bc   Code   RO         7805    i.DebugDataInqAnalysis  app_task_protocol.o
    0x08028048   0x08028048   0x00000002   Code   RO         4777    i.DebugMon_Handler  stm32f4xx_it.o
    0x0802804a   0x0802804a   0x00000002   PAD
    0x0802804c   0x0802804c   0x0000020c   Code   RO         7806    i.DebugParamSetAnalysis  app_task_protocol.o
    0x08028258   0x08028258   0x00000104   Code   RO         7807    i.DebugSystemSetAnalysis  app_task_protocol.o
    0x0802835c   0x0802835c   0x00000016   Code   RO         7808    i.DefaultAnalyze    app_task_protocol.o
    0x08028372   0x08028372   0x0000000c   Code   RO         6619    i.Delay             bsp_ad7124.o
    0x0802837e   0x0802837e   0x0000000c   Code   RO         6736    i.Delay             bsp_ad7175.o
    0x0802838a   0x0802838a   0x0000001c   Code   RO         5022    i.Dis_int           bsp.o
    0x080283a6   0x080283a6   0x00000002   PAD
    0x080283a8   0x080283a8   0x00000094   Code   RO         6194    i.Disable_Mloop     bsp_gpio.o
    0x0802843c   0x0802843c   0x00000058   Code   RO         4444    i.ETH_IRQHandler    emac_stm32f4xx.o
    0x08028494   0x08028494   0x0000000a   Code   RO         6737    i.EXTI0_IRQHandler  bsp_ad7175.o
    0x0802849e   0x0802849e   0x0000000a   Code   RO         6620    i.EXTI1_IRQHandler  bsp_ad7124.o
    0x080284a8   0x080284a8   0x000000d8   Code   RO         7354    i.EepDatLoad        app_func_eeprom.o
    0x08028580   0x08028580   0x00000134   Code   RO         7355    i.EepDatSync        app_func_eeprom.o
    0x080286b4   0x080286b4   0x00000148   Code   RO         7356    i.EepromDatInit     app_func_eeprom.o
    0x080287fc   0x080287fc   0x0000001c   Code   RO         5023    i.En_int            bsp.o
    0x08028818   0x08028818   0x0000008c   Code   RO         6195    i.Enable_Mloop      bsp_gpio.o
    0x080288a4   0x080288a4   0x00000048   Code   RO         5024    i.Error_Handler     bsp.o
    0x080288ec   0x080288ec   0x00000028   Code   RO        11487    i.EventCheckFilter  eventrecorder.o
    0x08028914   0x08028914   0x0000003c   Code   RO        11488    i.EventGetTS        eventrecorder.o
    0x08028950   0x08028950   0x00000046   Code   RO        11489    i.EventRecord2      eventrecorder.o
    0x08028996   0x08028996   0x00000076   Code   RO        11490    i.EventRecord4      eventrecorder.o
    0x08028a0c   0x08028a0c   0x000000d8   Code   RO        11492    i.EventRecordItem   eventrecorder.o
    0x08028ae4   0x08028ae4   0x0000005c   Code   RO        11495    i.EventRecorderEnable  eventrecorder.o
    0x08028b40   0x08028b40   0x00000128   Code   RO        11496    i.EventRecorderInitialize  eventrecorder.o
    0x08028c68   0x08028c68   0x00000030   Code   RO        11497    i.EventRecorderStart  eventrecorder.o
    0x08028c98   0x08028c98   0x0000000c   Code   RO        11499    i.EventRecorderTimerGetCount  eventrecorder.o
    0x08028ca4   0x08028ca4   0x0000000c   Code   RO        11500    i.EventRecorderTimerGetFreq  eventrecorder.o
    0x08028cb0   0x08028cb0   0x00000024   Code   RO        11501    i.EventRecorderTimerSetup  eventrecorder.o
    0x08028cd4   0x08028cd4   0x00000014   Code   RO         8849    i.EvrRtxDelay       rtx_evr.o
    0x08028ce8   0x08028ce8   0x00000014   Code   RO         8850    i.EvrRtxDelayCompleted  rtx_evr.o
    0x08028cfc   0x08028cfc   0x00000012   Code   RO         8851    i.EvrRtxDelayError  rtx_evr.o
    0x08028d0e   0x08028d0e   0x00000002   PAD
    0x08028d10   0x08028d10   0x00000014   Code   RO         8852    i.EvrRtxDelayStarted  rtx_evr.o
    0x08028d24   0x08028d24   0x00000014   Code   RO         8870    i.EvrRtxEventFlagsWaitTimeout  rtx_evr.o
    0x08028d38   0x08028d38   0x00000012   Code   RO         8871    i.EvrRtxKernelError  rtx_evr.o
    0x08028d4a   0x08028d4a   0x00000002   PAD
    0x08028d4c   0x08028d4c   0x00000014   Code   RO         8878    i.EvrRtxKernelInitialize  rtx_evr.o
    0x08028d60   0x08028d60   0x00000014   Code   RO         8879    i.EvrRtxKernelInitialized  rtx_evr.o
    0x08028d74   0x08028d74   0x00000014   Code   RO         8880    i.EvrRtxKernelLock  rtx_evr.o
    0x08028d88   0x08028d88   0x00000014   Code   RO         8881    i.EvrRtxKernelLockRestored  rtx_evr.o
    0x08028d9c   0x08028d9c   0x00000014   Code   RO         8882    i.EvrRtxKernelLocked  rtx_evr.o
    0x08028db0   0x08028db0   0x00000014   Code   RO         8883    i.EvrRtxKernelRestoreLock  rtx_evr.o
    0x08028dc4   0x08028dc4   0x00000014   Code   RO         8886    i.EvrRtxKernelStart  rtx_evr.o
    0x08028dd8   0x08028dd8   0x00000014   Code   RO         8887    i.EvrRtxKernelStarted  rtx_evr.o
    0x08028dec   0x08028dec   0x00000014   Code   RO         8890    i.EvrRtxKernelUnlock  rtx_evr.o
    0x08028e00   0x08028e00   0x00000014   Code   RO         8891    i.EvrRtxKernelUnlocked  rtx_evr.o
    0x08028e14   0x08028e14   0x00000020   Code   RO         8892    i.EvrRtxMemoryAlloc  rtx_evr.o
    0x08028e34   0x08028e34   0x00000018   Code   RO         8893    i.EvrRtxMemoryBlockAlloc  rtx_evr.o
    0x08028e4c   0x08028e4c   0x00000020   Code   RO         8894    i.EvrRtxMemoryBlockFree  rtx_evr.o
    0x08028e6c   0x08028e6c   0x00000020   Code   RO         8895    i.EvrRtxMemoryBlockInit  rtx_evr.o
    0x08028e8c   0x08028e8c   0x00000020   Code   RO         8896    i.EvrRtxMemoryFree  rtx_evr.o
    0x08028eac   0x08028eac   0x0000001c   Code   RO         8897    i.EvrRtxMemoryInit  rtx_evr.o
    0x08028ec8   0x08028ec8   0x00000014   Code   RO         8901    i.EvrRtxMemoryPoolAllocTimeout  rtx_evr.o
    0x08028edc   0x08028edc   0x00000018   Code   RO         8916    i.EvrRtxMessageQueueCreated  rtx_evr.o
    0x08028ef4   0x08028ef4   0x00000014   Code   RO         8919    i.EvrRtxMessageQueueError  rtx_evr.o
    0x08028f08   0x08028f08   0x00000020   Code   RO         8920    i.EvrRtxMessageQueueGet  rtx_evr.o
    0x08028f28   0x08028f28   0x00000020   Code   RO         8925    i.EvrRtxMessageQueueGetPending  rtx_evr.o
    0x08028f48   0x08028f48   0x00000014   Code   RO         8927    i.EvrRtxMessageQueueGetTimeout  rtx_evr.o
    0x08028f5c   0x08028f5c   0x00000018   Code   RO         8928    i.EvrRtxMessageQueueInsertPending  rtx_evr.o
    0x08028f74   0x08028f74   0x00000018   Code   RO         8929    i.EvrRtxMessageQueueInserted  rtx_evr.o
    0x08028f8c   0x08028f8c   0x00000020   Code   RO         8930    i.EvrRtxMessageQueueNew  rtx_evr.o
    0x08028fac   0x08028fac   0x00000018   Code   RO         8931    i.EvrRtxMessageQueueNotInserted  rtx_evr.o
    0x08028fc4   0x08028fc4   0x00000018   Code   RO         8932    i.EvrRtxMessageQueueNotRetrieved  rtx_evr.o
    0x08028fdc   0x08028fdc   0x00000020   Code   RO         8933    i.EvrRtxMessageQueuePut  rtx_evr.o
    0x08028ffc   0x08028ffc   0x00000020   Code   RO         8934    i.EvrRtxMessageQueuePutPending  rtx_evr.o
    0x0802901c   0x0802901c   0x00000014   Code   RO         8935    i.EvrRtxMessageQueuePutTimeout  rtx_evr.o
    0x08029030   0x08029030   0x00000018   Code   RO         8938    i.EvrRtxMessageQueueRetrieved  rtx_evr.o
    0x08029048   0x08029048   0x00000014   Code   RO         8941    i.EvrRtxMutexAcquireTimeout  rtx_evr.o
    0x0802905c   0x0802905c   0x00000018   Code   RO         8942    i.EvrRtxMutexAcquired  rtx_evr.o
    0x08029074   0x08029074   0x00000018   Code   RO         8952    i.EvrRtxMutexReleased  rtx_evr.o
    0x0802908c   0x0802908c   0x00000018   Code   RO         8953    i.EvrRtxSemaphoreAcquire  rtx_evr.o
    0x080290a4   0x080290a4   0x00000018   Code   RO         8954    i.EvrRtxSemaphoreAcquirePending  rtx_evr.o
    0x080290bc   0x080290bc   0x00000014   Code   RO         8955    i.EvrRtxSemaphoreAcquireTimeout  rtx_evr.o
    0x080290d0   0x080290d0   0x00000018   Code   RO         8956    i.EvrRtxSemaphoreAcquired  rtx_evr.o
    0x080290e8   0x080290e8   0x00000018   Code   RO         8957    i.EvrRtxSemaphoreCreated  rtx_evr.o
    0x08029100   0x08029100   0x00000014   Code   RO         8960    i.EvrRtxSemaphoreError  rtx_evr.o
    0x08029114   0x08029114   0x00000020   Code   RO         8963    i.EvrRtxSemaphoreNew  rtx_evr.o
    0x08029134   0x08029134   0x00000014   Code   RO         8964    i.EvrRtxSemaphoreNotAcquired  rtx_evr.o
    0x08029148   0x08029148   0x00000014   Code   RO         8965    i.EvrRtxSemaphoreRelease  rtx_evr.o
    0x0802915c   0x0802915c   0x00000018   Code   RO         8966    i.EvrRtxSemaphoreReleased  rtx_evr.o
    0x08029174   0x08029174   0x00000018   Code   RO         8967    i.EvrRtxThreadBlocked  rtx_evr.o
    0x0802918c   0x0802918c   0x00000028   Code   RO         8968    i.EvrRtxThreadCreated  rtx_evr.o
    0x080291b4   0x080291b4   0x00000014   Code   RO         8969    i.EvrRtxThreadDestroyed  rtx_evr.o
    0x080291c8   0x080291c8   0x00000014   Code   RO         8973    i.EvrRtxThreadError  rtx_evr.o
    0x080291dc   0x080291dc   0x00000014   Code   RO         8974    i.EvrRtxThreadExit  rtx_evr.o
    0x080291f0   0x080291f0   0x00000020   Code   RO         8982    i.EvrRtxThreadFlagsWaitCompleted  rtx_evr.o
    0x08029210   0x08029210   0x00000014   Code   RO         8985    i.EvrRtxThreadFlagsWaitTimeout  rtx_evr.o
    0x08029224   0x08029224   0x00000014   Code   RO         8995    i.EvrRtxThreadJoined  rtx_evr.o
    0x08029238   0x08029238   0x00000020   Code   RO         8996    i.EvrRtxThreadNew   rtx_evr.o
    0x08029258   0x08029258   0x00000014   Code   RO         8997    i.EvrRtxThreadPreempted  rtx_evr.o
    0x0802926c   0x0802926c   0x00000014   Code   RO         9002    i.EvrRtxThreadSuspend  rtx_evr.o
    0x08029280   0x08029280   0x00000014   Code   RO         9003    i.EvrRtxThreadSuspended  rtx_evr.o
    0x08029294   0x08029294   0x00000014   Code   RO         9004    i.EvrRtxThreadSwitched  rtx_evr.o
    0x080292a8   0x080292a8   0x00000018   Code   RO         9006    i.EvrRtxThreadUnblocked  rtx_evr.o
    0x080292c0   0x080292c0   0x00000018   Code   RO         9008    i.EvrRtxTimerCallback  rtx_evr.o
    0x080292d8   0x080292d8   0x00000018   Code   RO         9009    i.EvrRtxTimerCreated  rtx_evr.o
    0x080292f0   0x080292f0   0x00000014   Code   RO         9012    i.EvrRtxTimerError  rtx_evr.o
    0x08029304   0x08029304   0x00000020   Code   RO         9015    i.EvrRtxTimerNew    rtx_evr.o
    0x08029324   0x08029324   0x00000018   Code   RO         9016    i.EvrRtxTimerStart  rtx_evr.o
    0x0802933c   0x0802933c   0x00000014   Code   RO         9017    i.EvrRtxTimerStarted  rtx_evr.o
    0x08029350   0x08029350   0x00000014   Code   RO         9018    i.EvrRtxTimerStop   rtx_evr.o
    0x08029364   0x08029364   0x00000014   Code   RO         9019    i.EvrRtxTimerStopped  rtx_evr.o
    0x08029378   0x08029378   0x000005f8   Code   RO         7686    i.ExternalAdDatProcess  app_timer_periodic_adc3.o
    0x08029970   0x08029970   0x00000024   Code   RO         6196    i.Feed_WDG          bsp_gpio.o
    0x08029994   0x08029994   0x00000010   Code   RO        11502    i.GetContext        eventrecorder.o
    0x080299a4   0x080299a4   0x00000158   Code   RO         7357    i.GlobalProtectDatInit  app_func_eeprom.o
    0x08029afc   0x08029afc   0x00000220   Code   RO         7809    i.GlobalProtectInqAnalysis  app_task_protocol.o
    0x08029d1c   0x08029d1c   0x000002f4   Code   RO         7810    i.GlobalProtectSetAnalysis  app_task_protocol.o
    0x0802a010   0x0802a010   0x0000026c   Code   RO         7590    i.GlobleProtectRunParmCheck  app_task_protection.o
    0x0802a27c   0x0802a27c   0x000001a4   Code   RO          463    i.HAL_ADC_ConfigChannel  stm32f4xx_hal_adc.o
    0x0802a420   0x0802a420   0x00000002   Code   RO          464    i.HAL_ADC_ConvCpltCallback  stm32f4xx_hal_adc.o
    0x0802a422   0x0802a422   0x00000002   Code   RO          465    i.HAL_ADC_ConvHalfCpltCallback  stm32f4xx_hal_adc.o
    0x0802a424   0x0802a424   0x00000002   Code   RO          467    i.HAL_ADC_ErrorCallback  stm32f4xx_hal_adc.o
    0x0802a426   0x0802a426   0x00000002   PAD
    0x0802a428   0x0802a428   0x00000068   Code   RO          472    i.HAL_ADC_Init      stm32f4xx_hal_adc.o
    0x0802a490   0x0802a490   0x0000015c   Code   RO         6415    i.HAL_ADC_MspInit   bsp_adc3.o
    0x0802a5ec   0x0802a5ec   0x00000184   Code   RO          479    i.HAL_ADC_Start_DMA  stm32f4xx_hal_adc.o
    0x0802a770   0x0802a770   0x0000006c   Code   RO          482    i.HAL_ADC_Stop_DMA  stm32f4xx_hal_adc.o
    0x0802a7dc   0x0802a7dc   0x0000002a   Code   RO          734    i.HAL_CAN_ActivateNotification  stm32f4xx_hal_can.o
    0x0802a806   0x0802a806   0x00000156   Code   RO          735    i.HAL_CAN_AddTxMessage  stm32f4xx_hal_can.o
    0x0802a95c   0x0802a95c   0x00000124   Code   RO          736    i.HAL_CAN_ConfigFilter  stm32f4xx_hal_can.o
    0x0802aa80   0x0802aa80   0x00000002   Code   RO          739    i.HAL_CAN_ErrorCallback  stm32f4xx_hal_can.o
    0x0802aa82   0x0802aa82   0x0000017c   Code   RO          742    i.HAL_CAN_GetRxMessage  stm32f4xx_hal_can.o
    0x0802abfe   0x0802abfe   0x00000036   Code   RO          744    i.HAL_CAN_GetTxMailboxesFreeLevel  stm32f4xx_hal_can.o
    0x0802ac34   0x0802ac34   0x0000024e   Code   RO          746    i.HAL_CAN_IRQHandler  stm32f4xx_hal_can.o
    0x0802ae82   0x0802ae82   0x00000174   Code   RO          747    i.HAL_CAN_Init      stm32f4xx_hal_can.o
    0x0802aff6   0x0802aff6   0x00000002   PAD
    0x0802aff8   0x0802aff8   0x000000a8   Code   RO         6499    i.HAL_CAN_MspInit   bsp_acdc.o
    0x0802b0a0   0x0802b0a0   0x00000002   Code   RO          754    i.HAL_CAN_RxFifo0FullCallback  stm32f4xx_hal_can.o
    0x0802b0a2   0x0802b0a2   0x00000002   Code   RO         6500    i.HAL_CAN_RxFifo0MsgPendingCallback  bsp_acdc.o
    0x0802b0a4   0x0802b0a4   0x00000002   Code   RO          756    i.HAL_CAN_RxFifo1FullCallback  stm32f4xx_hal_can.o
    0x0802b0a6   0x0802b0a6   0x00000002   Code   RO          757    i.HAL_CAN_RxFifo1MsgPendingCallback  stm32f4xx_hal_can.o
    0x0802b0a8   0x0802b0a8   0x00000002   Code   RO          758    i.HAL_CAN_SleepCallback  stm32f4xx_hal_can.o
    0x0802b0aa   0x0802b0aa   0x0000005e   Code   RO          759    i.HAL_CAN_Start     stm32f4xx_hal_can.o
    0x0802b108   0x0802b108   0x00000002   Code   RO          761    i.HAL_CAN_TxMailbox0AbortCallback  stm32f4xx_hal_can.o
    0x0802b10a   0x0802b10a   0x00000002   Code   RO          762    i.HAL_CAN_TxMailbox0CompleteCallback  stm32f4xx_hal_can.o
    0x0802b10c   0x0802b10c   0x00000002   Code   RO          763    i.HAL_CAN_TxMailbox1AbortCallback  stm32f4xx_hal_can.o
    0x0802b10e   0x0802b10e   0x00000002   Code   RO          764    i.HAL_CAN_TxMailbox1CompleteCallback  stm32f4xx_hal_can.o
    0x0802b110   0x0802b110   0x00000002   Code   RO          765    i.HAL_CAN_TxMailbox2AbortCallback  stm32f4xx_hal_can.o
    0x0802b112   0x0802b112   0x00000002   Code   RO          766    i.HAL_CAN_TxMailbox2CompleteCallback  stm32f4xx_hal_can.o
    0x0802b114   0x0802b114   0x00000002   Code   RO          768    i.HAL_CAN_WakeUpFromRxMsgCallback  stm32f4xx_hal_can.o
    0x0802b116   0x0802b116   0x00000002   PAD
    0x0802b118   0x0802b118   0x0000006c   Code   RO         6329    i.HAL_DBGUART_RxTxISRHandler  bsp_debug.o
    0x0802b184   0x0802b184   0x000000aa   Code   RO         1110    i.HAL_DMA_Abort     stm32f4xx_hal_dma.o
    0x0802b22e   0x0802b22e   0x00000028   Code   RO         1111    i.HAL_DMA_Abort_IT  stm32f4xx_hal_dma.o
    0x0802b256   0x0802b256   0x00000002   PAD
    0x0802b258   0x0802b258   0x00000240   Code   RO         1115    i.HAL_DMA_IRQHandler  stm32f4xx_hal_dma.o
    0x0802b498   0x0802b498   0x000000ec   Code   RO         1116    i.HAL_DMA_Init      stm32f4xx_hal_dma.o
    0x0802b584   0x0802b584   0x0000009e   Code   RO         1120    i.HAL_DMA_Start_IT  stm32f4xx_hal_dma.o
    0x0802b622   0x0802b622   0x00000002   PAD
    0x0802b624   0x0802b624   0x00000028   Code   RO          266    i.HAL_Delay         stm32f4xx_hal.o
    0x0802b64c   0x0802b64c   0x0000000c   Code   RO          269    i.HAL_EnableCompensationCell  stm32f4xx_hal.o
    0x0802b658   0x0802b658   0x00000084   Code   RO         6621    i.HAL_GPIO_EXTI_Callback  bsp_ad7124.o
    0x0802b6dc   0x0802b6dc   0x0000001c   Code   RO         1758    i.HAL_GPIO_EXTI_IRQHandler  stm32f4xx_hal_gpio.o
    0x0802b6f8   0x0802b6f8   0x0000021c   Code   RO         1759    i.HAL_GPIO_Init     stm32f4xx_hal_gpio.o
    0x0802b914   0x0802b914   0x00000010   Code   RO         1761    i.HAL_GPIO_ReadPin  stm32f4xx_hal_gpio.o
    0x0802b924   0x0802b924   0x00000012   Code   RO         1762    i.HAL_GPIO_TogglePin  stm32f4xx_hal_gpio.o
    0x0802b936   0x0802b936   0x0000000c   Code   RO         1763    i.HAL_GPIO_WritePin  stm32f4xx_hal_gpio.o
    0x0802b942   0x0802b942   0x00000002   PAD
    0x0802b944   0x0802b944   0x0000000c   Code   RO          274    i.HAL_GetTick       stm32f4xx_hal.o
    0x0802b950   0x0802b950   0x00000050   Code   RO         4196    i.HAL_IWDG_Init     stm32f4xx_hal_iwdg.o
    0x0802b9a0   0x0802b9a0   0x0000000e   Code   RO         4197    i.HAL_IWDG_Refresh  stm32f4xx_hal_iwdg.o
    0x0802b9ae   0x0802b9ae   0x00000002   PAD
    0x0802b9b0   0x0802b9b0   0x00000018   Code   RO          280    i.HAL_IncTick       stm32f4xx_hal.o
    0x0802b9c8   0x0802b9c8   0x0000003c   Code   RO          281    i.HAL_Init          stm32f4xx_hal.o
    0x0802ba04   0x0802ba04   0x000000d0   Code   RO         5764    i.HAL_InitTick      stm32f4xx_hal_timebase.o
    0x0802bad4   0x0802bad4   0x00000002   Code   RO          284    i.HAL_MspInit       stm32f4xx_hal.o
    0x0802bad6   0x0802bad6   0x00000002   PAD
    0x0802bad8   0x0802bad8   0x00000044   Code   RO          971    i.HAL_NVIC_DisableIRQ  stm32f4xx_hal_cortex.o
    0x0802bb1c   0x0802bb1c   0x00000020   Code   RO          972    i.HAL_NVIC_EnableIRQ  stm32f4xx_hal_cortex.o
    0x0802bb3c   0x0802bb3c   0x0000007c   Code   RO          978    i.HAL_NVIC_SetPriority  stm32f4xx_hal_cortex.o
    0x0802bbb8   0x0802bbb8   0x00000028   Code   RO          979    i.HAL_NVIC_SetPriorityGrouping  stm32f4xx_hal_cortex.o
    0x0802bbe0   0x0802bbe0   0x00000180   Code   RO         2015    i.HAL_RCC_ClockConfig  stm32f4xx_hal_rcc.o
    0x0802bd60   0x0802bd60   0x00000044   Code   RO         2019    i.HAL_RCC_GetClockConfig  stm32f4xx_hal_rcc.o
    0x0802bda4   0x0802bda4   0x0000000c   Code   RO         2020    i.HAL_RCC_GetHCLKFreq  stm32f4xx_hal_rcc.o
    0x0802bdb0   0x0802bdb0   0x00000020   Code   RO         2022    i.HAL_RCC_GetPCLK1Freq  stm32f4xx_hal_rcc.o
    0x0802bdd0   0x0802bdd0   0x00000020   Code   RO         2023    i.HAL_RCC_GetPCLK2Freq  stm32f4xx_hal_rcc.o
    0x0802bdf0   0x0802bdf0   0x000000b0   Code   RO         2024    i.HAL_RCC_GetSysClockFreq  stm32f4xx_hal_rcc.o
    0x0802bea0   0x0802bea0   0x00000448   Code   RO         2027    i.HAL_RCC_OscConfig  stm32f4xx_hal_rcc.o
    0x0802c2e8   0x0802c2e8   0x0000007c   Code   RO         4096    i.HAL_RNG_GenerateRandomNumber  stm32f4xx_hal_rng.o
    0x0802c364   0x0802c364   0x00000018   Code   RO         4099    i.HAL_RNG_GetRandomNumber  stm32f4xx_hal_rng.o
    0x0802c37c   0x0802c37c   0x00000034   Code   RO         4103    i.HAL_RNG_Init      stm32f4xx_hal_rng.o
    0x0802c3b0   0x0802c3b0   0x00000034   Code   RO         7130    i.HAL_RNG_MspInit   bsp_rng.o
    0x0802c3e4   0x0802c3e4   0x00000018   Code   RO         5765    i.HAL_ResumeTick    stm32f4xx_hal_timebase.o
    0x0802c3fc   0x0802c3fc   0x00000002   Code   RO         2189    i.HAL_SPI_ErrorCallback  stm32f4xx_hal_spi.o
    0x0802c3fe   0x0802c3fe   0x00000002   PAD
    0x0802c400   0x0802c400   0x0000015c   Code   RO         2192    i.HAL_SPI_IRQHandler  stm32f4xx_hal_spi.o
    0x0802c55c   0x0802c55c   0x000000a0   Code   RO         2193    i.HAL_SPI_Init      stm32f4xx_hal_spi.o
    0x0802c5fc   0x0802c5fc   0x00000540   Code   RO         5513    i.HAL_SPI_MspInit   bsp_spi.o
    0x0802cb3c   0x0802cb3c   0x000002c8   Code   RO         2202    i.HAL_SPI_TransmitReceive  stm32f4xx_hal_spi.o
    0x0802ce04   0x0802ce04   0x00000114   Code   RO         2205    i.HAL_SPI_Transmit_DMA  stm32f4xx_hal_spi.o
    0x0802cf18   0x0802cf18   0x00000002   Code   RO         2207    i.HAL_SPI_TxCpltCallback  stm32f4xx_hal_spi.o
    0x0802cf1a   0x0802cf1a   0x00000002   Code   RO         2208    i.HAL_SPI_TxHalfCpltCallback  stm32f4xx_hal_spi.o
    0x0802cf1c   0x0802cf1c   0x00000018   Code   RO         5766    i.HAL_SuspendTick   stm32f4xx_hal_timebase.o
    0x0802cf34   0x0802cf34   0x00000046   Code   RO         2644    i.HAL_TIM_Base_DeInit  stm32f4xx_hal_tim.o
    0x0802cf7a   0x0802cf7a   0x00000034   Code   RO         2646    i.HAL_TIM_Base_Init  stm32f4xx_hal_tim.o
    0x0802cfae   0x0802cfae   0x00000002   Code   RO         2647    i.HAL_TIM_Base_MspDeInit  stm32f4xx_hal_tim.o
    0x0802cfb0   0x0802cfb0   0x00000002   Code   RO         2648    i.HAL_TIM_Base_MspInit  stm32f4xx_hal_tim.o
    0x0802cfb2   0x0802cfb2   0x0000002a   Code   RO         2649    i.HAL_TIM_Base_Start  stm32f4xx_hal_tim.o
    0x0802cfdc   0x0802cfdc   0x0000002a   Code   RO         2651    i.HAL_TIM_Base_Start_IT  stm32f4xx_hal_tim.o
    0x0802d006   0x0802d006   0x00000072   Code   RO         3608    i.HAL_UART_Init     stm32f4xx_hal_uart.o
    0x0802d078   0x0802d078   0x000000b4   Code   RO         6331    i.HAL_UART_MspInit  bsp_debug.o
    0x0802d12c   0x0802d12c   0x000000d6   Code   RO         3616    i.HAL_UART_Transmit  stm32f4xx_hal_uart.o
    0x0802d202   0x0802d202   0x00000002   PAD
    0x0802d204   0x0802d204   0x00000108   Code   RO         8171    i.HardFaultHandler  segger_hardfaulthandler.o
    0x0802d30c   0x0802d30c   0x00000048   Code   RO         6949    i.IIC_Ack           bsp_ad5245.o
    0x0802d354   0x0802d354   0x00000048   Code   RO         6950    i.IIC_NAck          bsp_ad5245.o
    0x0802d39c   0x0802d39c   0x00000064   Code   RO         6951    i.IIC_Read_Byte     bsp_ad5245.o
    0x0802d400   0x0802d400   0x00000074   Code   RO         6952    i.IIC_Send_Byte     bsp_ad5245.o
    0x0802d474   0x0802d474   0x00000048   Code   RO         6953    i.IIC_Start         bsp_ad5245.o
    0x0802d4bc   0x0802d4bc   0x00000048   Code   RO         6954    i.IIC_Stop          bsp_ad5245.o
    0x0802d504   0x0802d504   0x00000060   Code   RO         6955    i.IIC_Wait_Ack      bsp_ad5245.o
    0x0802d564   0x0802d564   0x00000138   Code   RO         6197    i.IP_Scanning       bsp_gpio.o
    0x0802d69c   0x0802d69c   0x0000003c   Code   RO         7292    i.InitRingBuffer    ringbuffer.o
    0x0802d6d8   0x0802d6d8   0x00000104   Code   RO         7591    i.IntelProtectDeviceCheck  app_task_protection.o
    0x0802d7dc   0x0802d7dc   0x00000970   Code   RO         7592    i.IntelProtectRunParmCheck  app_task_protection.o
    0x0802e14c   0x0802e14c   0x00000278   Code   RO         7358    i.InternalProtectDatInit  app_func_eeprom.o
    0x0802e3c4   0x0802e3c4   0x00000218   Code   RO         7811    i.InternalProtectInqAnalysis  app_task_protocol.o
    0x0802e5dc   0x0802e5dc   0x000002e0   Code   RO         7812    i.InternalProtectSetAnalysis  app_task_protocol.o
    0x0802e8bc   0x0802e8bc   0x00000018   Code   RO         8632    i.IsIrqMasked       rtx_delay.o
    0x0802e8d4   0x0802e8d4   0x00000018   Code   RO         9894    i.IsIrqMasked       rtx_kernel.o
    0x0802e8ec   0x0802e8ec   0x00000018   Code   RO        10371    i.IsIrqMasked       rtx_msgqueue.o
    0x0802e904   0x0802e904   0x00000018   Code   RO        10662    i.IsIrqMasked       rtx_semaphore.o
    0x0802e91c   0x0802e91c   0x00000018   Code   RO        10839    i.IsIrqMasked       rtx_thread.o
    0x0802e934   0x0802e934   0x00000018   Code   RO        11256    i.IsIrqMasked       rtx_timer.o
    0x0802e94c   0x0802e94c   0x00000010   Code   RO         8633    i.IsIrqMode         rtx_delay.o
    0x0802e95c   0x0802e95c   0x00000010   Code   RO         9895    i.IsIrqMode         rtx_kernel.o
    0x0802e96c   0x0802e96c   0x00000010   Code   RO        10372    i.IsIrqMode         rtx_msgqueue.o
    0x0802e97c   0x0802e97c   0x00000010   Code   RO        10663    i.IsIrqMode         rtx_semaphore.o
    0x0802e98c   0x0802e98c   0x00000010   Code   RO        10840    i.IsIrqMode         rtx_thread.o
    0x0802e99c   0x0802e99c   0x00000010   Code   RO        11257    i.IsIrqMode         rtx_timer.o
    0x0802e9ac   0x0802e9ac   0x00000010   Code   RO         9896    i.IsPrivileged      rtx_kernel.o
    0x0802e9bc   0x0802e9bc   0x00000088   Code   RO         5344    i.Lan_cfg           bsp_lan.o
    0x0802ea44   0x0802ea44   0x00000238   Code   RO         7539    i.LedStaExecute     app_task_led.o
    0x0802ec7c   0x0802ec7c   0x00000094   Code   RO         7540    i.LedStaInit        app_task_led.o
    0x0802ed10   0x0802ed10   0x0000045c   Code   RO         7541    i.LedStaSwFunc      app_task_led.o
    0x0802f16c   0x0802f16c   0x00000088   Code   RO         5463    i.Led_Shine_Ctrl    bsp_led.o
    0x0802f1f4   0x0802f1f4   0x00000070   Code   RO         7042    i.MB85Ctrl_Read     bsp_mb85rs2.o
    0x0802f264   0x0802f264   0x0000006c   Code   RO         7043    i.MB85Ctrl_ReadID   bsp_mb85rs2.o
    0x0802f2d0   0x0802f2d0   0x00000094   Code   RO         7044    i.MB85Ctrl_Write    bsp_mb85rs2.o
    0x0802f364   0x0802f364   0x00000150   Code   RO         6416    i.MX_ADC3_Init      bsp_adc3.o
    0x0802f4b4   0x0802f4b4   0x0000006c   Code   RO         6501    i.MX_CAN1_Init      bsp_acdc.o
    0x0802f520   0x0802f520   0x00000038   Code   RO         6417    i.MX_DMA_Init       bsp_adc3.o
    0x0802f558   0x0802f558   0x00000084   Code   RO         6418    i.MX_GPIO_Init      bsp_adc3.o
    0x0802f5dc   0x0802f5dc   0x00000048   Code   RO         7177    i.MX_IWDG_Init      iwdg.o
    0x0802f624   0x0802f624   0x0000000a   Code   RO        10158    i.MemBlockPtr       rtx_memory.o
    0x0802f62e   0x0802f62e   0x00000004   Code   RO         4778    i.MemManage_Handler  stm32f4xx_it.o
    0x0802f632   0x0802f632   0x00000034   Code   RO        10373    i.MessageQueueGet   rtx_msgqueue.o
    0x0802f666   0x0802f666   0x0000004c   Code   RO        10374    i.MessageQueuePut   rtx_msgqueue.o
    0x0802f6b2   0x0802f6b2   0x00000022   Code   RO        10375    i.MessageQueueRemove  rtx_msgqueue.o
    0x0802f6d4   0x0802f6d4   0x00000002   Code   RO         4779    i.NMI_Handler       stm32f4xx_it.o
    0x0802f6d6   0x0802f6d6   0x00000008   Code   RO        11382    i.OS_Tick_AcknowledgeIRQ  os_systick.o
    0x0802f6de   0x0802f6de   0x00000002   PAD
    0x0802f6e0   0x0802f6e0   0x00000030   Code   RO        11384    i.OS_Tick_Enable    os_systick.o
    0x0802f710   0x0802f710   0x00000006   Code   RO        11387    i.OS_Tick_GetIRQn   os_systick.o
    0x0802f716   0x0802f716   0x00000002   PAD
    0x0802f718   0x0802f718   0x00000050   Code   RO        11390    i.OS_Tick_Setup     os_systick.o
    0x0802f768   0x0802f768   0x00000140   Code   RO         8046    i.Protect_Action_Func  app_task_workstep.o
    0x0802f8a8   0x0802f8a8   0x0000002e   Code   RO         8047    i.Protect_BitAction_Func  app_task_workstep.o
    0x0802f8d6   0x0802f8d6   0x00000002   PAD
    0x0802f8d8   0x0802f8d8   0x00000178   Code   RO         7426    i.Protect_Trigger_Judgemet  app_task_ageing.o
    0x0802fa50   0x0802fa50   0x00000290   Code   RO         7813    i.ProtocolDataProcess  app_task_protocol.o
    0x0802fce0   0x0802fce0   0x00000020   Code   RO         7131    i.RNG_Get_RandomRange  bsp_rng.o
    0x0802fd00   0x0802fd00   0x000000a4   Code   RO         7293    i.ReadRingBuffer    ringbuffer.o
    0x0802fda4   0x0802fda4   0x0000067c   Code   RO         7814    i.RecordDatSync     app_task_protocol.o
    0x08030420   0x08030420   0x00000168   Code   RO         7815    i.RecordDatUpcast   app_task_protocol.o
    0x08030588   0x08030588   0x00000074   Code   RO         7816    i.RecordInqAnalysis  app_task_protocol.o
    0x080305fc   0x080305fc   0x00000058   Code   RO         7817    i.Record_Data_To_Buffer  app_task_protocol.o
    0x08030654   0x08030654   0x00000014   Code   RO         7818    i.Record_Msg_Init   app_task_protocol.o
    0x08030668   0x08030668   0x000000f8   Code   RO         7819    i.RecvUnpack        app_task_protocol.o
    0x08030760   0x08030760   0x000000c0   Code   RO         7687    i.RunPer1000ms      app_timer_periodic_adc3.o
    0x08030820   0x08030820   0x00000002   Code   RO         7688    i.RunPer100ms       app_timer_periodic_adc3.o
    0x08030822   0x08030822   0x00000002   PAD
    0x08030824   0x08030824   0x00000838   Code   RO         7689    i.RunPer10ms        app_timer_periodic_adc3.o
    0x0803105c   0x0803105c   0x00000002   Code   RO         7690    i.RunPer1ms         app_timer_periodic_adc3.o
    0x0803105e   0x0803105e   0x00000002   Code   RO         7691    i.RunPer25ms        app_timer_periodic_adc3.o
    0x08031060   0x08031060   0x00000002   Code   RO         7692    i.RunPer500ms       app_timer_periodic_adc3.o
    0x08031062   0x08031062   0x00000002   PAD
    0x08031064   0x08031064   0x00000010   Code   RO         4780    i.SPI1_IRQHandler   stm32f4xx_it.o
    0x08031074   0x08031074   0x00000024   Code   RO         6849    i.SPI4_ReadWriteByte  bsp_dac80508.o
    0x08031098   0x08031098   0x00000024   Code   RO         6850    i.SPI5_ReadWriteByte  bsp_dac80508.o
    0x080310bc   0x080310bc   0x00000048   Code   RO         5515    i.SPI6_DMA_init     bsp_spi.o
    0x08031104   0x08031104   0x00000010   Code   RO         4781    i.SPI6_IRQHandler   stm32f4xx_it.o
    0x08031114   0x08031114   0x00000014   Code   RO         5346    i.SPI_CS_Deselect   bsp_lan.o
    0x08031128   0x08031128   0x00000014   Code   RO         5347    i.SPI_CS_Select     bsp_lan.o
    0x0803113c   0x0803113c   0x0000000a   Code   RO         5348    i.SPI_CrisEnter     bsp_lan.o
    0x08031146   0x08031146   0x0000000a   Code   RO         5349    i.SPI_CrisExit      bsp_lan.o
    0x08031150   0x08031150   0x00000014   Code   RO         2222    i.SPI_DMAAbortOnError  stm32f4xx_hal_spi.o
    0x08031164   0x08031164   0x00000028   Code   RO         2223    i.SPI_DMAError      stm32f4xx_hal_spi.o
    0x0803118c   0x0803118c   0x0000000e   Code   RO         2225    i.SPI_DMAHalfTransmitCplt  stm32f4xx_hal_spi.o
    0x0803119a   0x0803119a   0x00000080   Code   RO         2229    i.SPI_DMATransmitCplt  stm32f4xx_hal_spi.o
    0x0803121a   0x0803121a   0x00000002   PAD
    0x0803121c   0x0803121c   0x00000020   Code   RO         7046    i.SPI_DMA_WriteByte  bsp_mb85rs2.o
    0x0803123c   0x0803123c   0x00000028   Code   RO         2233    i.SPI_EndRxTxTransaction  stm32f4xx_hal_spi.o
    0x08031264   0x08031264   0x00000034   Code   RO         5249    i.SPI_FLASH_Write_Enable  bsp_flash.o
    0x08031298   0x08031298   0x00000060   Code   RO         5251    i.SPI_Flash_Erase_Sector  bsp_flash.o
    0x080312f8   0x080312f8   0x00000068   Code   RO         5252    i.SPI_Flash_Read    bsp_flash.o
    0x08031360   0x08031360   0x0000003c   Code   RO         5254    i.SPI_Flash_ReadSR  bsp_flash.o
    0x0803139c   0x0803139c   0x00000012   Code   RO         5255    i.SPI_Flash_Wait_Busy  bsp_flash.o
    0x080313ae   0x080313ae   0x00000002   PAD
    0x080313b0   0x080313b0   0x00000108   Code   RO         5256    i.SPI_Flash_Write   bsp_flash.o
    0x080314b8   0x080314b8   0x0000005c   Code   RO         5257    i.SPI_Flash_WriteWithCheck  bsp_flash.o
    0x08031514   0x08031514   0x00000068   Code   RO         5258    i.SPI_Flash_Write_NoCheck  bsp_flash.o
    0x0803157c   0x0803157c   0x00000078   Code   RO         5259    i.SPI_Flash_Write_Page  bsp_flash.o
    0x080315f4   0x080315f4   0x00000080   Code   RO         5350    i.SPI_ReadByte      bsp_lan.o
    0x08031674   0x08031674   0x00000028   Code   RO         5260    i.SPI_ReadWriteByte  bsp_flash.o
    0x0803169c   0x0803169c   0x00000028   Code   RO         7047    i.SPI_ReadWriteByte  bsp_mb85rs2.o
    0x080316c4   0x080316c4   0x000000a8   Code   RO         2240    i.SPI_WaitFlagStateUntilTimeout  stm32f4xx_hal_spi.o
    0x0803176c   0x0803176c   0x0000007c   Code   RO         5351    i.SPI_WriteByte     bsp_lan.o
    0x080317e8   0x080317e8   0x00000960   Code   RO         7427    i.SelfChecking      app_task_ageing.o
    0x08032148   0x08032148   0x00000018   Code   RO        10664    i.SemaphoreTokenDecrement  rtx_semaphore.o
    0x08032160   0x08032160   0x0000001e   Code   RO        10665    i.SemaphoreTokenIncrement  rtx_semaphore.o
    0x0803217e   0x0803217e   0x00000002   PAD
    0x08032180   0x08032180   0x000000bc   Code   RO         7820    i.SendPack          app_task_protocol.o
    0x0803223c   0x0803223c   0x000000d8   Code   RO         5666    i.SysTick_ISR       bsp_timer.o
    0x08032314   0x08032314   0x00000100   Code   RO         5025    i.SystemClock_Config  bsp.o
    0x08032414   0x08032414   0x00000064   Code   RO            5    i.SystemInit        system_stm32f4xx.o
    0x08032478   0x08032478   0x00000398   Code   RO         7821    i.SystemInqAnalysis  app_task_protocol.o
    0x08032810   0x08032810   0x000006bc   Code   RO         7822    i.SystemSetAnalysis  app_task_protocol.o
    0x08032ecc   0x08032ecc   0x000000a0   Code   RO         7823    i.SystemUpdateAnalysis  app_task_protocol.o
    0x08032f6c   0x08032f6c   0x0000000c   Code   RO         5026    i.System_Init       bsp.o
    0x08032f78   0x08032f78   0x000000b4   Code   RO         5667    i.TIM2_IRQHandler   bsp_timer.o
    0x0803302c   0x0803302c   0x000000ac   Code   RO         4782    i.TIM3_IRQHandler   stm32f4xx_it.o
    0x080330d8   0x080330d8   0x000005c4   Code   RO         4783    i.TIM4_IRQHandler   stm32f4xx_it.o
    0x0803369c   0x0803369c   0x00000458   Code   RO         4784    i.TIM5_IRQHandler   stm32f4xx_it.o
    0x08033af4   0x08033af4   0x00000020   Code   RO         5767    i.TIM7_IRQHandler   stm32f4xx_hal_timebase.o
    0x08033b14   0x08033b14   0x000000d8   Code   RO         2734    i.TIM_Base_SetConfig  stm32f4xx_hal_tim.o
    0x08033bec   0x08033bec   0x00000056   Code   RO        10841    i.ThreadFlagsCheck  rtx_thread.o
    0x08033c42   0x08033c42   0x00000002   PAD
    0x08033c44   0x08033c44   0x000000ac   Code   RO         7359    i.Tier1ToTier2      app_func_eeprom.o
    0x08033cf0   0x08033cf0   0x000000ac   Code   RO         7360    i.Tier2ToTier1      app_func_eeprom.o
    0x08033d9c   0x08033d9c   0x00000040   Code   RO        11258    i.TimerInsert       rtx_timer.o
    0x08033ddc   0x08033ddc   0x00000030   Code   RO        11259    i.TimerRemove       rtx_timer.o
    0x08033e0c   0x08033e0c   0x00000018   Code   RO        11260    i.TimerUnlink       rtx_timer.o
    0x08033e24   0x08033e24   0x00000368   Code   RO         3635    i.UART_SetConfig    stm32f4xx_hal_uart.o
    0x0803418c   0x0803418c   0x0000006c   Code   RO         3637    i.UART_WaitOnFlagUntilTimeout  stm32f4xx_hal_uart.o
    0x080341f8   0x080341f8   0x00000008   Code   RO         4785    i.USART3_IRQHandler  stm32f4xx_it.o
    0x08034200   0x08034200   0x00000004   Code   RO         4786    i.UsageFault_Handler  stm32f4xx_it.o
    0x08034204   0x08034204   0x000000f4   Code   RO         4675    i.User_Set_Vector   main.o
    0x080342f8   0x080342f8   0x0000006c   Code   RO         8048    i.Vbat_Pre_Check    app_task_workstep.o
    0x08034364   0x08034364   0x000000fc   Code   RO         8049    i.VolAnalogToDigital  app_task_workstep.o
    0x08034460   0x08034460   0x00000160   Code   RO         7693    i.Voltage_Value_Soft_Process  app_timer_periodic_adc3.o
    0x080345c0   0x080345c0   0x00000158   Code   RO         5352    i.W5500_Poll        bsp_lan.o
    0x08034718   0x08034718   0x00000050   Code   RO         5353    i.W5500_RST_Init    bsp_lan.o
    0x08034768   0x08034768   0x00000644   Code   RO         5354    i.W5500_TCP_Client  bsp_lan.o
    0x08034dac   0x08034dac   0x0000004c   Code   RO         5894    i.WIZCHIP_READ      w5500.o
    0x08034df8   0x08034df8   0x00000060   Code   RO         5895    i.WIZCHIP_READ_BUF  w5500.o
    0x08034e58   0x08034e58   0x0000004c   Code   RO         5896    i.WIZCHIP_WRITE     w5500.o
    0x08034ea4   0x08034ea4   0x00000060   Code   RO         5897    i.WIZCHIP_WRITE_BUF  w5500.o
    0x08034f04   0x08034f04   0x000001ac   Code   RO         7824    i.WorkstepInqAnalysis  app_task_protocol.o
    0x080350b0   0x080350b0   0x00000140   Code   RO         7825    i.WorkstepProtUpcast  app_task_protocol.o
    0x080351f0   0x080351f0   0x000003e8   Code   RO         7826    i.WorkstepRunstaSetAnalysis  app_task_protocol.o
    0x080355d8   0x080355d8   0x000006b8   Code   RO         7827    i.WorkstepSetAnalysis  app_task_protocol.o
    0x08035c90   0x08035c90   0x00000a48   Code   RO         8050    i.Workstep_Abort_Func  app_task_workstep.o
    0x080366d8   0x080366d8   0x000004d0   Code   RO         8051    i.Workstep_Analysis_Func  app_task_workstep.o
    0x08036ba8   0x08036ba8   0x00000284   Code   RO         8052    i.Workstep_Execute_Func  app_task_workstep.o
    0x08036e2c   0x08036e2c   0x00000414   Code   RO         8053    i.Workstep_Protect_Func  app_task_workstep.o
    0x08037240   0x08037240   0x00000af8   Code   RO         8054    i.Workstep_Reload_Func  app_task_workstep.o
    0x08037d38   0x08037d38   0x0000016c   Code   RO         8055    i.Workstep_Switch_Func  app_task_workstep.o
    0x08037ea4   0x08037ea4   0x000000f4   Code   RO         7294    i.WriteRingBuffer   ringbuffer.o
    0x08037f98   0x08037f98   0x00000020   Code   RO        12738    i.__0printf         mc_w.l(printfa.o)
    0x08037fb8   0x08037fb8   0x00000028   Code   RO        12740    i.__0sprintf        mc_w.l(printfa.o)
    0x08037fe0   0x08037fe0   0x00000010   Code   RO          985    i.__NVIC_GetPriorityGrouping  stm32f4xx_hal_cortex.o
    0x08037ff0   0x08037ff0   0x00000028   Code   RO          986    i.__NVIC_SetPriority  stm32f4xx_hal_cortex.o
    0x08038018   0x08038018   0x00000040   Code   RO         7828    i.__NVIC_SystemReset  app_task_protocol.o
    0x08038058   0x08038058   0x00000014   Code   RO        12476    i.__hardfp_fabs     m_wm.l(fabs.o)
    0x0803806c   0x0803806c   0x0000000e   Code   RO        12819    i.__scatterload_copy  mc_w.l(handlers.o)
    0x0803807a   0x0803807a   0x00000002   Code   RO        12820    i.__scatterload_null  mc_w.l(handlers.o)
    0x0803807c   0x0803807c   0x0000000e   Code   RO        12821    i.__scatterload_zeroinit  mc_w.l(handlers.o)
    0x0803808a   0x0803808a   0x00000002   PAD
    0x0803808c   0x0803808c   0x00000184   Code   RO        12745    i._fp_digits        mc_w.l(printfa.o)
    0x08038210   0x08038210   0x000006dc   Code   RO        12746    i._printf_core      mc_w.l(printfa.o)
    0x080388ec   0x080388ec   0x00000024   Code   RO        12747    i._printf_post_padding  mc_w.l(printfa.o)
    0x08038910   0x08038910   0x0000002e   Code   RO        12748    i._printf_pre_padding  mc_w.l(printfa.o)
    0x0803893e   0x0803893e   0x0000000a   Code   RO        12750    i._sputc            mc_w.l(printfa.o)
    0x08038948   0x08038948   0x00000042   Code   RO         6622    i.ad7124_wait_to_power_on  bsp_ad7124.o
    0x0803898a   0x0803898a   0x00000012   Code   RO         5213    i.bsp_DelayMS       bsp_dwt.o
    0x0803899c   0x0803899c   0x00000030   Code   RO         5214    i.bsp_DelayUS       bsp_dwt.o
    0x080389cc   0x080389cc   0x0000010c   Code   RO         6198    i.bsp_FR_ADDR_InitGPIO  bsp_gpio.o
    0x08038ad8   0x08038ad8   0x00000048   Code   RO         6199    i.bsp_HWDG_InitGPIO  bsp_gpio.o
    0x08038b20   0x08038b20   0x000000d0   Code   RO         6260    i.bsp_HW_Fault_InitGPIO  bsp_protection.o
    0x08038bf0   0x08038bf0   0x00000074   Code   RO         5028    i.bsp_Init          bsp.o
    0x08038c64   0x08038c64   0x00000010   Code   RO         6502    i.bsp_InitACDC      bsp_acdc.o
    0x08038c74   0x08038c74   0x00000048   Code   RO         6623    i.bsp_InitAD7124    bsp_ad7124.o
    0x08038cbc   0x08038cbc   0x0000003c   Code   RO         6738    i.bsp_InitAD7175    bsp_ad7175.o
    0x08038cf8   0x08038cf8   0x000003fc   Code   RO         6286    i.bsp_InitCharge    bsp_charge.o
    0x080390f4   0x080390f4   0x00000028   Code   RO         5215    i.bsp_InitDWT       bsp_dwt.o
    0x0803911c   0x0803911c   0x000000c4   Code   RO         5672    i.bsp_InitHardTimer  bsp_timer.o
    0x080391e0   0x080391e0   0x0000005c   Code   RO         5105    i.bsp_InitI2C       bsp_eeprom.o
    0x0803923c   0x0803923c   0x000001f8   Code   RO         5464    i.bsp_InitLed       bsp_led.o
    0x08039434   0x08039434   0x00000044   Code   RO         7132    i.bsp_InitRNG       bsp_rng.o
    0x08039478   0x08039478   0x00000084   Code   RO         5516    i.bsp_InitSpi1      bsp_spi.o
    0x080394fc   0x080394fc   0x00000088   Code   RO         5517    i.bsp_InitSpi2      bsp_spi.o
    0x08039584   0x08039584   0x00000088   Code   RO         5518    i.bsp_InitSpi3      bsp_spi.o
    0x0803960c   0x0803960c   0x0000008c   Code   RO         5519    i.bsp_InitSpi4      bsp_spi.o
    0x08039698   0x08039698   0x0000008c   Code   RO         5520    i.bsp_InitSpi5      bsp_spi.o
    0x08039724   0x08039724   0x00000098   Code   RO         5521    i.bsp_InitSpi6      bsp_spi.o
    0x080397bc   0x080397bc   0x0000004c   Code   RO         5673    i.bsp_InitTimer     bsp_timer.o
    0x08039808   0x08039808   0x00000028   Code   RO         5355    i.bsp_InitW5500     bsp_lan.o
    0x08039830   0x08039830   0x00000124   Code   RO         5465    i.bsp_LedOff        bsp_led.o
    0x08039954   0x08039954   0x00000114   Code   RO         5466    i.bsp_LedOn         bsp_led.o
    0x08039a68   0x08039a68   0x00000184   Code   RO         5467    i.bsp_LedToggle     bsp_led.o
    0x08039bec   0x08039bec   0x00000160   Code   RO         6200    i.bsp_M_Loop_InitGPIO  bsp_gpio.o
    0x08039d4c   0x08039d4c   0x000002a4   Code   RO         5604    i.bsp_RCC_TIM_Enable  bsp_tim_pwm.o
    0x08039ff0   0x08039ff0   0x000001f8   Code   RO         5606    i.bsp_SetTIMforInt  bsp_tim_pwm.o
    0x0803a1e8   0x0803a1e8   0x0000001c   Code   RO         5674    i.bsp_SoftTimerDec  bsp_timer.o
    0x0803a204   0x0803a204   0x00000028   Code   RO         6851    i.bsp_dac_spi_init  bsp_dac80508.o
    0x0803a22c   0x0803a22c   0x0000000c   Code   RO         6852    i.bsp_dacx0508_init  bsp_dac80508.o
    0x0803a238   0x0803a238   0x00000078   Code   RO         6333    i.bsp_debug_usart_config  bsp_debug.o
    0x0803a2b0   0x0803a2b0   0x0000008c   Code   RO         5806    i.close             socket.o
    0x0803a33c   0x0803a33c   0x00000188   Code   RO         5807    i.connect           socket.o
    0x0803a4c4   0x0803a4c4   0x00000042   Code   RO        11503    i.crc16_ccitt       eventrecorder.o
    0x0803a506   0x0803a506   0x00000050   Code   RO         5981    i.ctlnetwork        wizchip_conf.o
    0x0803a556   0x0803a556   0x00000002   PAD
    0x0803a558   0x0803a558   0x00000118   Code   RO         5982    i.ctlwizchip        wizchip_conf.o
    0x0803a670   0x0803a670   0x000000e0   Code   RO         6853    i.dacx0508_cfg      bsp_dac80508.o
    0x0803a750   0x0803a750   0x00000068   Code   RO         7428    i.data_sync_func    app_task_ageing.o
    0x0803a7b8   0x0803a7b8   0x000000bc   Code   RO         5809    i.disconnect        socket.o
    0x0803a874   0x0803a874   0x000000a0   Code   RO         5107    i.ee_ReadBytes      bsp_eeprom.o
    0x0803a914   0x0803a914   0x000000dc   Code   RO         5108    i.ee_WriteBytes     bsp_eeprom.o
    0x0803a9f0   0x0803a9f0   0x0000005c   Code   RO         5109    i.ee_WriteBytesWithCheck  bsp_eeprom.o
    0x0803aa4c   0x0803aa4c   0x0000007a   Code   RO        10110    i.evr_initialize    rtx_lib.o
    0x0803aac6   0x0803aac6   0x00000002   PAD
    0x0803aac8   0x0803aac8   0x0000001c   Code   RO         6335    i.fputc             bsp_debug.o
    0x0803aae4   0x0803aae4   0x0000006c   Code   RO         5898    i.getSn_RX_RSR      w5500.o
    0x0803ab50   0x0803ab50   0x0000006c   Code   RO         5899    i.getSn_TX_FSR      w5500.o
    0x0803abbc   0x0803abbc   0x00000038   Code   RO         5110    i.i2c_Ack           bsp_eeprom.o
    0x0803abf4   0x0803abf4   0x0000000a   Code   RO         5112    i.i2c_Delay         bsp_eeprom.o
    0x0803abfe   0x0803abfe   0x00000002   PAD
    0x0803ac00   0x0803ac00   0x0000002c   Code   RO         5113    i.i2c_NAck          bsp_eeprom.o
    0x0803ac2c   0x0803ac2c   0x00000044   Code   RO         5114    i.i2c_ReadByte      bsp_eeprom.o
    0x0803ac70   0x0803ac70   0x00000054   Code   RO         5115    i.i2c_SendByte      bsp_eeprom.o
    0x0803acc4   0x0803acc4   0x00000030   Code   RO         5116    i.i2c_Start         bsp_eeprom.o
    0x0803acf4   0x0803acf4   0x0000002c   Code   RO         5117    i.i2c_Stop          bsp_eeprom.o
    0x0803ad20   0x0803ad20   0x00000040   Code   RO         5118    i.i2c_WaitAck       bsp_eeprom.o
    0x0803ad60   0x0803ad60   0x00000082   Code   RO        10376    i.isrRtxMessageQueueGet  rtx_msgqueue.o
    0x0803ade2   0x0803ade2   0x00000086   Code   RO        10377    i.isrRtxMessageQueuePut  rtx_msgqueue.o
    0x0803ae68   0x0803ae68   0x00000058   Code   RO        10666    i.isrRtxSemaphoreRelease  rtx_semaphore.o
    0x0803aec0   0x0803aec0   0x00000034   Code   RO        10783    i.isr_queue_get     rtx_system.o
    0x0803aef4   0x0803aef4   0x0000003c   Code   RO        10784    i.isr_queue_put     rtx_system.o
    0x0803af30   0x0803af30   0x000000b0   Code   RO         5811    i.listen            socket.o
    0x0803afe0   0x0803afe0   0x00000038   Code   RO         4676    i.main              main.o
    0x0803b018   0x0803b018   0x0000014c   Code   RO         5356    i.network_init      bsp_lan.o
    0x0803b164   0x0803b164   0x0000003c   Code   RO         8634    i.osDelay           rtx_delay.o
    0x0803b1a0   0x0803b1a0   0x00000030   Code   RO         9900    i.osKernelGetState  rtx_kernel.o
    0x0803b1d0   0x0803b1d0   0x00000038   Code   RO         9905    i.osKernelInitialize  rtx_kernel.o
    0x0803b208   0x0803b208   0x00000034   Code   RO         9906    i.osKernelLock      rtx_kernel.o
    0x0803b23c   0x0803b23c   0x0000003c   Code   RO         9907    i.osKernelRestoreLock  rtx_kernel.o
    0x0803b278   0x0803b278   0x00000034   Code   RO         9909    i.osKernelStart     rtx_kernel.o
    0x0803b2ac   0x0803b2ac   0x00000034   Code   RO         9911    i.osKernelUnlock    rtx_kernel.o
    0x0803b2e0   0x0803b2e0   0x00000054   Code   RO        10379    i.osMessageQueueGet  rtx_msgqueue.o
    0x0803b334   0x0803b334   0x0000004c   Code   RO        10385    i.osMessageQueueNew  rtx_msgqueue.o
    0x0803b380   0x0803b380   0x00000054   Code   RO        10386    i.osMessageQueuePut  rtx_msgqueue.o
    0x0803b3d4   0x0803b3d4   0x00000020   Code   RO        11456    i.osRtxErrorNotify  rtx_config.o
    0x0803b3f4   0x0803b3f4   0x00000004   Code   RO        11457    i.osRtxIdleThread   rtx_config.o
    0x0803b3f8   0x0803b3f8   0x0000000c   Code   RO        10845    i.osRtxKernelGetState  rtx_thread.o
    0x0803b404   0x0803b404   0x0000000e   Code   RO        10111    i.osRtxKernelPreInit  rtx_lib.o
    0x0803b412   0x0803b412   0x000000ee   Code   RO        10159    i.osRtxMemoryAlloc  rtx_memory.o
    0x0803b500   0x0803b500   0x0000007c   Code   RO        10160    i.osRtxMemoryFree   rtx_memory.o
    0x0803b57c   0x0803b57c   0x0000006a   Code   RO        10161    i.osRtxMemoryInit   rtx_memory.o
    0x0803b5e6   0x0803b5e6   0x00000030   Code   RO        10221    i.osRtxMemoryPoolAlloc  rtx_mempool.o
    0x0803b616   0x0803b616   0x00000044   Code   RO        10222    i.osRtxMemoryPoolFree  rtx_mempool.o
    0x0803b65a   0x0803b65a   0x00000058   Code   RO        10223    i.osRtxMemoryPoolInit  rtx_mempool.o
    0x0803b6b2   0x0803b6b2   0x00000108   Code   RO        10388    i.osRtxMessageQueuePostProcess  rtx_msgqueue.o
    0x0803b7ba   0x0803b7ba   0x00000066   Code   RO        10557    i.osRtxMutexOwnerRelease  rtx_mutex.o
    0x0803b820   0x0803b820   0x00000050   Code   RO        10558    i.osRtxMutexOwnerRestore  rtx_mutex.o
    0x0803b870   0x0803b870   0x00000088   Code   RO        10785    i.osRtxPendSV_Handler  rtx_system.o
    0x0803b8f8   0x0803b8f8   0x0000003c   Code   RO        10786    i.osRtxPostProcess  rtx_system.o
    0x0803b934   0x0803b934   0x00000032   Code   RO        10667    i.osRtxSemaphorePostProcess  rtx_semaphore.o
    0x0803b966   0x0803b966   0x00000002   PAD
    0x0803b968   0x0803b968   0x00000040   Code   RO        10846    i.osRtxThreadBlock  rtx_thread.o
    0x0803b9a8   0x0803b9a8   0x00000068   Code   RO        10847    i.osRtxThreadDelayInsert  rtx_thread.o
    0x0803ba10   0x0803ba10   0x0000005c   Code   RO        10848    i.osRtxThreadDelayRemove  rtx_thread.o
    0x0803ba6c   0x0803ba6c   0x00000130   Code   RO        10849    i.osRtxThreadDelayTick  rtx_thread.o
    0x0803bb9c   0x0803bb9c   0x0000006c   Code   RO        10850    i.osRtxThreadDispatch  rtx_thread.o
    0x0803bc08   0x0803bc08   0x00000064   Code   RO        10851    i.osRtxThreadFree   rtx_thread.o
    0x0803bc6c   0x0803bc6c   0x0000000c   Code   RO        10852    i.osRtxThreadGetRunning  rtx_thread.o
    0x0803bc78   0x0803bc78   0x0000001a   Code   RO        10853    i.osRtxThreadListGet  rtx_thread.o
    0x0803bc92   0x0803bc92   0x0000002c   Code   RO        10854    i.osRtxThreadListPut  rtx_thread.o
    0x0803bcbe   0x0803bcbe   0x0000001a   Code   RO        10855    i.osRtxThreadListRemove  rtx_thread.o
    0x0803bcd8   0x0803bcd8   0x00000010   Code   RO        10856    i.osRtxThreadListRoot  rtx_thread.o
    0x0803bce8   0x0803bce8   0x0000002a   Code   RO        10857    i.osRtxThreadListSort  rtx_thread.o
    0x0803bd12   0x0803bd12   0x00000034   Code   RO        10859    i.osRtxThreadPostProcess  rtx_thread.o
    0x0803bd46   0x0803bd46   0x00000002   PAD
    0x0803bd48   0x0803bd48   0x00000018   Code   RO        10860    i.osRtxThreadReadyPut  rtx_thread.o
    0x0803bd60   0x0803bd60   0x00000018   Code   RO        10861    i.osRtxThreadRegPtr  rtx_thread.o
    0x0803bd78   0x0803bd78   0x0000000c   Code   RO        10862    i.osRtxThreadSetRunning  rtx_thread.o
    0x0803bd84   0x0803bd84   0x0000002c   Code   RO        10863    i.osRtxThreadStackCheck  rtx_thread.o
    0x0803bdb0   0x0803bdb0   0x0000004c   Code   RO        10864    i.osRtxThreadStartup  rtx_thread.o
    0x0803bdfc   0x0803bdfc   0x0000001c   Code   RO        10865    i.osRtxThreadSwitch  rtx_thread.o
    0x0803be18   0x0803be18   0x0000004c   Code   RO        10866    i.osRtxThreadWaitEnter  rtx_thread.o
    0x0803be64   0x0803be64   0x00000036   Code   RO        10867    i.osRtxThreadWaitExit  rtx_thread.o
    0x0803be9a   0x0803be9a   0x00000002   PAD
    0x0803be9c   0x0803be9c   0x000000a0   Code   RO        10787    i.osRtxTick_Handler  rtx_system.o
    0x0803bf3c   0x0803bf3c   0x00000050   Code   RO        11261    i.osRtxTimerThread  rtx_timer.o
    0x0803bf8c   0x0803bf8c   0x0000005c   Code   RO        11262    i.osRtxTimerTick    rtx_timer.o
    0x0803bfe8   0x0803bfe8   0x00000084   Code   RO        10668    i.osSemaphoreAcquire  rtx_semaphore.o
    0x0803c06c   0x0803c06c   0x0000004c   Code   RO        10672    i.osSemaphoreNew    rtx_semaphore.o
    0x0803c0b8   0x0803c0b8   0x00000038   Code   RO        10673    i.osSemaphoreRelease  rtx_semaphore.o
    0x0803c0f0   0x0803c0f0   0x00000020   Code   RO        10870    i.osThreadExit      rtx_thread.o
    0x0803c110   0x0803c110   0x0000004c   Code   RO        10883    i.osThreadNew       rtx_thread.o
    0x0803c15c   0x0803c15c   0x0000003c   Code   RO        10886    i.osThreadSuspend   rtx_thread.o
    0x0803c198   0x0803c198   0x00000050   Code   RO        11266    i.osTimerNew        rtx_timer.o
    0x0803c1e8   0x0803c1e8   0x00000044   Code   RO        11267    i.osTimerStart      rtx_timer.o
    0x0803c22c   0x0803c22c   0x0000003c   Code   RO        11268    i.osTimerStop       rtx_timer.o
    0x0803c268   0x0803c268   0x00000120   Code   RO         5812    i.recv              socket.o
    0x0803c388   0x0803c388   0x00000028   Code   RO         5984    i.reg_wizchip_cris_cbfunc  wizchip_conf.o
    0x0803c3b0   0x0803c3b0   0x00000028   Code   RO         5985    i.reg_wizchip_cs_cbfunc  wizchip_conf.o
    0x0803c3d8   0x0803c3d8   0x00000034   Code   RO         5986    i.reg_wizchip_spi_cbfunc  wizchip_conf.o
    0x0803c40c   0x0803c40c   0x00000180   Code   RO         5814    i.send              socket.o
    0x0803c58c   0x0803c58c   0x00000170   Code   RO         5817    i.socket            socket.o
    0x0803c6fc   0x0803c6fc   0x0000002c   Code   RO         8636    i.svcRtxDelay       rtx_delay.o
    0x0803c728   0x0803c728   0x00000010   Code   RO         9914    i.svcRtxKernelGetState  rtx_kernel.o
    0x0803c738   0x0803c738   0x00000224   Code   RO         9919    i.svcRtxKernelInitialize  rtx_kernel.o
    0x0803c95c   0x0803c95c   0x00000044   Code   RO         9920    i.svcRtxKernelLock  rtx_kernel.o
    0x0803c9a0   0x0803c9a0   0x00000068   Code   RO         9921    i.svcRtxKernelRestoreLock  rtx_kernel.o
    0x0803ca08   0x0803ca08   0x000000d8   Code   RO         9923    i.svcRtxKernelStart  rtx_kernel.o
    0x0803cae0   0x0803cae0   0x00000044   Code   RO         9925    i.svcRtxKernelUnlock  rtx_kernel.o
    0x0803cb24   0x0803cb24   0x00000138   Code   RO        10390    i.svcRtxMessageQueueGet  rtx_msgqueue.o
    0x0803cc5c   0x0803cc5c   0x00000194   Code   RO        10396    i.svcRtxMessageQueueNew  rtx_msgqueue.o
    0x0803cdf0   0x0803cdf0   0x00000128   Code   RO        10397    i.svcRtxMessageQueuePut  rtx_msgqueue.o
    0x0803cf18   0x0803cf18   0x00000084   Code   RO        10674    i.svcRtxSemaphoreAcquire  rtx_semaphore.o
    0x0803cf9c   0x0803cf9c   0x000000d0   Code   RO        10678    i.svcRtxSemaphoreNew  rtx_semaphore.o
    0x0803d06c   0x0803d06c   0x0000007c   Code   RO        10679    i.svcRtxSemaphoreRelease  rtx_semaphore.o
    0x0803d0e8   0x0803d0e8   0x0000008c   Code   RO        10891    i.svcRtxThreadExit  rtx_thread.o
    0x0803d174   0x0803d174   0x00000278   Code   RO        10904    i.svcRtxThreadNew   rtx_thread.o
    0x0803d3ec   0x0803d3ec   0x000000c4   Code   RO        10907    i.svcRtxThreadSuspend  rtx_thread.o
    0x0803d4b0   0x0803d4b0   0x000000d4   Code   RO        11272    i.svcRtxTimerNew    rtx_timer.o
    0x0803d584   0x0803d584   0x00000068   Code   RO        11273    i.svcRtxTimerStart  rtx_timer.o
    0x0803d5ec   0x0803d5ec   0x0000004c   Code   RO        11274    i.svcRtxTimerStop   rtx_timer.o
    0x0803d638   0x0803d638   0x00000002   Code   RO         5029    i.sys_cfg_set       bsp.o
    0x0803d63a   0x0803d63a   0x00000002   Code   RO         7694    i.timer_Periodic_Adc3  app_timer_periodic_adc3.o
    0x0803d63c   0x0803d63c   0x00000130   Code   RO         5357    i.w5500_init        bsp_lan.o
    0x0803d76c   0x0803d76c   0x00000084   Code   RO         5900    i.wiz_recv_data     w5500.o
    0x0803d7f0   0x0803d7f0   0x00000084   Code   RO         5902    i.wiz_send_data     w5500.o
    0x0803d874   0x0803d874   0x00000006   Code   RO         5987    i.wizchip_bus_readbyte  wizchip_conf.o
    0x0803d87a   0x0803d87a   0x00000004   Code   RO         5988    i.wizchip_bus_writebyte  wizchip_conf.o
    0x0803d87e   0x0803d87e   0x00000020   Code   RO         5989    i.wizchip_clrinterrupt  wizchip_conf.o
    0x0803d89e   0x0803d89e   0x00000002   Code   RO         5990    i.wizchip_cris_enter  wizchip_conf.o
    0x0803d8a0   0x0803d8a0   0x00000002   Code   RO         5991    i.wizchip_cris_exit  wizchip_conf.o
    0x0803d8a2   0x0803d8a2   0x00000002   Code   RO         5992    i.wizchip_cs_deselect  wizchip_conf.o
    0x0803d8a4   0x0803d8a4   0x00000002   Code   RO         5993    i.wizchip_cs_select  wizchip_conf.o
    0x0803d8a6   0x0803d8a6   0x0000002a   Code   RO         5994    i.wizchip_getinterrupt  wizchip_conf.o
    0x0803d8d0   0x0803d8d0   0x00000028   Code   RO         5995    i.wizchip_getinterruptmask  wizchip_conf.o
    0x0803d8f8   0x0803d8f8   0x0000005c   Code   RO         5996    i.wizchip_getnetinfo  wizchip_conf.o
    0x0803d954   0x0803d954   0x0000000a   Code   RO         5997    i.wizchip_getnetmode  wizchip_conf.o
    0x0803d95e   0x0803d95e   0x00000028   Code   RO         5998    i.wizchip_gettimeout  wizchip_conf.o
    0x0803d986   0x0803d986   0x00000090   Code   RO         5999    i.wizchip_init      wizchip_conf.o
    0x0803da16   0x0803da16   0x0000001e   Code   RO         6000    i.wizchip_setinterruptmask  wizchip_conf.o
    0x0803da34   0x0803da34   0x00000058   Code   RO         6001    i.wizchip_setnetinfo  wizchip_conf.o
    0x0803da8c   0x0803da8c   0x00000026   Code   RO         6002    i.wizchip_setnetmode  wizchip_conf.o
    0x0803dab2   0x0803dab2   0x00000026   Code   RO         6003    i.wizchip_settimeout  wizchip_conf.o
    0x0803dad8   0x0803dad8   0x00000004   Code   RO         6004    i.wizchip_spi_readbyte  wizchip_conf.o
    0x0803dadc   0x0803dadc   0x00000002   Code   RO         6005    i.wizchip_spi_writebyte  wizchip_conf.o
    0x0803dade   0x0803dade   0x00000072   Code   RO         6006    i.wizchip_sw_reset  wizchip_conf.o
    0x0803db50   0x0803db50   0x00000078   Code   RO         6007    i.wizphy_getphyconf  wizchip_conf.o
    0x0803dbc8   0x0803dbc8   0x0000001a   Code   RO         6008    i.wizphy_getphylink  wizchip_conf.o
    0x0803dbe2   0x0803dbe2   0x0000001c   Code   RO         6009    i.wizphy_getphypmode  wizchip_conf.o
    0x0803dbfe   0x0803dbfe   0x00000034   Code   RO         6011    i.wizphy_reset      wizchip_conf.o
    0x0803dc32   0x0803dc32   0x00000058   Code   RO         6012    i.wizphy_setphyconf  wizchip_conf.o
    0x0803dc8a   0x0803dc8a   0x00000064   Code   RO         6013    i.wizphy_setphypmode  wizchip_conf.o
    0x0803dcee   0x0803dcee   0x00000018   Data   RO            6    .constdata          system_stm32f4xx.o
    0x0803dd06   0x0803dd06   0x00000008   Data   RO         1122    .constdata          stm32f4xx_hal_dma.o
    0x0803dd0e   0x0803dd0e   0x00000002   PAD
    0x0803dd10   0x0803dd10   0x000005a4   Data   RO         4677    .constdata          main.o
    0x0803e2b4   0x0803e2b4   0x00000010   Data   RO         5359    .constdata          bsp_lan.o
    0x0803e2c4   0x0803e2c4   0x00000064   Data   RO        10117    .constdata          rtx_lib.o
    0x0803e328   0x0803e328   0x00000018   Data   RO        11505    .constdata          eventrecorder.o
    0x0803e340   0x0803e340   0x00000140   Data   RO         4678    .conststring        main.o
    0x0803e480   0x0803e480   0x0000011e   Data   RO         7431    .conststring        app_task_ageing.o
    0x0803e59e   0x0803e59e   0x00000002   PAD
    0x0803e5a0   0x0803e5a0   0x0000000b   Data   RO         9926    .conststrlit        rtx_kernel.o
    0x0803e5ab   0x0803e5ab   0x00000001   PAD
    0x0803e5ac   0x0803e5ac   0x000000a0   Data   RO        10119    .rodata             rtx_lib.o
    0x0803e64c   0x0803e64c   0x00000020   Data   RO        12818    Region$$Table       anon$$obj.o


    Execution Region RW_IRAM1 (Exec base: 0x20000000, Load base: 0x0803e66c, Size: 0x0001ade8, Max: 0x00030000, ABSOLUTE, COMPRESSED[0x0000031c])

    Exec Addr    Load Addr    Size         Type   Attr      Idx    E Section Name        Object

    0x20000000   COMPRESSED   0x0000c7d0   Data   RW        10112    .bss.os             rtx_lib.o
    0x2000c7d0   COMPRESSED   0x00000034   Data   RW        10113    .bss.os.msgqueue.cb  rtx_lib.o
    0x2000c804   COMPRESSED   0x00000050   Data   RW        10114    .bss.os.msgqueue.mem  rtx_lib.o
    0x2000c854   COMPRESSED   0x00000088   Data   RW        10115    .bss.os.thread.cb   rtx_lib.o
    0x2000c8dc   COMPRESSED   0x00000004   PAD
    0x2000c8e0   COMPRESSED   0x00000500   Data   RW        10116    .bss.os.thread.stack  rtx_lib.o
    0x2000cde0   COMPRESSED   0x00000004   Data   RW            7    .data               system_stm32f4xx.o
    0x2000cde4   COMPRESSED   0x00000009   Data   RW          288    .data               stm32f4xx_hal.o
    0x2000cded   COMPRESSED   0x00000003   PAD
    0x2000cdf0   COMPRESSED   0x00000069   Data   RW         4679    .data               main.o
    0x2000ce59   COMPRESSED   0x00000001   PAD
    0x2000ce5a   COMPRESSED   0x00000034   Data   RW         4788    .data               stm32f4xx_it.o
    0x2000ce8e   COMPRESSED   0x00000002   PAD
    0x2000ce90   COMPRESSED   0x0000000a   Data   RW         5262    .data               bsp_flash.o
    0x2000ce9a   COMPRESSED   0x00000010   Data   RW         5360    .data               bsp_lan.o
    0x2000ceaa   COMPRESSED   0x00000002   PAD
    0x2000ceac   COMPRESSED   0x00000024   Data   RW         5681    .data               bsp_timer.o
    0x2000ced0   COMPRESSED   0x0000000e   Data   RW         5819    .data               socket.o
    0x2000cede   COMPRESSED   0x00000002   PAD
    0x2000cee0   COMPRESSED   0x00000025   Data   RW         6014    .data               wizchip_conf.o
    0x2000cf05   COMPRESSED   0x00000004   Data   RW         6201    .data               bsp_gpio.o
    0x2000cf09   COMPRESSED   0x00000018   Data   RW         6287    .data               bsp_charge.o
    0x2000cf21   COMPRESSED   0x00000003   PAD
    0x2000cf24   COMPRESSED   0x00000011   Data   RW         6420    .data               bsp_adc3.o
    0x2000cf35   COMPRESSED   0x00000003   PAD
    0x2000cf38   COMPRESSED   0x00000038   Data   RW         6504    .data               bsp_acdc.o
    0x2000cf70   COMPRESSED   0x00000006   Data   RW         6625    .data               bsp_ad7124.o
    0x2000cf76   COMPRESSED   0x00000004   Data   RW         6740    .data               bsp_ad7175.o
    0x2000cf7a   COMPRESSED   0x00000002   PAD
    0x2000cf7c   COMPRESSED   0x0000000c   Data   RW         6855    .data               bsp_dac80508.o
    0x2000cf88   COMPRESSED   0x00000014   Data   RW         7295    .data               ringbuffer.o
    0x2000cf9c   COMPRESSED   0x00000039   Data   RW         7432    .data               app_task_ageing.o
    0x2000cfd5   COMPRESSED   0x00000003   PAD
    0x2000cfd8   COMPRESSED   0x00000008   Data   RW         7498    .data               app_task_eth.o
    0x2000cfe0   COMPRESSED   0x0000001b   Data   RW         7542    .data               app_task_led.o
    0x2000cffb   COMPRESSED   0x00000001   PAD
    0x2000cffc   COMPRESSED   0x000001d8   Data   RW         7595    .data               app_task_protection.o
    0x2000d1d4   COMPRESSED   0x00000018   Data   RW         7656    .data               app_task_debug.o
    0x2000d1ec   COMPRESSED   0x00000004   PAD
    0x2000d1f0   COMPRESSED   0x00000010   Data   RW         7695    .data               app_timer_periodic_adc3.o
    0x2000d200   COMPRESSED   0x00000056   Data   RW         7767    .data               app_task_acdc_alarm.o
    0x2000d256   COMPRESSED   0x00000002   PAD
    0x2000d258   COMPRESSED   0x00000045   Data   RW         7830    .data               app_task_protocol.o
    0x2000d29d   COMPRESSED   0x00000003   PAD
    0x2000d2a0   COMPRESSED   0x00000079   Data   RW         8057    .data               app_task_workstep.o
    0x2000d319   COMPRESSED   0x00000003   PAD
    0x2000d31c   COMPRESSED   0x00000004   Data   RW         8173    .data               segger_hardfaulthandler.o
    0x2000d320   COMPRESSED   0x00000001   Data   RW        11391    .data               os_systick.o
    0x2000d321   COMPRESSED   0x00000003   PAD
    0x2000d324   COMPRESSED   0x00000004   Data   RW        12796    .data               mc_w.l(stdout.o)
    0x2000d328   COMPRESSED   0x000000a4   Data   RW         9927    .data.os            rtx_kernel.o
    0x2000d3cc        -       0x000024cc   Zero   RW         4466    .bss                emac_stm32f4xx.o
    0x2000f898        -       0x00000030   Zero   RW         4787    .bss                stm32f4xx_it.o
    0x2000f8c8        -       0x00001000   Zero   RW         5261    .bss                bsp_flash.o
    0x200108c8        -       0x00000819   Zero   RW         5358    .bss                bsp_lan.o
    0x200110e1   COMPRESSED   0x00000001   PAD
    0x200110e2        -       0x0000001a   Zero   RW         5468    .bss                bsp_led.o
    0x200110fc        -       0x00000390   Zero   RW         5522    .bss                bsp_spi.o
    0x2001148c        -       0x00000030   Zero   RW         5679    .bss                bsp_timer.o
    0x200114bc        -       0x00000040   Zero   RW         5768    .bss                stm32f4xx_hal_timebase.o
    0x200114fc        -       0x00000010   Zero   RW         5818    .bss                socket.o
    0x2001150c        -       0x00000078   Zero   RW         6336    .bss                bsp_debug.o
    0x20011584        -       0x00001a08   Zero   RW         6419    .bss                bsp_adc3.o
    0x20012f8c        -       0x0000005c   Zero   RW         6503    .bss                bsp_acdc.o
    0x20012fe8        -       0x00000040   Zero   RW         6624    .bss                bsp_ad7124.o
    0x20013028        -       0x00000040   Zero   RW         6739    .bss                bsp_ad7175.o
    0x20013068        -       0x00000010   Zero   RW         7133    .bss                bsp_rng.o
    0x20013078        -       0x0000000c   Zero   RW         7178    .bss                iwdg.o
    0x20013084        -       0x00001000   Zero   RW         7361    .bss                app_func_eeprom.o
    0x20014084        -       0x00000170   Zero   RW         7429    .bss                app_task_ageing.o
    0x200141f4        -       0x0000000c   Zero   RW         7495    .bss                app_task_eth.o
    0x20014200        -       0x00000100   Zero   RW         7594    .bss                app_task_protection.o
    0x20014300        -       0x0000000d   Zero   RW         7766    .bss                app_task_acdc_alarm.o
    0x2001430d   COMPRESSED   0x00000003   PAD
    0x20014310        -       0x000044f8   Zero   RW         7829    .bss                app_task_protocol.o
    0x20018808        -       0x000000c0   Zero   RW         8056    .bss                app_task_workstep.o
    0x200188c8        -       0x00000040   Zero   RW         8172    .bss                segger_hardfaulthandler.o
    0x20018908   COMPRESSED   0x00000038   PAD
    0x20018940        -       0x000004a4   Zero   RW        11504    .bss.noinit         eventrecorder.o
    0x20018de4   COMPRESSED   0x00000004   PAD
    0x20018de8        -       0x00002000   Zero   RW          249    STACK               startup_stm32f429xx.o


==============================================================================

Image component sizes


      Code (inc. data)   RO Data    RW Data    ZI Data      Debug   Object Name

      2884        234          0          0       4096       7622   app_func_eeprom.o
       624         54          0         86         13       2213   app_task_acdc_alarm.o
      6728       1366        286         57        368      10123   app_task_ageing.o
       732         36          0         24          0       2052   app_task_debug.o
       224         34          0          8         12       1489   app_task_eth.o
      1924         94          0         27          0       4057   app_task_led.o
      5048        278          0        472        256       7846   app_task_protection.o
     16754        866          0         69      17656      57783   app_task_protocol.o
     12638        628          0        121        192      21656   app_task_workstep.o
      4186        298          0         16          0       6868   app_timer_periodic_adc3.o
       514         90          0          0          0       4222   bsp.o
      1346        180          0         56         92       9720   bsp_acdc.o
       924         54          0          0          0       7167   bsp_ad5245.o
      1612        102          0          6         64      10451   bsp_ad7124.o
      1412         88          0          4         64       9221   bsp_ad7175.o
      3504        316          0         17       6664       7939   bsp_adc3.o
      2932        158          0         24          0       5192   bsp_charge.o
       974        128          0         12          0       8737   bsp_dac80508.o
       566         76          0          0        120       6088   bsp_debug.o
       106         22          0          0          0       1682   bsp_dwt.o
       982         64          0          0          0       8406   bsp_eeprom.o
       950         80          0         10       4096       7777   bsp_flash.o
      1328        140          0          4          0       5368   bsp_gpio.o
      3152        904         16         16       2073      16470   bsp_lan.o
      1596        106          0          0         26       4528   bsp_led.o
       440         34          0          0          0       3943   bsp_mb85rs2.o
       208         18          0          0          0       1096   bsp_protection.o
       152         54          0          0         16       2301   bsp_rng.o
      2252        390          0          0        912       6604   bsp_spi.o
      1180        186          0          0          0       2860   bsp_tim_pwm.o
       696        106          0         36         48       4208   bsp_timer.o
        88         16          0          0       9420      10603   emac_stm32f4xx.o
         0          0          0          0          0      13961   eth_init.o
      1198         86         24          0       1188      19374   eventrecorder.o
        18          0          0          0          0        332   hardfaulthandler.o
       196         12          0          0          0        632   irq_cm4f.o
        72         36          0          0         12        751   iwdg.o
      2232        328       1764        105          0      38192   main.o
       142         24          0          1          0       2428   os_systick.o
       468         58          0         20          0       2932   ringbuffer.o
        36          6          0          0          0       1101   rtx_config.o
       144         10          0          0          0      12846   rtx_delay.o
      1696        338          0          0          0      58160   rtx_evr.o
      1396         76         11        164          0      27859   rtx_kernel.o
       136          0        260      52700          0      10015   rtx_lib.o
       478          0          0          0          0       4115   rtx_memory.o
       532          0          0          0          0       3959   rtx_mempool.o
      2314         34          0          0          0      23324   rtx_msgqueue.o
       182          0          0          0          0       2382   rtx_mutex.o
      1288         28          0          0          0      14035   rtx_semaphore.o
       796         42          0          0          0       9689   rtx_system.o
      2930        142          0          0          0      29688   rtx_thread.o
       948         62          0          0          0       9925   rtx_timer.o
       264         62          0          4         64       3543   segger_hardfaulthandler.o
      1936         64          0         14         16       6695   socket.o
        36          8        428          0       8192        952   startup_stm32f429xx.o
       150         28          0          9          0       5169   stm32f4xx_hal.o
      1544         68          0          0          0       8460   stm32f4xx_hal_adc.o
      2190          6          0          0          0      15637   stm32f4xx_hal_can.o
       320         28          0          0          0      34532   stm32f4xx_hal_cortex.o
      1446         16          8          0          0       7298   stm32f4xx_hal_dma.o
       614         58          0          0          0       4431   stm32f4xx_hal_gpio.o
        94          0          0          0          0       1835   stm32f4xx_hal_iwdg.o
      1800         94          0          0          0       6437   stm32f4xx_hal_rcc.o
       200          0          0          0          0       2772   stm32f4xx_hal_rng.o
      1912         18          0          0          0      11203   stm32f4xx_hal_spi.o
       426         46          0          0          0       5228   stm32f4xx_hal_tim.o
       288         76          0          0         64       3120   stm32f4xx_hal_timebase.o
      1308          8          0          0          0       3852   stm32f4xx_hal_uart.o
      4312        316          0         52         48      28333   stm32f4xx_it.o
       100         18         24          4          0     785883   system_stm32f4xx.o
       824         20          0          0          0       6063   w5500.o
      1638         84          0         37          0      22545   wizchip_conf.o

    ----------------------------------------------------------------------
    117330       9500       2858      54216      55836    1515980   Object Totals
         0          0         32          0          0          0   (incl. Generated)
        70          0          5         41         64          0   (incl. Padding)

    ----------------------------------------------------------------------

      Code (inc. data)   RO Data    RW Data    ZI Data      Debug   Library Member Name

        20          0          0          0          0        124   fabs.o
        86          0          0          0          0          0   __dczerorl2.o
         0          0          0          0          0          0   entry.o
         0          0          0          0          0          0   entry10a.o
         0          0          0          0          0          0   entry11a.o
         8          4          0          0          0          0   entry2.o
         4          0          0          0          0          0   entry5.o
         0          0          0          0          0          0   entry7b.o
         0          0          0          0          0          0   entry8b.o
         8          4          0          0          0          0   entry9a.o
        30          0          0          0          0          0   handlers.o
        36          8          0          0          0         68   init.o
         0          0          0          0          0          0   iusefp.o
        98          0          0          0          0         84   ldiv.o
        30          0          0          0          0         68   llshl.o
        36          0          0          0          0         68   llsshr.o
        32          0          0          0          0         68   llushr.o
        36          0          0          0          0         68   memcpya.o
        36          0          0          0          0        108   memseta.o
      2308         96          0          0          0        604   printfa.o
         0          0          0          4          0          0   stdout.o
        44          0          0          0          0         80   uidiv.o
        98          0          0          0          0         92   uldiv.o
        48          0          0          0          0         68   cdcmple.o
        48          0          0          0          0         68   cdrcmple.o
        56          0          0          0          0         88   d2f.o
       334          0          0          0          0        148   dadd.o
       222          0          0          0          0        100   ddiv.o
       186          0          0          0          0        176   depilogue.o
        48          0          0          0          0         68   dfixul.o
        34          0          0          0          0         76   dflti.o
        26          0          0          0          0         76   dfltui.o
       228          0          0          0          0         96   dmul.o
        38          0          0          0          0         68   f2d.o
       110          0          0          0          0        168   fepilogue.o
        44          0          0          0          0         68   ffixul.o

    ----------------------------------------------------------------------
      4336        112          0          4          0       2700   Library Totals
         4          0          0          0          0          0   (incl. Padding)

    ----------------------------------------------------------------------

      Code (inc. data)   RO Data    RW Data    ZI Data      Debug   Library Name

        20          0          0          0          0        124   m_wm.l
      2890        112          0          4          0       1308   mc_w.l
      1422          0          0          0          0       1268   mf_w.l

    ----------------------------------------------------------------------
      4336        112          0          4          0       2700   Library Totals

    ----------------------------------------------------------------------

==============================================================================


      Code (inc. data)   RO Data    RW Data    ZI Data      Debug   

    121666       9612       2858      54220      55836    1456712   Grand Totals
    121666       9612       2858        796      55836    1456712   ELF Image Totals (compressed)
    121666       9612       2858        796          0          0   ROM Totals

==============================================================================

    Total RO  Size (Code + RO Data)               124524 ( 121.61kB)
    Total RW  Size (RW Data + ZI Data)            110056 ( 107.48kB)
    Total ROM Size (Code + RO Data + RW Data)     125320 ( 122.38kB)

==============================================================================

